01-10 12:14:12.239 29410 29410 W PackageParser: Service exported request ignored due to singleUser: com.miui.powerkeeper.powerchecker.PowerCheckerService at /system/app/PowerKeeper/PowerKeeper.apk Binary XML file line #79
01-10 12:14:12.309 29410 29410 W PackageParser: Ignoring duplicate uses-permissions/uses-permissions-sdk-m: android.permission.MANAGE_ACCOUNTS in package: com.miui.securityadd at: Binary XML file line #29
01-10 12:14:12.331 29410 29410 W PackageParser: Ignoring duplicate uses-permissions/uses-permissions-sdk-m: android.permission.MANAGE_ACCOUNTS in package: com.miui.securitycore at: Binary XML file line #22
01-10 12:14:12.373 29410 29410 W PackageParser: No actions in intent filter at /system/app/SogouInput/SogouInput.apk Binary XML file line #334
01-10 12:14:12.377 29410 29410 W PackageParser: No actions in intent filter at /system/app/SogouInput/SogouInput.apk Binary XML file line #639
01-10 12:14:12.377 29410 29410 W PackageParser: No actions in intent filter at /system/app/SogouInput/SogouInput.apk Binary XML file line #717
01-10 12:14:12.443 29410 29410 W PackageManager: Permission com.securespaces.android.permission.MANAGE_SPACES from package com.securespaces.android.settings in an unknown group android.permission-group.SYSTEM_TOOLS
01-10 12:14:12.443 29410 29410 W PackageManager: Permission com.securespaces.android.permission.MANAGE_SPACES_FULL from package com.securespaces.android.settings in an unknown group android.permission-group.SYSTEM_TOOLS
01-10 12:14:12.443 29410 29410 W PackageManager: Permission com.securespaces.android.permission.MANAGE_SPACES_PROTECTED from package com.securespaces.android.settings in an unknown group android.permission-group.SYSTEM_TOOLS
01-10 12:14:12.443 29410 29410 W PackageManager: Permission com.securespaces.android.permission.CREATE_APP_CONTROLLED_SPACES from package com.securespaces.android.settings in an unknown group android.permission-group.SYSTEM_TOOLS
01-10 12:14:12.629 29410 29410 W PackageParser: Ignoring duplicate uses-permissions/uses-permissions-sdk-m: android.permission.MODIFY_AUDIO_SETTINGS in package: com.miui.voiceassist at: Binary XML file line #23
01-10 12:14:12.856 29410 29410 W PackageManager: Failed to parse /system/app/OpenWnn: Missing base APK in /system/app/OpenWnn
01-10 12:14:12.857 29410 29410 W PackageManager: Failed to parse /system/app/Gallery2: Missing base APK in /system/app/Gallery2
01-10 12:14:12.875 29410 29410 W PackageManager: Package com.android.browser desires unavailable shared library com.android.qualcomm.modemwarmup; ignoring!
01-10 12:14:12.887 29410 29410 W PackageManager: Unknown permission com.google.android.googleapps.permission.GOOGLE_AUTH in package com.android.providers.calendar
01-10 12:14:12.887 29410 29410 W PackageManager: Unknown permission com.google.android.googleapps.permission.GOOGLE_AUTH.cl in package com.android.providers.calendar
01-10 12:14:12.889 29410 29410 W PackageManager: Not granting permission com.xiaomi.gallery.permission.CLOUD to package com.milink.service (protectionLevel=18 flags=0x3808be45)
01-10 12:14:12.892 29410 29410 W PackageManager: Unknown permission android.permission.SEND_SMS_NO_CONFIRMATION in package com.xiaomi.account
01-10 12:14:12.897 29410 29410 W PackageManager: Unknown permission android.permission.WRITE_INTERNAL_STORAGE in package com.android.updater
01-10 12:14:12.900 29410 29410 W PackageManager: Unknown permission miui.permission.SHELL in package com.android.updater
01-10 12:14:12.902 29410 29410 W PackageManager: Unknown permission com.xiaomi.channel.GAME_SERVICE_PERMISSION in package com.xiaomi.gamecenter.sdk.service
01-10 12:14:12.902 29410 29410 W PackageManager: Unknown permission com.xiaomi.gamecenter.webkit in package com.xiaomi.gamecenter.sdk.service
01-10 12:14:12.902 29410 29410 W PackageManager: Unknown permission com.xiaomi.passport.permission.PASSPORT_UI_CONTROLLER_SERVICE in package com.xiaomi.gamecenter.sdk.service
01-10 12:14:12.903 29410 29410 W PackageManager: Unknown permission android.permission.READ_SECURE_SETTINGS in package com.miui.securityadd
01-10 12:14:12.903 29410 29410 W PackageManager: Unknown permission android.permission.READ_SETTINGS in package com.miui.securityadd
01-10 12:14:12.908 29410 29410 W PackageManager: Unknown permission android.permission.ACCESS_ALL_EXTERNAL_STORAGE in package com.miui.gallery
01-10 12:14:12.915 29410 29410 W PackageManager: Unknown permission com.xiaomi.passport.permission.PASSPORT_UI_CONTROLLER_SERVICE in package com.xiaomi.payment
01-10 12:14:12.921 29410 29410 W PackageManager: Unknown permission miui.permission.SHELL in package com.miui.securitycenter
01-10 12:14:12.923 29410 29410 W PackageManager: Unknown permission android.permission.READ_SECURE_SETTINGS in package com.miui.securitycenter
01-10 12:14:12.924 29410 29410 W PackageManager: Unknown permission android.permission.READ_SETTINGS in package com.miui.securitycenter
01-10 12:14:12.925 29410 29410 W PackageManager: Unknown permission com.google.android.gms.permission.ACTIVITY_RECOGNITION in package com.miui.securitycenter
01-10 12:14:12.926 29410 29410 W PackageManager: Unknown permission android.Manifest.permission.RECEIVE_BOOT_COMPLETED in package com.android.browser
01-10 12:14:12.932 29410 29410 W PackageManager: Unknown permission android.permission.ACTION_HEADSET_PLUG in package com.android.soundrecorder
01-10 12:14:12.935 29410 29410 W PackageManager: Unknown permission adnroid.permission.CHANGE_WIFI_STATE in package com.miui.guardprovider
01-10 12:14:12.945 29410 29410 W PackageManager: Unknown permission com.xiaomi.market.sdk.UPDATE in package com.miui.backup
01-10 12:14:12.945 29410 29410 W PackageManager: Unknown permission android.permission.READ_SETTINGS in package com.xiaomi.ab
01-10 12:14:12.946 29410 29410 W PackageManager: Unknown permission android.permission.RUN_INSTRUMENTATION in package com.xiaomi.ab
01-10 12:14:12.946 29410 29410 W PackageManager: Unknown permission com.xiaomi.channel.GAME_SERVICE_PERMISSION in package com.xiaomi.ab
01-10 12:14:12.947 29410 29410 W PackageManager: Unknown permission com.xiaomi.passport.permission.PASSPORT_UI_CONTROLLER_SERVICE in package com.xiaomi.ab
01-10 12:14:12.948 29410 29410 W PackageManager: Unknown permission com.google.android.googleapps.permission.GOOGLE_AUTH.mail in package com.android.contacts
01-10 12:14:12.950 29410 29410 W PackageManager: Unknown permission com.miui.mipub.permission.READ_HMS_COMMON in package com.android.contacts
01-10 12:14:12.951 29410 29410 W PackageManager: Unknown permission com.xiaomi.rcs.permission.SERVICE in package com.android.contacts
01-10 12:14:12.951 29410 29410 W PackageManager: Unknown permission com.miui.voip.permission.RECEIVE_CLEAR_MISSED_CALL_NOTIFICATION in package com.android.contacts
01-10 12:14:12.952 29410 29410 W PackageManager: Unknown permission android.permission.ACCESS_NOTIFICATION in package com.miui.securitycore
01-10 12:14:12.953 29410 29410 W PackageManager: Unknown permission android.permission.INSTALL_DRM in package com.android.mms
01-10 12:14:12.953 29410 29410 W PackageManager: Unknown permission android.permission.SEND_SMS_NO_CONFIRMATION in package com.android.mms
01-10 12:14:12.954 29410 29410 W PackageManager: Unknown permission miui.permission.SHELL in package com.android.mms
01-10 12:14:12.955 29410 29410 W PackageManager: Unknown permission com.miui.mipub.permission.WRITE_HMS in package com.android.mms
01-10 12:14:12.955 29410 29410 W PackageManager: Unknown permission com.miui.mipub.permission.READ_HMS in package com.android.mms
01-10 12:14:12.958 29410 29410 W PackageManager: Unknown permission android.permission.NFC_UNLOCK in package com.android.nfc
01-10 12:14:12.965 29410 29410 W PackageManager: Unknown permission android.permission.WRITE_INTERNAL_STORAGE in package com.miui.player
01-10 12:14:12.970 29410 29410 W PackageManager: Unknown permission com.google.android.googleapps.permission.GOOGLE_AUTH.mail in package com.android.calendar
01-10 12:14:12.971 29410 29410 W PackageManager: Not granting permission android.permission.ACCESS_MOCK_LOCATION to package com.android.calendar (protectionLevel=2 flags=0x3849be45)
01-10 12:14:12.972 29410 29410 W PackageManager: Unknown permission miui.permission.SHELL in package com.miui.compass
01-10 12:14:12.973 29410 29410 W PackageManager: Unknown permission android.permission.ACCESS_ALL_EXTERNAL_STORAGE in package com.android.midrive
01-10 12:14:12.981 29410 29410 W PackageManager: Unknown permission miui.permission.SHELL in package com.miui.bugreport
01-10 12:14:12.983 29410 29410 W PackageManager: Unknown permission android.permission.ACCESS_ALL_EXTERNAL_STORAGE in package com.android.fileexplorer
01-10 12:14:12.987 29410 29410 W PackageManager: Unknown permission com.miui.klo.bugreport.permission.KLO_STARTUP_RECEIVER in package com.xiaomi.metok
01-10 12:14:12.993 29410 29410 W PackageManager: Unknown permission com.xiaomi.passport.permission.PASSPORT_UI_CONTROLLER_SERVICE in package com.mipay.wallet
01-10 12:14:12.994 29410 29410 W PackageManager: Unknown permission com.fingerprints.service.ACCESS_FINGERPRINT_MANAGER in package com.mipay.wallet
01-10 12:14:13.000 29410 29410 W PackageManager: Unknown permission com.fingerprints.service.ACCESS_FINGERPRINT_MANAGER in package com.android.keyguard
01-10 12:14:13.001 29410 29410 W PackageManager: Unknown permission com.fingerprints.service.ACCESS_FINGERPRINT_MANAGER in package com.android.camera
01-10 12:14:13.002 29410 29410 W PackageManager: Unknown permission com.xiaomi.market.sdk.UPDATE in package com.xiaomi.pass
01-10 12:14:13.009 29410 29410 W PackageManager: Not granting permission android.permission.DELETE_PACKAGES to package com.svox.pico (protectionLevel=18 flags=0x3808be45)
01-10 12:14:13.015 29410 29410 W PackageManager: Unknown permission android.permission.INSTALL_DRM in package com.miui.mipub
01-10 12:14:13.016 29410 29410 W PackageManager: Unknown permission miui.permission.SHELL in package com.miui.mipub
01-10 12:14:13.024 29410 29410 W PackageManager: Unknown permission com.miui.mipub.permission.READ_HMS in package com.miui.mipub
01-10 12:14:13.024 29410 29410 W PackageManager: Unknown permission com.miui.mipub.permission.WRITE_HMS in package com.miui.mipub
01-10 12:14:13.025 29410 29410 W PackageManager: Unknown permission android.permission.READ_SECURE_SETTINGS in package com.miui.notes
01-10 12:14:13.029 29410 29410 W PackageManager: Unknown permission com.xiaomi.router.provider.READ_OFFLINE_VIDEO in package com.miui.video
01-10 12:14:13.029 29410 29410 W PackageManager: Unknown permission com.xiaomi.router.provider.WRITE_OFFLINE_VIDEO in package com.miui.video
01-10 12:14:13.031 29410 29410 W PackageManager: Unknown permission com.xiaomi.passport.permission.PASSPORT_UI_CONTROLLER_SERVICE in package com.miui.video
01-10 12:14:13.042 29410 29410 W PackageManager: Unknown permission android.permission.ACCESS_COARSE_UPDATES in package com.miui.cloudservice
01-10 12:14:13.044 29410 29410 W PackageManager: Unknown permission miui.permission.SHELL in package com.miui.cloudservice
01-10 12:14:13.052 29410 29410 W PackageManager: Unknown permission com.google.android.gallery3d.permission.PICASA_STORE in package com.android.dreams.phototable
01-10 12:14:13.052 29410 29410 W PackageManager: Unknown permission com.android.vending.BILLING in package com.footej.camera
01-10 12:14:13.052 29410 29410 W PackageManager: Unknown permission com.google.android.c2dm.permission.RECEIVE in package com.footej.camera
01-10 12:14:13.053 29410 29410 W PackageManager: Not granting permission android.permission.ACCESS_MOCK_LOCATION to package com.sohu.inputmethod.sogou.xiaomi (protectionLevel=2 flags=0x38083e45)
01-10 12:14:13.054 29410 29410 W PackageManager: Not granting permission android.permission.READ_LOGS to package com.sohu.inputmethod.sogou.xiaomi (protectionLevel=50 flags=0x38083e45)
01-10 12:14:13.054 29410 29410 W PackageManager: Not granting permission android.permission.CLEAR_APP_CACHE to package com.sohu.inputmethod.sogou.xiaomi (protectionLevel=18 flags=0x38083e45)
01-10 12:14:13.054 29410 29410 W PackageManager: Unknown permission sogou.mobile.explorer.permission.ACTIVATION in package com.sohu.inputmethod.sogou.xiaomi
01-10 12:14:13.054 29410 29410 W PackageManager: Not granting permission miui.permission.USE_INTERNAL_GENERAL_API to package com.sohu.inputmethod.sogou.xiaomi (protectionLevel=18 flags=0x38083e45)
01-10 12:14:13.054 29410 29410 W PackageManager: Unknown permission com.miui.uimonitor.permission.READ_UI in package com.sohu.inputmethod.sogou.xiaomi
01-10 12:14:13.061 29410 29410 W PackageManager: Unknown permission android.permission.SYSTEM_OVERLAY_WINDOW in package com.securespaces.android.ssm.service
01-10 12:14:13.062 29410 29410 W PackageManager: Unknown permission com.securespaces.android.sscm.permission.SEND_SSCM_PAYLOAD in package com.securespaces.android.ssm.service
01-10 12:14:13.062 29410 29410 W PackageManager: Unknown permission com.xiaomi.market.sdk.UPDATE in package com.miui.calculator
01-10 12:14:13.063 29410 29410 W PackageManager: Not granting permission android.permission.CLEAR_APP_CACHE to package com.cleanmaster.sdk (protectionLevel=18 flags=0x3808be45)
01-10 12:14:13.063 29410 29410 W PackageManager: Not granting permission android.permission.READ_LOGS to package com.cleanmaster.sdk (protectionLevel=50 flags=0x3808be45)
01-10 12:14:13.070 29410 29410 W PackageManager: Unknown permission com.xiaomi.gallery.permission.DELETE_SIMILAR_IMAGE in package com.miui.cleanmaster
01-10 12:14:13.070 29410 29410 W PackageManager: Unknown permission com.google.android.gms.permission.ACTIVITY_RECOGNITION in package com.miui.cleanmaster
01-10 12:14:13.075 29410 29410 W PackageManager: Unknown permission com.google.android.googleapps.permission.GOOGLE_AUTH in package com.android.settings
01-10 12:14:13.082 29410 29410 W PackageManager: Unknown permission com.xiaomi.permission.RECEIVE_BROADCAST_REPORT in package com.android.settings
01-10 12:14:13.082 29410 29410 W PackageManager: Unknown permission com.xiaomi.permission.WIFI_SHARE in package com.android.settings
01-10 12:14:13.084 29410 29410 W PackageManager: Unknown permission com.fingerprints.service.ACCESS_FINGERPRINT_MANAGER in package com.android.settings
01-10 12:14:13.093 29410 29410 W PackageManager: Unknown permission miui.permission.SHELL in package com.android.email
01-10 12:14:13.096 29410 29410 W PackageManager: Unknown permission android.permission.SEND_SMS_NO_CONFIRMATION in package com.miui.voiceassist
01-10 12:14:13.121 29410 29410 W PackageManager: Unknown permission com.google.android.c2dm.permission.RECEIVE in package com.securespaces.android.agent
01-10 12:14:13.125 29410 29410 W PackageManager: Unknown permission android.permission.ACCESS_ALL_EXTERNAL_STORAGE in package com.android.systemui
01-10 12:14:13.131 29410 29410 W PackageManager: Not granting permission android.permission.INSTALL_LOCATION_PROVIDER to package com.amap.android.location (protectionLevel=18 flags=0x3808be0d)
01-10 12:14:13.132 29410 29410 W PackageManager: Not granting permission android.permission.WRITE_SECURE_SETTINGS to package com.amap.android.location (protectionLevel=50 flags=0x3808be0d)
01-10 12:14:13.134 29410 29410 W PackageManager: Unknown permission com.xiaomi.channel.GAME_SERVICE_PERMISSION in package com.android.thememanager
01-10 12:14:13.144 29410 29410 W PackageManager: Unknown permission com.google.android.gallery3d.permission.GALLERY_PROVIDER in package com.android.bluetooth
01-10 12:14:13.144 29410 29410 W PackageManager: Unknown permission com.android.gallery3d.permission.GALLERY_PROVIDER in package com.android.bluetooth
01-10 12:14:13.147 29410 29410 W PackageManager: Not granting permission android.permission.READ_PRIVILEGED_PHONE_STATE to package com.miui.core (protectionLevel=18 flags=0x38083e0d)
01-10 12:14:13.152 29410 29410 W PackageManager: Unknown permission miui.permission.SHELL in package com.miui.home
01-10 12:14:13.156 29410 29410 W PackageManager: Unknown permission android.permission.SYSTEM_OVERLAY_WINDOW in package com.miui.voip
01-10 12:14:13.157 29410 29410 W PackageManager: Unknown permission android.permission.READ_SETTINGS in package com.miui.voip
01-10 12:14:13.724 29410 29524 W MountService: No primary storage mounted!
01-10 12:14:13.730 29410 29524 W PackageManager: Unknown permission com.google.android.googleapps.permission.GOOGLE_AUTH in package com.android.providers.calendar
01-10 12:14:13.730 29410 29524 W PackageManager: Unknown permission com.google.android.googleapps.permission.GOOGLE_AUTH.cl in package com.android.providers.calendar
01-10 12:14:13.733 29410 29524 W PackageManager: Not granting permission com.xiaomi.gallery.permission.CLOUD to package com.milink.service (protectionLevel=18 flags=0x3888be45)
01-10 12:14:13.735 29410 29524 W PackageManager: Unknown permission android.permission.SEND_SMS_NO_CONFIRMATION in package com.xiaomi.account
01-10 12:14:13.741 29410 29524 W PackageManager: Unknown permission android.permission.WRITE_INTERNAL_STORAGE in package com.android.updater
01-10 12:14:13.743 29410 29524 W PackageManager: Unknown permission miui.permission.SHELL in package com.android.updater
01-10 12:14:13.746 29410 29524 W PackageManager: Unknown permission com.xiaomi.channel.GAME_SERVICE_PERMISSION in package com.xiaomi.gamecenter.sdk.service
01-10 12:14:13.746 29410 29524 W PackageManager: Unknown permission com.xiaomi.gamecenter.webkit in package com.xiaomi.gamecenter.sdk.service
01-10 12:14:13.746 29410 29524 W PackageManager: Unknown permission com.xiaomi.passport.permission.PASSPORT_UI_CONTROLLER_SERVICE in package com.xiaomi.gamecenter.sdk.service
01-10 12:14:13.747 29410 29524 W PackageManager: Unknown permission android.permission.READ_SECURE_SETTINGS in package com.miui.securityadd
01-10 12:14:13.747 29410 29524 W PackageManager: Unknown permission android.permission.READ_SETTINGS in package com.miui.securityadd
01-10 12:14:13.751 29410 29524 W PackageManager: Unknown permission android.permission.ACCESS_ALL_EXTERNAL_STORAGE in package com.miui.gallery
01-10 12:14:13.759 29410 29524 W PackageManager: Unknown permission com.xiaomi.passport.permission.PASSPORT_UI_CONTROLLER_SERVICE in package com.xiaomi.payment
01-10 12:14:13.764 29410 29524 W PackageManager: Unknown permission miui.permission.SHELL in package com.miui.securitycenter
01-10 12:14:13.767 29410 29524 W PackageManager: Unknown permission android.permission.READ_SECURE_SETTINGS in package com.miui.securitycenter
01-10 12:14:13.767 29410 29524 W PackageManager: Unknown permission android.permission.READ_SETTINGS in package com.miui.securitycenter
01-10 12:14:13.769 29410 29524 W PackageManager: Unknown permission com.google.android.gms.permission.ACTIVITY_RECOGNITION in package com.miui.securitycenter
01-10 12:14:13.769 29410 29524 W PackageManager: Unknown permission android.Manifest.permission.RECEIVE_BOOT_COMPLETED in package com.android.browser
01-10 12:14:13.776 29410 29524 W PackageManager: Unknown permission android.permission.ACTION_HEADSET_PLUG in package com.android.soundrecorder
01-10 12:14:13.779 29410 29524 W PackageManager: Unknown permission adnroid.permission.CHANGE_WIFI_STATE in package com.miui.guardprovider
01-10 12:14:13.790 29410 29524 W PackageManager: Unknown permission com.xiaomi.market.sdk.UPDATE in package com.miui.backup
01-10 12:14:13.790 29410 29524 W PackageManager: Unknown permission android.permission.READ_SETTINGS in package com.xiaomi.ab
01-10 12:14:13.791 29410 29524 W PackageManager: Unknown permission android.permission.RUN_INSTRUMENTATION in package com.xiaomi.ab
01-10 12:14:13.791 29410 29524 W PackageManager: Unknown permission com.xiaomi.channel.GAME_SERVICE_PERMISSION in package com.xiaomi.ab
01-10 12:14:13.791 29410 29524 W PackageManager: Unknown permission com.xiaomi.passport.permission.PASSPORT_UI_CONTROLLER_SERVICE in package com.xiaomi.ab
01-10 12:14:13.793 29410 29524 W PackageManager: Unknown permission com.google.android.googleapps.permission.GOOGLE_AUTH.mail in package com.android.contacts
01-10 12:14:13.795 29410 29524 W PackageManager: Unknown permission com.miui.mipub.permission.READ_HMS_COMMON in package com.android.contacts
01-10 12:14:13.797 29410 29524 W PackageManager: Unknown permission com.xiaomi.rcs.permission.SERVICE in package com.android.contacts
01-10 12:14:13.797 29410 29524 W PackageManager: Unknown permission com.miui.voip.permission.RECEIVE_CLEAR_MISSED_CALL_NOTIFICATION in package com.android.contacts
01-10 12:14:13.797 29410 29524 W PackageManager: Unknown permission android.permission.ACCESS_NOTIFICATION in package com.miui.securitycore
01-10 12:14:13.799 29410 29524 W PackageManager: Unknown permission android.permission.INSTALL_DRM in package com.android.mms
01-10 12:14:13.799 29410 29524 W PackageManager: Unknown permission android.permission.SEND_SMS_NO_CONFIRMATION in package com.android.mms
01-10 12:14:13.801 29410 29524 W PackageManager: Unknown permission miui.permission.SHELL in package com.android.mms
01-10 12:14:13.802 29410 29524 W PackageManager: Unknown permission com.miui.mipub.permission.WRITE_HMS in package com.android.mms
01-10 12:14:13.802 29410 29524 W PackageManager: Unknown permission com.miui.mipub.permission.READ_HMS in package com.android.mms
01-10 12:14:13.806 29410 29524 W PackageManager: Unknown permission android.permission.NFC_UNLOCK in package com.android.nfc
01-10 12:14:13.817 29410 29524 W PackageManager: Unknown permission android.permission.WRITE_INTERNAL_STORAGE in package com.miui.player
01-10 12:14:13.823 29410 29524 W PackageManager: Unknown permission com.google.android.googleapps.permission.GOOGLE_AUTH.mail in package com.android.calendar
01-10 12:14:13.824 29410 29524 W PackageManager: Not granting permission android.permission.ACCESS_MOCK_LOCATION to package com.android.calendar (protectionLevel=2 flags=0x38c9be45)
01-10 12:14:13.826 29410 29524 W PackageManager: Unknown permission miui.permission.SHELL in package com.miui.compass
01-10 12:14:13.826 29410 29524 W PackageManager: Unknown permission android.permission.ACCESS_ALL_EXTERNAL_STORAGE in package com.android.midrive
01-10 12:14:13.835 29410 29524 W PackageManager: Unknown permission miui.permission.SHELL in package com.miui.bugreport
01-10 12:14:13.837 29410 29524 W PackageManager: Unknown permission android.permission.ACCESS_ALL_EXTERNAL_STORAGE in package com.android.fileexplorer
01-10 12:14:13.841 29410 29524 W PackageManager: Unknown permission com.miui.klo.bugreport.permission.KLO_STARTUP_RECEIVER in package com.xiaomi.metok
01-10 12:14:13.847 29410 29524 W PackageManager: Unknown permission com.xiaomi.passport.permission.PASSPORT_UI_CONTROLLER_SERVICE in package com.mipay.wallet
01-10 12:14:13.848 29410 29524 W PackageManager: Unknown permission com.fingerprints.service.ACCESS_FINGERPRINT_MANAGER in package com.mipay.wallet
01-10 12:14:13.854 29410 29524 W PackageManager: Unknown permission com.fingerprints.service.ACCESS_FINGERPRINT_MANAGER in package com.android.keyguard
01-10 12:14:13.855 29410 29524 W PackageManager: Unknown permission com.fingerprints.service.ACCESS_FINGERPRINT_MANAGER in package com.android.camera
01-10 12:14:13.855 29410 29524 W PackageManager: Unknown permission com.xiaomi.market.sdk.UPDATE in package com.xiaomi.pass
01-10 12:14:13.861 29410 29524 W PackageManager: Not granting permission android.permission.DELETE_PACKAGES to package com.svox.pico (protectionLevel=18 flags=0x3888be45)
01-10 12:14:13.868 29410 29524 W PackageManager: Unknown permission android.permission.INSTALL_DRM in package com.miui.mipub
01-10 12:14:13.869 29410 29524 W PackageManager: Unknown permission miui.permission.SHELL in package com.miui.mipub
01-10 12:14:13.870 29410 29524 W PackageManager: Unknown permission com.miui.mipub.permission.READ_HMS in package com.miui.mipub
01-10 12:14:13.870 29410 29524 W PackageManager: Unknown permission com.miui.mipub.permission.WRITE_HMS in package com.miui.mipub
01-10 12:14:13.871 29410 29524 W PackageManager: Unknown permission android.permission.READ_SECURE_SETTINGS in package com.miui.notes
01-10 12:14:13.873 29410 29524 W PackageManager: Unknown permission com.xiaomi.router.provider.READ_OFFLINE_VIDEO in package com.miui.video
01-10 12:14:13.873 29410 29524 W PackageManager: Unknown permission com.xiaomi.router.provider.WRITE_OFFLINE_VIDEO in package com.miui.video
01-10 12:14:13.875 29410 29524 W PackageManager: Unknown permission com.xiaomi.passport.permission.PASSPORT_UI_CONTROLLER_SERVICE in package com.miui.video
01-10 12:14:13.885 29410 29524 W PackageManager: Unknown permission android.permission.ACCESS_COARSE_UPDATES in package com.miui.cloudservice
01-10 12:14:13.886 29410 29524 W PackageManager: Unknown permission miui.permission.SHELL in package com.miui.cloudservice
01-10 12:14:13.895 29410 29524 W PackageManager: Unknown permission com.google.android.gallery3d.permission.PICASA_STORE in package com.android.dreams.phototable
01-10 12:14:13.895 29410 29524 W PackageManager: Unknown permission com.android.vending.BILLING in package com.footej.camera
01-10 12:14:13.895 29410 29524 W PackageManager: Unknown permission com.google.android.c2dm.permission.RECEIVE in package com.footej.camera
01-10 12:14:13.896 29410 29524 W PackageManager: Not granting permission android.permission.ACCESS_MOCK_LOCATION to package com.sohu.inputmethod.sogou.xiaomi (protectionLevel=2 flags=0x38883e45)
01-10 12:14:13.896 29410 29524 W PackageManager: Not granting permission android.permission.READ_LOGS to package com.sohu.inputmethod.sogou.xiaomi (protectionLevel=50 flags=0x38883e45)
01-10 12:14:13.897 29410 29524 W PackageManager: Not granting permission android.permission.CLEAR_APP_CACHE to package com.sohu.inputmethod.sogou.xiaomi (protectionLevel=18 flags=0x38883e45)
01-10 12:14:13.897 29410 29524 W PackageManager: Unknown permission sogou.mobile.explorer.permission.ACTIVATION in package com.sohu.inputmethod.sogou.xiaomi
01-10 12:14:13.897 29410 29524 W PackageManager: Not granting permission miui.permission.USE_INTERNAL_GENERAL_API to package com.sohu.inputmethod.sogou.xiaomi (protectionLevel=18 flags=0x38883e45)
01-10 12:14:13.897 29410 29524 W PackageManager: Unknown permission com.miui.uimonitor.permission.READ_UI in package com.sohu.inputmethod.sogou.xiaomi
01-10 12:14:13.904 29410 29524 W PackageManager: Unknown permission android.permission.SYSTEM_OVERLAY_WINDOW in package com.securespaces.android.ssm.service
01-10 12:14:13.905 29410 29524 W PackageManager: Unknown permission com.securespaces.android.sscm.permission.SEND_SSCM_PAYLOAD in package com.securespaces.android.ssm.service
01-10 12:14:13.906 29410 29524 W PackageManager: Unknown permission com.xiaomi.market.sdk.UPDATE in package com.miui.calculator
01-10 12:14:13.906 29410 29524 W PackageManager: Not granting permission android.permission.CLEAR_APP_CACHE to package com.cleanmaster.sdk (protectionLevel=18 flags=0x3888be45)
01-10 12:14:13.906 29410 29524 W PackageManager: Not granting permission android.permission.READ_LOGS to package com.cleanmaster.sdk (protectionLevel=50 flags=0x3888be45)
01-10 12:14:13.913 29410 29524 W PackageManager: Unknown permission com.xiaomi.gallery.permission.DELETE_SIMILAR_IMAGE in package com.miui.cleanmaster
01-10 12:14:13.914 29410 29524 W PackageManager: Unknown permission com.google.android.gms.permission.ACTIVITY_RECOGNITION in package com.miui.cleanmaster
01-10 12:14:13.919 29410 29524 W PackageManager: Unknown permission com.google.android.googleapps.permission.GOOGLE_AUTH in package com.android.settings
01-10 12:14:13.926 29410 29524 W PackageManager: Unknown permission com.xiaomi.permission.RECEIVE_BROADCAST_REPORT in package com.android.settings
01-10 12:14:13.928 29410 29524 W PackageManager: Unknown permission com.xiaomi.permission.WIFI_SHARE in package com.android.settings
01-10 12:14:13.931 29410 29524 W PackageManager: Unknown permission com.fingerprints.service.ACCESS_FINGERPRINT_MANAGER in package com.android.settings
01-10 12:14:13.944 29410 29524 W PackageManager: Unknown permission miui.permission.SHELL in package com.android.email
01-10 12:14:13.947 29410 29524 W PackageManager: Unknown permission android.permission.SEND_SMS_NO_CONFIRMATION in package com.miui.voiceassist
01-10 12:14:13.974 29410 29524 W PackageManager: Unknown permission com.google.android.c2dm.permission.RECEIVE in package com.securespaces.android.agent
01-10 12:14:13.978 29410 29524 W PackageManager: Unknown permission android.permission.ACCESS_ALL_EXTERNAL_STORAGE in package com.android.systemui
01-10 12:14:13.985 29410 29524 W PackageManager: Not granting permission android.permission.INSTALL_LOCATION_PROVIDER to package com.amap.android.location (protectionLevel=18 flags=0x3888be0d)
01-10 12:14:13.986 29410 29524 W PackageManager: Not granting permission android.permission.WRITE_SECURE_SETTINGS to package com.amap.android.location (protectionLevel=50 flags=0x3888be0d)
01-10 12:14:13.989 29410 29524 W PackageManager: Unknown permission com.xiaomi.channel.GAME_SERVICE_PERMISSION in package com.android.thememanager
01-10 12:14:13.999 29410 29524 W PackageManager: Unknown permission com.google.android.gallery3d.permission.GALLERY_PROVIDER in package com.android.bluetooth
01-10 12:14:13.999 29410 29524 W PackageManager: Unknown permission com.android.gallery3d.permission.GALLERY_PROVIDER in package com.android.bluetooth
01-10 12:14:14.002 29410 29524 W PackageManager: Not granting permission android.permission.READ_PRIVILEGED_PHONE_STATE to package com.miui.core (protectionLevel=18 flags=0x38883e0d)
01-10 12:14:14.008 29410 29524 W PackageManager: Unknown permission miui.permission.SHELL in package com.miui.home
01-10 12:14:14.013 29410 29524 W PackageManager: Unknown permission android.permission.SYSTEM_OVERLAY_WINDOW in package com.miui.voip
01-10 12:14:14.013 29410 29524 W PackageManager: Unknown permission android.permission.READ_SETTINGS in package com.miui.voip
01-10 12:14:14.221 29410 29524 W MountService: No primary storage mounted!
01-10 12:14:14.462 29410 29410 E ConnectivityService: Ignoring protectedNetwork 14
01-10 12:14:14.462 29410 29410 E ConnectivityService: Ignoring protectedNetwork 15
01-10 12:14:14.553 29410 29410 W DockObserver: This kernel does not have dock station support
01-10 12:14:14.556 29410 29410 W WiredAccessoryManager: This kernel does not have usb audio support
01-10 12:14:14.556 29410 29410 W WiredAccessoryManager: This kernel does not have HDMI audio support
01-10 12:14:14.645 29410 29410 W SoundTriggerHelper: listModules status=0, # of modules=0
01-10 12:14:14.667 29410 29546 W PackageParser: Ignoring duplicate uses-permissions/uses-permissions-sdk-m: android.permission.WRITE_SECURE_SETTINGS in package: com.miui.securitycenter at: Binary XML file line #129
01-10 12:14:14.673 29410 29546 W PackageParser: No actions in intent filter at /system/priv-app/SecurityCenter/SecurityCenter.apk Binary XML file line #406
01-10 12:14:14.720 29410 29410 W FingerprintService: fingerprint service not available
01-10 12:14:14.772 29410 29410 E LockSettingsStorage: Cannot read file java.io.FileNotFoundException: /data/system/gatekeeper.password.key: open failed: ENOENT (No such file or directory)
01-10 12:14:14.773 29410 29410 E LockSettingsStorage: Cannot read file java.io.FileNotFoundException: /data/system/password.key: open failed: ENOENT (No such file or directory)
01-10 12:14:14.773 29410 29410 E LockSettingsStorage: Cannot read file java.io.FileNotFoundException: /data/system/gatekeeper.pattern.key: open failed: ENOENT (No such file or directory)
01-10 12:14:14.773 29410 29410 E LockSettingsStorage: Cannot read file java.io.FileNotFoundException: /data/system/gatekeeper.gesture.key: open failed: ENOENT (No such file or directory)
01-10 12:14:14.773 29410 29410 E LockSettingsStorage: Cannot read file java.io.FileNotFoundException: /data/system/gesture.key: open failed: ENOENT (No such file or directory)
01-10 12:14:14.786 29410 29410 E WifiService: Invoking mWifiStateMachine.setWifiEnabled
01-10 12:14:15.001 29410 29410 W BackupManagerService: Proposed transport ComponentInfo{android/com.android.internal.backup.LocalTransportService} not whitelisted; ignoring
01-10 12:14:15.017 29410 29546 W PackageParser: Service exported request ignored due to singleUser: com.xiaomi.finddevice.v2.FindDeviceStatusManagerService at /system/priv-app/FindDevice/FindDevice.apk Binary XML file line #137
01-10 12:14:15.017 29410 29546 W PackageParser: Service exported request ignored due to singleUser: com.xiaomi.finddevice.v2.FindDeviceAsyncControlService at /system/priv-app/FindDevice/FindDevice.apk Binary XML file line #141
01-10 12:14:15.017 29410 29546 W PackageParser: Provider exported request ignored due to singleUser: com.xiaomi.finddevice.v2.FindDeviceStatusManagerProvider at /system/priv-app/FindDevice/FindDevice.apk Binary XML file line #146
01-10 12:14:15.018 29410 29546 W PackageParser: Service exported request ignored due to singleUser: com.xiaomi.finddevice.v2.ui.FindDeviceKeyguardControlReceiver at /system/priv-app/FindDevice/FindDevice.apk Binary XML file line #161
01-10 12:14:15.019 29410 29546 W PackageParser: Service exported request ignored due to singleUser: com.xiaomi.finddevice.v2.ui.FindDeviceNotificationReceiver at /system/priv-app/FindDevice/FindDevice.apk Binary XML file line #177
01-10 12:14:15.075 29410 29509 W KeyguardServiceDelegate: onScreenTurningOn(): no keyguard service!
01-10 12:14:15.907 29660 29660 W ContextImpl: Calling a method in the system process without a qualified user: android.app.ContextImpl.startService:1221 android.content.ContextWrapper.startService:581 android.content.ContextWrapper.startService:581 com.android.settings.MiuiSettingsReceiver.onReceive:185 android.app.ActivityThread.handleReceiver:2725 
01-10 12:14:15.917 29660 29660 W ContextImpl: Calling a method in the system process without a qualified user: android.app.ContextImpl.startService:1221 android.content.ContextWrapper.startService:581 miui.core.SdkManager$1.run:189 android.os.Handler.handleCallback:739 android.os.Handler.dispatchMessage:95 
01-10 12:14:15.959 29660 29660 W ContextImpl: Calling a method in the system process without a qualified user: android.app.ContextImpl.startService:1221 android.content.ContextWrapper.startService:581 android.content.ContextWrapper.startService:581 com.android.settings.AnalyticsReceiver.onReceive:24 android.app.ActivityThread.handleReceiver:2725 
01-10 12:14:15.961 29660 29720 W ContextImpl: Calling a method in the system process without a qualified user: android.app.ContextImpl.bindService:1285 android.content.ContextWrapper.bindService:604 miui.analytics.Analytics.endSession:120 com.android.settings.analytics.AnalyticService.onHandleIntent:106 android.app.IntentService$ServiceHandler.handleMessage:66 
01-10 12:14:15.965 29660 29660 W ContextImpl: Calling a method in the system process without a qualified user: android.app.ContextImpl.startService:1221 android.content.ContextWrapper.startService:581 android.content.ContextWrapper.startService:581 com.android.settings.AnalyticsReceiver.onReceive:24 android.app.ActivityThread.handleReceiver:2725 
01-10 12:14:15.967 29660 29720 W ContextImpl: Calling a method in the system process without a qualified user: android.app.ContextImpl.bindService:1285 android.content.ContextWrapper.bindService:604 miui.analytics.Analytics.endSession:120 com.android.settings.analytics.AnalyticService.onHandleIntent:106 android.app.IntentService$ServiceHandler.handleMessage:66 
01-10 12:14:15.985 29660 29720 W ContextImpl: Calling a method in the system process without a qualified user: android.app.ContextImpl.bindService:1285 android.content.ContextWrapper.bindService:604 miui.analytics.Analytics.endSession:120 com.android.settings.analytics.AnalyticService.onHandleIntent:106 android.app.IntentService$ServiceHandler.handleMessage:66 
01-10 12:14:16.075 29410 29503 W WindowManager: Keyguard drawn timeout. Setting mKeyguardDrawComplete
01-10 12:14:16.135 29736 29736 W ContextImpl: Calling a method in the system process without a qualified user: android.app.ContextImpl.bindService:1285 android.content.ContextWrapper.bindService:604 com.miui.networkassistant.provider.NetworkAssistantProvider.bindFirewallService:-1 com.miui.networkassistant.provider.NetworkAssistantProvider.onCreate:-1 android.content.ContentProvider.attachInfo:1748 
01-10 12:14:16.163 29736 29736 W ContextImpl: Calling a method in the system process without a qualified user: android.app.ContextImpl.startService:1221 android.content.ContextWrapper.startService:581 android.content.ContextWrapper.startService:581 com.miui.powercenter.c.i.y:-1 com.miui.powercenter.c.i.cb:-1 
01-10 12:14:16.330 29796 29796 W ContextImpl: Calling a method in the system process without a qualified user: android.app.ContextImpl.bindService:1285 com.miui.stepsprovider.StepsProvider.g:-1 com.miui.stepsprovider.StepsProvider.onCreate:-1 android.content.ContentProvider.attachInfo:1748 android.content.ContentProvider.attachInfo:1723 
01-10 12:14:16.334 29796 29796 W ContextImpl: Calling a method in the system process without a qualified user: android.app.ContextImpl.startService:1221 android.content.ContextWrapper.startService:581 com.miui.whetstone.provider.WhetstoneProvider.onCreate:-1 android.content.ContentProvider.attachInfo:1748 android.content.ContentProvider.attachInfo:1723 
01-10 12:14:16.368 29796 29796 W ContextImpl: Calling a method in the system process without a qualified user: android.app.ContextImpl.bindService:1285 android.content.ContextWrapper.bindService:604 com.xiaomi.analytics.a.b.c.i:-1 com.xiaomi.analytics.a.b.c.<init>:-1 com.xiaomi.analytics.a.d.<init>:-1 
01-10 12:14:16.491 29773 29773 W ContextImpl: Calling a method in the system process without a qualified user: android.app.ContextImpl.startService:1221 android.content.ContextWrapper.startService:581 android.content.ContextWrapper.startService:581 com.miui.powercenter.c.i.y:-1 com.miui.powercenter.c.i.cb:-1 
01-10 12:14:16.541 29773 29773 W ContextImpl: Calling a method in the system process without a qualified user: android.app.ContextImpl.startService:1221 android.content.ContextWrapper.startService:581 android.content.ContextWrapper.startService:581 com.miui.securitycenter.j.init:-1 com.miui.securitycenter.b.onCreate:-1 
01-10 12:14:16.548 29410 29410 E NetdConnector: NDC Command {9 strict enable} took too long (686ms)
01-10 12:14:16.673 29796 29796 W ContextImpl: Calling a method in the system process without a qualified user: android.app.ContextImpl.bindService:1285 android.content.ContextWrapper.bindService:604 com.miui.whetstone.process.WtProcessController.<init>:-1 com.miui.whetstone.process.WtProcessManager.<init>:-1 com.miui.whetstone.process.WtProcessManager.makeProcessMInstance:-1 
01-10 12:14:16.678 29773 29773 W ContextImpl: Calling a method in the system process without a qualified user: android.app.ContextImpl.startService:1221 android.content.ContextWrapper.startService:581 com.miui.powercenter.bootshutdown.a.be:-1 com.miui.powercenter.provider.PowerSaveService.onCreate:-1 android.app.ActivityThread.handleCreateService:2877 
01-10 12:14:16.757 29773 29773 W ContextImpl: Calling a method in the system process without a qualified user: android.app.ContextImpl.startService:1221 android.content.ContextWrapper.startService:581 com.miui.powercenter.bootshutdown.a.bg:-1 com.miui.powercenter.provider.PowerSaveService.onCreate:-1 android.app.ActivityThread.handleCreateService:2877 
01-10 12:14:16.781 29773 29773 W ContextImpl: Calling a method in the system process without a qualified user: android.app.ContextImpl.startService:1221 android.content.ContextWrapper.startService:581 miui.core.SdkManager$1.run:189 android.os.Handler.handleCallback:739 android.os.Handler.dispatchMessage:95 
01-10 12:14:16.796 29796 29796 W ContextImpl: Calling a method in the system process without a qualified user: android.app.ContextImpl.startService:1221 android.content.ContextWrapper.startService:581 com.miui.whetstone.wtstrategy.PersistManager.startService:-1 com.miui.whetstone.wtstrategy.PersistManager.startAll:-1 com.miui.whetstone.wtstrategy.PersistManager.<init>:-1 
01-10 12:14:16.812 29796 29796 W ContextImpl: Calling a method in the system process without a qualified user: android.app.ContextImpl.bindService:1285 android.content.ContextWrapper.bindService:604 com.miui.whetstone.wtstrategy.PersistManager.startService:-1 com.miui.whetstone.wtstrategy.PersistManager.startAll:-1 com.miui.whetstone.wtstrategy.PersistManager.<init>:-1 
01-10 12:14:16.835 29796 29796 W ContextImpl: Calling a method in the system process without a qualified user: android.app.ContextImpl.startService:1221 android.content.ContextWrapper.startService:581 com.miui.whetstone.wtstrategy.PersistManager.startService:-1 com.miui.whetstone.wtstrategy.PersistManager.startAll:-1 com.miui.whetstone.wtstrategy.PersistManager.<init>:-1 
01-10 12:14:16.842 29796 29796 W ContextImpl: Calling a method in the system process without a qualified user: android.app.ContextImpl.bindService:1285 android.content.ContextWrapper.bindService:604 com.miui.whetstone.wtstrategy.PersistManager.startService:-1 com.miui.whetstone.wtstrategy.PersistManager.startAll:-1 com.miui.whetstone.wtstrategy.PersistManager.<init>:-1 
01-10 12:14:16.850 29796 29796 W ContextImpl: Calling a method in the system process without a qualified user: android.app.ContextImpl.startService:1221 android.content.ContextWrapper.startService:581 com.miui.whetstone.wtstrategy.PersistManager.startService:-1 com.miui.whetstone.wtstrategy.PersistManager.startAll:-1 com.miui.whetstone.wtstrategy.PersistManager.<init>:-1 
01-10 12:14:16.850 29410 29410 E InputMethodManagerService: Ignoring updateSystemUiLocked due to an invalid token. uid:1000 token:null
01-10 12:14:16.899 29796 29796 W ContextImpl: Calling a method in the system process without a qualified user: android.app.ContextImpl.bindService:1285 android.content.ContextWrapper.bindService:604 com.miui.whetstone.wtstrategy.PersistManager.startService:-1 com.miui.whetstone.wtstrategy.PersistManager.startAll:-1 com.miui.whetstone.wtstrategy.PersistManager.<init>:-1 
01-10 12:14:16.910 29796 29796 W ContextImpl: Calling a method in the system process without a qualified user: android.app.ContextImpl.startService:1221 android.content.ContextWrapper.startService:581 com.miui.whetstone.wtstrategy.PersistManager.startService:-1 com.miui.whetstone.wtstrategy.PersistManager.startAll:-1 com.miui.whetstone.wtstrategy.PersistManager.<init>:-1 
01-10 12:14:16.914 29410 29870 W ActivityManager: Unable to start service Intent { act=android.intent.action.MAIN cmp=com.miui.klo.bugreport/.service.FeedbackBackgroundService } U=0: not found
01-10 12:14:16.915 29796 29796 W ContextImpl: Calling a method in the system process without a qualified user: android.app.ContextImpl.bindService:1285 android.content.ContextWrapper.bindService:604 com.miui.whetstone.wtstrategy.PersistManager.startService:-1 com.miui.whetstone.wtstrategy.PersistManager.startAll:-1 com.miui.whetstone.wtstrategy.PersistManager.<init>:-1 
01-10 12:14:16.916 29410 29542 W ActivityManager: Unable to start service Intent { act=android.intent.action.MAIN cmp=com.miui.klo.bugreport/.service.FeedbackBackgroundService } U=0: not found
01-10 12:14:16.917 29796 29796 W ContextImpl: Calling a method in the system process without a qualified user: android.app.ContextImpl.startService:1221 android.content.ContextWrapper.startService:581 com.miui.whetstone.wtstrategy.PersistManager.startService:-1 com.miui.whetstone.wtstrategy.PersistManager.startAll:-1 com.miui.whetstone.wtstrategy.PersistManager.<init>:-1 
01-10 12:14:16.917 29410 29714 W ActivityManager: Unable to start service Intent { act=android.intent.action.MAIN cmp=com.miui.klorobotrelease/.service.FeedbackBackgroundService } U=0: not found
01-10 12:14:16.918 29796 29796 W ContextImpl: Calling a method in the system process without a qualified user: android.app.ContextImpl.bindService:1285 android.content.ContextWrapper.bindService:604 com.miui.whetstone.wtstrategy.PersistManager.startService:-1 com.miui.whetstone.wtstrategy.PersistManager.startAll:-1 com.miui.whetstone.wtstrategy.PersistManager.<init>:-1 
01-10 12:14:16.920 29410 30004 W ActivityManager: Unable to start service Intent { act=android.intent.action.MAIN cmp=com.miui.klorobotrelease/.service.FeedbackBackgroundService } U=0: not found
01-10 12:14:16.921 29796 29796 W ContextImpl: Calling a method in the system process without a qualified user: android.app.ContextImpl.startService:1221 android.content.ContextWrapper.startService:581 com.miui.whetstone.wtstrategy.PersistManager.startService:-1 com.miui.whetstone.wtstrategy.PersistManager.startAll:-1 com.miui.whetstone.wtstrategy.PersistManager.<init>:-1 
01-10 12:14:16.940 29796 29796 W ContextImpl: Calling a method in the system process without a qualified user: android.app.ContextImpl.bindService:1285 android.content.ContextWrapper.bindService:604 com.miui.whetstone.wtstrategy.PersistManager.startService:-1 com.miui.whetstone.wtstrategy.PersistManager.startAll:-1 com.miui.whetstone.wtstrategy.PersistManager.<init>:-1 
01-10 12:14:16.943 29796 29796 W ContextImpl: Calling a method in the system process without a qualified user: android.app.ContextImpl.startService:1221 android.content.ContextWrapper.startService:581 com.miui.whetstone.wtstrategy.PersistManager.startService:-1 com.miui.whetstone.wtstrategy.PersistManager.startAll:-1 com.miui.whetstone.wtstrategy.PersistManager.<init>:-1 
01-10 12:14:16.973 29796 29796 W ContextImpl: Calling a method in the system process without a qualified user: android.app.ContextImpl.bindService:1285 android.content.ContextWrapper.bindService:604 com.miui.whetstone.wtstrategy.PersistManager.startService:-1 com.miui.whetstone.wtstrategy.PersistManager.startAll:-1 com.miui.whetstone.wtstrategy.PersistManager.<init>:-1 
01-10 12:14:16.997 29736 29736 W ContextImpl: Calling a method in the system process without a qualified user: android.app.ContextImpl.startService:1221 android.content.ContextWrapper.startService:581 android.content.ContextWrapper.startService:581 com.miui.securitycenter.b.onCreate:-1 miui.external.a.onCreate:-1 
01-10 12:14:17.006 29660 29660 W ContextImpl: Calling a method in the system process without a qualified user: android.app.ContextImpl.startService:1221 android.content.ContextWrapper.startService:581 android.content.ContextWrapper.startService:581 com.android.settings.MiuiSettingsReceiver.onReceive:166 android.app.ActivityThread.handleReceiver:2725 
01-10 12:14:17.037 29736 30051 W ContextImpl: Calling a method in the system process without a qualified user: android.app.ContextImpl.startService:1221 android.content.ContextWrapper.startService:581 com.xiaomi.accountsdk.activate.ActivateManager$AmTask.bindToCloudService:502 com.xiaomi.accountsdk.activate.ActivateManager$AmTask.bind:481 com.xiaomi.accountsdk.activate.ActivateManager$AmTask.start:474 
01-10 12:14:17.043 29796 29796 W ContextImpl: Calling a method in the system process without a qualified user: android.app.ContextImpl.bindService:1285 android.content.ContextWrapper.bindService:604 com.miui.whetstone.server.WhetstoneService.binderMemoryCheckService:-1 com.miui.whetstone.server.WhetstoneService.<init>:-1 com.miui.whetstone.server.WhetstoneService.getInstance:-1 
01-10 12:14:17.076 29736 29736 W ContextImpl: Calling a method in the system process without a qualified user: android.app.ContextImpl.startService:1221 android.content.ContextWrapper.startService:581 miui.core.SdkManager$1.run:189 android.os.Handler.handleCallback:739 android.os.Handler.dispatchMessage:95 
01-10 12:14:17.105 29736 30051 W ContextImpl: Calling a method in the system process without a qualified user: android.app.ContextImpl.bindService:1285 android.content.ContextWrapper.bindService:604 com.xiaomi.accountsdk.activate.ActivateManager$AmTask.bindToCloudService:503 com.xiaomi.accountsdk.activate.ActivateManager$AmTask.bind:481 com.xiaomi.accountsdk.activate.ActivateManager$AmTask.start:474 
01-10 12:14:17.134 29410 29410 E LocationManagerService: FLP HAL not supported
01-10 12:14:17.143 29410 29410 E LocationManagerService: Unable to bind FLP Geofence proxy.
01-10 12:14:17.144 29410 29410 E LocationManagerService: Hardware Activity-Recognition not supported.
01-10 12:14:17.149 29946 29946 W ContextImpl: Calling a method in the system process without a qualified user: android.app.ContextImpl.startService:1221 android.content.ContextWrapper.startService:581 miui.core.SdkManager$1.run:189 android.os.Handler.handleCallback:739 android.os.Handler.dispatchMessage:95 
01-10 12:14:17.157 29773 29773 W ContextImpl: Calling a method in the system process without a qualified user: android.app.ContextImpl.bindService:1285 android.content.ContextWrapper.bindService:604 com.miui.b.a.ru:-1 com.miui.b.a.<init>:-1 com.miui.b.a.eC:-1 
01-10 12:14:17.159 29410 29410 E LocationManagerService: Unable to bind ActivityRecognitionProxy.
01-10 12:14:17.213 29660 29660 W ContextImpl: Calling a method in the system process without a qualified user: android.app.ContextImpl.startService:1221 android.content.ContextWrapper.startService:581 android.content.ContextWrapper.startService:581 com.android.settings.MiuiSettingsReceiver.onReceive:166 android.app.ActivityThread.handleReceiver:2725 
01-10 12:14:17.358 29946 30112 W ContextImpl: Calling a method in the system process without a qualified user: android.app.ContextImpl.bindService:1285 android.content.ContextWrapper.bindService:604 android.content.ContextWrapper.bindService:604 com.miui.systemAdSolution.landingPage.LandingPageService.<init>:51 com.miui.systemAdSolution.landingPage.LandingPageService.init:42 
