01-10 12:16:21.641 32642 32642 W System  : ClassLoader referenced unknown path: /system/app/MiDrive/lib/arm64
01-10 12:16:21.719 32617 32660 W         : 
01-10 12:16:21.719 32617 32660 W         : com.xiaomi.gamecenter.util.CTANetworkException: Cannot use network if user never use gamecenter
01-10 12:16:21.719 32617 32660 W         : 	at com.xiaomi.gamecenter.protocol.Protocol_Base.request(Protocol_Base.java:141)
01-10 12:16:21.719 32617 32660 W         : 	at com.xiaomi.gamecenter.protocol.Protocol_Base.execute(Protocol_Base.java:78)
01-10 12:16:21.719 32617 32660 W         : 	at com.xiaomi.gamecenter.protocol.Protocol_Base.execute(Protocol_Base.java:72)
01-10 12:16:21.719 32617 32660 W         : 	at com.xiaomi.gamecenter.protocol.ProtocolFactory.protocol_Upgrade(ProtocolFactory.java:45)
01-10 12:16:21.719 32617 32660 W         : 	at com.xiaomi.gamecenter.service.ConnectChangeCheckUpgrade.run(ConnectChangeCheckUpgrade.java:59)
01-10 12:16:21.719 32617 32660 W         : 	at com.xiaomi.gamecenter.service.GlobalService.action_filter(GlobalService.java:214)
01-10 12:16:21.719 32617 32660 W         : 	at com.xiaomi.gamecenter.service.GlobalService.onHandleIntent(GlobalService.java:138)
01-10 12:16:21.719 32617 32660 W         : 	at com.xiaomi.gamecenter.service.GameCenterIntentService$ServiceHandler.handleMessage(GameCenterIntentService.java:31)
01-10 12:16:21.719 32617 32660 W         : 	at android.os.Handler.dispatchMessage(Handler.java:102)
01-10 12:16:21.719 32617 32660 W         : 	at android.os.Looper.loop(Looper.java:148)
01-10 12:16:21.719 32617 32660 W         : 	at android.os.HandlerThread.run(HandlerThread.java:61)
01-10 12:16:22.286 32248 32248 W ContextImpl: Calling a method in the system process without a qualified user: android.app.ContextImpl.startService:1221 android.content.ContextWrapper.startService:581 android.content.ContextWrapper.startService:581 com.securespaces.android.sscm.service.SscmServiceReceiver.onConnectivityChange:79 com.securespaces.android.sscm.service.SscmServiceReceiver.onReceive:44 
01-10 12:16:22.759 32685 32685 W ContextImpl: Calling a method in the system process without a qualified user: android.app.ContextImpl.startService:1221 android.content.ContextWrapper.startService:581 android.content.ContextWrapper.startService:581 com.android.updater.DailyCheckReceiver.onReceive:-1 android.app.ActivityThread.handleReceiver:2725 
01-10 12:16:22.763 32685 32685 W ContextImpl: Calling a method in the system process without a qualified user: android.app.ContextImpl.startService:1221 android.content.ContextWrapper.startService:581 android.content.ContextWrapper.startService:581 com.android.updater.DailyCheckReceiver.onReceive:-1 android.app.ActivityThread.handleReceiver:2725 
01-10 12:16:22.774 32685 32685 W ContextImpl: Calling a method in the system process without a qualified user: android.app.ContextImpl.startService:1221 android.content.ContextWrapper.startService:581 android.content.ContextWrapper.startService:581 com.android.updater.DailyCheckReceiver.d:-1 com.android.updater.DailyCheckReceiver.onReceive:-1 
01-10 12:16:22.776 32685 32685 W ContextImpl: Calling a method in the system process without a qualified user: android.app.ContextImpl.startService:1221 android.content.ContextWrapper.startService:581 miui.core.SdkManager$1.run:189 android.os.Handler.handleCallback:739 android.os.Handler.dispatchMessage:95 
01-10 12:16:22.814 29410 29714 W BroadcastQueue: Unable to launch app com.android.mms/10019 for broadcast Intent { act=com.xiaomi.push.service_started flg=0x10 }: process is bad
01-10 12:16:22.879 32685 32705 W ActivityThread: ClassLoader.loadClass: The class loader returned by Thread.getContextClassLoader() may fail for processes that host multiple applications. You should explicitly specify a context class loader. For example: Thread.setContextClassLoader(getClass().getClassLoader());
01-10 12:16:22.908 32709 32709 W System  : ClassLoader referenced unknown path: /system/app/DeskClock/lib/arm64
01-10 12:16:23.158 32709 32729 E FeatureParser: both assets/device_features/ and /system/etc/device_features don't exist hi6210sft.xml
01-10 12:16:23.548 32733 32733 W ContextImpl: Calling a method in the system process without a qualified user: android.app.ContextImpl.startService:1221 android.content.ContextWrapper.startService:581 miui.core.SdkManager$1.run:189 android.os.Handler.handleCallback:739 android.os.Handler.dispatchMessage:95 
01-10 12:16:23.767 32617 32660 W         : 
01-10 12:16:23.767 32617 32660 W         : com.xiaomi.gamecenter.util.CTANetworkException: Cannot use network if user never use gamecenter
01-10 12:16:23.767 32617 32660 W         : 	at com.xiaomi.gamecenter.protocol.Protocol_Base.request(Protocol_Base.java:141)
01-10 12:16:23.767 32617 32660 W         : 	at com.xiaomi.gamecenter.protocol.Protocol_Base.execute(Protocol_Base.java:78)
01-10 12:16:23.767 32617 32660 W         : 	at com.xiaomi.gamecenter.protocol.Protocol_Base.execute(Protocol_Base.java:72)
01-10 12:16:23.767 32617 32660 W         : 	at com.xiaomi.gamecenter.protocol.ProtocolFactory.protocol_push(ProtocolFactory.java:70)
01-10 12:16:23.767 32617 32660 W         : 	at com.xiaomi.gamecenter.service.PushEntry.run(PushEntry.java:49)
01-10 12:16:23.767 32617 32660 W         : 	at com.xiaomi.gamecenter.service.GlobalService.action_filter(GlobalService.java:222)
01-10 12:16:23.767 32617 32660 W         : 	at com.xiaomi.gamecenter.service.GlobalService.onHandleIntent(GlobalService.java:138)
01-10 12:16:23.767 32617 32660 W         : 	at com.xiaomi.gamecenter.service.GameCenterIntentService$ServiceHandler.handleMessage(GameCenterIntentService.java:31)
01-10 12:16:23.767 32617 32660 W         : 	at android.os.Handler.dispatchMessage(Handler.java:102)
01-10 12:16:23.767 32617 32660 W         : 	at android.os.Looper.loop(Looper.java:148)
01-10 12:16:23.767 32617 32660 W         : 	at android.os.HandlerThread.run(HandlerThread.java:61)
01-10 12:16:23.779 32617 32660 W         : 
01-10 12:16:23.779 32617 32660 W         : com.xiaomi.gamecenter.util.CTANetworkException: Cannot use network if user never use gamecenter
01-10 12:16:23.779 32617 32660 W         : 	at com.xiaomi.gamecenter.protocol.Protocol_Base.request(Protocol_Base.java:141)
01-10 12:16:23.779 32617 32660 W         : 	at com.xiaomi.gamecenter.protocol.Protocol_Base.execute(Protocol_Base.java:78)
01-10 12:16:23.779 32617 32660 W         : 	at com.xiaomi.gamecenter.protocol.Protocol_3rdApp_Upgrade.execute(Protocol_3rdApp_Upgrade.java:16)
01-10 12:16:23.779 32617 32660 W         : 	at com.xiaomi.gamecenter.protocol.Protocol_Base.execute(Protocol_Base.java:72)
01-10 12:16:23.779 32617 32660 W         : 	at com.xiaomi.gamecenter.protocol.Protocol_3rdApp_Upgrade.execute(Protocol_3rdApp_Upgrade.java:16)
01-10 12:16:23.779 32617 32660 W         : 	at com.xiaomi.gamecenter.protocol.ProtocolFactory.protocol_3rdApp_Upgrade(ProtocolFactory.java:141)
01-10 12:16:23.779 32617 32660 W         : 	at com.xiaomi.gamecenter.service.AppUpdateService.update3rdApp(AppUpdateService.java:52)
01-10 12:16:23.779 32617 32660 W         : 	at com.xiaomi.gamecenter.service.AppUpdateService.run(AppUpdateService.java:26)
01-10 12:16:23.779 32617 32660 W         : 	at com.xiaomi.gamecenter.service.GlobalService.action_filter(GlobalService.java:223)
01-10 12:16:23.779 32617 32660 W         : 	at com.xiaomi.gamecenter.service.GlobalService.onHandleIntent(GlobalService.java:138)
01-10 12:16:23.779 32617 32660 W         : 	at com.xiaomi.gamecenter.service.GameCenterIntentService$ServiceHandler.handleMessage(GameCenterIntentService.java:31)
01-10 12:16:23.779 32617 32660 W         : 	at android.os.Handler.dispatchMessage(Handler.java:102)
01-10 12:16:23.779 32617 32660 W         : 	at android.os.Looper.loop(Looper.java:148)
01-10 12:16:23.779 32617 32660 W         : 	at android.os.HandlerThread.run(HandlerThread.java:61)
01-10 12:16:23.796 32617 32660 W         : 
01-10 12:16:23.796 32617 32660 W         : com.xiaomi.gamecenter.util.CTANetworkException: Cannot use network if user never use gamecenter
01-10 12:16:23.796 32617 32660 W         : 	at com.xiaomi.gamecenter.protocol.Protocol_Base.request(Protocol_Base.java:141)
01-10 12:16:23.796 32617 32660 W         : 	at com.xiaomi.gamecenter.protocol.Protocol_Base.execute(Protocol_Base.java:78)
01-10 12:16:23.796 32617 32660 W         : 	at com.xiaomi.gamecenter.protocol.Protocol_3rdApp_Upgrade.execute(Protocol_3rdApp_Upgrade.java:16)
01-10 12:16:23.796 32617 32660 W         : 	at com.xiaomi.gamecenter.protocol.Protocol_Base.execute(Protocol_Base.java:72)
01-10 12:16:23.796 32617 32660 W         : 	at com.xiaomi.gamecenter.protocol.Protocol_3rdApp_Upgrade.execute(Protocol_3rdApp_Upgrade.java:16)
01-10 12:16:23.796 32617 32660 W         : 	at com.xiaomi.gamecenter.protocol.ProtocolFactory.protocol_3rdApp_Upgrade(ProtocolFactory.java:141)
01-10 12:16:23.796 32617 32660 W         : 	at com.xiaomi.gamecenter.service.AppUpdateService.update3rdApp(AppUpdateService.java:52)
01-10 12:16:23.796 32617 32660 W         : 	at com.xiaomi.gamecenter.service.AppUpdateService.run(AppUpdateService.java:27)
01-10 12:16:23.796 32617 32660 W         : 	at com.xiaomi.gamecenter.service.GlobalService.action_filter(GlobalService.java:223)
01-10 12:16:23.796 32617 32660 W         : 	at com.xiaomi.gamecenter.service.GlobalService.onHandleIntent(GlobalService.java:138)
01-10 12:16:23.796 32617 32660 W         : 	at com.xiaomi.gamecenter.service.GameCenterIntentService$ServiceHandler.handleMessage(GameCenterIntentService.java:31)
01-10 12:16:23.796 32617 32660 W         : 	at android.os.Handler.dispatchMessage(Handler.java:102)
01-10 12:16:23.796 32617 32660 W         : 	at android.os.Looper.loop(Looper.java:148)
01-10 12:16:23.796 32617 32660 W         : 	at android.os.HandlerThread.run(HandlerThread.java:61)
01-10 12:16:23.820 32617 32660 W         : 
01-10 12:16:23.820 32617 32660 W         : com.xiaomi.gamecenter.util.CTANetworkException: Cannot use network if user never use gamecenter
01-10 12:16:23.820 32617 32660 W         : 	at com.xiaomi.gamecenter.protocol.Protocol_Base.request(Protocol_Base.java:141)
01-10 12:16:23.820 32617 32660 W         : 	at com.xiaomi.gamecenter.protocol.Protocol_Base.execute(Protocol_Base.java:78)
01-10 12:16:23.820 32617 32660 W         : 	at com.xiaomi.gamecenter.protocol.Protocol_ReplaceGameConfig.execute(Protocol_ReplaceGameConfig.java:35)
01-10 12:16:23.820 32617 32660 W         : 	at com.xiaomi.gamecenter.protocol.ProtocolFactory.protocol_getReplaceGameConfig(ProtocolFactory.java:274)
01-10 12:16:23.820 32617 32660 W         : 	at com.xiaomi.gamecenter.service.ReplaceGameConfigEntry.run(ReplaceGameConfigEntry.java:40)
01-10 12:16:23.820 32617 32660 W         : 	at com.xiaomi.gamecenter.service.GlobalService.action_filter(GlobalService.java:224)
01-10 12:16:23.820 32617 32660 W         : 	at com.xiaomi.gamecenter.service.GlobalService.onHandleIntent(GlobalService.java:138)
01-10 12:16:23.820 32617 32660 W         : 	at com.xiaomi.gamecenter.service.GameCenterIntentService$ServiceHandler.handleMessage(GameCenterIntentService.java:31)
01-10 12:16:23.820 32617 32660 W         : 	at android.os.Handler.dispatchMessage(Handler.java:102)
01-10 12:16:23.820 32617 32660 W         : 	at android.os.Looper.loop(Looper.java:148)
01-10 12:16:23.820 32617 32660 W         : 	at android.os.HandlerThread.run(HandlerThread.java:61)
01-10 12:16:23.872 32760 32760 W System  : ClassLoader referenced unknown path: /system/priv-app/CalendarProvider/lib/arm64
01-10 12:16:24.144   321   321 E dex2oat : Failed to create oat file: /data/dalvik-cache/arm64/system@priv-app@CloudBackup@CloudBackup.apk@classes.dex: Permission denied
01-10 12:16:24.164   307   307 W art     : Failed execv(/system/bin/dex2oat --runtime-arg -classpath --runtime-arg  --instruction-set=arm64 --instruction-set-features=smp,a53 --runtime-arg -Xrelocate --boot-image=/system/framework/boot.art --runtime-arg -Xms64m --runtime-arg -Xmx512m --instruction-set-variant=generic --instruction-set-features=default --dex-file=/system/priv-app/CloudBackup/CloudBackup.apk --oat-file=/data/dalvik-cache/arm64/system@priv-app@CloudBackup@CloudBackup.apk@classes.dex) because non-0 exit status
01-10 12:16:24.189 32617 32660 W         : 
01-10 12:16:24.189 32617 32660 W         : com.xiaomi.gamecenter.util.CTANetworkException: Cannot use network if user never use gamecenter
01-10 12:16:24.189 32617 32660 W         : 	at com.xiaomi.gamecenter.protocol.Protocol_Base.request(Protocol_Base.java:141)
01-10 12:16:24.189 32617 32660 W         : 	at com.xiaomi.gamecenter.protocol.Protocol_Base.execute(Protocol_Base.java:78)
01-10 12:16:24.189 32617 32660 W         : 	at com.xiaomi.gamecenter.protocol.Protocol_H5CacheUpdate.execute(Protocol_H5CacheUpdate.java:16)
01-10 12:16:24.189 32617 32660 W         : 	at com.xiaomi.gamecenter.protocol.Protocol_Base.execute(Protocol_Base.java:72)
01-10 12:16:24.189 32617 32660 W         : 	at com.xiaomi.gamecenter.protocol.Protocol_H5CacheUpdate.execute(Protocol_H5CacheUpdate.java:16)
01-10 12:16:24.189 32617 32660 W         : 	at com.xiaomi.gamecenter.protocol.ProtocolFactory.protocol_H5CacheUpdate(ProtocolFactory.java:285)
01-10 12:16:24.189 32617 32660 W         : 	at com.xiaomi.gamecenter.service.H5CacheUpdateEntry.run(H5CacheUpdateEntry.java:60)
01-10 12:16:24.189 32617 32660 W         : 	at com.xiaomi.gamecenter.service.GlobalService.action_filter(GlobalService.java:231)
01-10 12:16:24.189 32617 32660 W         : 	at com.xiaomi.gamecenter.service.GlobalService.onHandleIntent(GlobalService.java:138)
01-10 12:16:24.189 32617 32660 W         : 	at com.xiaomi.gamecenter.service.GameCenterIntentService$ServiceHandler.handleMessage(GameCenterIntentService.java:31)
01-10 12:16:24.189 32617 32660 W         : 	at android.os.Handler.dispatchMessage(Handler.java:102)
01-10 12:16:24.189 32617 32660 W         : 	at android.os.Looper.loop(Looper.java:148)
01-10 12:16:24.189 32617 32660 W         : 	at android.os.HandlerThread.run(HandlerThread.java:61)
01-10 12:16:24.201   307   307 W System  : ClassLoader referenced unknown path: /system/priv-app/CloudBackup/lib/arm64
01-10 12:16:24.233 32617 32660 W System.err: com.xiaomi.gamecenter.util.CTANetworkException: Cannot use network if user never use gamecenter
01-10 12:16:24.233 32617 32660 W System.err: 	at com.xiaomi.gamecenter.model.Connection.request(Connection.java:496)
01-10 12:16:24.233 32617 32660 W System.err: 	at com.xiaomi.gamecenter.model.Connection.requestJSON(Connection.java:276)
01-10 12:16:24.233 32617 32660 W System.err: 	at com.xiaomi.gamecenter.service.ConfigEntry.pullConfig(ConfigEntry.java:73)
01-10 12:16:24.234 32617 32660 W System.err: 	at com.xiaomi.gamecenter.service.ConfigEntry.run(ConfigEntry.java:42)
01-10 12:16:24.234 32617 32660 W System.err: 	at com.xiaomi.gamecenter.service.GlobalService.action_filter(GlobalService.java:242)
01-10 12:16:24.234 32617 32660 W System.err: 	at com.xiaomi.gamecenter.service.GlobalService.onHandleIntent(GlobalService.java:138)
01-10 12:16:24.234 32617 32660 W System.err: 	at com.xiaomi.gamecenter.service.GameCenterIntentService$ServiceHandler.handleMessage(GameCenterIntentService.java:31)
01-10 12:16:24.234 32617 32660 W System.err: 	at android.os.Handler.dispatchMessage(Handler.java:102)
01-10 12:16:24.234 32617 32660 W System.err: 	at android.os.Looper.loop(Looper.java:148)
01-10 12:16:24.234 32617 32660 W System.err: 	at android.os.HandlerThread.run(HandlerThread.java:61)
01-10 12:16:24.607 29773 29773 W ContextImpl: Calling a method in the system process without a qualified user: android.app.ContextImpl.startService:1221 android.content.ContextWrapper.startService:581 android.content.ContextWrapper.startService:581 com.miui.powercenter.bootshutdown.a.be:-1 com.miui.powercenter.provider.DateResetReceiver.bD:-1 
01-10 12:16:24.611 29773 29773 W ContextImpl: Calling a method in the system process without a qualified user: android.app.ContextImpl.startService:1221 android.content.ContextWrapper.startService:581 android.content.ContextWrapper.startService:581 com.miui.powercenter.bootshutdown.a.bg:-1 com.miui.powercenter.provider.DateResetReceiver.bD:-1 
01-10 12:16:25.049   346   346 W System  : ClassLoader referenced unknown path: /system/app/AppIndexProvider/lib/arm64
01-10 12:16:25.385 29916 30396 E MiuiVoip: VoipCall_RemoteVoipManager, getCallState: Service is null
01-10 12:16:25.390 29410 29914 W ActivityManager: Killing processes whetstone at adjustment 1
01-10 12:16:25.476 29410 29986 W ActivityManager: Killing processes whetstone at adjustment 1
01-10 12:16:25.502   372   372 W ContextImpl: Calling a method in the system process without a qualified user: android.app.ContextImpl.startService:1221 android.content.ContextWrapper.startService:581 miui.core.SdkManager$1.run:189 android.os.Handler.handleCallback:739 android.os.Handler.dispatchMessage:95 
01-10 12:16:25.545 29410 29998 W ActivityManager: Scheduling restart of crashed service com.miui.systemAdSolution/.changeSkin.ChangeSkinService in 1000ms
01-10 12:16:25.545 29410 29998 W ActivityManager: Scheduling restart of crashed service com.miui.systemAdSolution/.splashscreen.SplashScreenService in 11000ms
01-10 12:16:25.548 29410 29912 W ActivityManager: Killing processes whetstone at adjustment 8
01-10 12:16:25.660 29410 29500 W ActivityManager: Scheduling restart of crashed service com.miui.systemAdSolution/.landingPage.LandingPageService in 20885ms
01-10 12:16:25.663 29410 29714 W ActivityManager: Scheduling restart of crashed service com.android.fileexplorer/.monitor.service.FileObserverService in 30882ms
01-10 12:16:25.669 29410 29685 W ActivityManager: Killing processes whetstone at adjustment 9
01-10 12:16:25.799 29410 29542 W ActivityManager: Killing processes whetstone at adjustment 5
01-10 12:16:25.878 29410 29499 W ActivityManager: Scheduling restart of crashed service com.miui.cloudservice/.sync.banner.BannerService in 40668ms
01-10 12:16:25.886 29410 30004 W ActivityManager: Killing processes whetstone at adjustment 1
01-10 12:16:25.966 29410 29870 W ActivityManager: Scheduling restart of crashed service com.miui.analytics/.internal.WakeupService in 40579ms
01-10 12:16:25.966 29410 29870 W ActivityManager: Scheduling restart of crashed service com.miui.analytics/.AnalyticsService in 50579ms
01-10 12:16:25.966 29410 29713 W ActivityManager: Killing processes whetstone at adjustment 1
01-10 12:16:26.060 29410 29976 W ActivityManager: Scheduling restart of crashed service com.android.smspush/.WapPushManager in 60485ms
01-10 12:16:26.064 29410 30004 W ActivityManager: Killing processes whetstone at adjustment 9
01-10 12:16:26.198 29410 29714 W ActivityManager: Killing processes whetstone at adjustment 5
01-10 12:16:26.288 29410 29713 W ActivityManager: Killing processes whetstone at adjustment 1
01-10 12:16:26.366   432   432 E dex2oat : Failed to create oat file: /data/dalvik-cache/arm64/system@priv-app@DownloadProviderUi@DownloadProviderUi.apk@classes.dex: Permission denied
01-10 12:16:26.367 29410 29542 W ActivityManager: Scheduling restart of crashed service com.securespaces.android.sscm.service/.SscmService in 70179ms
01-10 12:16:26.369 29410 29499 W ActivityManager: Scheduling restart of crashed service com.miui.personalassistant/.services.MainAssistService in 80177ms
01-10 12:16:26.369   415   415 W art     : Failed execv(/system/bin/dex2oat --runtime-arg -classpath --runtime-arg  --instruction-set=arm64 --instruction-set-features=smp,a53 --runtime-arg -Xrelocate --boot-image=/system/framework/boot.art --runtime-arg -Xms64m --runtime-arg -Xmx512m --instruction-set-variant=generic --instruction-set-features=default --dex-file=/system/priv-app/DownloadProviderUi/DownloadProviderUi.apk --oat-file=/data/dalvik-cache/arm64/system@priv-app@DownloadProviderUi@DownloadProviderUi.apk@classes.dex) because non-0 exit status
01-10 12:16:26.369 29410 29499 W ActivityManager: Scheduling restart of crashed service com.miui.sysbase/.MetokClService in 90177ms
01-10 12:16:26.369 29410 29500 W ActivityManager: Killing processes whetstone at adjustment 0
01-10 12:16:26.459 29410 29870 W ActivityManager: Killing processes whetstone at adjustment 8
01-10 12:16:26.459 29410 30060 W ActivityManager: Scheduling restart of crashed service com.android.thememanager/.service.ThemeTaskService in 100087ms
01-10 12:16:26.552 29410 29986 W ActivityManager: Killing processes whetstone at adjustment 9
01-10 12:16:26.647 29410 29914 W ActivityManager: Scheduling restart of crashed service com.xiaomi.simactivate.service/com.xiaomi.activate.ActivateService in 109899ms
01-10 12:16:26.648 29410 29869 W ActivityManager: Killing processes whetstone at adjustment 0
01-10 12:16:26.692   415   415 W System  : ClassLoader referenced unknown path: /system/priv-app/DownloadProviderUi/lib/arm64
01-10 12:16:26.718 29410 30060 W ActivityManager: Scheduling restart of crashed service com.android.settings/.wifi.MiuiWifiService in 109828ms
01-10 12:16:26.721 29410 29986 W ActivityManager: Killing processes whetstone at adjustment 9
01-10 12:16:26.850 29410 29685 W ActivityManager: Scheduling restart of crashed service com.android.settings/.search.ReverseSearchService in 1000ms
01-10 12:16:26.850 29410 29685 W ActivityManager: Scheduling restart of crashed service com.android.settings/.analytics.ObserverService in 11000ms
01-10 12:16:26.869   434   434 W System  : ClassLoader referenced unknown path: /system/app/SystemAdSolution/lib/arm64
01-10 12:16:26.904   434   434 W AD-PLUGIN-AdLauncher: registerPackageReceiver success!
01-10 12:16:26.947   415   415 W Settings: Setting airplane_mode_on has moved from android.provider.Settings.System to android.provider.Settings.Global, returning read-only value.
01-10 12:16:27.066   463   463 W System  : ClassLoader referenced unknown path: /system/app/AnalyticsCore/lib/arm64
01-10 12:16:27.853   511   511 W System  : ClassLoader referenced unknown path: /system/priv-app/Calendar/lib/arm64
01-10 12:16:28.220 29613 29613 W ContextImpl: Calling a method in the system process without a qualified user: android.app.ContextImpl.startService:1221 android.content.ContextWrapper.startService:581 android.content.ContextWrapper.startService:581 com.xiaomi.mipush.sdk.PushMessageReceiver.onReceive:18 android.app.ActivityThread.handleReceiver:2725 
01-10 12:16:28.275 29613   549 W ContextImpl: Calling a method in the system process without a qualified user: android.app.ContextImpl.startService:1221 android.content.ContextWrapper.startService:581 com.xiaomi.mipush.sdk.PushServiceClient.startServiceSafely:359 com.xiaomi.mipush.sdk.PushServiceClient.sendMessage:161 com.xiaomi.mipush.sdk.PushServiceClient.sendMessage:132 
01-10 12:16:28.363 29410 29542 W InputMethodManagerService: Window already focused, ignoring focus gain of: com.android.internal.view.IInputMethodClient$Stub$Proxy@f4a9bb5 attribute=null, token = android.os.BinderProxy@e0d849d
01-10 12:16:28.388   524   524 W ContextImpl: Calling a method in the system process without a qualified user: android.app.ContextImpl.startService:1221 android.content.ContextWrapper.startService:581 miui.core.SdkManager$1.run:189 android.os.Handler.handleCallback:739 android.os.Handler.dispatchMessage:95 
01-10 12:16:28.409   553   553 W System  : ClassLoader referenced unknown path: /system/priv-app/Music/lib/arm64
01-10 12:16:28.579   553   553 E ApplicationHelper: start process, name=com.miui.player
01-10 12:16:28.687   434   508 W PackageParser: Unknown element under <service>: permission at /data/user/0/com.miui.systemAdSolution/app_analytics/analytics.apk.tmp Binary XML file line #114
01-10 12:16:28.736   434   508 E Analytics-Api-UpdateManager: verify signature failed
01-10 12:16:28.963   604   604 E dex2oat : Failed to create oat file: /data/dalvik-cache/arm64/system@app@MiLivetalk@MiLivetalk.apk@classes.dex: Permission denied
01-10 12:16:28.965   591   591 W art     : Failed execv(/system/bin/dex2oat --runtime-arg -classpath --runtime-arg  --instruction-set=arm64 --instruction-set-features=smp,a53 --runtime-arg -Xrelocate --boot-image=/system/framework/boot.art --runtime-arg -Xms64m --runtime-arg -Xmx512m --instruction-set-variant=generic --instruction-set-features=default --dex-file=/system/app/MiLivetalk/MiLivetalk.apk --oat-file=/data/dalvik-cache/arm64/system@app@MiLivetalk@MiLivetalk.apk@classes.dex) because non-0 exit status
01-10 12:16:29.259   591   591 W System  : ClassLoader referenced unknown path: /system/app/MiLivetalk/lib/arm64
01-10 12:16:29.374   591   607 W AccountUtils: getXiaomiAccount account is null
01-10 12:16:29.374   591   607 W AccountHandler: acquireAuthToken failed: account is null.
01-10 12:16:29.482   609   609 W System  : ClassLoader referenced unknown path: /system/priv-app/Weather/lib/arm64
01-10 12:16:29.533   591   608 W art     : Verification of void com.xiaomi.accountsdk.activate.ActivateManager$AmTask.onServiceConnected(android.content.ComponentName, android.os.IBinder) took 144.310ms
01-10 12:16:29.613   591   606 W AccountUtils: getXiaomiAccount account is null
01-10 12:16:29.613   591   606 W PushManager: setUserAccount account is null.
01-10 12:16:29.691   626   626 W System  : ClassLoader referenced unknown path: /system/app/XiaomiSimActivateService/lib/arm64
01-10 12:16:29.870   626   626 E FeatureParser: both assets/device_features/ and /system/etc/device_features don't exist hi6210sft.xml
01-10 12:16:29.981   657   657 W System  : ClassLoader referenced unknown path: /system/app/SystemAdSolution/lib/arm64
01-10 12:16:30.169   691   691 E dex2oat : Failed to create oat file: /data/dalvik-cache/arm64/system@priv-app@MiGameCenterSDKService@MiGameCenterSDKService.apk@classes.dex: Permission denied
01-10 12:16:30.171   675   675 W art     : Failed execv(/system/bin/dex2oat --runtime-arg -classpath --runtime-arg  --instruction-set=arm64 --instruction-set-features=smp,a53 --runtime-arg -Xrelocate --boot-image=/system/framework/boot.art --runtime-arg -Xms64m --runtime-arg -Xmx512m --instruction-set-variant=generic --instruction-set-features=default --dex-file=/system/priv-app/MiGameCenterSDKService/MiGameCenterSDKService.apk --oat-file=/data/dalvik-cache/arm64/system@priv-app@MiGameCenterSDKService@MiGameCenterSDKService.apk@classes.dex) because non-0 exit status
01-10 12:16:30.804   675   675 W System  : ClassLoader referenced unknown path: /system/priv-app/MiGameCenterSDKService/lib/arm64
01-10 12:16:31.166   675   675 W System.err: android.content.pm.PackageManager$NameNotFoundException: com.xiaomi.channel
01-10 12:16:31.166   675   675 W System.err: 	at android.app.ApplicationPackageManager.getPackageInfo(ApplicationPackageManager.java:137)
01-10 12:16:31.166   675   675 W System.err: 	at com.xiaomi.channel.sdk.VersionManager.isMiliaoInstalled(VersionManager.java:106)
01-10 12:16:31.166   675   675 W System.err: 	at com.xiaomi.channel.gamesdk.GameServiceClient.init(GameServiceClient.java:233)
01-10 12:16:31.166   675   675 W System.err: 	at com.xiaomi.gamecenter.sdk.MiGameSDKApplication.onCreate(MiGameSDKApplication.java:119)
01-10 12:16:31.166   675   675 W System.err: 	at android.app.Instrumentation.callApplicationOnCreate(Instrumentation.java:1013)
01-10 12:16:31.166   675   675 W System.err: 	at android.app.ActivityThread.handleBindApplication(ActivityThread.java:4707)
01-10 12:16:31.166   675   675 W System.err: 	at android.app.ActivityThreadHook.handleHandleBindApplication(ActivityThreadHook.java:47)
01-10 12:16:31.166   675   675 W System.err: 	at android.app.ActivityThread.-wrap1(ActivityThread.java)
01-10 12:16:31.166   675   675 W System.err: 	at android.app.ActivityThread$H.handleMessage(ActivityThread.java:1405)
01-10 12:16:31.167   675   675 W System.err: 	at android.os.Handler.dispatchMessage(Handler.java:102)
01-10 12:16:31.167   675   675 W System.err: 	at android.os.Looper.loop(Looper.java:148)
01-10 12:16:31.167   675   675 W System.err: 	at android.app.ActivityThread.main(ActivityThread.java:5417)
01-10 12:16:31.167   675   675 W System.err: 	at android.app.ActivityThreadHook.handleMain(ActivityThreadHook.java:27)
01-10 12:16:31.167   675   675 W System.err: 	at java.lang.reflect.Method.invoke(Native Method)
01-10 12:16:31.167   675   675 W System.err: 	at com.android.internal.os.ZygoteInit$MethodAndArgsCaller.run(ZygoteInit.java:726)
01-10 12:16:31.167   675   675 W System.err: 	at com.android.internal.os.ZygoteInit.main(ZygoteInit.java:616)
01-10 12:16:31.915   721   739 W ContextImpl: Calling a method in the system process without a qualified user: android.app.ContextImpl.bindService:1285 android.content.ContextWrapper.bindService:604 android.content.ContextWrapper.bindService:604 com.miui.systemAdSolution.landingPage.LandingPageService.<init>:51 com.miui.systemAdSolution.landingPage.LandingPageService.init:42 
01-10 12:16:31.923   721   721 W ContextImpl: Calling a method in the system process without a qualified user: android.app.ContextImpl.startService:1221 android.content.ContextWrapper.startService:581 android.content.ContextWrapper.startService:581 com.xiaomi.mipush.sdk.PushMessageReceiver.onReceive:18 android.app.ActivityThread.handleReceiver:2725 
01-10 12:16:31.926   721   721 W ContextImpl: Calling a method in the system process without a qualified user: android.app.ContextImpl.startService:1221 android.content.ContextWrapper.startService:581 miui.core.SdkManager$1.run:189 android.os.Handler.handleCallback:739 android.os.Handler.dispatchMessage:95 
01-10 12:16:31.932 30168 30168 W ContextImpl: Calling a method in the system process without a qualified user: android.app.ContextImpl.startService:1221 android.content.ContextWrapper.startService:581 android.content.ContextWrapper.startService:581 com.xiaomi.mipush.sdk.PushMessageReceiver.onReceive:18 android.app.ActivityThread.handleReceiver:2725 
01-10 12:16:31.976 30168   748 W ContextImpl: Calling a method in the system process without a qualified user: android.app.ContextImpl.startService:1221 android.content.ContextWrapper.startService:581 com.xiaomi.mipush.sdk.PushServiceClient.startServiceSafely:359 com.xiaomi.mipush.sdk.PushServiceClient.sendMessage:161 com.xiaomi.mipush.sdk.PushServiceClient.sendMessage:132 
01-10 12:16:32.053   721   746 W ContextImpl: Calling a method in the system process without a qualified user: android.app.ContextImpl.startService:1221 android.content.ContextWrapper.startService:581 com.xiaomi.mipush.sdk.PushServiceClient.startServiceSafely:359 com.xiaomi.mipush.sdk.PushServiceClient.sendMessage:161 com.xiaomi.mipush.sdk.PushServiceClient.sendMessage:132 
01-10 12:16:32.416   749   768 W System  : ClassLoader referenced unknown path: /system/app/webview/lib/arm64
01-10 12:16:32.605 29613 29613 W ContextImpl: Calling a method in the system process without a qualified user: android.app.ContextImpl.startService:1221 android.content.ContextWrapper.startService:581 android.content.ContextWrapper.startService:581 com.xiaomi.mipush.sdk.PushMessageReceiver.onReceive:18 android.app.ActivityThread.handleReceiver:2725 
01-10 12:16:32.747 30168 30168 W ContextImpl: Calling a method in the system process without a qualified user: android.app.ContextImpl.startService:1221 android.content.ContextWrapper.startService:581 android.content.ContextWrapper.startService:581 com.xiaomi.mipush.sdk.PushMessageReceiver.onReceive:18 android.app.ActivityThread.handleReceiver:2725 
01-10 12:16:32.753   721   721 W ContextImpl: Calling a method in the system process without a qualified user: android.app.ContextImpl.startService:1221 android.content.ContextWrapper.startService:581 android.content.ContextWrapper.startService:581 com.xiaomi.mipush.sdk.PushMessageReceiver.onReceive:18 android.app.ActivityThread.handleReceiver:2725 
01-10 12:16:33.131 29621 29852 W Settings: Setting android_id has moved from android.provider.Settings.System to android.provider.Settings.Secure, returning read-only value.
01-10 12:16:33.349   524   847 W ContextImpl: Calling a method in the system process without a qualified user: android.app.ContextImpl.bindService:1285 android.content.ContextWrapper.bindService:604 com.xiaomi.mistatistic.sdk.controller.j.b:504 com.xiaomi.mistatistic.sdk.controller.j.a:358 com.xiaomi.mistatistic.sdk.controller.asyncjobs.c.a:95 
01-10 12:16:33.480   820   820 W ContextImpl: Calling a method in the system process without a qualified user: android.app.ContextImpl.bindService:1285 android.content.ContextWrapper.bindService:604 com.miui.antispam.policy.PolicyUtils.URLFilterManager.bindGuardProvderService:65 com.miui.antispam.policy.PolicyUtils.URLFilterManager.<init>:59 com.miui.antispam.policy.URLFilterPolicy.<init>:36 
01-10 12:16:33.572   820   820 W ContextImpl: Calling a method in the system process without a qualified user: android.app.ContextImpl.startService:1221 android.content.ContextWrapper.startService:581 miui.core.SdkManager$1.run:189 android.os.Handler.handleCallback:739 android.os.Handler.dispatchMessage:95 
01-10 12:16:33.871   875   875 E dex2oat : Failed to create oat file: /data/dalvik-cache/arm/system@priv-app@Browser@Browser.apk@classes.dex: Permission denied
01-10 12:16:33.873   858   858 W art     : Failed execv(/system/bin/dex2oat --runtime-arg -classpath --runtime-arg  --instruction-set=arm --instruction-set-features=smp,div,atomic_ldrd_strd --runtime-arg -Xrelocate --boot-image=/system/framework/boot.art --runtime-arg -Xms64m --runtime-arg -Xmx512m --instruction-set-variant=cortex-a15 --instruction-set-features=default --dex-file=/system/priv-app/Browser/Browser.apk --oat-file=/data/dalvik-cache/arm/system@priv-app@Browser@Browser.apk@classes.dex) because non-0 exit status
01-10 12:16:34.417   858   858 W System  : ClassLoader referenced unknown path: /system/priv-app/Browser/lib/arm
01-10 12:16:34.702 29410 29522 E ActivityManager: Invalid thumbnail dimensions: 0x0
01-10 12:16:35.044   858   858 W ResourceType: Failure getting entry for 0x7f0300ca (t=2 e=202) (error -75)
01-10 12:16:35.202 29410 29502 W ActivityManager: Activity pause timeout for ActivityRecord{b857e04 u0 com.android.browser/.BrowserActivity t31}
01-10 12:16:35.237 29410 29714 W InputMethodManagerService: Window already focused, ignoring focus gain of: com.android.internal.view.IInputMethodClient$Stub$Proxy@c5391cc attribute=null, token = android.os.BinderProxy@e0d849d
01-10 12:16:35.319   858   888 W Settings: Setting device_provisioned has moved from android.provider.Settings.Secure to android.provider.Settings.Global.
01-10 12:16:35.984   906   906 W System  : ClassLoader referenced unknown path: /system/priv-app/Mms/lib/arm64
01-10 12:16:36.128   925   925 E dex2oat : Failed to create oat file: /data/dalvik-cache/arm64/system@app@SmsExtra@SmsExtra.apk@classes.dex: Permission denied
01-10 12:16:36.130   906   906 W art     : Failed execv(/system/bin/dex2oat --runtime-arg -classpath --runtime-arg  --instruction-set=arm64 --instruction-set-features=smp,a53 --runtime-arg -Xrelocate --boot-image=/system/framework/boot.art --runtime-arg -Xms64m --runtime-arg -Xmx512m --instruction-set-variant=generic --instruction-set-features=default --dex-file=/system/app/SmsExtra/SmsExtra.apk --oat-file=/data/dalvik-cache/arm64/system@app@SmsExtra@SmsExtra.apk@classes.dex) because non-0 exit status
01-10 12:16:36.242   906   906 E FeatureParser: both assets/device_features/ and /system/etc/device_features don't exist hi6210sft.xml
01-10 12:16:36.244 30199 30618 E SQLiteLog: (1) no such column: unread_count
01-10 12:16:36.245 30199 30618 E DatabaseUtils: Writing exception to parcel
01-10 12:16:36.245 30199 30618 E DatabaseUtils: android.database.sqlite.SQLiteException: no such column: unread_count (code 1): , while compiling: SELECT _id, date, message_count, unread_count, recipient_ids, snippet, snippet_cs, read, error, has_attachment, stick_time, private_addr_ids, last_sim_id, sp_type, mx_seq FROM threads ORDER BY  date DESC
01-10 12:16:36.245 30199 30618 E DatabaseUtils: 	at android.database.sqlite.SQLiteConnection.nativePrepareStatement(Native Method)
01-10 12:16:36.245 30199 30618 E DatabaseUtils: 	at android.database.sqlite.SQLiteConnection.acquirePreparedStatement(SQLiteConnection.java:887)
01-10 12:16:36.245 30199 30618 E DatabaseUtils: 	at android.database.sqlite.SQLiteConnection.prepare(SQLiteConnection.java:498)
01-10 12:16:36.245 30199 30618 E DatabaseUtils: 	at android.database.sqlite.SQLiteSession.prepare(SQLiteSession.java:588)
01-10 12:16:36.245 30199 30618 E DatabaseUtils: 	at android.database.sqlite.SQLiteProgram.<init>(SQLiteProgram.java:58)
01-10 12:16:36.245 30199 30618 E DatabaseUtils: 	at android.database.sqlite.SQLiteQuery.<init>(SQLiteQuery.java:37)
01-10 12:16:36.245 30199 30618 E DatabaseUtils: 	at android.database.sqlite.SQLiteDirectCursorDriver.query(SQLiteDirectCursorDriver.java:44)
01-10 12:16:36.245 30199 30618 E DatabaseUtils: 	at android.database.sqlite.SQLiteDatabase.rawQueryWithFactory(SQLiteDatabase.java:1316)
01-10 12:16:36.245 30199 30618 E DatabaseUtils: 	at android.database.sqlite.SQLiteDatabase.queryWithFactory(SQLiteDatabase.java:1163)
01-10 12:16:36.245 30199 30618 E DatabaseUtils: 	at android.database.sqlite.SQLiteDatabase.query(SQLiteDatabase.java:1034)
01-10 12:16:36.245 30199 30618 E DatabaseUtils: 	at android.database.sqlite.SQLiteDatabase.query(SQLiteDatabase.java:1202)
01-10 12:16:36.245 30199 30618 E DatabaseUtils: 	at com.android.providers.telephony.MmsSmsProvider.getSimpleConversations(MmsSmsProvider.java:761)
01-10 12:16:36.245 30199 30618 E DatabaseUtils: 	at com.android.providers.telephony.MmsSmsProvider.query(MmsSmsProvider.java:346)
01-10 12:16:36.245 30199 30618 E DatabaseUtils: 	at android.content.ContentProvider.query(ContentProvider.java:1017)
01-10 12:16:36.245 30199 30618 E DatabaseUtils: 	at android.content.ContentProvider$Transport.query(ContentProvider.java:238)
01-10 12:16:36.245 30199 30618 E DatabaseUtils: 	at android.content.ContentProviderNative.onTransact(ContentProviderNative.java:112)
01-10 12:16:36.245 30199 30618 E DatabaseUtils: 	at android.os.Binder.execTransact(Binder.java:453)
01-10 12:16:36.246   906   931 E AndroidRuntime: FATAL EXCEPTION: Thread-526
01-10 12:16:36.246   906   931 E AndroidRuntime: Process: com.android.mms, PID: 906
01-10 12:16:36.246   906   931 E AndroidRuntime: android.database.sqlite.SQLiteException: no such column: unread_count (code 1): , while compiling: SELECT _id, date, message_count, unread_count, recipient_ids, snippet, snippet_cs, read, error, has_attachment, stick_time, private_addr_ids, last_sim_id, sp_type, mx_seq FROM threads ORDER BY  date DESC
01-10 12:16:36.246   906   931 E AndroidRuntime: 	at android.database.DatabaseUtils.readExceptionFromParcel(DatabaseUtils.java:179)
01-10 12:16:36.246   906   931 E AndroidRuntime: 	at android.database.DatabaseUtils.readExceptionFromParcel(DatabaseUtils.java:135)
01-10 12:16:36.246   906   931 E AndroidRuntime: 	at android.content.ContentProviderProxy.query(ContentProviderNative.java:421)
01-10 12:16:36.246   906   931 E AndroidRuntime: 	at android.content.ContentResolver.query(ContentResolver.java:491)
01-10 12:16:36.246   906   931 E AndroidRuntime: 	at android.content.ContentResolver.query(ContentResolver.java:434)
01-10 12:16:36.246   906   931 E AndroidRuntime: 	at com.android.mms.data.Conversation.cacheAllThreads(Conversation.java:1949)
01-10 12:16:36.246   906   931 E AndroidRuntime: 	at com.android.mms.data.Conversation.access$200(Conversation.java:60)
01-10 12:16:36.246   906   931 E AndroidRuntime: 	at com.android.mms.data.Conversation$1.run(Conversation.java:1356)
01-10 12:16:36.246   906   931 E AndroidRuntime: 	at java.lang.Thread.run(Thread.java:818)
01-10 12:16:36.248 29410 29714 W ActivityManager:   Force finishing activity com.android.mms/.ui.MmsTabActivity
01-10 12:16:36.255 29410 29714 E ActivityManager: Invalid thumbnail dimensions: 0x0
01-10 12:16:36.347 29410 29502 W BroadcastQueue: Skipping deliver [background] BroadcastRecord{c0b1ff9 u-1 android.net.conn.CONNECTIVITY_CHANGE} to ReceiverList{447a043 906 com.android.mms/10019/u0 remote:74261f2}: process crashing
01-10 12:16:36.347 29410 29502 W BroadcastQueue: Skipping deliver [background] BroadcastRecord{810ab3e u-1 android.intent.action.SIM_STATE_CHANGED} to ReceiverList{447a043 906 com.android.mms/10019/u0 remote:74261f2}: process crashing
01-10 12:16:36.435   906   906 W ResourceHelper: Fail to load meta data
01-10 12:16:36.456   906   937 W UnderstandFactory: cannot find /data/user/0/com.android.mms/app_understand/smsYellowpageDic/ypInfo2
01-10 12:16:36.467 30199 30618 E SQLiteLog: (1) no such column: unread_count
01-10 12:16:36.469 30199 30618 E DatabaseUtils: Writing exception to parcel
01-10 12:16:36.469 30199 30618 E DatabaseUtils: android.database.sqlite.SQLiteException: no such column: unread_count (code 1): , while compiling: SELECT _id, date, message_count, unread_count, recipient_ids, snippet, snippet_cs, read, error, has_attachment, stick_time, private_addr_ids, last_sim_id, sp_type, mx_seq FROM threads ORDER BY  date DESC
01-10 12:16:36.469 30199 30618 E DatabaseUtils: 	at android.database.sqlite.SQLiteConnection.nativePrepareStatement(Native Method)
01-10 12:16:36.469 30199 30618 E DatabaseUtils: 	at android.database.sqlite.SQLiteConnection.acquirePreparedStatement(SQLiteConnection.java:887)
01-10 12:16:36.469 30199 30618 E DatabaseUtils: 	at android.database.sqlite.SQLiteConnection.prepare(SQLiteConnection.java:498)
01-10 12:16:36.469 30199 30618 E DatabaseUtils: 	at android.database.sqlite.SQLiteSession.prepare(SQLiteSession.java:588)
01-10 12:16:36.469 30199 30618 E DatabaseUtils: 	at android.database.sqlite.SQLiteProgram.<init>(SQLiteProgram.java:58)
01-10 12:16:36.469 30199 30618 E DatabaseUtils: 	at android.database.sqlite.SQLiteQuery.<init>(SQLiteQuery.java:37)
01-10 12:16:36.469 30199 30618 E DatabaseUtils: 	at android.database.sqlite.SQLiteDirectCursorDriver.query(SQLiteDirectCursorDriver.java:44)
01-10 12:16:36.469 30199 30618 E DatabaseUtils: 	at android.database.sqlite.SQLiteDatabase.rawQueryWithFactory(SQLiteDatabase.java:1316)
01-10 12:16:36.469 30199 30618 E DatabaseUtils: 	at android.database.sqlite.SQLiteDatabase.queryWithFactory(SQLiteDatabase.java:1163)
01-10 12:16:36.469 30199 30618 E DatabaseUtils: 	at android.database.sqlite.SQLiteDatabase.query(SQLiteDatabase.java:1034)
01-10 12:16:36.469 30199 30618 E DatabaseUtils: 	at android.database.sqlite.SQLiteDatabase.query(SQLiteDatabase.java:1202)
01-10 12:16:36.469 30199 30618 E DatabaseUtils: 	at com.android.providers.telephony.MmsSmsProvider.getSimpleConversations(MmsSmsProvider.java:761)
01-10 12:16:36.469 30199 30618 E DatabaseUtils: 	at com.android.providers.telephony.MmsSmsProvider.query(MmsSmsProvider.java:346)
01-10 12:16:36.469 30199 30618 E DatabaseUtils: 	at android.content.ContentProvider.query(ContentProvider.java:1017)
01-10 12:16:36.469 30199 30618 E DatabaseUtils: 	at android.content.ContentProvider$Transport.query(ContentProvider.java:238)
01-10 12:16:36.469 30199 30618 E DatabaseUtils: 	at android.content.ContentProviderNative.onTransact(ContentProviderNative.java:112)
01-10 12:16:36.469 30199 30618 E DatabaseUtils: 	at android.os.Binder.execTransact(Binder.java:453)
01-10 12:16:36.470   906   944 W AsyncQuery: Exception thrown during handling EVENT_ARG_QUERY
01-10 12:16:36.470   906   944 W AsyncQuery: android.database.sqlite.SQLiteException: no such column: unread_count (code 1): , while compiling: SELECT _id, date, message_count, unread_count, recipient_ids, snippet, snippet_cs, read, error, has_attachment, stick_time, private_addr_ids, last_sim_id, sp_type, mx_seq FROM threads ORDER BY  date DESC
01-10 12:16:36.470   906   944 W AsyncQuery: 	at android.database.DatabaseUtils.readExceptionFromParcel(DatabaseUtils.java:179)
01-10 12:16:36.470   906   944 W AsyncQuery: 	at android.database.DatabaseUtils.readExceptionFromParcel(DatabaseUtils.java:135)
01-10 12:16:36.470   906   944 W AsyncQuery: 	at android.content.ContentProviderProxy.query(ContentProviderNative.java:421)
01-10 12:16:36.470   906   944 W AsyncQuery: 	at android.content.ContentResolver.query(ContentResolver.java:491)
01-10 12:16:36.470   906   944 W AsyncQuery: 	at android.content.ContentResolver.query(ContentResolver.java:434)
01-10 12:16:36.470   906   944 W AsyncQuery: 	at android.content.AsyncQueryHandler$WorkerHandler.handleMessage(AsyncQueryHandler.java:79)
01-10 12:16:36.470   906   944 W AsyncQuery: 	at android.os.Handler.dispatchMessage(Handler.java:102)
01-10 12:16:36.470   906   944 W AsyncQuery: 	at android.os.Looper.loop(Looper.java:148)
01-10 12:16:36.470   906   944 W AsyncQuery: 	at android.os.HandlerThread.run(HandlerThread.java:61)
01-10 12:16:36.475 30199 30212 E DatabaseUtils: Writing exception to parcel
01-10 12:16:36.475 30199 30212 E DatabaseUtils: java.lang.IllegalStateException: Unrecognized URI:content://mms-sms/unseenSpMsgCount
01-10 12:16:36.475 30199 30212 E DatabaseUtils: 	at com.android.providers.telephony.MmsSmsProvider.query(MmsSmsProvider.java:511)
01-10 12:16:36.475 30199 30212 E DatabaseUtils: 	at android.content.ContentProvider.query(ContentProvider.java:1017)
01-10 12:16:36.475 30199 30212 E DatabaseUtils: 	at android.content.ContentProvider$Transport.query(ContentProvider.java:238)
01-10 12:16:36.475 30199 30212 E DatabaseUtils: 	at android.content.ContentProviderNative.onTransact(ContentProviderNative.java:112)
01-10 12:16:36.475 30199 30212 E DatabaseUtils: 	at android.os.Binder.execTransact(Binder.java:453)
01-10 12:16:36.475   906   944 W AsyncQuery: Exception thrown during handling EVENT_ARG_QUERY
01-10 12:16:36.475   906   944 W AsyncQuery: java.lang.IllegalStateException: Unrecognized URI:content://mms-sms/unseenSpMsgCount
01-10 12:16:36.475   906   944 W AsyncQuery: 	at android.os.Parcel.readException(Parcel.java:1628)
01-10 12:16:36.475   906   944 W AsyncQuery: 	at android.database.DatabaseUtils.readExceptionFromParcel(DatabaseUtils.java:183)
01-10 12:16:36.475   906   944 W AsyncQuery: 	at android.database.DatabaseUtils.readExceptionFromParcel(DatabaseUtils.java:135)
01-10 12:16:36.475   906   944 W AsyncQuery: 	at android.content.ContentProviderProxy.query(ContentProviderNative.java:421)
01-10 12:16:36.475   906   944 W AsyncQuery: 	at android.content.ContentResolver.query(ContentResolver.java:491)
01-10 12:16:36.475   906   944 W AsyncQuery: 	at android.content.ContentResolver.query(ContentResolver.java:434)
01-10 12:16:36.475   906   944 W AsyncQuery: 	at android.content.AsyncQueryHandler$WorkerHandler.handleMessage(AsyncQueryHandler.java:79)
01-10 12:16:36.475   906   944 W AsyncQuery: 	at android.os.Handler.dispatchMessage(Handler.java:102)
01-10 12:16:36.475   906   944 W AsyncQuery: 	at android.os.Looper.loop(Looper.java:148)
01-10 12:16:36.475   906   944 W AsyncQuery: 	at android.os.HandlerThread.run(HandlerThread.java:61)
01-10 12:16:36.483 30199 30472 E SQLiteLog: (1) no such column: sp_type
01-10 12:16:36.484 30199 30472 E DatabaseUtils: Writing exception to parcel
01-10 12:16:36.484 30199 30472 E DatabaseUtils: android.database.sqlite.SQLiteException: no such column: sp_type (code 1): , while compiling: SELECT _id FROM threads WHERE (sp_type=1 AND stick_time=0) ORDER BY  date DESC
01-10 12:16:36.484 30199 30472 E DatabaseUtils: 	at android.database.sqlite.SQLiteConnection.nativePrepareStatement(Native Method)
01-10 12:16:36.484 30199 30472 E DatabaseUtils: 	at android.database.sqlite.SQLiteConnection.acquirePreparedStatement(SQLiteConnection.java:887)
01-10 12:16:36.484 30199 30472 E DatabaseUtils: 	at android.database.sqlite.SQLiteConnection.prepare(SQLiteConnection.java:498)
01-10 12:16:36.484 30199 30472 E DatabaseUtils: 	at android.database.sqlite.SQLiteSession.prepare(SQLiteSession.java:588)
01-10 12:16:36.484 30199 30472 E DatabaseUtils: 	at android.database.sqlite.SQLiteProgram.<init>(SQLiteProgram.java:58)
01-10 12:16:36.484 30199 30472 E DatabaseUtils: 	at android.database.sqlite.SQLiteQuery.<init>(SQLiteQuery.java:37)
01-10 12:16:36.484 30199 30472 E DatabaseUtils: 	at android.database.sqlite.SQLiteDirectCursorDriver.query(SQLiteDirectCursorDriver.java:44)
01-10 12:16:36.484 30199 30472 E DatabaseUtils: 	at android.database.sqlite.SQLiteDatabase.rawQueryWithFactory(SQLiteDatabase.java:1316)
01-10 12:16:36.484 30199 30472 E DatabaseUtils: 	at android.database.sqlite.SQLiteDatabase.queryWithFactory(SQLiteDatabase.java:1163)
01-10 12:16:36.484 30199 30472 E DatabaseUtils: 	at android.database.sqlite.SQLiteDatabase.query(SQLiteDatabase.java:1034)
01-10 12:16:36.484 30199 30472 E DatabaseUtils: 	at android.database.sqlite.SQLiteDatabase.query(SQLiteDatabase.java:1202)
01-10 12:16:36.484 30199 30472 E DatabaseUtils: 	at com.android.providers.telephony.MmsSmsProvider.getSimpleConversations(MmsSmsProvider.java:761)
01-10 12:16:36.484 30199 30472 E DatabaseUtils: 	at com.android.providers.telephony.MmsSmsProvider.query(MmsSmsProvider.java:346)
01-10 12:16:36.484 30199 30472 E DatabaseUtils: 	at android.content.ContentProvider.query(ContentProvider.java:1017)
01-10 12:16:36.484 30199 30472 E DatabaseUtils: 	at android.content.ContentProvider$Transport.query(ContentProvider.java:238)
01-10 12:16:36.484 30199 30472 E DatabaseUtils: 	at android.content.ContentProviderNative.onTransact(ContentProviderNative.java:112)
01-10 12:16:36.484 30199 30472 E DatabaseUtils: 	at android.os.Binder.execTransact(Binder.java:453)
01-10 12:16:36.485   906   944 W AsyncQuery: Exception thrown during handling EVENT_ARG_QUERY
01-10 12:16:36.485   906   944 W AsyncQuery: android.database.sqlite.SQLiteException: no such column: sp_type (code 1): , while compiling: SELECT _id FROM threads WHERE (sp_type=1 AND stick_time=0) ORDER BY  date DESC
01-10 12:16:36.485   906   944 W AsyncQuery: 	at android.database.DatabaseUtils.readExceptionFromParcel(DatabaseUtils.java:179)
