01-10 12:16:42.227  1022  1095 W GuestAccountManagerApp: fail to checkPassToken. Can not restore from backup. Bail.
01-10 12:16:42.251 29931 29931 W PushService: 2018-01-10 12:16:42,250 - [WARN::PushService] - [Thread:1] onStart() with intent.Action = com.xiaomi.mipush.SEND_MESSAGE, chid = null
01-10 12:16:42.254 29931 32180 W PushService: 2018-01-10 12:16:42,253 - [WARN::PushService] - [Thread:86] receive a message, appid=1000274, msgid= osWI1515586599745
01-10 12:16:42.256 29931 32180 W PushService: 2018-01-10 12:16:42,256 - [WARN::PushService] - [Thread:86] receive a message, appid=1000274, msgid= Ptpm1515586599746
01-10 12:16:42.260 29931 32180 W PushService: 2018-01-10 12:16:42,260 - [WARN::PushService] - [Thread:86] receive a message, appid=1000274, msgid= GQJ81515586599747
01-10 12:16:42.263 29931 29931 W PushService: 2018-01-10 12:16:42,262 - [WARN::PushService] - [Thread:1] onStart() with intent.Action = com.xiaomi.mipush.SEND_MESSAGE, chid = null
01-10 12:16:42.267 29931 32180 W PushService: 2018-01-10 12:16:42,266 - [WARN::PushService] - [Thread:86] receive a message, appid=1000274, msgid= DIVT1515586599748
01-10 12:16:42.269 29931   501 W PushService: 2018-01-10 12:16:42,266 - [WARN::PushService] - [Thread:94] [Slim] Read {cmd=SECMSG;chid=5;len=524}
01-10 12:16:42.270 29931   501 W PushService: 2018-01-10 12:16:42,270 - [WARN::PushService] - [Thread:94] [Slim] 12:16:42  RCV  Blob [SECMSG,5,pWju1515586599752]
01-10 12:16:42.270 29931   501 W PushService: 2018-01-10 12:16:42,270 - [WARN::PushService] - [Thread:94] [Slim] Read {cmd=SECMSG;chid=5;len=476}
01-10 12:16:42.272 29931   501 W PushService: 2018-01-10 12:16:42,271 - [WARN::PushService] - [Thread:94] [Slim] 12:16:42  RCV  Blob [SECMSG,5,KOVl1515586599753]
01-10 12:16:42.272 29931   501 W PushService: 2018-01-10 12:16:42,272 - [WARN::PushService] - [Thread:94] [Slim] Read {cmd=SECMSG;chid=5;len=524}
01-10 12:16:42.273 29931   501 W PushService: 2018-01-10 12:16:42,272 - [WARN::PushService] - [Thread:94] [Slim] 12:16:42  RCV  Blob [SECMSG,5,nSDd1515586599754]
01-10 12:16:42.273 29931 29931 W PushService: 2018-01-10 12:16:42,271 - [WARN::PushService] - [Thread:1] onStart() with intent.Action = com.xiaomi.mipush.SEND_MESSAGE, chid = null
01-10 12:16:42.274 29931 32180 W PushService: 2018-01-10 12:16:42,274 - [WARN::PushService] - [Thread:86] JOB: Handle intent action = com.xiaomi.mipush.SEND_MESSAGE
01-10 12:16:42.276 29931 32180 W PushService: 2018-01-10 12:16:42,275 - [WARN::PushService] - [Thread:86] try send mi push message. packagename:com.android.browser action:Subscription
01-10 12:16:42.277 29931   501 W PushService: 2018-01-10 12:16:42,276 - [WARN::PushService] - [Thread:94] [Slim] Read {cmd=SECMSG;chid=5;len=476}
01-10 12:16:42.277 29931 32180 W PushService: 2018-01-10 12:16:42,277 - [WARN::PushService] - [Thread:86] [Slim] Wrote {cmd=SECMSG;chid=5;len=382}
01-10 12:16:42.277 29931   501 W PushService: 2018-01-10 12:16:42,277 - [WARN::PushService] - [Thread:94] [Slim] 12:16:42  RCV  Blob [SECMSG,5,G4Xb1515586599749]
01-10 12:16:42.277 29931 32180 W PushService: 2018-01-10 12:16:42,277 - [WARN::PushService] - [Thread:86] [Slim] 12:16:42  Sent  Blob [SECMSG,5,yM531-68]
01-10 12:16:42.278 29931 32180 W PushService: 2018-01-10 12:16:42,277 - [WARN::PushService] - [Thread:86] JOB: Handle intent action = com.xiaomi.mipush.SEND_MESSAGE
01-10 12:16:42.278 29931 32180 W PushService: 2018-01-10 12:16:42,278 - [WARN::PushService] - [Thread:86] try send mi push message. packagename:com.android.browser action:Subscription
01-10 12:16:42.279 29931 32180 W PushService: 2018-01-10 12:16:42,279 - [WARN::PushService] - [Thread:86] [Slim] Wrote {cmd=SECMSG;chid=5;len=350}
01-10 12:16:42.279 29931 32180 W PushService: 2018-01-10 12:16:42,279 - [WARN::PushService] - [Thread:86] [Slim] 12:16:42  Sent  Blob [SECMSG,5,yM531-69]
01-10 12:16:42.280 29931 32180 W PushService: 2018-01-10 12:16:42,280 - [WARN::PushService] - [Thread:86] receive a message, appid=1000274, msgid= pWju1515586599752
01-10 12:16:42.285 29931 32180 W PushService: 2018-01-10 12:16:42,284 - [WARN::PushService] - [Thread:86] receive a message, appid=1000274, msgid= KOVl1515586599753
01-10 12:16:42.288 29931 32180 W PushService: 2018-01-10 12:16:42,288 - [WARN::PushService] - [Thread:86] JOB: Handle intent action = com.xiaomi.mipush.SEND_MESSAGE
01-10 12:16:42.289 29931 32180 W PushService: 2018-01-10 12:16:42,288 - [WARN::PushService] - [Thread:86] try send mi push message. packagename:com.android.browser action:Subscription
01-10 12:16:42.290 29931 32180 W PushService: 2018-01-10 12:16:42,289 - [WARN::PushService] - [Thread:86] [Slim] Wrote {cmd=SECMSG;chid=5;len=382}
01-10 12:16:42.291 29931 32180 W PushService: 2018-01-10 12:16:42,291 - [WARN::PushService] - [Thread:86] [Slim] 12:16:42  Sent  Blob [SECMSG,5,yM531-70]
01-10 12:16:42.292 29931 32180 W PushService: 2018-01-10 12:16:42,291 - [WARN::PushService] - [Thread:86] receive a message, appid=1000274, msgid= nSDd1515586599754
01-10 12:16:42.295 29931 32180 W PushService: 2018-01-10 12:16:42,295 - [WARN::PushService] - [Thread:86] receive a message, appid=1000274, msgid= G4Xb1515586599749
01-10 12:16:42.301 29931 29931 W PushService: 2018-01-10 12:16:42,301 - [WARN::PushService] - [Thread:1] onStart() with intent.Action = com.xiaomi.mipush.SEND_MESSAGE, chid = null
01-10 12:16:42.302 29931 32180 W PushService: 2018-01-10 12:16:42,301 - [WARN::PushService] - [Thread:86] JOB: Handle intent action = com.xiaomi.mipush.SEND_MESSAGE
01-10 12:16:42.302 29931 32180 W PushService: 2018-01-10 12:16:42,302 - [WARN::PushService] - [Thread:86] try send mi push message. packagename:com.android.browser action:Command
01-10 12:16:42.303 29931 32180 W PushService: 2018-01-10 12:16:42,303 - [WARN::PushService] - [Thread:86] [Slim] Wrote {cmd=SECMSG;chid=5;len=366}
01-10 12:16:42.304 29931 32180 W PushService: 2018-01-10 12:16:42,304 - [WARN::PushService] - [Thread:86] [Slim] 12:16:42  Sent  Blob [SECMSG,5,yM531-71]
01-10 12:16:42.314 29931 29931 W PushService: 2018-01-10 12:16:42,314 - [WARN::PushService] - [Thread:1] onStart() with intent.Action = com.xiaomi.mipush.SEND_MESSAGE, chid = null
01-10 12:16:42.316 29931 32180 W PushService: 2018-01-10 12:16:42,315 - [WARN::PushService] - [Thread:86] JOB: Handle intent action = com.xiaomi.mipush.SEND_MESSAGE
01-10 12:16:42.316 29931 32180 W PushService: 2018-01-10 12:16:42,316 - [WARN::PushService] - [Thread:86] try send mi push message. packagename:com.android.browser action:Command
01-10 12:16:42.318 29931 32180 W PushService: 2018-01-10 12:16:42,317 - [WARN::PushService] - [Thread:86] [Slim] Wrote {cmd=SECMSG;chid=5;len=398}
01-10 12:16:42.318 29931   501 W PushService: 2018-01-10 12:16:42,317 - [WARN::PushService] - [Thread:94] [Slim] Read {cmd=SECMSG;chid=5;len=508}
01-10 12:16:42.319 29931   501 W PushService: 2018-01-10 12:16:42,318 - [WARN::PushService] - [Thread:94] [Slim] 12:16:42  RCV  Blob [SECMSG,5,mqun1515586599750]
01-10 12:16:42.319 29931 32180 W PushService: 2018-01-10 12:16:42,318 - [WARN::PushService] - [Thread:86] [Slim] 12:16:42  Sent  Blob [SECMSG,5,yM531-72]
01-10 12:16:42.320 29931 29931 W PushService: 2018-01-10 12:16:42,319 - [WARN::PushService] - [Thread:1] onStart() with intent.Action = com.xiaomi.mipush.SEND_MESSAGE, chid = null
01-10 12:16:42.320 29931   501 W PushService: 2018-01-10 12:16:42,319 - [WARN::PushService] - [Thread:94] [Slim] Read {cmd=SECMSG;chid=5;len=476}
01-10 12:16:42.321 29931   501 W PushService: 2018-01-10 12:16:42,320 - [WARN::PushService] - [Thread:94] [Slim] 12:16:42  RCV  Blob [SECMSG,5,qJFo1515586599755]
01-10 12:16:42.323 29931 32180 W PushService: 2018-01-10 12:16:42,323 - [WARN::PushService] - [Thread:86] receive a message, appid=1000274, msgid= mqun1515586599750
01-10 12:16:42.326 29931 32180 W PushService: 2018-01-10 12:16:42,325 - [WARN::PushService] - [Thread:86] JOB: Handle intent action = com.xiaomi.mipush.SEND_MESSAGE
01-10 12:16:42.326 29931 32180 W PushService: 2018-01-10 12:16:42,326 - [WARN::PushService] - [Thread:86] try send mi push message. packagename:com.android.browser action:Command
01-10 12:16:42.327 29931 32180 W PushService: 2018-01-10 12:16:42,327 - [WARN::PushService] - [Thread:86] [Slim] Wrote {cmd=SECMSG;chid=5;len=366}
01-10 12:16:42.328 29931 32180 W PushService: 2018-01-10 12:16:42,328 - [WARN::PushService] - [Thread:86] [Slim] 12:16:42  Sent  Blob [SECMSG,5,yM531-73]
01-10 12:16:42.329 29931 32180 W PushService: 2018-01-10 12:16:42,329 - [WARN::PushService] - [Thread:86] receive a message, appid=1000274, msgid= qJFo1515586599755
01-10 12:16:42.331 29931 29931 W PushService: 2018-01-10 12:16:42,330 - [WARN::PushService] - [Thread:1] onStart() with intent.Action = com.xiaomi.mipush.SEND_MESSAGE, chid = null
01-10 12:16:42.340 29931 32180 W PushService: 2018-01-10 12:16:42,339 - [WARN::PushService] - [Thread:86] JOB: Handle intent action = com.xiaomi.mipush.SEND_MESSAGE
01-10 12:16:42.342 29931 32180 W PushService: 2018-01-10 12:16:42,342 - [WARN::PushService] - [Thread:86] try send mi push message. packagename:com.android.browser action:Command
01-10 12:16:42.343 29931   501 W PushService: 2018-01-10 12:16:42,342 - [WARN::PushService] - [Thread:94] [Slim] Read {cmd=SECMSG;chid=5;len=524}
01-10 12:16:42.343 29931 32180 W PushService: 2018-01-10 12:16:42,343 - [WARN::PushService] - [Thread:86] [Slim] Wrote {cmd=SECMSG;chid=5;len=414}
01-10 12:16:42.344 29931   501 W PushService: 2018-01-10 12:16:42,343 - [WARN::PushService] - [Thread:94] [Slim] 12:16:42  RCV  Blob [SECMSG,5,kF021515586599759]
01-10 12:16:42.344 29931 32180 W PushService: 2018-01-10 12:16:42,344 - [WARN::PushService] - [Thread:86] [Slim] 12:16:42  Sent  Blob [SECMSG,5,yM531-74]
01-10 12:16:42.345 29931 32180 W PushService: 2018-01-10 12:16:42,344 - [WARN::PushService] - [Thread:86] receive a message, appid=1000274, msgid= kF021515586599759
01-10 12:16:42.351 29931   501 W PushService: 2018-01-10 12:16:42,350 - [WARN::PushService] - [Thread:94] [Slim] Read {cmd=SECMSG;chid=5;len=508}
01-10 12:16:42.351 29931   501 W PushService: 2018-01-10 12:16:42,351 - [WARN::PushService] - [Thread:94] [Slim] 12:16:42  RCV  Blob [SECMSG,5,12YX1515586599756]
01-10 12:16:42.352 29931   501 W PushService: 2018-01-10 12:16:42,352 - [WARN::PushService] - [Thread:94] [Slim] Read {cmd=SECMSG;chid=5;len=556}
01-10 12:16:42.352 29931 32180 W PushService: 2018-01-10 12:16:42,352 - [WARN::PushService] - [Thread:86] receive a message, appid=1000274, msgid= 12YX1515586599756
01-10 12:16:42.353 29931   501 W PushService: 2018-01-10 12:16:42,353 - [WARN::PushService] - [Thread:94] [Slim] 12:16:42  RCV  Blob [SECMSG,5,Ahi11515586599760]
01-10 12:16:42.362 29931   501 W PushService: 2018-01-10 12:16:42,362 - [WARN::PushService] - [Thread:94] [Slim] Read {cmd=SECMSG;chid=5;len=524}
01-10 12:16:42.362 29931   501 W PushService: 2018-01-10 12:16:42,362 - [WARN::PushService] - [Thread:94] [Slim] 12:16:42  RCV  Blob [SECMSG,5,tIET1515586599761]
01-10 12:16:42.366 29931 32180 W PushService: 2018-01-10 12:16:42,365 - [WARN::PushService] - [Thread:86] receive a message, appid=1000274, msgid= Ahi11515586599760
01-10 12:16:42.369 29931 32180 W PushService: 2018-01-10 12:16:42,368 - [WARN::PushService] - [Thread:86] receive a message, appid=1000274, msgid= tIET1515586599761
01-10 12:16:42.369 29931   501 W PushService: 2018-01-10 12:16:42,369 - [WARN::PushService] - [Thread:94] [Slim] Read {cmd=SECMSG;chid=5;len=476}
01-10 12:16:42.370 29931   501 W PushService: 2018-01-10 12:16:42,369 - [WARN::PushService] - [Thread:94] [Slim] 12:16:42  RCV  Blob [SECMSG,5,eB8D1515586599757]
01-10 12:16:42.373 29931 32180 W PushService: 2018-01-10 12:16:42,372 - [WARN::PushService] - [Thread:86] receive a message, appid=1000274, msgid= eB8D1515586599757
01-10 12:16:42.374 29931   501 W PushService: 2018-01-10 12:16:42,374 - [WARN::PushService] - [Thread:94] [Slim] Read {cmd=SECMSG;chid=5;len=508}
01-10 12:16:42.375 29931   501 W PushService: 2018-01-10 12:16:42,375 - [WARN::PushService] - [Thread:94] [Slim] 12:16:42  RCV  Blob [SECMSG,5,QJEu1515586599758]
01-10 12:16:42.379 29931 32180 W PushService: 2018-01-10 12:16:42,379 - [WARN::PushService] - [Thread:86] receive a message, appid=1000274, msgid= QJEu1515586599758
01-10 12:16:42.385 29931   501 W PushService: 2018-01-10 12:16:42,384 - [WARN::PushService] - [Thread:94] [Slim] Read {cmd=SECMSG;chid=5;len=572}
01-10 12:16:42.385 29931   501 W PushService: 2018-01-10 12:16:42,385 - [WARN::PushService] - [Thread:94] [Slim] 12:16:42  RCV  Blob [SECMSG,5,CbPj1515586599762]
01-10 12:16:42.387 29931 32180 W PushService: 2018-01-10 12:16:42,386 - [WARN::PushService] - [Thread:86] receive a message, appid=1000274, msgid= CbPj1515586599762
01-10 12:16:44.746   858   858 W cr_TrimMemory: Trim java and blink cached resources.
01-10 12:16:46.470 29931 29931 W PushService: 2018-01-10 12:16:46,470 - [WARN::PushService] - [Thread:1] onStart() with intent.Action = com.xiaomi.mipush.SEND_MESSAGE, chid = null
01-10 12:16:46.470 29931 32180 W PushService: 2018-01-10 12:16:46,470 - [WARN::PushService] - [Thread:86] JOB: Handle intent action = com.xiaomi.mipush.SEND_MESSAGE
01-10 12:16:46.471 29931 32180 W PushService: 2018-01-10 12:16:46,471 - [WARN::PushService] - [Thread:86] try send mi push message. packagename:com.android.browser action:Notification
01-10 12:16:46.472 29931 32180 W PushService: 2018-01-10 12:16:46,472 - [WARN::PushService] - [Thread:86] [Slim] Wrote {cmd=SECMSG;chid=5;len=286}
01-10 12:16:46.473 29931 32180 W PushService: 2018-01-10 12:16:46,473 - [WARN::PushService] - [Thread:86] [Slim] 12:16:46  Sent  Blob [SECMSG,5,yM531-75]
01-10 12:16:46.639 29931   501 W PushService: 2018-01-10 12:16:46,638 - [WARN::PushService] - [Thread:94] [Slim] Read {cmd=SECMSG;chid=5;len=1804}
01-10 12:16:46.639 29931   501 W PushService: 2018-01-10 12:16:46,639 - [WARN::PushService] - [Thread:94] [Slim] 12:16:46  RCV  Blob [SECMSG,5,dcn_1515586606499]
01-10 12:16:46.641 29931 32180 W PushService: 2018-01-10 12:16:46,641 - [WARN::PushService] - [Thread:86] receive a message, appid=1000274, msgid= dcn_1515586606499
01-10 12:16:49.521  1132  1132 W System  : ClassLoader referenced unknown path: /system/priv-app/Mms/lib/arm64
01-10 12:16:49.806  1146  1146 E dex2oat : Failed to create oat file: /data/dalvik-cache/arm64/system@app@SmsExtra@SmsExtra.apk@classes.dex: Permission denied
01-10 12:16:49.808  1132  1132 W art     : Failed execv(/system/bin/dex2oat --runtime-arg -classpath --runtime-arg  --instruction-set=arm64 --instruction-set-features=smp,a53 --runtime-arg -Xrelocate --boot-image=/system/framework/boot.art --runtime-arg -Xms64m --runtime-arg -Xmx512m --instruction-set-variant=generic --instruction-set-features=default --dex-file=/system/app/SmsExtra/SmsExtra.apk --oat-file=/data/dalvik-cache/arm64/system@app@SmsExtra@SmsExtra.apk@classes.dex) because non-0 exit status
01-10 12:16:49.911  1132  1132 E FeatureParser: both assets/device_features/ and /system/etc/device_features don't exist hi6210sft.xml
01-10 12:16:49.919 30199 30472 E SQLiteLog: (1) no such column: unread_count
01-10 12:16:49.921 30199 30472 E DatabaseUtils: Writing exception to parcel
01-10 12:16:49.921 30199 30472 E DatabaseUtils: android.database.sqlite.SQLiteException: no such column: unread_count (code 1): , while compiling: SELECT _id, date, message_count, unread_count, recipient_ids, snippet, snippet_cs, read, error, has_attachment, stick_time, private_addr_ids, last_sim_id, sp_type, mx_seq FROM threads ORDER BY  date DESC
01-10 12:16:49.921 30199 30472 E DatabaseUtils: 	at android.database.sqlite.SQLiteConnection.nativePrepareStatement(Native Method)
01-10 12:16:49.921 30199 30472 E DatabaseUtils: 	at android.database.sqlite.SQLiteConnection.acquirePreparedStatement(SQLiteConnection.java:887)
01-10 12:16:49.921 30199 30472 E DatabaseUtils: 	at android.database.sqlite.SQLiteConnection.prepare(SQLiteConnection.java:498)
01-10 12:16:49.921 30199 30472 E DatabaseUtils: 	at android.database.sqlite.SQLiteSession.prepare(SQLiteSession.java:588)
01-10 12:16:49.921 30199 30472 E DatabaseUtils: 	at android.database.sqlite.SQLiteProgram.<init>(SQLiteProgram.java:58)
01-10 12:16:49.921 30199 30472 E DatabaseUtils: 	at android.database.sqlite.SQLiteQuery.<init>(SQLiteQuery.java:37)
01-10 12:16:49.921 30199 30472 E DatabaseUtils: 	at android.database.sqlite.SQLiteDirectCursorDriver.query(SQLiteDirectCursorDriver.java:44)
01-10 12:16:49.921 30199 30472 E DatabaseUtils: 	at android.database.sqlite.SQLiteDatabase.rawQueryWithFactory(SQLiteDatabase.java:1316)
01-10 12:16:49.921 30199 30472 E DatabaseUtils: 	at android.database.sqlite.SQLiteDatabase.queryWithFactory(SQLiteDatabase.java:1163)
01-10 12:16:49.921 30199 30472 E DatabaseUtils: 	at android.database.sqlite.SQLiteDatabase.query(SQLiteDatabase.java:1034)
01-10 12:16:49.921 30199 30472 E DatabaseUtils: 	at android.database.sqlite.SQLiteDatabase.query(SQLiteDatabase.java:1202)
01-10 12:16:49.921 30199 30472 E DatabaseUtils: 	at com.android.providers.telephony.MmsSmsProvider.getSimpleConversations(MmsSmsProvider.java:761)
01-10 12:16:49.921 30199 30472 E DatabaseUtils: 	at com.android.providers.telephony.MmsSmsProvider.query(MmsSmsProvider.java:346)
01-10 12:16:49.921 30199 30472 E DatabaseUtils: 	at android.content.ContentProvider.query(ContentProvider.java:1017)
01-10 12:16:49.921 30199 30472 E DatabaseUtils: 	at android.content.ContentProvider$Transport.query(ContentProvider.java:238)
01-10 12:16:49.921 30199 30472 E DatabaseUtils: 	at android.content.ContentProviderNative.onTransact(ContentProviderNative.java:112)
01-10 12:16:49.921 30199 30472 E DatabaseUtils: 	at android.os.Binder.execTransact(Binder.java:453)
01-10 12:16:49.922  1132  1151 E AndroidRuntime: FATAL EXCEPTION: Thread-538
01-10 12:16:49.922  1132  1151 E AndroidRuntime: Process: com.android.mms, PID: 1132
01-10 12:16:49.922  1132  1151 E AndroidRuntime: android.database.sqlite.SQLiteException: no such column: unread_count (code 1): , while compiling: SELECT _id, date, message_count, unread_count, recipient_ids, snippet, snippet_cs, read, error, has_attachment, stick_time, private_addr_ids, last_sim_id, sp_type, mx_seq FROM threads ORDER BY  date DESC
01-10 12:16:49.922  1132  1151 E AndroidRuntime: 	at android.database.DatabaseUtils.readExceptionFromParcel(DatabaseUtils.java:179)
01-10 12:16:49.922  1132  1151 E AndroidRuntime: 	at android.database.DatabaseUtils.readExceptionFromParcel(DatabaseUtils.java:135)
01-10 12:16:49.922  1132  1151 E AndroidRuntime: 	at android.content.ContentProviderProxy.query(ContentProviderNative.java:421)
01-10 12:16:49.922  1132  1151 E AndroidRuntime: 	at android.content.ContentResolver.query(ContentResolver.java:491)
01-10 12:16:49.922  1132  1151 E AndroidRuntime: 	at android.content.ContentResolver.query(ContentResolver.java:434)
01-10 12:16:49.922  1132  1151 E AndroidRuntime: 	at com.android.mms.data.Conversation.cacheAllThreads(Conversation.java:1949)
01-10 12:16:49.922  1132  1151 E AndroidRuntime: 	at com.android.mms.data.Conversation.access$200(Conversation.java:60)
01-10 12:16:49.922  1132  1151 E AndroidRuntime: 	at com.android.mms.data.Conversation$1.run(Conversation.java:1356)
01-10 12:16:49.922  1132  1151 E AndroidRuntime: 	at java.lang.Thread.run(Thread.java:818)
01-10 12:16:50.030   858  1013 W TRACE   : FL,set=6e7a7a76794035357d6b68677676346878757d796b7834736f7b6f34697573357c3c35.
01-10 12:16:50.048 29410 29502 W BroadcastQueue: Skipping deliver [background] BroadcastRecord{484f097 u-1 android.net.conn.CONNECTIVITY_CHANGE} to ReceiverList{49d6c31 1132 com.android.mms/10019/u0 remote:e4d50d8}: process crashing
01-10 12:16:50.048 29410 29502 W BroadcastQueue: Skipping deliver [background] BroadcastRecord{9b2a284 u-1 android.intent.action.SIM_STATE_CHANGED} to ReceiverList{49d6c31 1132 com.android.mms/10019/u0 remote:e4d50d8}: process crashing
01-10 12:16:50.051   858   858 W cr_BindingManager: Cannot call determinedVisibility() - never saw a connection for the pid: 858
01-10 12:16:50.210  1132  1161 W UnderstandFactory: cannot find /data/user/0/com.android.mms/app_understand/smsYellowpageDic/ypInfo2
01-10 12:16:51.072 29410 29500 W InputMethodManagerService: Window already focused, ignoring focus gain of: com.android.internal.view.IInputMethodClient$Stub$Proxy@a9be1c attribute=null, token = android.os.BinderProxy@ec111eb
01-10 12:16:51.171 29410 29499 W ActivityManager: Service crashed 2 times, stopping: ServiceRecord{5b28cfa u0 com.android.mms/com.xiaomi.mms.transaction.MxActivateService}
01-10 12:16:57.474  1185  1185 W ContextImpl: Calling a method in the system process without a qualified user: android.app.ContextImpl.startService:1221 android.content.ContextWrapper.startService:581 miui.core.SdkManager$1.run:189 android.os.Handler.handleCallback:739 android.os.Handler.dispatchMessage:95 
01-10 12:16:57.508  1185  1185 W ContextImpl: Calling a method in the system process without a qualified user: android.app.ContextImpl.sendBroadcast:763 android.content.ContextWrapper.sendBroadcast:396 com.android.settings.cloud.CloudJobService2.onStartJob:52 android.app.job.JobService$JobHandler.handleMessage:126 android.os.Handler.dispatchMessage:102 
01-10 12:16:57.567  1185  1215 W ActivityThread: ClassLoader.loadClass: The class loader returned by Thread.getContextClassLoader() may fail for processes that host multiple applications. You should explicitly specify a context class loader. For example: Thread.setContextClassLoader(getClass().getClassLoader());
01-10 12:17:02.448  1185  1221 W ContextImpl: Calling a method in the system process without a qualified user: android.app.ContextImpl.bindService:1285 android.content.ContextWrapper.bindService:604 com.xiaomi.mistatistic.sdk.controller.j.b:504 com.xiaomi.mistatistic.sdk.controller.j.a:358 com.xiaomi.mistatistic.sdk.controller.asyncjobs.c.a:95 
01-10 12:17:03.191  1185  1230 W PackageParser: Ignoring duplicate uses-permissions/uses-permissions-sdk-m: android.permission.READ_CONTACTS in package: com.android.bluetooth at: Binary XML file line #58
01-10 12:17:03.195  1185  1230 W PackageParser: No actions in intent filter at /system/app/Bluetooth/Bluetooth.apk Binary XML file line #215
01-10 12:17:03.239  1185  1230 W PackageParser: Ignoring duplicate uses-permissions/uses-permissions-sdk-m: android.permission.INTERNET in package: com.miui.bugreport at: Binary XML file line #31
01-10 12:17:03.239  1185  1230 W PackageParser: Ignoring duplicate uses-permissions/uses-permissions-sdk-m: android.permission.ACCESS_NETWORK_STATE in package: com.miui.bugreport at: Binary XML file line #32
01-10 12:17:03.241  1185  1230 W PackageParser: Ignoring duplicate uses-permissions/uses-permissions-sdk-m: android.permission.WRITE_EXTERNAL_STORAGE in package: com.miui.bugreport at: Binary XML file line #34
01-10 12:17:03.241  1185  1230 W PackageParser: Ignoring duplicate uses-permissions/uses-permissions-sdk-m: android.permission.ACCESS_WIFI_STATE in package: com.miui.bugreport at: Binary XML file line #36
01-10 12:17:03.346  1185  1230 W PackageParser: No actions in intent filter at /system/app/CloudService/CloudService.apk Binary XML file line #156
01-10 12:17:03.359  1185  1230 W PackageParser: Ignoring duplicate uses-permissions/uses-permissions-sdk-m: android.permission.INTERACT_ACROSS_USERS in package: com.miui.cloudservice at: Binary XML file line #724
01-10 12:17:03.715  1185  1230 W PackageParser: Problem in package /system/app/FileExplorer/FileExplorer.apk:
01-10 12:17:03.716  1185  1230 W PackageParser: Unknown element under <activity>: intentfilter at /system/app/FileExplorer/FileExplorer.apk Binary XML file line #302
01-10 12:17:04.098 29410 29499 E ActivityManager: Invalid thumbnail dimensions: 0x0
01-10 12:17:04.160  1185  1230 W PackageParser: Ignoring duplicate uses-permissions/uses-permissions-sdk-m: android.permission.READ_CONTACTS in package: com.cleanmaster.sdk at: Binary XML file line #25
01-10 12:17:04.363   372   372 W ContextImpl: Calling a method in the system process without a qualified user: android.app.ContextImpl.bindService:1285 android.content.ContextWrapper.bindService:604 miui.analytics.Analytics.endSession:120 com.android.updater.b.a.a:-1 com.android.updater.b.a.a:-1 
01-10 12:17:04.371   372   372 W ContextImpl: Calling a method in the system process without a qualified user: android.app.ContextImpl.startService:1221 android.content.ContextWrapper.startService:581 com.android.updater.MainActivity.e:-1 com.android.updater.MainActivity.onCreate:-1 android.app.Activity.performCreate:6251 
01-10 12:17:04.374   372   372 W ContextImpl: Calling a method in the system process without a qualified user: android.app.ContextImpl.bindService:1285 android.content.ContextWrapper.bindService:604 com.android.updater.MainActivity.e:-1 com.android.updater.MainActivity.onCreate:-1 android.app.Activity.performCreate:6251 
01-10 12:17:04.507  1185  1230 W PackageParser: Ignoring duplicate uses-permissions/uses-permissions-sdk-m: android.permission.ACCOUNT_MANAGER in package: com.android.midrive at: Binary XML file line #21
01-10 12:17:04.583  1185  1230 W PackageParser: Ignoring duplicate uses-permissions/uses-permissions-sdk-m: android.permission.CONTROL_WIFI_DISPLAY in package: com.xiaomi.miplay at: Binary XML file line #24
01-10 12:17:04.709   372  1240 W ActivityThread: ClassLoader.loadClass: The class loader returned by Thread.getContextClassLoader() may fail for processes that host multiple applications. You should explicitly specify a context class loader. For example: Thread.setContextClassLoader(getClass().getClassLoader());
01-10 12:17:04.885 29410 30004 W ActivityManager: Unable to start service Intent { cmp=sogou.mobile.explorer/.ActivateBrowserService } U=0: not found
01-10 12:17:05.193  1185  1230 W PackageParser: Ignoring duplicate uses-permissions/uses-permissions-sdk-m: android.permission.CHANGE_WIFI_STATE in package: com.android.nfc at: Binary XML file line #47
01-10 12:17:05.193  1185  1230 W PackageParser: Ignoring duplicate uses-permissions/uses-permissions-sdk-m: android.permission.ACCESS_WIFI_STATE in package: com.android.nfc at: Binary XML file line #48
01-10 12:17:05.265  1185  1230 W PackageParser: Ignoring duplicate uses-permissions/uses-permissions-sdk-m: android.permission.READ_SYNC_SETTINGS in package: com.miui.notes at: Binary XML file line #31
01-10 12:17:05.410  1185  1230 W PackageParser: Service exported request ignored due to singleUser: com.miui.powerkeeper.feedbackcontrol.FeedbackControlService at /system/app/PowerKeeper/PowerKeeper.apk Binary XML file line #71
01-10 12:17:05.411  1185  1230 W PackageParser: Service exported request ignored due to singleUser: com.miui.powerkeeper.powerchecker.PowerCheckerService at /system/app/PowerKeeper/PowerKeeper.apk Binary XML file line #79
01-10 12:17:05.519  1185  1230 W PackageParser: Ignoring duplicate uses-permissions/uses-permissions-sdk-m: android.permission.MANAGE_ACCOUNTS in package: com.miui.securityadd at: Binary XML file line #29
01-10 12:17:05.557  1185  1230 W PackageParser: Ignoring duplicate uses-permissions/uses-permissions-sdk-m: android.permission.MANAGE_ACCOUNTS in package: com.miui.securitycore at: Binary XML file line #22
01-10 12:17:05.815  1185  1230 W PackageParser: No actions in intent filter at /system/app/SogouInput/SogouInput.apk Binary XML file line #334
01-10 12:17:05.818  1185  1230 W PackageParser: No actions in intent filter at /system/app/SogouInput/SogouInput.apk Binary XML file line #639
01-10 12:17:05.818  1185  1230 W PackageParser: No actions in intent filter at /system/app/SogouInput/SogouInput.apk Binary XML file line #717
01-10 12:17:06.134  1185  1230 W PackageParser: Ignoring duplicate uses-permissions/uses-permissions-sdk-m: android.permission.MODIFY_AUDIO_SETTINGS in package: com.miui.voiceassist at: Binary XML file line #23
01-10 12:17:08.985  1185  1230 W PackageParser: Service exported request ignored due to singleUser: com.xiaomi.finddevice.v2.FindDeviceStatusManagerService at /system/priv-app/FindDevice/FindDevice.apk Binary XML file line #137
01-10 12:17:08.985  1185  1230 W PackageParser: Service exported request ignored due to singleUser: com.xiaomi.finddevice.v2.FindDeviceAsyncControlService at /system/priv-app/FindDevice/FindDevice.apk Binary XML file line #141
01-10 12:17:08.985  1185  1230 W PackageParser: Provider exported request ignored due to singleUser: com.xiaomi.finddevice.v2.FindDeviceStatusManagerProvider at /system/priv-app/FindDevice/FindDevice.apk Binary XML file line #146
01-10 12:17:08.985  1185  1230 W PackageParser: Service exported request ignored due to singleUser: com.xiaomi.finddevice.v2.ui.FindDeviceKeyguardControlReceiver at /system/priv-app/FindDevice/FindDevice.apk Binary XML file line #161
01-10 12:17:08.986  1185  1230 W PackageParser: Service exported request ignored due to singleUser: com.xiaomi.finddevice.v2.ui.FindDeviceNotificationReceiver at /system/priv-app/FindDevice/FindDevice.apk Binary XML file line #177
01-10 12:17:09.118  1185  1230 W PackageParser: No actions in intent filter at /system/priv-app/MediaProvider/MediaProvider.apk Binary XML file line #93
01-10 12:17:09.265  1185  1230 W PackageParser: Ignoring duplicate uses-permissions/uses-permissions-sdk-m: android.permission.WRITE_SETTINGS in package: com.miui.mipub at: Binary XML file line #26
01-10 12:17:09.266  1185  1230 W PackageParser: Ignoring duplicate uses-permissions/uses-permissions-sdk-m: android.permission.GET_ACCOUNTS in package: com.miui.mipub at: Binary XML file line #31
01-10 12:17:09.268  1185  1230 W PackageParser: Ignoring duplicate uses-permissions/uses-permissions-sdk-m: android.permission.USE_CREDENTIALS in package: com.miui.mipub at: Binary XML file line #39
01-10 12:17:09.488  1185  1230 W PackageParser: Ignoring duplicate uses-permissions/uses-permissions-sdk-m: com.xiaomi.permission.SYNC_TAG_DATA in package: com.miui.gallery at: Binary XML file line #42
01-10 12:17:09.546  1185  1230 W PackageParser: Ignoring duplicate uses-permissions/uses-permissions-sdk-m: miui.permission.SHELL in package: com.miui.home at: Binary XML file line #116
01-10 12:17:09.546  1185  1230 W PackageParser: Ignoring duplicate uses-permissions/uses-permissions-sdk-m: com.xiaomi.gallery.permission.CLOUD in package: com.miui.home at: Binary XML file line #121
01-10 12:17:09.589  1185  1230 W PackageParser: Unknown element under <manifest>: uses-library at /system/priv-app/MiuiKeyguard/MiuiKeyguard.apk Binary XML file line #47
01-10 12:17:09.649  1185  1230 W PackageParser: Ignoring duplicate uses-permissions/uses-permissions-sdk-m: miui.permission.USE_INTERNAL_GENERAL_API in package: com.android.systemui at: Binary XML file line #71
01-10 12:17:09.821  1185  1230 W PackageParser: Ignoring duplicate uses-permissions/uses-permissions-sdk-m: android.permission.GET_ACCOUNTS in package: com.android.mms at: Binary XML file line #59
01-10 12:17:09.822  1185  1230 W PackageParser: Ignoring duplicate uses-permissions/uses-permissions-sdk-m: android.permission.WAKE_LOCK in package: com.android.mms at: Binary XML file line #73
01-10 12:17:10.274  1185  1230 W PackageParser: Ignoring duplicate uses-permissions/uses-permissions-sdk-m: android.permission.WRITE_SECURE_SETTINGS in package: com.miui.securitycenter at: Binary XML file line #129
01-10 12:17:10.290  1185  1230 W PackageParser: No actions in intent filter at /system/priv-app/SecurityCenter/SecurityCenter.apk Binary XML file line #406
01-10 12:17:10.787  1185  1230 W PackageParser: Ignoring duplicate uses-permissions/uses-permissions-sdk-m: android.permission.USE_CREDENTIALS in package: com.android.settings at: Binary XML file line #77
01-10 12:17:10.788  1185  1230 W PackageParser: Ignoring duplicate uses-permissions/uses-permissions-sdk-m: android.permission.READ_SYNC_SETTINGS in package: com.android.settings at: Binary XML file line #82
01-10 12:17:10.788  1185  1230 W PackageParser: Ignoring duplicate uses-permissions/uses-permissions-sdk-m: android.permission.WRITE_SYNC_SETTINGS in package: com.android.settings at: Binary XML file line #83
01-10 12:17:10.790  1185  1230 W PackageParser: Ignoring duplicate uses-permissions/uses-permissions-sdk-m: android.permission.RECEIVE_BOOT_COMPLETED in package: com.android.settings at: Binary XML file line #117
01-10 12:17:10.790  1185  1230 W PackageParser: Ignoring duplicate uses-permissions/uses-permissions-sdk-m: android.permission.MODIFY_AUDIO_SETTINGS in package: com.android.settings at: Binary XML file line #122
01-10 12:17:10.898  1185  1230 W PackageParser: Provider exported request ignored due to singleUser: com.android.providers.settings.SettingsProvider at /system/priv-app/SettingsProvider/SettingsProvider.apk Binary XML file line #15
01-10 12:17:10.923  1185  1230 W PackageParser: Ignoring duplicate uses-permissions/uses-permissions-sdk-m: android.permission.INSTALL_GRANT_RUNTIME_PERMISSIONS in package: com.android.shell at: Binary XML file line #101
01-10 12:17:10.980  1185  1230 W PackageParser: Ignoring duplicate uses-permissions/uses-permissions-sdk-m: android.permission.ACCESS_NETWORK_STATE in package: com.securespaces.android.ssm.service at: Binary XML file line #40
01-10 12:17:10.980  1185  1230 W PackageParser: Ignoring duplicate uses-permissions/uses-permissions-sdk-m: android.permission.CONNECTIVITY_INTERNAL in package: com.securespaces.android.ssm.service at: Binary XML file line #42
01-10 12:17:10.980  1185  1230 W PackageParser: Ignoring duplicate uses-permissions/uses-permissions-sdk-m: android.permission.WRITE_EXTERNAL_STORAGE in package: com.securespaces.android.ssm.service at: Binary XML file line #52
01-10 12:17:10.981  1185  1230 W PackageParser: Service exported request ignored due to singleUser: com.securespaces.android.ssm.service.SpacesManagerService at /system/priv-app/SpacesManagerService/SpacesManagerService.apk Binary XML file line #104
01-10 12:17:10.983  1185  1230 W PackageParser: Provider exported request ignored due to singleUser: com.securespaces.android.ssm.service.SpacesProvider at /system/priv-app/SpacesManagerService/SpacesManagerService.apk Binary XML file line #140
01-10 12:17:11.108  1185  1230 W PackageParser: Provider exported request ignored due to singleUser: com.android.providers.telephony.TelephonyProvider at /system/priv-app/TelephonyProvider/TelephonyProvider.apk Binary XML file line #34
01-10 12:17:11.108  1185  1230 W PackageParser: Provider exported request ignored due to singleUser: com.android.providers.telephony.SmsProvider at /system/priv-app/TelephonyProvider/TelephonyProvider.apk Binary XML file line #43
01-10 12:17:11.108  1185  1230 W PackageParser: Provider exported request ignored due to singleUser: com.android.providers.telephony.MmsProvider at /system/priv-app/TelephonyProvider/TelephonyProvider.apk Binary XML file line #56
01-10 12:17:11.109  1185  1230 W PackageParser: Provider exported request ignored due to singleUser: com.android.providers.telephony.MmsSmsProvider at /system/priv-app/TelephonyProvider/TelephonyProvider.apk Binary XML file line #69
01-10 12:17:11.110  1185  1230 W PackageParser: Provider exported request ignored due to singleUser: com.android.providers.telephony.HbpcdLookupProvider at /system/priv-app/TelephonyProvider/TelephonyProvider.apk Binary XML file line #76
01-10 12:17:11.257  1185  1230 W PackageParser: Ignoring duplicate uses-permissions/uses-permissions-sdk-m: com.miui.antispam.permission.CONTENTPROVIDER in package: com.miui.yellowpage at: Binary XML file line #36
01-10 12:17:12.266  1185  1230 W PackageParser: Ignoring duplicate uses-permissions/uses-permissions-sdk-m: android.permission.CHANGE_NETWORK_STATE in package: com.xiaomi.smarthome at: Binary XML file line #45
01-10 12:17:12.267  1185  1230 W PackageParser: Ignoring duplicate uses-permissions/uses-permissions-sdk-m: android.permission.GET_ACCOUNTS in package: com.xiaomi.smarthome at: Binary XML file line #82
01-10 12:17:18.597  1267  1267 W WLReflect: get boolean system properties failed: getBoolean [class java.lang.String, class java.lang.Boolean]
01-10 12:17:18.766 29931 29931 W PushService: 2018-01-10 12:17:18,766 - [WARN::PushService] - [Thread:1] onStart() with intent.Action = com.xiaomi.mipush.REGISTER_APP, chid = null
01-10 12:17:18.767 29931 32180 W PushService: 2018-01-10 12:17:18,766 - [WARN::PushService] - [Thread:86] JOB: Handle intent action = com.xiaomi.mipush.REGISTER_APP
01-10 12:17:18.767 29931 32180 W PushService: 2018-01-10 12:17:18,767 - [WARN::PushService] - [Thread:86] JOB: register app
01-10 12:17:18.775 29931 32180 W PushService: 2018-01-10 12:17:18,768 - [WARN::PushService] - [Thread:86] try send mi push message. packagename:com.miui.video action:Registration
01-10 12:17:18.776 29931 32180 W PushService: 2018-01-10 12:17:18,776 - [WARN::PushService] - [Thread:86] [Slim] Wrote {cmd=SECMSG;chid=5;len=348}
01-10 12:17:18.777 29931 32180 W PushService: 2018-01-10 12:17:18,776 - [WARN::PushService] - [Thread:86] [Slim] 12:17:18  Sent  Blob [SECMSG,5,yM531-76]
01-10 12:17:18.919 29931   501 W PushService: 2018-01-10 12:17:18,919 - [WARN::PushService] - [Thread:94] [Slim] Read {cmd=SECMSG;chid=5;len=564}
01-10 12:17:18.919 29931   501 W PushService: 2018-01-10 12:17:18,919 - [WARN::PushService] - [Thread:94] [Slim] 12:17:18  RCV  Blob [SECMSG,5,FznL1515586638628]
01-10 12:17:18.920 29931 32180 W PushService: 2018-01-10 12:17:18,920 - [WARN::PushService] - [Thread:86] receive a message, appid=2882303761517147566, msgid= FznL1515586638628
01-10 12:17:18.949 29931 30088 W PushService: 2018-01-10 12:17:18,948 - [WARN::PushService] - [Thread:75] TinyDataManager is checking and uploading tiny data, reason is Registe Success, package name is com.miui.video, the size of pending list is 0
01-10 12:17:19.066 29931 29931 W PushService: 2018-01-10 12:17:19,065 - [WARN::PushService] - [Thread:1] onStart() with intent.Action = com.xiaomi.mipush.SEND_MESSAGE, chid = null
01-10 12:17:19.067 29931 32180 W PushService: 2018-01-10 12:17:19,066 - [WARN::PushService] - [Thread:86] JOB: Handle intent action = com.xiaomi.mipush.SEND_MESSAGE
01-10 12:17:19.068 29931 32180 W PushService: 2018-01-10 12:17:19,068 - [WARN::PushService] - [Thread:86] try send mi push message. packagename:com.miui.video action:Command
01-10 12:17:19.069 29931 32180 W PushService: 2018-01-10 12:17:19,069 - [WARN::PushService] - [Thread:86] [Slim] Wrote {cmd=SECMSG;chid=5;len=421}
01-10 12:17:19.070 29931 32180 W PushService: 2018-01-10 12:17:19,070 - [WARN::PushService] - [Thread:86] [Slim] 12:17:19  Sent  Blob [SECMSG,5,yM531-77]
01-10 12:17:19.075 29931 29931 W PushService: 2018-01-10 12:17:19,074 - [WARN::PushService] - [Thread:1] onStart() with intent.Action = com.xiaomi.mipush.SEND_MESSAGE, chid = null
01-10 12:17:19.076 29931 32180 W PushService: 2018-01-10 12:17:19,075 - [WARN::PushService] - [Thread:86] JOB: Handle intent action = com.xiaomi.mipush.SEND_MESSAGE
01-10 12:17:19.077 29931 32180 W PushService: 2018-01-10 12:17:19,077 - [WARN::PushService] - [Thread:86] try send mi push message. packagename:com.miui.video action:Subscription
01-10 12:17:19.078 29931 32180 W PushService: 2018-01-10 12:17:19,078 - [WARN::PushService] - [Thread:86] [Slim] Wrote {cmd=SECMSG;chid=5;len=373}
01-10 12:17:19.079 29931 32180 W PushService: 2018-01-10 12:17:19,079 - [WARN::PushService] - [Thread:86] [Slim] 12:17:19  Sent  Blob [SECMSG,5,yM531-78]
01-10 12:17:19.090 29931 29931 W PushService: 2018-01-10 12:17:19,090 - [WARN::PushService] - [Thread:1] onStart() with intent.Action = com.xiaomi.mipush.SEND_MESSAGE, chid = null
01-10 12:17:19.094 29931 32180 W PushService: 2018-01-10 12:17:19,091 - [WARN::PushService] - [Thread:86] JOB: Handle intent action = com.xiaomi.mipush.SEND_MESSAGE
01-10 12:17:19.096 29931 32180 W PushService: 2018-01-10 12:17:19,095 - [WARN::PushService] - [Thread:86] try send mi push message. packagename:com.miui.video action:Subscription
01-10 12:17:19.097 29931 32180 W PushService: 2018-01-10 12:17:19,097 - [WARN::PushService] - [Thread:86] [Slim] Wrote {cmd=SECMSG;chid=5;len=309}
01-10 12:17:19.098 29931 32180 W PushService: 2018-01-10 12:17:19,098 - [WARN::PushService] - [Thread:86] [Slim] 12:17:19  Sent  Blob [SECMSG,5,yM531-79]
01-10 12:17:19.131 29931   501 W PushService: 2018-01-10 12:17:19,130 - [WARN::PushService] - [Thread:94] [Slim] Read {cmd=SECMSG;chid=5;len=499}
01-10 12:17:19.131 29931   501 W PushService: 2018-01-10 12:17:19,131 - [WARN::PushService] - [Thread:94] [Slim] 12:17:19  RCV  Blob [SECMSG,5,KZMU1515586638630]
01-10 12:17:19.133 29931 32180 W PushService: 2018-01-10 12:17:19,132 - [WARN::PushService] - [Thread:86] receive a message, appid=2882303761517147566, msgid= KZMU1515586638630
01-10 12:17:19.268 29931   501 W PushService: 2018-01-10 12:17:19,267 - [WARN::PushService] - [Thread:94] [Slim] Read {cmd=SECMSG;chid=5;len=451}
01-10 12:17:19.270 29931   501 W PushService: 2018-01-10 12:17:19,269 - [WARN::PushService] - [Thread:94] [Slim] 12:17:19  RCV  Blob [SECMSG,5,2Sml1515586638631]
01-10 12:17:19.272 29931   501 W PushService: 2018-01-10 12:17:19,271 - [WARN::PushService] - [Thread:94] [Slim] Read {cmd=SECMSG;chid=5;len=563}
01-10 12:17:19.274 29931   501 W PushService: 2018-01-10 12:17:19,273 - [WARN::PushService] - [Thread:94] [Slim] 12:17:19  RCV  Blob [SECMSG,5,LdFB1515586638629]
01-10 12:17:19.275 29931 32180 W PushService: 2018-01-10 12:17:19,274 - [WARN::PushService] - [Thread:86] receive a message, appid=2882303761517147566, msgid= 2Sml1515586638631
01-10 12:17:19.284 29931 32180 W PushService: 2018-01-10 12:17:19,282 - [WARN::PushService] - [Thread:86] receive a message, appid=2882303761517147566, msgid= LdFB1515586638629
01-10 12:17:26.730  1306  1306 E dex2oat : Failed to create oat file: /data/dalvik-cache/arm64/system@app@WAPPushManager@WAPPushManager.apk@classes.dex: Permission denied
01-10 12:17:26.732  1292  1292 W art     : Failed execv(/system/bin/dex2oat --runtime-arg -classpath --runtime-arg  --instruction-set=arm64 --instruction-set-features=smp,a53 --runtime-arg -Xrelocate --boot-image=/system/framework/boot.art --runtime-arg -Xms64m --runtime-arg -Xmx512m --instruction-set-variant=generic --instruction-set-features=default --dex-file=/system/app/WAPPushManager/WAPPushManager.apk --oat-file=/data/dalvik-cache/arm64/system@app@WAPPushManager@WAPPushManager.apk@classes.dex) because non-0 exit status
01-10 12:17:26.736  1292  1292 W System  : ClassLoader referenced unknown path: /system/app/WAPPushManager/lib/arm64
01-10 12:17:44.425   524   544 E MI_STAT : upload is not allowed by the server.
01-10 12:17:46.644  1331  1331 W System  : ClassLoader referenced unknown path: /system/priv-app/PersonalAssistant/lib/arm64
01-10 12:17:46.734  1331  1331 W System  : ClassLoader referenced unknown path: /system/app/SystemBaseFunctions/lib/arm64
01-10 12:17:46.806  1331  1331 W DeviceId: galaxy lib host missing meta-data,make sure you know the right way to integrate galaxy
01-10 12:17:46.806  1331  1331 W DeviceId: galaxy lib host missing meta-data,make sure you know the right way to integrate galaxy
01-10 12:17:46.806  1331  1331 W DeviceId: galaxy lib host missing meta-data,make sure you know the right way to integrate galaxy
01-10 12:17:46.868  1331  1363 W ActivityThread: ClassLoader.loadClass: The class loader returned by Thread.getContextClassLoader() may fail for processes that host multiple applications. You should explicitly specify a context class loader. For example: Thread.setContextClassLoader(getClass().getClassLoader());
01-10 12:17:46.875  1331  1331 W ContextImpl: Calling a method in the system process without a qualified user: android.app.ContextImpl.startService:1221 android.content.ContextWrapper.startService:581 miui.core.SdkManager$1.run:189 android.os.Handler.handleCallback:739 android.os.Handler.dispatchMessage:95 
01-10 12:17:47.102  1331  1331 W ContextImpl: Calling a method in the system process without a qualified user: android.app.ContextImpl.sendBroadcast:763 android.content.ContextWrapper.sendBroadcast:396 com.baidu.platform.comapi.a.a:-1 com.baidu.platform.comapi.b.handleMessage:-1 android.os.Handler.dispatchMessage:102 
01-10 12:17:57.327 29796 29857 W WtProcessController: do not trim { PackageName :com.securespaces.android.sscm.service Pid: 1311 Uid: 1000 Start by: service Score:90 Old score:90 state:0 mBackgroundTimeInMillis:1515586656584 WakelockCount:0 wakelogsize:0  ActivityDestroied:false Activity size: 0 PackageInfo:{WhetstonePackageInfo#PacakgeName:com.securespaces.android.sscm.service uid:1000 uiMemoryThresold:0 nonUiMemoryThresold:0 Flag:-2147482624,0x80000400 [,SOFT_RESET,APP_SYSTEM] Type:0[] } tasknum:-1}
01-10 12:18:01.929  1331  1360 E fakecell_settings: < sysbase_app > failed to get device info
01-10 12:18:09.664 29410 29410 E ActivityManager: Invalid thumbnail dimensions: 0x0
01-10 12:18:09.820 29796 29857 W WtProcessController: do not trim { PackageName :com.miui.personalassistant Pid: 1331 Uid: 1000 Start by: service Score:90 Old score:90 state:0 mBackgroundTimeInMillis:1515586666589 WakelockCount:0 wakelogsize:0  ActivityDestroied:false Activity size: 0 PackageInfo:{WhetstonePackageInfo#PacakgeName:com.miui.personalassistant uid:1000 uiMemoryThresold:0 nonUiMemoryThresold:0 Flag:-2147482624,0x80000400 [,SOFT_RESET,APP_SYSTEM] Type:0[] } tasknum:-1}
01-10 12:18:09.829 29613 29613 W RectangleScreenElement: illegal number format of cornerRadius.
01-10 12:18:09.954 29613 29613 W ContextImpl: Calling a method in the system process without a qualified user: android.app.ContextImpl.bindService:1285 android.content.ContextWrapper.bindService:604 android.content.ContextWrapper.bindService:604 miui.maml.elements.MusicController.registerListener:70 miui.maml.elements.MusicControlScreenElement.init:691 
01-10 12:18:09.967 29613  1383 E ActivityThread: Failed to find provider info for com.xiaomi.tv.gallerylockscreen.lockscreen_magazine_provider
01-10 12:18:09.968 29613  1383 E ActivityThread: Failed to find provider info for com.xiaomi.tv.gallerylockscreen.lockscreen_magazine_provider
01-10 12:18:09.971 29613 29613 E ActivityThread: Failed to find provider info for com.xiaomi.tv.gallerylockscreen.lockscreen_magazine_provider
01-10 12:18:09.972 29613 29613 E MiuiKeyguardUpdateMonitor: call error  uri =com.xiaomi.tv.gallerylockscreen.lockscreen_magazine_provider
01-10 12:18:09.972 29613 29613 E MiuiKeyguardUpdateMonitor: java.lang.IllegalArgumentException: Unknown URI content://0@com.xiaomi.tv.gallerylockscreen.lockscreen_magazine_provider
01-10 12:18:09.972 29613 29613 E MiuiKeyguardUpdateMonitor: 	at android.content.ContentResolver.call(ContentResolver.java:1395)
01-10 12:18:09.972 29613 29613 E MiuiKeyguardUpdateMonitor: 	at com.android.keyguard.MiuiKeyguardUpdateMonitor.queryWallPaperCustomInfo(MiuiKeyguardUpdateMonitor.java:558)
01-10 12:18:09.972 29613 29613 E MiuiKeyguardUpdateMonitor: 	at com.android.keyguard.MiuiKeyguardUpdateMonitor.refreshWallpaperCustomInfo(MiuiKeyguardUpdateMonitor.java:583)
01-10 12:18:09.972 29613 29613 E MiuiKeyguardUpdateMonitor: 	at com.android.keyguard.MiuiDefaultLockScreen.<init>(MiuiDefaultLockScreen.java:247)
01-10 12:18:09.972 29613 29613 E MiuiKeyguardUpdateMonitor: 	at com.android.keyguard.MiuiLockPatternKeyguardView.createLockScreen(MiuiLockPatternKeyguardView.java:1311)
01-10 12:18:09.972 29613 29613 E MiuiKeyguardUpdateMonitor: 	at com.android.keyguard.MiuiLockPatternKeyguardView.recreateLockScreen(MiuiLockPatternKeyguardView.java:912)
01-10 12:18:09.972 29613 29613 E MiuiKeyguardUpdateMonitor: 	at com.android.keyguard.MiuiLockPatternKeyguardView.updateScreen(MiuiLockPatternKeyguardView.java:1215)
01-10 12:18:09.972 29613 29613 E MiuiKeyguardUpdateMonitor: 	at com.android.keyguard.MiuiLockPatternKeyguardView.keyguardScreenCallback(MiuiLockPatternKeyguardView.java:272)
01-10 12:18:09.972 29613 29613 E MiuiKeyguardUpdateMonitor: 	at com.android.keyguard.MiuiLockPatternKeyguardView.<init>(MiuiLockPatternKeyguardView.java:589)
01-10 12:18:09.972 29613 29613 E MiuiKeyguardUpdateMonitor: 	at com.android.keyguard.MiuiLockPatternKeyguardViewProperties.createKeyguardView(MiuiLockPatternKeyguardViewProperties.java:27)
01-10 12:18:09.972 29613 29613 E MiuiKeyguardUpdateMonitor: 	at com.android.keyguard.AbstractKeyguardViewManager.show(AbstractKeyguardViewManager.java:117)
01-10 12:18:09.972 29613 29613 E MiuiKeyguardUpdateMonitor: 	at com.android.keyguard.MiuiKeyguardViewMediator.handleShow(MiuiKeyguardViewMediator.java:1783)
01-10 12:18:09.972 29613 29613 E MiuiKeyguardUpdateMonitor: 	at com.android.keyguard.MiuiKeyguardViewMediator.access$3700(MiuiKeyguardViewMediator.java:136)
01-10 12:18:09.972 29613 29613 E MiuiKeyguardUpdateMonitor: 	at com.android.keyguard.MiuiKeyguardViewMediator$16.handleMessage(MiuiKeyguardViewMediator.java:1577)
01-10 12:18:09.972 29613 29613 E MiuiKeyguardUpdateMonitor: 	at android.os.Handler.dispatchMessage(Handler.java:102)
01-10 12:18:09.972 29613 29613 E MiuiKeyguardUpdateMonitor: 	at android.os.Looper.loop(Looper.java:148)
01-10 12:18:09.972 29613 29613 E MiuiKeyguardUpdateMonitor: 	at android.app.ActivityThread.main(ActivityThread.java:5417)
01-10 12:18:09.972 29613 29613 E MiuiKeyguardUpdateMonitor: 	at android.app.ActivityThreadHook.handleMain(ActivityThreadHook.java:27)
01-10 12:18:09.972 29613 29613 E MiuiKeyguardUpdateMonitor: 	at java.lang.reflect.Method.invoke(Native Method)
01-10 12:18:09.972 29613 29613 E MiuiKeyguardUpdateMonitor: 	at com.android.internal.os.ZygoteInit$MethodAndArgsCaller.run(ZygoteInit.java:726)
01-10 12:18:09.972 29613 29613 E MiuiKeyguardUpdateMonitor: 	at com.android.internal.os.ZygoteInit.main(ZygoteInit.java:616)
01-10 12:18:10.031 29410 29519 E Sensors : ProximitySensor: p sensor data (1)
01-10 12:18:10.129 29613 29613 E RemoteController: Cannot set synchronization mode on an unregistered RemoteController
