01-10 12:18:10.271 29410 29509 W ContextImpl: Calling a method in the system process without a qualified user: android.app.ContextImpl.startService:1221 com.android.server.policy.BaseMiuiPhoneWindowManager.startCameraProcess:439 com.android.server.policy.BaseMiuiPhoneWindowManager.screenTurnedOff:432 com.android.server.display.DisplayPowerController.setScreenState:794 com.android.server.display.DisplayPowerController.animateScreenStateChange:912 
01-10 12:18:10.294 29410 29509 E libEGL  : call to OpenGL ES API with no current context (logged once per thread)
01-10 12:18:10.355  1385  1385 W System  : ClassLoader referenced unknown path: /system/priv-app/MiuiCamera/lib/arm64
01-10 12:18:10.479 29187 29187 E [Gralloc-ERROR]: int gralloc_specific_fb_post(framebuffer_device_t*, buffer_handle_t):81 set top resource failed!! fd23 
01-10 12:18:10.487 29187 29187 E [Gralloc-ERROR]: int gralloc_specific_fb_post(framebuffer_device_t*, buffer_handle_t):81 set top resource failed!! fd23 
01-10 12:18:10.491 29410 29531 E native  : do suspend false
01-10 12:18:10.498 29773 29773 W ContextImpl: Calling a method in the system process without a qualified user: android.app.ContextImpl.sendBroadcast:763 android.content.ContextWrapper.sendBroadcast:396 com.miui.powercenter.provider.PowerSaveService.kt:-1 com.miui.powercenter.provider.PowerSaveService.c:-1 com.miui.powercenter.provider.e.onReceive:-1 
01-10 12:18:11.125 29410 29531 E native  : do suspend true
01-10 12:18:44.018 29186 29480 E NetlinkEvent: NetlinkEvent::FindParam(): Parameter 'UID' not found
01-10 12:18:45.009 29931 29931 W PushService: 2018-01-10 12:18:45,009 - [WARN::PushService] - [Thread:1] register timer 1515587024733
01-10 12:18:45.009 29931 29931 W PushService: 2018-01-10 12:18:45,009 - [WARN::PushService] - [Thread:1] com.xiaomi.xmsf is the package name
01-10 12:18:45.010 29931 29931 W PushService: 2018-01-10 12:18:45,009 - [WARN::PushService] - [Thread:1] Ping XMChannelService on timer
01-10 12:18:45.012 29931 29931 W PushService: 2018-01-10 12:18:45,011 - [WARN::PushService] - [Thread:1] onStart() with intent.Action = com.xiaomi.push.timer, chid = null
01-10 12:18:45.012 29931 29931 W PushService: 2018-01-10 12:18:45,012 - [WARN::PushService] - [Thread:1] Service called on timer
01-10 12:18:45.028 29931 32180 W PushService: 2018-01-10 12:18:45,028 - [WARN::PushService] - [Thread:86] [Slim] SND ping id=0
01-10 12:18:45.029 29931 32180 W PushService: 2018-01-10 12:18:45,029 - [WARN::PushService] - [Thread:86] [Slim] Wrote {cmd=PING;chid=0;len=33}
01-10 12:18:45.029 29931 32180 W PushService: 2018-01-10 12:18:45,029 - [WARN::PushService] - [Thread:86] [Slim] 12:18:45  Sent  Blob [PING,0,0]
01-10 12:18:45.030 29186 29480 E NetlinkEvent: NetlinkEvent::FindParam(): Parameter 'UID' not found
01-10 12:18:45.088 29931   501 W PushService: 2018-01-10 12:18:45,087 - [WARN::PushService] - [Thread:94] [Slim] Read {cmd=PING;chid=0;len=27}
01-10 12:18:45.088 29931   501 W PushService: 2018-01-10 12:18:45,088 - [WARN::PushService] - [Thread:94] [Slim] RCV ping id=0
01-10 12:18:45.088 29931   501 W PushService: 2018-01-10 12:18:45,088 - [WARN::PushService] - [Thread:94] [Slim] 12:18:45  RCV  Blob [PING,0,0]
01-10 12:18:56.260 29931 32180 W PushService: 2018-01-10 12:18:56,259 - [WARN::PushService] - [Thread:86] JOB: check the ping-pong.1515586725024
01-10 12:19:54.006 29186 29480 E NetlinkEvent: NetlinkEvent::FindParam(): Parameter 'UID' not found
01-10 12:19:55.386   524   524 W ContextImpl: Calling a method in the system process without a qualified user: android.app.ContextImpl.startService:1221 android.content.ContextWrapper.startService:581 android.content.ContextWrapper.startService:581 com.android.settings.MiuiSettingsReceiver.onReceive:185 android.app.ActivityThread.handleReceiver:2725 
01-10 12:19:55.396   524   524 W ContextImpl: Calling a method in the system process without a qualified user: android.app.ContextImpl.startService:1221 android.content.ContextWrapper.startService:581 android.content.ContextWrapper.startService:581 com.android.settings.AnalyticsReceiver.onReceive:24 android.app.ActivityThread.handleReceiver:2725 
01-10 12:19:55.408   524  1417 W ContextImpl: Calling a method in the system process without a qualified user: android.app.ContextImpl.bindService:1285 android.content.ContextWrapper.bindService:604 miui.analytics.Analytics.endSession:120 com.android.settings.analytics.AnalyticService.onHandleIntent:106 android.app.IntentService$ServiceHandler.handleMessage:66 
01-10 12:19:55.409 29613 30807 W ContextImpl: Calling a method in the system process without a qualified user: android.app.ContextImpl.bindService:1285 android.content.ContextWrapper.bindService:604 com.xiaomi.mistatistic.sdk.controller.LocalEventRecorder.a:90 com.xiaomi.mistatistic.sdk.controller.LocalEventRecorder.b:70 com.xiaomi.mistatistic.sdk.controller.LocalEventRecorder.a:25 
01-10 12:19:55.440   524  1417 W ContextImpl: Calling a method in the system process without a qualified user: android.app.ContextImpl.bindService:1285 android.content.ContextWrapper.bindService:604 miui.analytics.Analytics.endSession:120 com.android.settings.analytics.AnalyticService.onHandleIntent:106 android.app.IntentService$ServiceHandler.handleMessage:66 
01-10 12:19:55.487 29613 29613 W ProgressBarDelegate: Unknown Drawable subclass, src=android.graphics.drawable.ScaleDrawable@600cd88
01-10 12:19:55.487 29613 29613 W ProgressBarDelegate: Unknown Drawable subclass, src=android.graphics.drawable.ScaleDrawable@c272321
01-10 12:19:55.602 29613 29613 W Settings: Setting power_sounds_enabled has moved from android.provider.Settings.System to android.provider.Settings.Global, returning read-only value.
01-10 12:19:55.607  2415 32052 W AMessage: failed to post message as target looper for handler 0 is gone.
01-10 12:19:55.675 29773 29773 W ContextImpl: Calling a method in the system process without a qualified user: android.app.ContextImpl.sendBroadcast:763 android.content.ContextWrapper.sendBroadcast:396 com.miui.powercenter.provider.PowerSaveService.kt:-1 com.miui.powercenter.provider.PowerSaveService.c:-1 com.miui.powercenter.provider.e.onReceive:-1 
01-10 12:19:55.675 29410 29531 E native  : do suspend false
01-10 12:19:55.681 29613 29613 W PowerUI : unknown intent: Intent { act=android.intent.action.ACTION_POWER_CONNECTED flg=0x4000010 }
01-10 12:19:55.689  2415  1447 E OMXNodeInstance: setConfig(63:google.vorbis.decoder, ConfigPriority(0x6f800002)) ERROR: Undefined(0x80001001)
01-10 12:19:55.698 29410 29519 E Sensors : ProximitySensor: p sensor data (1)
01-10 12:19:55.723  1424  1424 W System  : ClassLoader referenced unknown path: /system/app/CloudService/lib/arm64
01-10 12:19:55.745 29613 29613 W ProgressBarDelegate: Unknown Drawable subclass, src=android.graphics.drawable.ScaleDrawable@2d63171
01-10 12:19:55.745 29613 29613 W ProgressBarDelegate: Unknown Drawable subclass, src=android.graphics.drawable.ScaleDrawable@6a9ab56
01-10 12:19:55.763 29410 29519 E Sensors : ProximitySensor: p sensor data (1)
01-10 12:19:55.788 29186 29480 E NetlinkEvent: NetlinkEvent::FindParam(): Parameter 'UID' not found
01-10 12:19:55.827 29410 29519 E Sensors : ProximitySensor: p sensor data (1)
01-10 12:19:55.894 29410 29519 E Sensors : ProximitySensor: p sensor data (1)
01-10 12:19:55.904   524   524 W ContextImpl: Calling a method in the system process without a qualified user: android.app.ContextImpl.startService:1221 android.content.ContextWrapper.startService:581 android.content.ContextWrapper.startService:581 com.android.settings.MiuiSettingsReceiver.onReceive:185 android.app.ActivityThread.handleReceiver:2725 
01-10 12:19:55.915   524  1472 W ContextImpl: Calling a method in the system process without a qualified user: android.app.ContextImpl.bindService:1285 android.content.ContextWrapper.bindService:604 miui.analytics.Analytics.endSession:120 com.android.settings.analytics.AnalyticService.onHandleIntent:106 android.app.IntentService$ServiceHandler.handleMessage:66 
01-10 12:19:55.915   524   524 W ContextImpl: Calling a method in the system process without a qualified user: android.app.ContextImpl.startService:1221 android.content.ContextWrapper.startService:581 android.content.ContextWrapper.startService:581 com.android.settings.AnalyticsReceiver.onReceive:24 android.app.ActivityThread.handleReceiver:2725 
01-10 12:19:55.930   524  1472 W ContextImpl: Calling a method in the system process without a qualified user: android.app.ContextImpl.bindService:1285 android.content.ContextWrapper.bindService:604 miui.analytics.Analytics.endSession:120 com.android.settings.analytics.AnalyticService.onHandleIntent:106 android.app.IntentService$ServiceHandler.handleMessage:66 
01-10 12:19:55.942 29613 29613 W ProgressBarDelegate: Unknown Drawable subclass, src=android.graphics.drawable.ScaleDrawable@2c041f9
01-10 12:19:55.943 29613 29613 W ProgressBarDelegate: Unknown Drawable subclass, src=android.graphics.drawable.ScaleDrawable@f8c253e
01-10 12:19:55.959 29410 29519 E Sensors : ProximitySensor: p sensor data (1)
01-10 12:19:55.972  1453  1453 W System  : ClassLoader referenced unknown path: /system/app/CloudService/lib/arm64
01-10 12:19:56.025 29410 29519 E Sensors : ProximitySensor: p sensor data (1)
01-10 12:19:56.092 29410 29519 E Sensors : ProximitySensor: p sensor data (1)
01-10 12:19:56.159 29410 29519 E Sensors : ProximitySensor: p sensor data (1)
01-10 12:19:56.226 29410 29519 E Sensors : ProximitySensor: p sensor data (1)
01-10 12:19:56.255  1453  1453 W Event   : Subscriber to unregister was not registered before: class com.miui.cloudservice.state.MiCloudSyncStateService
01-10 12:19:56.268 29410 29713 E DatabaseUtils: Writing exception to parcel
01-10 12:19:56.268 29410 29713 E DatabaseUtils: java.lang.IllegalArgumentException: You cannot keep your settings in the secure settings.
01-10 12:19:56.268 29410 29713 E DatabaseUtils: 	at com.android.providers.settings.SettingsProvider.warnOrThrowForUndesiredSecureSettingsMutationForTargetSdk(SettingsProvider.java:1184)
01-10 12:19:56.268 29410 29713 E DatabaseUtils: 	at com.android.providers.settings.SettingsProvider.enforceRestrictedSystemSettingsMutationForCallingPackage(SettingsProvider.java:1035)
01-10 12:19:56.268 29410 29713 E DatabaseUtils: 	at com.android.providers.settings.SettingsProvider.mutateSystemSetting(SettingsProvider.java:907)
01-10 12:19:56.268 29410 29713 E DatabaseUtils: 	at com.android.providers.settings.SettingsProvider.insertSystemSetting(SettingsProvider.java:875)
01-10 12:19:56.268 29410 29713 E DatabaseUtils: 	at com.android.providers.settings.SettingsProvider.call(SettingsProvider.java:258)
01-10 12:19:56.268 29410 29713 E DatabaseUtils: 	at android.content.ContentProvider$Transport.call(ContentProvider.java:398)
01-10 12:19:56.268 29410 29713 E DatabaseUtils: 	at android.content.ContentProviderNative.onTransact(ContentProviderNative.java:283)
01-10 12:19:56.268 29410 29713 E DatabaseUtils: 	at android.os.Binder.execTransact(Binder.java:453)
01-10 12:19:56.268 30061 30800 W System.err: java.lang.IllegalArgumentException: You cannot keep your settings in the secure settings.
01-10 12:19:56.268 30061 30800 W System.err: 	at android.database.DatabaseUtils.readExceptionFromParcel(DatabaseUtils.java:165)
01-10 12:19:56.268 30061 30800 W System.err: 	at android.database.DatabaseUtils.readExceptionFromParcel(DatabaseUtils.java:135)
01-10 12:19:56.268 30061 30800 W System.err: 	at android.content.ContentProviderProxy.call(ContentProviderNative.java:646)
01-10 12:19:56.269 30061 30800 W System.err: 	at android.provider.Settings$NameValueCache.putStringForUser(Settings.java:1322)
01-10 12:19:56.269 30061 30800 W System.err: 	at android.provider.Settings$System.putStringForUser(Settings.java:1652)
01-10 12:19:56.269 30061 30800 W System.err: 	at android.provider.Settings$System.putString(Settings.java:1636)
01-10 12:19:56.269 30061 30800 W System.err: 	at com.b.a.c.d.d(Unknown Source)
01-10 12:19:56.269 30061 30800 W System.err: 	at com.b.a.c.d.e(Unknown Source)
01-10 12:19:56.269 30061 30800 W System.err: 	at com.b.a.c.d.a(Unknown Source)
01-10 12:19:56.269 30061 30800 W System.err: 	at com.b.a.c.c.b(Unknown Source)
01-10 12:19:56.269 30061 30800 W System.err: 	at com.b.a.c.c.a(Unknown Source)
01-10 12:19:56.269 30061 30800 W System.err: 	at com.b.a.c.a.a(Unknown Source)
01-10 12:19:56.269 30061 30800 W System.err: 	at com.autonavi.aps.amapapi.j.b.a(Unknown Source)
01-10 12:19:56.269 30061 30800 W System.err: 	at com.autonavi.aps.amapapi.j.b.a(Unknown Source)
01-10 12:19:56.269 30061 30800 W System.err: 	at com.autonavi.aps.amapapi.a.a(Unknown Source)
01-10 12:19:56.269 30061 30800 W System.err: 	at com.autonavi.aps.amapapi.a.N(Unknown Source)
01-10 12:19:56.269 30061 30800 W System.err: 	at com.autonavi.aps.amapapi.a.c(Unknown Source)
01-10 12:19:56.269 30061 30800 W System.err: 	at com.amap.android.location.internal.server.b.run(Unknown Source)
01-10 12:19:56.269 30061 30800 W System.err: 	at android.os.Handler.handleCallback(Handler.java:739)
01-10 12:19:56.269 30061 30800 W System.err: 	at android.os.Handler.dispatchMessage(Handler.java:95)
01-10 12:19:56.269 30061 30800 W System.err: 	at android.os.Looper.loop(Looper.java:148)
01-10 12:19:56.269 30061 30800 W System.err: 	at android.os.HandlerThread.run(HandlerThread.java:61)
01-10 12:19:56.269 30061 30800 W System  : Ignoring header utdid because its value was null.
01-10 12:19:56.290 29410 29519 E Sensors : ProximitySensor: p sensor data (1)
01-10 12:19:56.360 29410 29519 E Sensors : ProximitySensor: p sensor data (1)
01-10 12:19:56.424 29410 29519 E Sensors : ProximitySensor: p sensor data (1)
01-10 12:19:57.532   609  1481 W System.err: org.json.JSONException: No value for brandInfo
01-10 12:19:57.533   609  1481 W System.err: 	at org.json.JSONObject.get(JSONObject.java:389)
01-10 12:19:57.533   609  1481 W System.err: 	at org.json.JSONObject.getJSONObject(JSONObject.java:609)
01-10 12:19:57.534   609  1481 W System.err: 	at com.miui.weather2.source.WeatherReader.parseBrandInfo(WeatherReader.java:271)
01-10 12:19:57.534   609  1481 W System.err: 	at com.miui.weather2.structures.WeatherData.<init>(WeatherData.java:57)
01-10 12:19:57.534   609  1481 W System.err: 	at com.miui.weather2.model.WeatherSession.updateAllBackgroundWeatherNet(WeatherSession.java:195)
01-10 12:19:57.534   609  1481 W System.err: 	at com.miui.weather2.service.WeatherUpdater.run(WeatherUpdater.java:18)
01-10 12:19:57.534   609  1481 W System.err: 	at com.miui.weather2.service.ServiceJob.doMyJob(ServiceJob.java:43)
01-10 12:19:57.534   609  1481 W System.err: 	at com.miui.weather2.service.UpdateService.onHandleIntent(UpdateService.java:23)
01-10 12:19:57.534   609  1481 W System.err: 	at android.app.IntentService$ServiceHandler.handleMessage(IntentService.java:66)
01-10 12:19:57.534   609  1481 W System.err: 	at android.os.Handler.dispatchMessage(Handler.java:102)
01-10 12:19:57.534   609  1481 W System.err: 	at android.os.Looper.loop(Looper.java:148)
01-10 12:19:57.534   609  1481 W System.err: 	at android.os.HandlerThread.run(HandlerThread.java:61)
01-10 12:19:57.615   609  1481 W System.err: org.json.JSONException: No value for brandInfo
01-10 12:19:57.616   609  1481 W System.err: 	at org.json.JSONObject.get(JSONObject.java:389)
01-10 12:19:57.616   609  1481 W System.err: 	at org.json.JSONObject.getJSONObject(JSONObject.java:609)
01-10 12:19:57.616   609  1481 W System.err: 	at com.miui.weather2.source.WeatherReader.parseBrandInfo(WeatherReader.java:271)
01-10 12:19:57.616   609  1481 W System.err: 	at com.miui.weather2.structures.WeatherData.<init>(WeatherData.java:57)
01-10 12:19:57.616   609  1481 W System.err: 	at com.miui.weather2.tools.WeatherDB.generateWeatherData(WeatherDB.java:483)
01-10 12:19:57.616   609  1481 W System.err: 	at com.miui.weather2.tools.WeatherDB.getBackgroundWeatherData(WeatherDB.java:463)
01-10 12:19:57.616   609  1481 W System.err: 	at com.miui.weather2.tools.WeatherDB.getWeatherDataLocalByPidArray(WeatherDB.java:433)
01-10 12:19:57.616   609  1481 W System.err: 	at com.miui.weather2.model.WeatherSession.getWeatherDataLocalByCityId(WeatherSession.java:43)
01-10 12:19:57.616   609  1481 W System.err: 	at com.miui.weather2.model.WeatherSession.updateAllBackgroundWeatherNet(WeatherSession.java:201)
01-10 12:19:57.616   609  1481 W System.err: 	at com.miui.weather2.service.WeatherUpdater.run(WeatherUpdater.java:18)
01-10 12:19:57.616   609  1481 W System.err: 	at com.miui.weather2.service.ServiceJob.doMyJob(ServiceJob.java:43)
01-10 12:19:57.616   609  1481 W System.err: 	at com.miui.weather2.service.UpdateService.onHandleIntent(UpdateService.java:23)
01-10 12:19:57.616   609  1481 W System.err: 	at android.app.IntentService$ServiceHandler.handleMessage(IntentService.java:66)
01-10 12:19:57.616   609  1481 W System.err: 	at android.os.Handler.dispatchMessage(Handler.java:102)
01-10 12:19:57.616   609  1481 W System.err: 	at android.os.Looper.loop(Looper.java:148)
01-10 12:19:57.616   609  1481 W System.err: 	at android.os.HandlerThread.run(HandlerThread.java:61)
01-10 12:19:57.878 29410 29501 E libgps  : LIBGPS: Cannot communicate (write) with a GPSD
01-10 12:19:57.878 29410 29501 E libgps  : IPC Communication Error, ../../../../tmp/14477502_250069/proprietary/deliverables/android/gps_interface/gpsi_client/GpsiClient.cpp:1305 gps_inject_location
01-10 12:19:57.940 29410 29503 W art     : Long monitor contention event with owner method=void com.android.server.am.ActivityManagerService.serviceDoneExecuting(android.os.IBinder, int, int, int) from ActivityManagerService.java:16097 waiters=0 for 113ms
01-10 12:20:05.952 29410 29509 W ContextImpl: Calling a method in the system process without a qualified user: android.app.ContextImpl.startService:1221 com.android.server.policy.BaseMiuiPhoneWindowManager.startCameraProcess:439 com.android.server.policy.BaseMiuiPhoneWindowManager.screenTurnedOff:432 com.android.server.display.DisplayPowerController.setScreenState:794 com.android.server.display.DisplayPowerController.animateScreenStateChange:912 
01-10 12:20:06.040 29796 29857 W WtProcessController: do not trim { PackageName :com.miui.securitycenter Pid: 29773 Uid: 1000 Start by: unknown Score:40 Old score:40 state:0 mBackgroundTimeInMillis:1515586585788 WakelockCount:0 wakelogsize:0  ActivityDestroied:false Activity size: 0 PackageInfo:{WhetstonePackageInfo#PacakgeName:com.miui.securitycenter uid:1000 uiMemoryThresold:0 nonUiMemoryThresold:0 Flag:-2147479740,0x80000f44 [,DestoryActivity,TRIMHEAPS,TRIM_OPENGL,SOFT_RESET,APP_SYSTEM,TRIMPROCESS_BY_ACTIVITY] Type:0[] } tasknum:-1}
01-10 12:20:06.276 29187 29187 E [Gralloc-ERROR]: int gralloc_specific_fb_post(framebuffer_device_t*, buffer_handle_t):81 set top resource failed!! fd37 
01-10 12:20:06.285 29187 29187 E [Gralloc-ERROR]: int gralloc_specific_fb_post(framebuffer_device_t*, buffer_handle_t):81 set top resource failed!! fd37 
01-10 12:20:06.301 29410 29531 E native  : do suspend true
01-10 12:20:19.998 29796 31817 W CloudControlInfo: Size of HttpRequest parcel:792
01-10 12:20:20.002 29796 31818 W CloudControlInfo: Size of HttpRequest parcel:556
01-10 12:20:20.560  1331  1516 W ContextImpl: Calling a method in the system process without a qualified user: android.app.ContextImpl.sendBroadcast:778 android.content.ContextWrapper.sendBroadcast:401 com.miui.personalassistant.cloudsync.CloudReceiver.e:-1 com.miui.personalassistant.cloudsync.b.i:-1 com.miui.personalassistant.cloudsync.b.b:-1 
01-10 12:20:30.565  1185  1201 E MI_STAT : upload is not allowed by the server.
01-10 12:20:35.645 29186 29480 E NetlinkEvent: NetlinkEvent::FindParam(): Parameter 'UID' not found
01-10 12:20:36.536 29186 29480 E NetlinkEvent: NetlinkEvent::FindParam(): Parameter 'UID' not found
