03-03 21:03:42.827  7515  7515 E AndroidRuntime: java.lang.RuntimeException: Unable to start activity ComponentInfo{com.meizu.connectivitysettings/com.meizu.connectivitysettings.SubSettings}: java.lang.NullPointerException: Attempt to invoke interface method 'boolean android.database.Cursor.moveToFirst()' on a null object reference
03-03 21:03:42.827  7515  7515 E AndroidRuntime: 	at android.app.ActivityThread.performLaunchActivity(ActivityThread.java:2699)
03-03 21:03:42.827  7515  7515 E AndroidRuntime: 	at android.app.ActivityThread.handleLaunchActivity(ActivityThread.java:2766)
03-03 21:03:42.827  7515  7515 E AndroidRuntime: 	at android.app.ActivityThread.-wrap12(ActivityThread.java)
03-03 21:03:42.827  7515  7515 E AndroidRuntime: 	at android.app.ActivityThread$H.handleMessage(ActivityThread.java)
03-03 21:03:42.827  7515  7515 E AndroidRuntime: 	at android.os.Handler.dispatchMessage(Handler.java:102)
03-03 21:03:42.827  7515  7515 E AndroidRuntime: 	at android.os.Looper.loop(Looper.java:154)
03-03 21:03:42.827  7515  7515 E AndroidRuntime: 	at android.app.ActivityThread.main(ActivityThread.java:6229)
03-03 21:03:42.827  7515  7515 E AndroidRuntime: 	at java.lang.reflect.Method.invoke(Native Method)
03-03 21:03:42.827  7515  7515 E AndroidRuntime: 	at com.android.internal.os.ZygoteInit$MethodAndArgsCaller.run(ZygoteInit.java:891)
03-03 21:03:42.827  7515  7515 E AndroidRuntime: 	at com.android.internal.os.ZygoteInit.main(ZygoteInit.java:781)
03-03 21:03:42.827  7515  7515 E AndroidRuntime: Caused by: java.lang.NullPointerException: Attempt to invoke interface method 'boolean android.database.Cursor.moveToFirst()' on a null object reference
03-03 21:03:42.827  7515  7515 E AndroidRuntime: 	at com.meizu.connectivitysettings.ApnEditor.initView(ApnEditor.java:379)
03-03 21:03:42.827  7515  7515 E AndroidRuntime: 	at com.meizu.connectivitysettings.ApnEditor.onCreate(ApnEditor.java:266)
03-03 21:03:42.827  7515  7515 E AndroidRuntime: 	at android.app.Fragment.performCreate(Fragment.java:2336)
03-03 21:03:42.827  7515  7515 E AndroidRuntime: 	at android.app.FragmentManagerImpl.moveToState(FragmentManager.java:949)
03-03 21:03:42.827  7515  7515 E AndroidRuntime: 	at android.app.FragmentManagerImpl.moveToState(FragmentManager.java:1171)
03-03 21:03:42.827  7515  7515 E AndroidRuntime: 	at android.app.BackStackRecord.run(BackStackRecord.java:816)
03-03 21:03:42.827  7515  7515 E AndroidRuntime: 	at android.app.FragmentManagerImpl.execPendingActions(FragmentManager.java:1578)
03-03 21:03:42.827  7515  7515 E AndroidRuntime: 	at android.app.FragmentManagerImpl.executePendingTransactions(FragmentManager.java:563)
03-03 21:03:42.827  7515  7515 E AndroidRuntime: 	at com.meizu.connectivitysettings.SettingsActivity.switchToFragment(SettingsActivity.java:388)
03-03 21:03:42.827  7515  7515 E AndroidRuntime: 	at com.meizu.connectivitysettings.SettingsActivity.handlIntent(SettingsActivity.java:277)
03-03 21:03:42.827  7515  7515 E AndroidRuntime: 	at com.meizu.connectivitysettings.SettingsActivity.onCreate(SettingsActivity.java:178)
03-03 21:03:42.827  7515  7515 E AndroidRuntime: 	at android.app.Activity.performCreate(Activity.java)
03-03 21:03:42.827  7515  7515 E AndroidRuntime: 	at android.app.Instrumentation.callActivityOnCreate(Instrumentation.java:1119)
03-03 21:03:42.827  7515  7515 E AndroidRuntime: 	at android.app.ActivityThread.performLaunchActivity(ActivityThread.java:2652)
03-03 21:03:42.827  7515  7515 E AndroidRuntime: 	... 9 more
03-03 21:03:42.849  3585  3757 W ActivityManager:   Force finishing activity com.meizu.connectivitysettings/.SubSettings
03-03 21:03:42.854  3585  3757 W ActivityManager:   Force finishing activity com.meizu.connectivitysettings/.SubSettings
03-03 21:03:42.879  3585  3601 W BroadcastQueue: Skipping deliver [background] BroadcastRecord{dc642f9 u-1 android.intent.action.ANY_DATA_STATE} to ReceiverList{750dbc 7515 com.meizu.connectivitysettings/1000/u0 remote:31da5af}: process crashing
03-03 21:03:42.882  3585  3601 W BroadcastQueue: Skipping deliver [background] BroadcastRecord{209589f u-1 android.intent.action.ANY_DATA_STATE} to ReceiverList{750dbc 7515 com.meizu.connectivitysettings/1000/u0 remote:31da5af}: process crashing
03-03 21:03:42.898  3585  3601 W BroadcastQueue: Skipping deliver [background] BroadcastRecord{bd06cd8 u-1 android.intent.action.ANY_DATA_STATE} to ReceiverList{750dbc 7515 com.meizu.connectivitysettings/1000/u0 remote:31da5af}: process crashing
03-03 21:03:42.907  3585  3601 W BroadcastQueue: Skipping deliver [background] BroadcastRecord{ff85831 u-1 android.intent.action.ANY_DATA_STATE} to ReceiverList{750dbc 7515 com.meizu.connectivitysettings/1000/u0 remote:31da5af}: process crashing
03-03 21:03:42.914  3585  3601 W BroadcastQueue: Skipping deliver [background] BroadcastRecord{67662a2 u-1 android.intent.action.ANY_DATA_STATE} to ReceiverList{750dbc 7515 com.meizu.connectivitysettings/1000/u0 remote:31da5af}: process crashing
03-03 21:03:42.920  3585  3601 W BroadcastQueue: Skipping deliver [background] BroadcastRecord{240dc69 u-1 android.intent.action.ANY_DATA_STATE} to ReceiverList{750dbc 7515 com.meizu.connectivitysettings/1000/u0 remote:31da5af}: process crashing
03-03 21:03:42.930  3585  3601 W BroadcastQueue: Skipping deliver [background] BroadcastRecord{625a3fa u-1 android.intent.action.ANY_DATA_STATE} to ReceiverList{750dbc 7515 com.meizu.connectivitysettings/1000/u0 remote:31da5af}: process crashing
03-03 21:03:43.012  3585  3601 W BroadcastQueue: Skipping deliver [background] BroadcastRecord{9af5277 u-1 android.intent.action.ANY_DATA_STATE} to ReceiverList{750dbc 7515 com.meizu.connectivitysettings/1000/u0 remote:31da5af}: process crashing
03-03 21:03:43.017  3585  3601 W BroadcastQueue: Skipping deliver [background] BroadcastRecord{9d08ee4 u-1 android.intent.action.ANY_DATA_STATE} to ReceiverList{750dbc 7515 com.meizu.connectivitysettings/1000/u0 remote:31da5af}: process crashing
03-03 21:03:43.028  3585  3601 W BroadcastQueue: Skipping deliver [background] BroadcastRecord{1ae7f4d u-1 android.intent.action.ANY_DATA_STATE} to ReceiverList{750dbc 7515 com.meizu.connectivitysettings/1000/u0 remote:31da5af}: process crashing
03-03 21:03:43.034  3585  3601 W BroadcastQueue: Skipping deliver [background] BroadcastRecord{4a3da02 u-1 android.intent.action.ANY_DATA_STATE} to ReceiverList{750dbc 7515 com.meizu.connectivitysettings/1000/u0 remote:31da5af}: process crashing
03-03 21:03:43.044  3585  3601 W BroadcastQueue: Skipping deliver [background] BroadcastRecord{5bc9f13 u-1 android.intent.action.ANY_DATA_STATE} to ReceiverList{750dbc 7515 com.meizu.connectivitysettings/1000/u0 remote:31da5af}: process crashing
03-03 21:03:43.049  3585  3601 W BroadcastQueue: Skipping deliver [background] BroadcastRecord{579b550 u-1 android.intent.action.ANY_DATA_STATE} to ReceiverList{750dbc 7515 com.meizu.connectivitysettings/1000/u0 remote:31da5af}: process crashing
03-03 21:03:43.053  3585  3601 W BroadcastQueue: Skipping deliver [background] BroadcastRecord{5f0c349 u-1 android.intent.action.ANY_DATA_STATE} to ReceiverList{750dbc 7515 com.meizu.connectivitysettings/1000/u0 remote:31da5af}: process crashing
03-03 21:03:43.063  3585  3601 W BroadcastQueue: Skipping deliver [background] BroadcastRecord{679944e u-1 android.intent.action.ANY_DATA_STATE} to ReceiverList{750dbc 7515 com.meizu.connectivitysettings/1000/u0 remote:31da5af}: process crashing
03-03 21:03:43.355  3585  3601 W ActivityManager: Activity pause timeout for ActivityRecord{2775854 u0 com.meizu.connectivitysettings/.SubSettings t5 f}
03-03 21:03:44.277  3585  3757 W ActivityManager:   Force finishing activity com.meizu.connectivitysettings/.SubSettings
03-03 21:03:44.278  3585  3757 W ActivityManager:   Force finishing activity com.meizu.connectivitysettings/.SubSettings
03-03 21:03:44.280  3585  3757 W ActivityManager:   Force finishing activity com.meizu.connectivitysettings/.Settings
03-03 21:03:44.295  3585  3757 E ActivityManager: Found activity ActivityRecord{4a9b9da u0 com.meizu.connectivitysettings/.Settings t5 f} in proc activity list using null instead of expected ProcessRecord{44fdf26 7515:com.meizu.connectivitysettings/1000}
03-03 21:03:44.310  3585  3602 W InputEventReceiver: Attempted to finish an input event but the input event receiver has already been disposed.
03-03 21:03:44.326  3585  3663 E flymed_connector: Communications error: java.io.IOException: No such file or directory
03-03 21:03:44.327  3585  3663 E flymed_connector: Error in NativeDaemonConnector: java.io.IOException: No such file or directory
03-03 21:03:44.357  3585  4928 E JavaBinder: !!! FAILED BINDER TRANSACTION !!!  (parcel size = 104)
03-03 21:03:44.360  3585  4928 W InputMethodManagerService: Got RemoteException sending setActive(false) notification to pid 7515 uid 1000
03-03 21:03:44.360  3585  4928 E JavaBinder: !!! FAILED BINDER TRANSACTION !!!  (parcel size = 108)
03-03 21:03:44.397  3585  3657 W InputDispatcher: channel 'ff1b373 com.meizu.connectivitysettings/com.meizu.connectivitysettings.Settings (server)' ~ Consumer closed input channel or an error occurred.  events=0x9
03-03 21:03:44.397  3585  3657 E InputDispatcher: channel 'ff1b373 com.meizu.connectivitysettings/com.meizu.connectivitysettings.Settings (server)' ~ Channel is unrecoverably broken and will be disposed!
03-03 21:03:44.397  3585  3657 W InputDispatcher: channel 'd345c66 com.meizu.connectivitysettings/com.meizu.connectivitysettings.SubSettings (server)' ~ Consumer closed input channel or an error occurred.  events=0x9
03-03 21:03:44.397  3585  3657 E InputDispatcher: channel 'd345c66 com.meizu.connectivitysettings/com.meizu.connectivitysettings.SubSettings (server)' ~ Channel is unrecoverably broken and will be disposed!
03-03 21:03:44.400  3585  4382 W InputDispatcher: Attempted to unregister already unregistered input channel 'd345c66 com.meizu.connectivitysettings/com.meizu.connectivitysettings.SubSettings (server)'
03-03 21:03:44.406  3585  4353 W InputDispatcher: Attempted to unregister already unregistered input channel 'ff1b373 com.meizu.connectivitysettings/com.meizu.connectivitysettings.Settings (server)'
03-03 21:03:44.473  3585  3609 W AppOps  : Finishing op nesting under-run: uid 1000 pkg android code 24 time=0 duration=0 nesting=0
03-03 21:03:44.814  3201  3327 E logserver: process_one_event, can not find this event(system_app_strictmode@1520082224814.txt.gz)
03-03 21:03:44.961  3871  3871 W recents.Performance: screenshot spend : 25ms
03-03 21:03:44.962  3871  3871 W recents.TaskStackView: requestLayout
03-03 21:03:44.962  3871  3871 W recents.TaskStackView: requestLayout
03-03 21:03:44.963  3871  3871 W recents.TaskStackView: requestLayout
03-03 21:03:44.991  3585  3596 E WindowManager: Unknown window type: 2041
03-03 21:03:45.060  3871  3871 W recents.TaskStackView: requestLayout
03-03 21:03:45.098  3585  3609 E WindowManager: Unknown window type: 2041
03-03 21:03:45.161  3871  3871 E recents.Proxy: WhiteList writeLock unlock after data init
03-03 21:03:45.165  3871  3871 W recents.TaskStackView: requestLayout
03-03 21:03:45.165  3585  3609 E WindowManager: Unknown window type: 2041
03-03 21:03:45.181  3585  3609 E WindowManager: Unknown window type: 2041
03-03 21:03:45.711  3585  3609 E WindowManager: Unknown window type: 2041
03-03 21:03:45.731  3585  3609 E WindowManager: Unknown window type: 2041
03-03 21:03:45.750  3585  3609 E WindowManager: Unknown window type: 2041
03-03 21:03:45.765  3585  3609 E WindowManager: Unknown window type: 2041
03-03 21:03:45.807  3585  3609 E WindowManager: Unknown window type: 2041
03-03 21:03:45.816  3585  3609 E WindowManager: Unknown window type: 2041
03-03 21:03:45.831  3585  3609 E WindowManager: Unknown window type: 2041
03-03 21:03:45.865  3585  3609 E WindowManager: Unknown window type: 2041
03-03 21:03:45.890  3585  3609 E WindowManager: Unknown window type: 2041
03-03 21:03:45.901  3585  3609 E WindowManager: Unknown window type: 2041
03-03 21:03:45.916  3585  3609 E WindowManager: Unknown window type: 2041
03-03 21:03:45.932  3585  3609 E WindowManager: Unknown window type: 2041
03-03 21:03:45.948  3585  3609 E WindowManager: Unknown window type: 2041
03-03 21:03:45.965  3585  3609 E WindowManager: Unknown window type: 2041
03-03 21:03:45.982  3585  3609 E WindowManager: Unknown window type: 2041
03-03 21:03:45.998  3585  3609 E WindowManager: Unknown window type: 2041
03-03 21:03:46.015  3585  3609 E WindowManager: Unknown window type: 2041
03-03 21:03:46.032  3585  3609 E WindowManager: Unknown window type: 2041
03-03 21:03:46.033  3871  3871 W recents.TaskStackView: requestLayout
03-03 21:03:46.048  3585  3609 E WindowManager: Unknown window type: 2041
03-03 21:03:46.061  3871  3915 W recents.Proxy: packageName = com.android.settings is other will be forceStopPackage
03-03 21:03:46.065  3585  3609 E WindowManager: Unknown window type: 2041
03-03 21:03:46.080  3787  3787 E ActivityThread: Activity com.android.settings.Settings has leaked IntentReceiver com.meizu.settings.home.FlymeDashboardSummary$3@c656bcc that was originally registered here. Are you missing a call to unregisterReceiver()?
03-03 21:03:46.080  3787  3787 E ActivityThread: android.app.IntentReceiverLeaked: Activity com.android.settings.Settings has leaked IntentReceiver com.meizu.settings.home.FlymeDashboardSummary$3@c656bcc that was originally registered here. Are you missing a call to unregisterReceiver()?
03-03 21:03:46.080  3787  3787 E ActivityThread: 	at android.app.LoadedApk$ReceiverDispatcher.<init>(LoadedApk.java:1159)
03-03 21:03:46.080  3787  3787 E ActivityThread: 	at android.app.LoadedApk.getReceiverDispatcher(LoadedApk.java:946)
03-03 21:03:46.080  3787  3787 E ActivityThread: 	at android.app.ContextImpl.registerReceiverInternal(ContextImpl.java:1302)
03-03 21:03:46.080  3787  3787 E ActivityThread: 	at android.app.ContextImpl.registerReceiver(ContextImpl.java:1282)
03-03 21:03:46.080  3787  3787 E ActivityThread: 	at android.app.ContextImpl.registerReceiver(ContextImpl.java:1276)
03-03 21:03:46.080  3787  3787 E ActivityThread: 	at android.content.ContextWrapper.registerReceiver(ContextWrapper.java:586)
03-03 21:03:46.080  3787  3787 E ActivityThread: 	at com.meizu.settings.home.FlymeDashboardSummary.onCreate(FlymeDashboardSummary.java:108)
03-03 21:03:46.080  3787  3787 E ActivityThread: 	at android.app.Fragment.performCreate(Fragment.java:2336)
03-03 21:03:46.080  3787  3787 E ActivityThread: 	at android.app.FragmentManagerImpl.moveToState(FragmentManager.java:949)
03-03 21:03:46.080  3787  3787 E ActivityThread: 	at android.app.BackStackRecord.setLastIn(BackStackRecord.java:860)
03-03 21:03:46.080  3787  3787 E ActivityThread: 	at android.app.BackStackRecord.calculateFragments(BackStackRecord.java:900)
03-03 21:03:46.080  3787  3787 E ActivityThread: 	at android.app.BackStackRecord.run(BackStackRecord.java:728)
03-03 21:03:46.080  3787  3787 E ActivityThread: 	at android.app.FragmentManagerImpl.execPendingActions(FragmentManager.java:1578)
03-03 21:03:46.080  3787  3787 E ActivityThread: 	at android.app.FragmentManagerImpl.executePendingTransactions(FragmentManager.java:563)
03-03 21:03:46.080  3787  3787 E ActivityThread: 	at com.android.settings.SettingsActivity.switchToFragment(SettingsActivity.java:1283)
03-03 21:03:46.080  3787  3787 E ActivityThread: 	at com.android.settings.SettingsActivity.onCreate(SettingsActivity.java:764)
03-03 21:03:46.080  3787  3787 E ActivityThread: 	at android.app.Activity.performCreate(Activity.java)
03-03 21:03:46.080  3787  3787 E ActivityThread: 	at android.app.Instrumentation.callActivityOnCreate(Instrumentation.java:1119)
03-03 21:03:46.080  3787  3787 E ActivityThread: 	at android.app.ActivityThread.performLaunchActivity(ActivityThread.java:2652)
03-03 21:03:46.080  3787  3787 E ActivityThread: 	at android.app.ActivityThread.handleLaunchActivity(ActivityThread.java:2766)
03-03 21:03:46.080  3787  3787 E ActivityThread: 	at android.app.ActivityThread.-wrap12(ActivityThread.java)
03-03 21:03:46.080  3787  3787 E ActivityThread: 	at android.app.ActivityThread$H.handleMessage(ActivityThread.java)
03-03 21:03:46.080  3787  3787 E ActivityThread: 	at android.os.Handler.dispatchMessage(Handler.java:102)
03-03 21:03:46.080  3787  3787 E ActivityThread: 	at android.os.Looper.loop(Looper.java:154)
03-03 21:03:46.080  3787  3787 E ActivityThread: 	at android.app.ActivityThread.main(ActivityThread.java:6229)
03-03 21:03:46.080  3787  3787 E ActivityThread: 	at java.lang.reflect.Method.invoke(Native Method)
03-03 21:03:46.080  3787  3787 E ActivityThread: 	at com.android.internal.os.ZygoteInit$MethodAndArgsCaller.run(ZygoteInit.java:891)
03-03 21:03:46.080  3787  3787 E ActivityThread: 	at com.android.internal.os.ZygoteInit.main(ZygoteInit.java:781)
03-03 21:03:46.082  3585  3609 E WindowManager: Unknown window type: 2041
03-03 21:03:46.098  3585  3609 E WindowManager: Unknown window type: 2041
03-03 21:03:46.115  3585  3609 E WindowManager: Unknown window type: 2041
03-03 21:03:46.132  3585  3609 E WindowManager: Unknown window type: 2041
03-03 21:03:46.151  3585  3609 E WindowManager: Unknown window type: 2041
03-03 21:03:46.165  3585  3609 E WindowManager: Unknown window type: 2041
03-03 21:03:46.181  3585  3609 E WindowManager: Unknown window type: 2041
03-03 21:03:46.198  3585  3609 E WindowManager: Unknown window type: 2041
03-03 21:03:46.210  3201  3327 E logserver: process_one_event, can not find this event(system_app_strictmode@1520082226209.txt.gz)
03-03 21:03:46.215  3585  3609 E WindowManager: Unknown window type: 2041
03-03 21:03:46.400  4294  4294 E Launcher: Error start clone app: java.lang.NoSuchFieldException: No field mCloneId in class Landroid/content/Intent; (declaration of 'android.content.Intent' appears in /system/framework/framework.jar)
03-03 21:03:46.400  4294  4294 E Launcher: Error start clone app: java.lang.NoSuchFieldException: No field mCloneId in class Landroid/content/Intent; (declaration of 'android.content.Intent' appears in /system/framework/framework.jar)
03-03 21:03:46.564  3871  7577 E recents.Proxy: forceStopPackage release mem :com.android.dialer:0 24
03-03 21:03:46.564  3871  7577 E recents.Proxy: forceStopPackage release mem :com.meizu.mstore:0 13
03-03 21:03:46.564  3871  7577 E recents.Proxy: forceStopPackage release mem :com.meizu.flyme.service.find:0 12
03-03 21:03:46.564  3871  7577 E recents.Proxy: forceStopPackage release mem :android.ext.services:0 4
03-03 21:03:46.565  3871  7577 E recents.Proxy: forceStopPackage release mem :com.meizu.net.pedometer:0 6
03-03 21:03:46.565  3871  7577 E recents.Proxy: forceStopPackage release mem :com.amap.android.location:0 5
03-03 21:03:46.565  3871  7577 E recents.Proxy: forceStopPackage release mem :com.nesp.nsystemupdater:0 18
03-03 21:03:46.565  3871  7577 E recents.Proxy: forceStopPackage release mem :com.meizu.customizecenter:0 38
03-03 21:03:46.565  3871  7577 E recents.Proxy: forceStopPackage release mem :com.meizu.flyme.input:0 42
03-03 21:03:46.565  3871  7577 E recents.Proxy: forceStopPackage release mem :com.meizu.net.search:0 15
03-03 21:03:46.565  3871  7577 E recents.Proxy: forceStopPackage release mem :com.android.cellbroadcastreceiver:0 4
03-03 21:03:46.565  3871  7577 E recents.Proxy: forceStopPackage release mem :com.meizu.flyme.launcher:0 41
03-03 21:03:46.565  3871  7577 E recents.Proxy: forceStopPackage release mem :com.android.alarmclock:0 7
03-03 21:03:46.565  3871  7577 E recents.Proxy: forceStopPackage release mem :com.android.calendar:0 13
03-03 21:03:46.565  3871  7577 E recents.Proxy: forceStopPackage release mem :com.meizu.flyme.wallet:0 9
03-03 21:03:46.591  3201  3327 E logserver: process_one_event, can not find this event(system_app_strictmode@1520082226589.txt.gz)
03-03 21:03:49.329  3585  3663 E flymed_connector: Communications error: java.io.IOException: No such file or directory
03-03 21:03:49.330  3585  3663 E flymed_connector: Error in NativeDaemonConnector: java.io.IOException: No such file or directory
03-03 21:03:53.145  3186  3186 E Thermal-daemon: [charger_ic] temp_new :43  temp_old :44
03-03 21:03:53.145  3186  3186 E Thermal-daemon: Report temperature: [charger_ic] temp :43  report_threshold:1
03-03 21:03:53.146  3186  3186 E Thermal-daemon: [ap] temp_new :41  temp_old :42
03-03 21:03:53.146  3186  3186 E Thermal-daemon: Report temperature: [ap] temp :41  report_threshold:1
03-03 21:03:54.332  3585  3663 E flymed_connector: Communications error: java.io.IOException: No such file or directory
03-03 21:03:54.333  3585  3663 E flymed_connector: Error in NativeDaemonConnector: java.io.IOException: No such file or directory
03-03 21:03:58.146  3186  3186 E Thermal-daemon: [charger_ic] temp_new :42  temp_old :43
03-03 21:03:58.146  3186  3186 E Thermal-daemon: Report temperature: [charger_ic] temp :42  report_threshold:1
03-03 21:03:58.147  3186  3186 E Thermal-daemon: [ap] temp_new :40  temp_old :41
03-03 21:03:58.147  3186  3186 E Thermal-daemon: Report temperature: [ap] temp :40  report_threshold:1
03-03 21:03:59.334  3585  3663 E flymed_connector: Communications error: java.io.IOException: No such file or directory
03-03 21:03:59.335  3585  3663 E flymed_connector: Error in NativeDaemonConnector: java.io.IOException: No such file or directory
03-03 21:04:04.044  3585  3604 E BatteryStatsService: no controller energy info supplied
03-03 21:04:04.044  3585  3604 E BatteryStatsService: no controller energy info supplied
03-03 21:04:04.053  3814  3814 E PhoneInterfaceManager: [PhoneIntfMgr] queryModemActivityInfo: Empty response
03-03 21:04:04.065  3585  3604 E BatteryStatsService: modem info is invalid: ModemActivityInfo{ mTimestamp=0 mSleepTimeMs=0 mIdleTimeMs=0 mTxTimeMs[]=[0, 0, 0, 0, 0] mRxTimeMs=0 mEnergyUsed=0}
03-03 21:04:04.082  3585  3604 E BatteryStatsService: power: Missing API
03-03 21:04:04.125  7627  7627 W System  : ClassLoader referenced unknown path: /system/app/LockScreenFramework/lib/arm64
03-03 21:04:04.336  3585  3663 E flymed_connector: Communications error: java.io.IOException: No such file or directory
03-03 21:04:04.337  3585  3663 E flymed_connector: Error in NativeDaemonConnector: java.io.IOException: No such file or directory
03-03 21:04:04.337  4627  4627 W ContextImpl: Calling a method in the system process without a qualified user: android.app.ContextImpl.stopService:-1 android.content.ContextWrapper.stopService:618 android.content.ContextWrapper.stopService:618 com.meizu.safe.blockService.receiver.PowerConnectionReceiver.onReceive:29 android.app.ActivityThread.handleReceiver:3078 
03-03 21:04:08.147  3186  3186 E Thermal-daemon: [charger_ic] temp_new :40  temp_old :42
03-03 21:04:08.148  3186  3186 E Thermal-daemon: Report temperature: [charger_ic] temp :40  report_threshold:1
03-03 21:04:08.148  3186  3186 E Thermal-daemon: [ap] temp_new :39  temp_old :40
03-03 21:04:08.148  3186  3186 E Thermal-daemon: Report temperature: [ap] temp :39  report_threshold:1
03-03 21:04:09.340  3585  3663 E flymed_connector: Communications error: java.io.IOException: No such file or directory
03-03 21:04:09.344  3585  3663 E flymed_connector: Error in NativeDaemonConnector: java.io.IOException: No such file or directory
03-03 21:04:14.347  3585  3663 E flymed_connector: Communications error: java.io.IOException: No such file or directory
03-03 21:04:14.351  3585  3663 E flymed_connector: Error in NativeDaemonConnector: java.io.IOException: No such file or directory
03-03 21:04:17.334  7666  7666 W System  : ClassLoader referenced unknown path: /system/priv-app/Music/lib/arm
03-03 21:04:17.349  3585  4752 E ActivityManager: Sending non-protected broadcast flyme.action.read_filter_notification_all from system 3694:com.android.systemui/u0a32 pkg com.android.systemui
03-03 21:04:17.349  3585  4752 E ActivityManager: java.lang.Throwable
03-03 21:04:17.349  3585  4752 E ActivityManager: 	at com.android.server.am.ActivityManagerService.checkBroadcastFromSystem(ActivityManagerService.java:17990)
03-03 21:04:17.349  3585  4752 E ActivityManager: 	at com.android.server.am.ActivityManagerService.broadcastIntentLocked(ActivityManagerService.java:18562)
03-03 21:04:17.349  3585  4752 E ActivityManager: 	at com.android.server.am.ActivityManagerService.broadcastIntent(ActivityManagerService.java:18653)
03-03 21:04:17.349  3585  4752 E ActivityManager: 	at android.app.ActivityManagerNative.onTransact(ActivityManagerNative.java:500)
03-03 21:04:17.349  3585  4752 E ActivityManager: 	at com.android.server.am.ActivityManagerService.onTransact(ActivityManagerService.java:2828)
03-03 21:04:17.349  3585  4752 E ActivityManager: 	at com.android.server.am.FlymeExtActivityManagerService.onTransact(FlymeExtActivityManagerService.java:76)
03-03 21:04:17.349  3585  4752 E ActivityManager: 	at android.os.Binder.execTransact(Binder.java:565)
03-03 21:04:17.450  3585  3604 E BatteryStatsService: no controller energy info supplied
03-03 21:04:17.450  3585  3604 E BatteryStatsService: no controller energy info supplied
03-03 21:04:17.462  3814  3814 E PhoneInterfaceManager: [PhoneIntfMgr] queryModemActivityInfo: Empty response
03-03 21:04:17.469  3585  3604 E BatteryStatsService: modem info is invalid: ModemActivityInfo{ mTimestamp=0 mSleepTimeMs=0 mIdleTimeMs=0 mTxTimeMs[]=[0, 0, 0, 0, 0] mRxTimeMs=0 mEnergyUsed=0}
03-03 21:04:17.507  3585  4929 E ActivityManager: Sending non-protected broadcast flyme.action.read_filter_notification_all from system 3694:com.android.systemui/u0a32 pkg com.android.systemui
03-03 21:04:17.507  3585  4929 E ActivityManager: java.lang.Throwable
03-03 21:04:17.507  3585  4929 E ActivityManager: 	at com.android.server.am.ActivityManagerService.checkBroadcastFromSystem(ActivityManagerService.java:17990)
03-03 21:04:17.507  3585  4929 E ActivityManager: 	at com.android.server.am.ActivityManagerService.broadcastIntentLocked(ActivityManagerService.java:18562)
03-03 21:04:17.507  3585  4929 E ActivityManager: 	at com.android.server.am.ActivityManagerService.broadcastIntent(ActivityManagerService.java:18653)
03-03 21:04:17.507  3585  4929 E ActivityManager: 	at android.app.ActivityManagerNative.onTransact(ActivityManagerNative.java:500)
03-03 21:04:17.507  3585  4929 E ActivityManager: 	at com.android.server.am.ActivityManagerService.onTransact(ActivityManagerService.java:2828)
03-03 21:04:17.507  3585  4929 E ActivityManager: 	at com.android.server.am.FlymeExtActivityManagerService.onTransact(FlymeExtActivityManagerService.java:76)
03-03 21:04:17.507  3585  4929 E ActivityManager: 	at android.os.Binder.execTransact(Binder.java:565)
03-03 21:04:17.511  7690  7690 W System  : ClassLoader referenced unknown path: /system/app/LockScreenFramework/lib/arm64
03-03 21:04:17.577  3694  3694 E ExtMediaPlayer-JNI: QCMediaPlayer could not be located....
03-03 21:04:17.577  3694  3694 E MediaPlayer-JNI: JNIMediaPlayerFactory: bIsQCMediaPlayerPresent 0
03-03 21:04:17.577  3694  3694 E ExtMediaPlayer-JNI: QCMediaPlayer could not be located....
03-03 21:04:17.578  3694  3694 E MediaPlayer-JNI: JNIMediaPlayerFactory: bIsQCMediaPlayerPresent 0
03-03 21:04:17.608  3197  7715 W AMessage: failed to post message as target looper for handler 0 is gone.
03-03 21:04:17.616  3694  3694 E ExtMediaPlayer-JNI: QCMediaPlayer could not be located....
03-03 21:04:17.616  3694  3694 E MediaPlayer-JNI: JNIMediaPlayerFactory: bIsQCMediaPlayerPresent 0
03-03 21:04:17.616  3694  3694 E ExtMediaPlayer-JNI: QCMediaPlayer could not be located....
03-03 21:04:17.616  3694  3694 E MediaPlayer-JNI: JNIMediaPlayerFactory: bIsQCMediaPlayerPresent 0
03-03 21:04:17.642  3197  7729 W Utils   : track of type 'audio/vorbis' does not publish channel mask, channel count 2
03-03 21:04:17.654  3197  7729 W Utils   : track of type 'audio/vorbis' does not publish channel mask, channel count 2
03-03 21:04:17.667  3194  3194 E OMXNodeInstance: setConfig(c7a0036:google.vorbis.decoder, ConfigPriority(0x6f800002)) ERROR: Undefined(0x80001001)
03-03 21:04:17.677  4627  4627 W ContextImpl: Calling a method in the system process without a qualified user: android.app.ContextImpl.startService:-1 android.content.ContextWrapper.startService:613 android.content.ContextWrapper.startService:613 com.meizu.safe.blockService.receiver.PowerConnectionReceiver.onReceive:26 android.app.ActivityThread.handleReceiver:3078 
03-03 21:04:17.736  7738  7738 E cutils-trace: Error opening trace file: Permission denied (13)
03-03 21:04:17.876  7666  7714 W System.err: Walle=> ExceptionCached[java.lang.NoSuchFieldException: TYPE_PPPOE] at [NetworkStatusMonitor.java:88]
03-03 21:04:17.904  4899  4899 W ContextImpl: Calling a method in the system process without a qualified user: android.app.ContextImpl.bindService:1421 android.content.ContextWrapper.bindService:636 com.meizu.safe.blockService.service.SDKUpdateService.d:205 com.meizu.safe.blockService.service.SDKUpdateService.a:158 com.meizu.safe.blockService.service.SDKUpdateService.a:41 
03-03 21:04:18.080  7738  7744 W dex2oat : Compilation of java.lang.String com.meizu.statsapp.v3.lib.plugin.emitter.EmitterMessageBuilder.parelOneEvent(com.meizu.statsapp.v3.lib.plugin.payload.TrackerPayload) took 168.054ms
03-03 21:04:18.101  7666  7714 W System.err: Walle=> ExceptionCached[java.lang.NoSuchFieldException: No field TYPE_PPPOE in class Landroid/net/ConnectivityManager; (declaration of 'android.net.ConnectivityManager' appears in /system/framework/framework.jar)] at [MusicNetworkStatusManager.java:56]
03-03 21:04:18.148  3186  3186 E Thermal-daemon: [charger_ic] temp_new :39  temp_old :40
03-03 21:04:18.148  3186  3186 E Thermal-daemon: Report temperature: [charger_ic] temp :39  report_threshold:1
03-03 21:04:18.243  3201  3327 E logserver: process_one_event, can not find this event(system_app_strictmode@1520082258242.txt.gz)
03-03 21:04:18.641  7666  7756 W System  : ClassLoader referenced unknown path: /system/framework/tcmclient.jar
03-03 21:04:19.355  3585  3663 E flymed_connector: Communications error: java.io.IOException: No such file or directory
03-03 21:04:19.358  3585  3663 E flymed_connector: Error in NativeDaemonConnector: java.io.IOException: No such file or directory
03-03 21:04:22.395  3201  3327 E logserver: process_one_event, can not find this event(system_app_strictmode@1520082262394.txt)
03-03 21:04:23.149  3186  3186 E Thermal-daemon: [charger_ic] temp_new :40  temp_old :39
03-03 21:04:23.149  3186  3186 E Thermal-daemon: Report temperature: [charger_ic] temp :40  report_threshold:1
03-03 21:04:24.362  3585  3663 E flymed_connector: Communications error: java.io.IOException: No such file or directory
03-03 21:04:24.365  3585  3663 E flymed_connector: Error in NativeDaemonConnector: java.io.IOException: No such file or directory
03-03 21:04:28.149  3186  3186 E Thermal-daemon: [charger_ic] temp_new :39  temp_old :40
03-03 21:04:28.149  3186  3186 E Thermal-daemon: Report temperature: [charger_ic] temp :39  report_threshold:1
03-03 21:04:29.370  3585  3663 E flymed_connector: Communications error: java.io.IOException: No such file or directory
03-03 21:04:29.372  3585  3663 E flymed_connector: Error in NativeDaemonConnector: java.io.IOException: No such file or directory
03-03 21:04:33.150  3186  3186 E Thermal-daemon: [ap] temp_new :38  temp_old :39
03-03 21:04:33.150  3186  3186 E Thermal-daemon: Report temperature: [ap] temp :38  report_threshold:1
03-03 21:04:34.377  3585  3663 E flymed_connector: Communications error: java.io.IOException: No such file or directory
03-03 21:04:34.380  3585  3663 E flymed_connector: Error in NativeDaemonConnector: java.io.IOException: No such file or directory
03-03 21:04:39.384  3585  3663 E flymed_connector: Communications error: java.io.IOException: No such file or directory
03-03 21:04:39.388  3585  3663 E flymed_connector: Error in NativeDaemonConnector: java.io.IOException: No such file or directory
03-03 21:04:44.327  3201  3201 E logserver: check_bootuplog_by_path opendir /storage/sdcard0//nff_log failed
03-03 21:04:44.327  3201  3201 E logserver: check_bootuplog_by_path opendir /storage/sdcard1//nff_log failed
03-03 21:04:44.392  3585  3663 E flymed_connector: Communications error: java.io.IOException: No such file or directory
03-03 21:04:44.395  3585  3663 E flymed_connector: Error in NativeDaemonConnector: java.io.IOException: No such file or directory
03-03 21:04:49.397  3585  3663 E flymed_connector: Communications error: java.io.IOException: No such file or directory
03-03 21:04:49.398  3585  3663 E flymed_connector: Error in NativeDaemonConnector: java.io.IOException: No such file or directory
03-03 21:04:50.614  7904  7904 E cutils-trace: Error opening trace file: Permission denied (13)
03-03 21:04:51.854  7922  7922 E cutils-trace: Error opening trace file: Permission denied (13)
03-03 21:04:53.441  7955  7955 E cutils-trace: Error opening trace file: Permission denied (13)
03-03 21:04:54.399  3585  3663 E flymed_connector: Communications error: java.io.IOException: No such file or directory
03-03 21:04:54.400  3585  3663 E flymed_connector: Error in NativeDaemonConnector: java.io.IOException: No such file or directory
03-03 21:04:54.446  7967  7967 E cutils-trace: Error opening trace file: Permission denied (13)
03-03 21:04:59.402  3585  3663 E flymed_connector: Communications error: java.io.IOException: No such file or directory
03-03 21:04:59.405  3585  3663 E flymed_connector: Error in NativeDaemonConnector: java.io.IOException: No such file or directory
03-03 21:05:04.409  3585  3663 E flymed_connector: Communications error: java.io.IOException: No such file or directory
03-03 21:05:04.413  3585  3663 E flymed_connector: Error in NativeDaemonConnector: java.io.IOException: No such file or directory
01-01 00:00:00.371  3043  3043 W auditd  : type=2000 audit(0.0:1): initialized
03-03 21:05:08.155  3186  3186 E Thermal-daemon: [charger_ic] temp_new :38  temp_old :39
03-03 21:05:08.156  3186  3186 E Thermal-daemon: Report temperature: [charger_ic] temp :38  report_threshold:1
03-03 21:05:09.417  3585  3663 E flymed_connector: Communications error: java.io.IOException: No such file or directory
03-03 21:05:09.420  3585  3663 E flymed_connector: Error in NativeDaemonConnector: java.io.IOException: No such file or directory
03-03 21:05:10.861  3585  3952 E ActivityManager: Sending non-protected broadcast flyme.action.read_filter_notification_all from system 3694:com.android.systemui/u0a32 pkg com.android.systemui
03-03 21:05:10.861  3585  3952 E ActivityManager: java.lang.Throwable
03-03 21:05:10.861  3585  3952 E ActivityManager: 	at com.android.server.am.ActivityManagerService.checkBroadcastFromSystem(ActivityManagerService.java:17990)
03-03 21:05:10.861  3585  3952 E ActivityManager: 	at com.android.server.am.ActivityManagerService.broadcastIntentLocked(ActivityManagerService.java:18562)
03-03 21:05:10.861  3585  3952 E ActivityManager: 	at com.android.server.am.ActivityManagerService.broadcastIntent(ActivityManagerService.java:18653)
03-03 21:05:10.861  3585  3952 E ActivityManager: 	at android.app.ActivityManagerNative.onTransact(ActivityManagerNative.java:500)
03-03 21:05:10.861  3585  3952 E ActivityManager: 	at com.android.server.am.ActivityManagerService.onTransact(ActivityManagerService.java:2828)
03-03 21:05:10.861  3585  3952 E ActivityManager: 	at com.android.server.am.FlymeExtActivityManagerService.onTransact(FlymeExtActivityManagerService.java:76)
03-03 21:05:10.861  3585  3952 E ActivityManager: 	at android.os.Binder.execTransact(Binder.java:565)
03-03 21:05:10.898  3585  4929 W InputMethodManagerService: Window already focused, ignoring focus gain of: com.android.internal.view.IInputMethodClient$Stub$Proxy@6994083 attribute=null, token = android.os.BinderProxy@5f476f2
03-03 21:05:11.435  8010  8010 W System  : ClassLoader referenced unknown path: /system/priv-app/Settings/lib/arm64
03-03 21:05:11.619  8010  8010 W art     : Before Android 4.1, method android.graphics.PorterDuffColorFilter android.support.graphics.drawable.VectorDrawableCompat.updateTintFilter(android.graphics.PorterDuffColorFilter, android.content.res.ColorStateList, android.graphics.PorterDuff$Mode) would have incorrectly overridden the package-private method in android.graphics.drawable.Drawable
03-03 21:05:11.671  8010  8026 E ActivityThread: Failed to find provider info for com.qti.smq.qualcommFeedback.provider
03-03 21:05:11.797  8010  8038 W System  : ClassLoader referenced unknown path: 
03-03 21:05:11.798  8010  8038 W System  : ClassLoader referenced unknown path: /system/priv-app/CellBroadcastReceiver/lib/arm64
03-03 21:05:11.904  8010  8031 W FingerprintManager: isFingerprintHardwareDetected(): Service not connected!
03-03 21:05:12.745  8043  8043 W System  : ClassLoader referenced unknown path: /system/app/ConnectivitySettings/lib/arm64
03-03 21:05:12.913  8043  8043 E ConnectivitySettings: start switching fragment: com.android.settings.MobileNetworkSettings
03-03 21:05:12.913  8043  8043 E ConnectivitySettings: Translate [com.android.settings.MobileNetworkSettings] to [com.meizu.connectivitysettings.MobileNetworkSettings]
03-03 21:05:12.913  8043  8043 E ConnectivitySettings: fragmentName is com.meizu.connectivitysettings.MobileNetworkSettings
03-03 21:05:12.913  8043  8043 E ConnectivitySettings: title is 
03-03 21:05:12.913  8043  8043 E ConnectivitySettings: title is -1
03-03 21:05:12.947  8043  8043 W art     : Before Android 4.1, method void com.meizu.common.preference.SwitchPreference.syncSummaryView(android.view.View) would have incorrectly overridden the package-private method in android.preference.TwoStatePreference
03-03 21:05:13.001  8043  8043 W Settings: Setting airplane_mode_on has moved from android.provider.Settings.System to android.provider.Settings.Global, returning read-only value.
03-03 21:05:13.004  8043  8043 W Settings: Setting airplane_mode_on has moved from android.provider.Settings.System to android.provider.Settings.Global, returning read-only value.
03-03 21:05:13.004  8043  8043 W Settings: Setting airplane_mode_on has moved from android.provider.Settings.System to android.provider.Settings.Global, returning read-only value.
03-03 21:05:13.005  8043  8043 W Settings: Setting airplane_mode_on has moved from android.provider.Settings.System to android.provider.Settings.Global, returning read-only value.
03-03 21:05:13.005  8043  8043 W Settings: Setting airplane_mode_on has moved from android.provider.Settings.System to android.provider.Settings.Global, returning read-only value.
03-03 21:05:13.007  8043  8043 W Settings: Setting airplane_mode_on has moved from android.provider.Settings.System to android.provider.Settings.Global, returning read-only value.
03-03 21:05:13.021  8043  8043 W Settings: Setting airplane_mode_on has moved from android.provider.Settings.System to android.provider.Settings.Global, returning read-only value.
03-03 21:05:13.094  8043  8043 W Settings: Setting airplane_mode_on has moved from android.provider.Settings.System to android.provider.Settings.Global, returning read-only value.
03-03 21:05:13.096  8043  8043 W Settings: Setting airplane_mode_on has moved from android.provider.Settings.System to android.provider.Settings.Global, returning read-only value.
03-03 21:05:13.096  8043  8043 W Settings: Setting airplane_mode_on has moved from android.provider.Settings.System to android.provider.Settings.Global, returning read-only value.
03-03 21:05:13.096  8043  8043 W Settings: Setting airplane_mode_on has moved from android.provider.Settings.System to android.provider.Settings.Global, returning read-only value.
03-03 21:05:13.096  8043  8043 W Settings: Setting airplane_mode_on has moved from android.provider.Settings.System to android.provider.Settings.Global, returning read-only value.
03-03 21:05:13.098  8043  8043 W Settings: Setting airplane_mode_on has moved from android.provider.Settings.System to android.provider.Settings.Global, returning read-only value.
03-03 21:05:13.109  8043  8043 W Settings: Setting airplane_mode_on has moved from android.provider.Settings.System to android.provider.Settings.Global, returning read-only value.
03-03 21:05:13.117  8043  8043 W Settings: Setting airplane_mode_on has moved from android.provider.Settings.System to android.provider.Settings.Global, returning read-only value.
03-03 21:05:13.166  8043  8043 W Settings: Setting airplane_mode_on has moved from android.provider.Settings.System to android.provider.Settings.Global, returning read-only value.
03-03 21:05:13.168  8043  8043 W Settings: Setting airplane_mode_on has moved from android.provider.Settings.System to android.provider.Settings.Global, returning read-only value.
03-03 21:05:13.168  8043  8043 W Settings: Setting airplane_mode_on has moved from android.provider.Settings.System to android.provider.Settings.Global, returning read-only value.
03-03 21:05:13.168  8043  8043 W Settings: Setting airplane_mode_on has moved from android.provider.Settings.System to android.provider.Settings.Global, returning read-only value.
03-03 21:05:13.168  8043  8043 W Settings: Setting airplane_mode_on has moved from android.provider.Settings.System to android.provider.Settings.Global, returning read-only value.
03-03 21:05:13.170  8043  8043 W Settings: Setting airplane_mode_on has moved from android.provider.Settings.System to android.provider.Settings.Global, returning read-only value.
03-03 21:05:13.184  8043  8043 W Settings: Setting airplane_mode_on has moved from android.provider.Settings.System to android.provider.Settings.Global, returning read-only value.
03-03 21:05:13.196  8043  8043 W Settings: Setting airplane_mode_on has moved from android.provider.Settings.System to android.provider.Settings.Global, returning read-only value.
03-03 21:05:13.202  8043  8043 W Settings: Setting airplane_mode_on has moved from android.provider.Settings.System to android.provider.Settings.Global, returning read-only value.
03-03 21:05:14.422  3585  3663 E flymed_connector: Communications error: java.io.IOException: No such file or directory
03-03 21:05:14.423  3585  3663 E flymed_connector: Error in NativeDaemonConnector: java.io.IOException: No such file or directory
03-03 21:05:15.196  3201  3327 E logserver: process_one_event, can not find this event(system_app_strictmode@1520082315195.txt.gz)
03-03 21:05:15.591  8043  8043 E ConnectivitySettings.Utils: startWithFragment: com.meizu.connectivitysettings.NetworkSetting
03-03 21:05:15.631  8043  8043 E ConnectivitySettings: start switching fragment: com.meizu.connectivitysettings.NetworkSetting
03-03 21:05:15.631  8043  8043 E ConnectivitySettings: fragmentName is com.meizu.connectivitysettings.NetworkSetting
03-03 21:05:15.631  8043  8043 E ConnectivitySettings: title is 
03-03 21:05:15.631  8043  8043 E ConnectivitySettings: title is -1
03-03 21:05:15.644  8043  8043 W ContextImpl: Calling a method in the system process without a qualified user: android.app.ContextImpl.startService:-1 android.content.ContextWrapper.startService:613 com.meizu.connectivitysettings.NetworkSetting.onCreate:414 android.app.Fragment.performCreate:2336 android.app.FragmentManagerImpl.moveToState:949 
03-03 21:05:15.648  8043  8043 W ContextImpl: Calling a method in the system process without a qualified user: android.app.ContextImpl.bindService:1421 android.content.ContextWrapper.bindService:636 com.meizu.connectivitysettings.NetworkSetting.onCreate:415 android.app.Fragment.performCreate:2336 android.app.FragmentManagerImpl.moveToState:949 
03-03 21:05:15.656  3814  3814 W System  : ClassLoader referenced unknown path: /system/app/ConnectivitySettings/lib/arm64
03-03 21:05:16.789  8043  8043 W Settings: Setting airplane_mode_on has moved from android.provider.Settings.System to android.provider.Settings.Global, returning read-only value.
03-03 21:05:16.791  8043  8043 W Settings: Setting airplane_mode_on has moved from android.provider.Settings.System to android.provider.Settings.Global, returning read-only value.
03-03 21:05:16.791  8043  8043 W Settings: Setting airplane_mode_on has moved from android.provider.Settings.System to android.provider.Settings.Global, returning read-only value.
03-03 21:05:16.792  8043  8043 W Settings: Setting airplane_mode_on has moved from android.provider.Settings.System to android.provider.Settings.Global, returning read-only value.
03-03 21:05:16.792  8043  8043 W Settings: Setting airplane_mode_on has moved from android.provider.Settings.System to android.provider.Settings.Global, returning read-only value.
03-03 21:05:16.793  8043  8043 W Settings: Setting airplane_mode_on has moved from android.provider.Settings.System to android.provider.Settings.Global, returning read-only value.
03-03 21:05:16.810  8043  8043 W Settings: Setting airplane_mode_on has moved from android.provider.Settings.System to android.provider.Settings.Global, returning read-only value.
03-03 21:05:16.822  8043  8043 W Settings: Setting airplane_mode_on has moved from android.provider.Settings.System to android.provider.Settings.Global, returning read-only value.
03-03 21:05:16.903  8043  8043 W Settings: Setting airplane_mode_on has moved from android.provider.Settings.System to android.provider.Settings.Global, returning read-only value.
03-03 21:05:16.905  8043  8043 W Settings: Setting airplane_mode_on has moved from android.provider.Settings.System to android.provider.Settings.Global, returning read-only value.
03-03 21:05:16.906  8043  8043 W Settings: Setting airplane_mode_on has moved from android.provider.Settings.System to android.provider.Settings.Global, returning read-only value.
03-03 21:05:16.906  8043  8043 W Settings: Setting airplane_mode_on has moved from android.provider.Settings.System to android.provider.Settings.Global, returning read-only value.
03-03 21:05:16.906  8043  8043 W Settings: Setting airplane_mode_on has moved from android.provider.Settings.System to android.provider.Settings.Global, returning read-only value.
03-03 21:05:16.908  8043  8043 W Settings: Setting airplane_mode_on has moved from android.provider.Settings.System to android.provider.Settings.Global, returning read-only value.
03-03 21:05:16.924  8043  8043 W Settings: Setting airplane_mode_on has moved from android.provider.Settings.System to android.provider.Settings.Global, returning read-only value.
03-03 21:05:16.937  8043  8043 W Settings: Setting airplane_mode_on has moved from android.provider.Settings.System to android.provider.Settings.Global, returning read-only value.
03-03 21:05:16.944  8043  8043 W Settings: Setting airplane_mode_on has moved from android.provider.Settings.System to android.provider.Settings.Global, returning read-only value.
03-03 21:05:17.834  3585  8164 E GNSS_ADAPTER: gnss adapter is not inited, fail to inject time!
03-03 21:05:18.156  3186  3186 E Thermal-daemon: [charger_ic] temp_new :40  temp_old :38
03-03 21:05:18.156  3186  3186 E Thermal-daemon: Report temperature: [charger_ic] temp :40  report_threshold:1
03-03 21:05:18.156  3186  3186 E Thermal-daemon: [ap] temp_new :39  temp_old :38
03-03 21:05:18.156  3186  3186 E Thermal-daemon: Report temperature: [ap] temp :39  report_threshold:1
03-03 21:05:18.438  8043  8043 E ConnectivitySettings.Utils: startWithFragment: com.meizu.connectivitysettings.ApnSettings
03-03 21:05:18.485  8043  8043 E ConnectivitySettings: start switching fragment: com.meizu.connectivitysettings.ApnSettings
03-03 21:05:18.485  8043  8043 E ConnectivitySettings: fragmentName is com.meizu.connectivitysettings.ApnSettings
03-03 21:05:18.485  8043  8043 E ConnectivitySettings: title is 
03-03 21:05:18.485  8043  8043 E ConnectivitySettings: title is -1
03-03 21:05:19.425  3585  3663 E flymed_connector: Communications error: java.io.IOException: No such file or directory
03-03 21:05:19.425  3585  3663 E flymed_connector: Error in NativeDaemonConnector: java.io.IOException: No such file or directory
03-03 21:05:19.429  8043  8043 E ConnectivitySettings.Utils: startWithFragment: com.meizu.connectivitysettings.ApnEditor
03-03 21:05:19.471  8043  8043 E ConnectivitySettings: start switching fragment: com.meizu.connectivitysettings.ApnEditor
03-03 21:05:19.471  8043  8043 E ConnectivitySettings: fragmentName is com.meizu.connectivitysettings.ApnEditor
03-03 21:05:19.471  8043  8043 E ConnectivitySettings: title is 
03-03 21:05:19.471  8043  8043 E ConnectivitySettings: title is -1
03-03 21:05:19.590  3814  4701 E SQLiteLog: (1) no such column: sourcetype
03-03 21:05:19.591  3814  4701 E TelephonyProvider: got exception when querying: android.database.sqlite.SQLiteException: no such column: sourcetype (code 1): , while compiling: SELECT _id, name, apn, proxy, port, user, server, password, mmsc, mcc, mnc, numeric, mmsproxy, mmsport, authtype, type, protocol, carrier_enabled, bearer, roaming_protocol, mvno_type, mvno_match_data, sourcetype FROM carriers WHERE (_id = 3529) AND ((edited!=2 and edited!=3 and edited!=5 and edited!=6))
03-03 21:05:19.595  8043  8043 E AndroidRuntime: FATAL EXCEPTION: main
03-03 21:05:19.595  8043  8043 E AndroidRuntime: Process: com.meizu.connectivitysettings, PID: 8043
03-03 21:05:19.595  8043  8043 E AndroidRuntime: java.lang.RuntimeException: Unable to start activity ComponentInfo{com.meizu.connectivitysettings/com.meizu.connectivitysettings.SubSettings}: java.lang.NullPointerException: Attempt to invoke interface method 'boolean android.database.Cursor.moveToFirst()' on a null object reference
03-03 21:05:19.595  8043  8043 E AndroidRuntime: 	at android.app.ActivityThread.performLaunchActivity(ActivityThread.java:2699)
03-03 21:05:19.595  8043  8043 E AndroidRuntime: 	at android.app.ActivityThread.handleLaunchActivity(ActivityThread.java:2766)
03-03 21:05:19.595  8043  8043 E AndroidRuntime: 	at android.app.ActivityThread.-wrap12(ActivityThread.java)
03-03 21:05:19.595  8043  8043 E AndroidRuntime: 	at android.app.ActivityThread$H.handleMessage(ActivityThread.java)
