03-03 21:06:04.848  3585  3609 E WindowManager: Unknown window type: 2041
03-03 21:06:04.865  3585  3609 E WindowManager: Unknown window type: 2041
03-03 21:06:04.881  3585  3609 E WindowManager: Unknown window type: 2041
03-03 21:06:04.898  3585  3609 E WindowManager: Unknown window type: 2041
03-03 21:06:04.915  3585  3609 E WindowManager: Unknown window type: 2041
03-03 21:06:04.931  3585  3609 E WindowManager: Unknown window type: 2041
03-03 21:06:04.948  3585  3609 E WindowManager: Unknown window type: 2041
03-03 21:06:04.965  3585  3609 E WindowManager: Unknown window type: 2041
03-03 21:06:04.981  3585  3609 E WindowManager: Unknown window type: 2041
03-03 21:06:04.998  3585  3609 E WindowManager: Unknown window type: 2041
03-03 21:06:05.015  3585  3609 E WindowManager: Unknown window type: 2041
03-03 21:06:05.031  3585  3609 E WindowManager: Unknown window type: 2041
03-03 21:06:05.048  3585  3609 E WindowManager: Unknown window type: 2041
03-03 21:06:05.065  3585  3609 E WindowManager: Unknown window type: 2041
03-03 21:06:05.081  3585  3609 E WindowManager: Unknown window type: 2041
03-03 21:06:05.098  3585  3609 E WindowManager: Unknown window type: 2041
03-03 21:06:05.115  3585  3609 E WindowManager: Unknown window type: 2041
03-03 21:06:05.131  3585  3609 E WindowManager: Unknown window type: 2041
03-03 21:06:05.148  3585  3609 E WindowManager: Unknown window type: 2041
03-03 21:06:05.165  3585  3609 E WindowManager: Unknown window type: 2041
03-03 21:06:05.772  3871  8520 E recents.Proxy: forceStopPackage release mem :com.android.dialer:0 24
03-03 21:06:05.772  3871  8520 E recents.Proxy: forceStopPackage release mem :com.meizu.mstore:0 13
03-03 21:06:05.772  3871  8520 E recents.Proxy: forceStopPackage release mem :com.meizu.flyme.service.find:0 11
03-03 21:06:05.772  3871  8520 E recents.Proxy: forceStopPackage release mem :android.ext.services:0 4
03-03 21:06:05.772  3871  8520 E recents.Proxy: forceStopPackage release mem :com.meizu.net.pedometer:0 5
03-03 21:06:05.772  3871  8520 E recents.Proxy: forceStopPackage release mem :com.meizu.media.music:0 16
03-03 21:06:05.772  3871  8520 E recents.Proxy: forceStopPackage release mem :com.amap.android.location:0 5
03-03 21:06:05.772  3871  8520 E recents.Proxy: forceStopPackage release mem :com.nesp.nsystemupdater:0 25
03-03 21:06:05.772  3871  8520 E recents.Proxy: forceStopPackage release mem :com.meizu.customizecenter:0 40
03-03 21:06:05.772  3871  8520 E recents.Proxy: forceStopPackage release mem :com.meizu.flyme.input:0 41
03-03 21:06:05.772  3871  8520 E recents.Proxy: forceStopPackage release mem :com.meizu.net.search:0 15
03-03 21:06:05.772  3871  8520 E recents.Proxy: forceStopPackage release mem :com.android.cellbroadcastreceiver:0 5
03-03 21:06:05.772  3871  8520 E recents.Proxy: forceStopPackage release mem :com.meizu.flyme.wallet:0 9
03-03 21:06:05.772  3871  8520 E recents.Proxy: forceStopPackage release mem :com.android.calendar:0 8
03-03 21:06:05.774  3871  3871 W recents.TaskStackView: requestLayout
03-03 21:06:05.798  3585  3609 E WindowManager: Unknown window type: 2041
03-03 21:06:06.033  3871  3871 W recents.TaskStackView: requestLayout
03-03 21:06:06.065  3585  3609 E WindowManager: Unknown window type: 2041
03-03 21:06:06.081  3585  3609 E WindowManager: Unknown window type: 2041
03-03 21:06:06.192  4294  4294 E Launcher: Error start clone app: java.lang.NoSuchFieldException: No field mCloneId in class Landroid/content/Intent; (declaration of 'android.content.Intent' appears in /system/framework/framework.jar)
03-03 21:06:06.192  4294  4294 E Launcher: Error start clone app: java.lang.NoSuchFieldException: No field mCloneId in class Landroid/content/Intent; (declaration of 'android.content.Intent' appears in /system/framework/framework.jar)
03-03 21:06:08.318  3201  3327 E logserver: process_one_event, can not find this event(system_app_strictmode@1520082368317.txt)
03-03 21:06:08.437  3871  3871 W recents.Performance: screenshot spend : 17ms
03-03 21:06:08.437  3871  3871 W recents.TaskStackView: requestLayout
03-03 21:06:08.437  3871  3871 W recents.TaskStackView: requestLayout
03-03 21:06:08.438  3871  3871 W recents.TaskStackView: requestLayout
03-03 21:06:08.447  3585  4353 E WindowManager: Unknown window type: 2041
03-03 21:06:08.470  3871  3871 W recents.TaskStackView: requestLayout
03-03 21:06:08.477  3871  3871 W recents.TaskStackView: requestLayout
03-03 21:06:08.515  3585  3609 E WindowManager: Unknown window type: 2041
03-03 21:06:08.542  3871  3871 E recents.Proxy: WhiteList writeLock unlock after data init
03-03 21:06:08.569  3871  3871 W recents.TaskStackView: requestLayout
03-03 21:06:08.582  3585  3609 E WindowManager: Unknown window type: 2041
03-03 21:06:08.598  3585  3609 E WindowManager: Unknown window type: 2041
03-03 21:06:09.084  3585  3609 E WindowManager: Unknown window type: 2041
03-03 21:06:09.100  3585  3609 E WindowManager: Unknown window type: 2041
03-03 21:06:09.122  3585  3609 E WindowManager: Unknown window type: 2041
03-03 21:06:09.131  3585  3609 E WindowManager: Unknown window type: 2041
03-03 21:06:09.162  3585  3609 E WindowManager: Unknown window type: 2041
03-03 21:06:09.175  3585  3609 E WindowManager: Unknown window type: 2041
03-03 21:06:09.191  3585  3609 E WindowManager: Unknown window type: 2041
03-03 21:06:09.199  3585  3609 E WindowManager: Unknown window type: 2041
03-03 21:06:09.215  3585  3609 E WindowManager: Unknown window type: 2041
03-03 21:06:09.231  3585  3609 E WindowManager: Unknown window type: 2041
03-03 21:06:09.248  3585  3609 E WindowManager: Unknown window type: 2041
03-03 21:06:09.265  3585  3609 E WindowManager: Unknown window type: 2041
03-03 21:06:09.281  3585  3609 E WindowManager: Unknown window type: 2041
03-03 21:06:09.298  3585  3609 E WindowManager: Unknown window type: 2041
03-03 21:06:09.315  3585  3609 E WindowManager: Unknown window type: 2041
03-03 21:06:09.331  3585  3609 E WindowManager: Unknown window type: 2041
03-03 21:06:09.348  3585  3609 E WindowManager: Unknown window type: 2041
03-03 21:06:09.365  3585  3609 E WindowManager: Unknown window type: 2041
03-03 21:06:09.381  3585  3609 E WindowManager: Unknown window type: 2041
03-03 21:06:09.398  3585  3609 E WindowManager: Unknown window type: 2041
03-03 21:06:09.415  3585  3609 E WindowManager: Unknown window type: 2041
03-03 21:06:09.431  3585  3609 E WindowManager: Unknown window type: 2041
03-03 21:06:09.449  3585  3609 E WindowManager: Unknown window type: 2041
03-03 21:06:09.466  3585  3609 E WindowManager: Unknown window type: 2041
03-03 21:06:09.472  3585  3663 E flymed_connector: Communications error: java.io.IOException: No such file or directory
03-03 21:06:09.476  3585  3663 E flymed_connector: Error in NativeDaemonConnector: java.io.IOException: No such file or directory
03-03 21:06:09.482  3585  3609 E WindowManager: Unknown window type: 2041
03-03 21:06:09.499  3585  3609 E WindowManager: Unknown window type: 2041
03-03 21:06:09.515  3585  3609 E WindowManager: Unknown window type: 2041
03-03 21:06:09.531  3585  3609 E WindowManager: Unknown window type: 2041
03-03 21:06:09.649  3871  3871 W recents.TaskStackView: requestLayout
03-03 21:06:09.682  3585  3609 E WindowManager: Unknown window type: 2041
03-03 21:06:10.199  3871  8541 E recents.Proxy: forceStopPackage release mem :com.android.dialer:0 24
03-03 21:06:10.199  3871  8541 E recents.Proxy: forceStopPackage release mem :com.meizu.mstore:0 13
03-03 21:06:10.199  3871  8541 E recents.Proxy: forceStopPackage release mem :com.meizu.flyme.service.find:0 11
03-03 21:06:10.199  3871  8541 E recents.Proxy: forceStopPackage release mem :android.ext.services:0 4
03-03 21:06:10.199  3871  8541 E recents.Proxy: forceStopPackage release mem :com.meizu.net.pedometer:0 5
03-03 21:06:10.199  3871  8541 E recents.Proxy: forceStopPackage release mem :com.meizu.media.music:0 15
03-03 21:06:10.199  3871  8541 E recents.Proxy: forceStopPackage release mem :com.amap.android.location:0 5
03-03 21:06:10.199  3871  8541 E recents.Proxy: forceStopPackage release mem :com.nesp.nsystemupdater:0 25
03-03 21:06:10.199  3871  8541 E recents.Proxy: forceStopPackage release mem :com.meizu.customizecenter:0 40
03-03 21:06:10.199  3871  8541 E recents.Proxy: forceStopPackage release mem :com.meizu.flyme.input:0 42
03-03 21:06:10.199  3871  8541 E recents.Proxy: forceStopPackage release mem :com.meizu.net.search:0 15
03-03 21:06:10.199  3871  8541 E recents.Proxy: forceStopPackage release mem :com.android.cellbroadcastreceiver:0 5
03-03 21:06:10.199  3871  8541 E recents.Proxy: forceStopPackage release mem :com.meizu.flyme.wallet:0 9
03-03 21:06:10.199  3871  8541 E recents.Proxy: forceStopPackage release mem :com.android.calendar:0 8
03-03 21:06:14.477  3585  3663 E flymed_connector: Communications error: java.io.IOException: No such file or directory
03-03 21:06:14.478  3585  3663 E flymed_connector: Error in NativeDaemonConnector: java.io.IOException: No such file or directory
03-03 21:06:14.629  4294  4294 E Launcher: Error start clone app: java.lang.NoSuchFieldException: No field mCloneId in class Landroid/content/Intent; (declaration of 'android.content.Intent' appears in /system/framework/framework.jar)
03-03 21:06:19.479  3585  3663 E flymed_connector: Communications error: java.io.IOException: No such file or directory
03-03 21:06:19.480  3585  3663 E flymed_connector: Error in NativeDaemonConnector: java.io.IOException: No such file or directory
03-03 21:06:22.484  3197  3582 E CameraUtils: open file error /sys/kernel/debug/boardid/common/camera/faceIgnoreCount
03-03 21:06:22.486  3197  3582 E CameraCapSnapshot: mPictureFmt = 825382478
03-03 21:06:22.486  3197  3582 E CameraCapSnapshot: mPictureFmt = 842094158
03-03 21:06:22.489  3197  3582 W CameraCapZslMode: [CAMERA_PARAM] the hardware do not support ZSL
03-03 21:06:22.656  3197  3582 E FocusManager: enter startGsensorStatCollect()
03-03 21:06:22.656  3197  3582 E FocusManager: exit startGsensorStatCollect()
03-03 21:06:22.683  3197  3582 W CameraCapZslMode: [CAMERA_PARAM] the hardware do not support ZSL
03-03 21:06:22.687  3197  8614 E IppAlgoAntiBanding: invalid MemBlock!
03-03 21:06:22.698  3134  3134 E SELinux : avc:  denied  { find } for service=sensorservice pid=3197 uid=1013 scontext=u:r:mediaserver:s0 tcontext=u:object_r:sensorservice_service:s0 tclass=service_manager permissive=1
03-03 21:06:22.721  3197  8614 E IppAlgoAntiBanding: invalid MemBlock!
03-03 21:06:22.798  3197  3582 E BufferQueueProducer: [unnamed-3197-2] cancelBuffer: slot 0 is not owned by the producer (state = FREE)
03-03 21:06:22.799  3197  3582 E BufferQueueProducer: [unnamed-3197-2] cancelBuffer: slot 1 is not owned by the producer (state = FREE)
03-03 21:06:22.799  3197  3582 E BufferQueueProducer: [unnamed-3197-2] cancelBuffer: slot 2 is not owned by the producer (state = FREE)
03-03 21:06:22.799  3197  3582 E BufferQueueProducer: [unnamed-3197-2] cancelBuffer: slot 3 is not owned by the producer (state = FREE)
03-03 21:06:22.799  3197  3582 E BufferQueueProducer: [unnamed-3197-2] cancelBuffer: slot 4 is not owned by the producer (state = FREE)
03-03 21:06:22.799  3197  3582 E BufferQueueProducer: [unnamed-3197-2] cancelBuffer: slot 5 is not owned by the producer (state = FREE)
03-03 21:06:22.799  3197  3582 E BufferQueueProducer: [unnamed-3197-2] cancelBuffer: slot 6 is not owned by the producer (state = FREE)
03-03 21:06:22.800  3197  3582 W CameraCapZslMode: [CAMERA_PARAM] the hardware do not support ZSL
03-03 21:06:22.885  3197  8618 E IppAlgoAntiBanding: invalid MemBlock!
03-03 21:06:22.919  3197  8618 E IppAlgoAntiBanding: invalid MemBlock!
03-03 21:06:23.064  3197  3807 W CameraCapZslMode: [CAMERA_PARAM] the hardware do not support ZSL
03-03 21:06:23.161  3186  3186 E Thermal-daemon: [charger_ic] temp_new :41  temp_old :42
03-03 21:06:23.162  3186  3186 E Thermal-daemon: Report temperature: [charger_ic] temp :41  report_threshold:1
03-03 21:06:23.339  3197  3807 E BufferQueueProducer: [unnamed-3197-2] cancelBuffer: slot 1 is not owned by the producer (state = FREE)
03-03 21:06:23.339  3197  3807 E BufferQueueProducer: [unnamed-3197-2] cancelBuffer: slot 2 is not owned by the producer (state = QUEUED)
03-03 21:06:23.340  3197  3807 E BufferQueueProducer: [unnamed-3197-2] cancelBuffer: slot 0 is not owned by the producer (state = FREE)
03-03 21:06:23.340  3197  3807 E BufferQueueProducer: [unnamed-3197-2] cancelBuffer: slot 1 is not owned by the producer (state = FREE)
03-03 21:06:23.340  3197  3807 E BufferQueueProducer: [unnamed-3197-2] cancelBuffer: slot 2 is not owned by the producer (state = QUEUED)
03-03 21:06:23.340  3197  3807 E BufferQueueProducer: [unnamed-3197-2] cancelBuffer: slot 3 is not owned by the producer (state = FREE)
03-03 21:06:23.340  3197  3807 E BufferQueueProducer: [unnamed-3197-2] cancelBuffer: slot 4 is not owned by the producer (state = FREE)
03-03 21:06:23.350  3197  3807 E FocusManager: enter stopGsensorStatCollect()
03-03 21:06:23.350  3197  3807 E FocusManager: exit stopGsensorStatCollect()
03-03 21:06:23.933  3201  3327 E logserver: process_one_event, can not find this event(system_app_strictmode@1520082383932.txt)
03-03 21:06:24.482  3585  3663 E flymed_connector: Communications error: java.io.IOException: No such file or directory
03-03 21:06:24.483  3585  3663 E flymed_connector: Error in NativeDaemonConnector: java.io.IOException: No such file or directory
03-03 21:06:24.542  3585  3596 E ActivityManager: Sending non-protected broadcast flyme.action.read_filter_notification_all from system 3694:com.android.systemui/u0a32 pkg com.android.systemui
03-03 21:06:24.542  3585  3596 E ActivityManager: java.lang.Throwable
03-03 21:06:24.542  3585  3596 E ActivityManager: 	at com.android.server.am.ActivityManagerService.checkBroadcastFromSystem(ActivityManagerService.java:17990)
03-03 21:06:24.542  3585  3596 E ActivityManager: 	at com.android.server.am.ActivityManagerService.broadcastIntentLocked(ActivityManagerService.java:18562)
03-03 21:06:24.542  3585  3596 E ActivityManager: 	at com.android.server.am.ActivityManagerService.broadcastIntent(ActivityManagerService.java:18653)
03-03 21:06:24.542  3585  3596 E ActivityManager: 	at android.app.ActivityManagerNative.onTransact(ActivityManagerNative.java:500)
03-03 21:06:24.542  3585  3596 E ActivityManager: 	at com.android.server.am.ActivityManagerService.onTransact(ActivityManagerService.java:2828)
03-03 21:06:24.542  3585  3596 E ActivityManager: 	at com.android.server.am.FlymeExtActivityManagerService.onTransact(FlymeExtActivityManagerService.java:76)
03-03 21:06:24.542  3585  3596 E ActivityManager: 	at android.os.Binder.execTransact(Binder.java:565)
03-03 21:06:24.576  3585  4382 W InputMethodManagerService: Window already focused, ignoring focus gain of: com.android.internal.view.IInputMethodClient$Stub$Proxy@1a91366 attribute=null, token = android.os.BinderProxy@5f476f2
03-03 21:06:26.668  7666  7666 W art     : Before Android 4.1, method android.graphics.PorterDuffColorFilter android.support.graphics.drawable.VectorDrawableCompat.updateTintFilter(android.graphics.PorterDuffColorFilter, android.content.res.ColorStateList, android.graphics.PorterDuff$Mode) would have incorrectly overridden the package-private method in android.graphics.drawable.Drawable
03-03 21:06:26.718  7666  7666 W System.err: java.lang.NoSuchMethodException: setNavigationBarIconColor [boolean]
03-03 21:06:26.718  7666  7666 W System.err: 	at java.lang.Class.getMethod(Class.java:1981)
03-03 21:06:26.719  7666  7666 W System.err: 	at java.lang.Class.getDeclaredMethod(Class.java:1960)
03-03 21:06:26.719  7666  7666 W System.err: 	at com.a.a.a.b.a(SourceFile:141)
03-03 21:06:26.719  7666  7666 W System.err: 	at com.a.a.a.c.a(SourceFile:8)
03-03 21:06:26.719  7666  7666 W System.err: 	at com.a.a.a.b.a(SourceFile:42)
03-03 21:06:26.719  7666  7666 W System.err: 	at com.a.a.a.c.a(SourceFile:8)
03-03 21:06:26.719  7666  7666 W System.err: 	at com.a.a.a.b.a(SourceFile:48)
03-03 21:06:26.719  7666  7666 W System.err: 	at com.a.a.a.c.a(SourceFile:8)
03-03 21:06:26.719  7666  7666 W System.err: 	at com.meizu.media.music.util.MusicTools.setDarkIconColor(SourceFile:1453)
03-03 21:06:26.719  7666  7666 W System.err: 	at com.meizu.media.music.app.BaseMusicContentActivity.onCreate(SourceFile:50)
03-03 21:06:26.719  7666  7666 W System.err: 	at com.meizu.media.music.MusicActivity.onCreate(SourceFile:129)
03-03 21:06:26.719  7666  7666 W System.err: 	at android.app.Activity.performCreate(Activity.java)
03-03 21:06:26.719  7666  7666 W System.err: 	at android.app.Instrumentation.callActivityOnCreate(Instrumentation.java:1119)
03-03 21:06:26.719  7666  7666 W System.err: 	at android.app.ActivityThread.performLaunchActivity(ActivityThread.java:2652)
03-03 21:06:26.719  7666  7666 W System.err: 	at android.app.ActivityThread.handleLaunchActivity(ActivityThread.java:2766)
03-03 21:06:26.719  7666  7666 W System.err: 	at android.app.ActivityThread.-wrap12(ActivityThread.java)
03-03 21:06:26.719  7666  7666 W System.err: 	at android.app.ActivityThread$H.handleMessage(ActivityThread.java)
03-03 21:06:26.719  7666  7666 W System.err: 	at android.os.Handler.dispatchMessage(Handler.java:102)
03-03 21:06:26.719  7666  7666 W System.err: 	at android.os.Looper.loop(Looper.java:154)
03-03 21:06:26.719  7666  7666 W System.err: 	at android.app.ActivityThread.main(ActivityThread.java:6229)
03-03 21:06:26.719  7666  7666 W System.err: 	at java.lang.reflect.Method.invoke(Native Method)
03-03 21:06:26.719  7666  7666 W System.err: 	at com.android.internal.os.ZygoteInit$MethodAndArgsCaller.run(ZygoteInit.java:891)
03-03 21:06:26.719  7666  7666 W System.err: 	at com.android.internal.os.ZygoteInit.main(ZygoteInit.java:781)
03-03 21:06:27.415  7666  7666 W PlaybackService00: DLNA service listener: player list change, count = 0
03-03 21:06:27.483  8668  8668 W System  : ClassLoader referenced unknown path: /system/priv-app/MusicFX/lib/arm64
03-03 21:06:28.106  7666  8690 W MzUpdateComponent:2.4.3: Self check and current System is not support app Upgrade! Start check...
03-03 21:06:28.110  7666  8657 W System  : Ignoring header MEIZUAuthorization because its value was null.
03-03 21:06:28.113  7666  8694 W MzUpdateComponent:2.4.3: Request sip register
03-03 21:06:28.116  7666  7666 E DebugLogger: isOnDebug false debugConfig false isDebuggable false
03-03 21:06:28.121  7666  8692 W MzUpdateComponent:2.4.3: start check update for :com.meizu.media.music
03-03 21:06:28.141  7666  7666 W MzGslbSdk: init gslb manager: 1.0.1
03-03 21:06:28.161  7666  8704 W System.err: Walle=> ExceptionCached[java.lang.NumberFormatException: null] at [MusicDiskLruCache.java:244]
03-03 21:06:28.162  3186  3186 E Thermal-daemon: [ap] temp_new :40  temp_old :41
03-03 21:06:28.162  3186  3186 E Thermal-daemon: Report temperature: [ap] temp :40  report_threshold:1
03-03 21:06:28.206  7666  8704 W System  : ClassLoader referenced unknown path: /system/framework/tcmclient.jar
03-03 21:06:28.214  7666  8689 W System  : ClassLoader referenced unknown path: /system/framework/tcmclient.jar
03-03 21:06:28.220  7666  7666 E FloatWidget: 
03-03 21:06:28.272  7666  8692 W MzUpdateComponent:2.4.3: check cdn result---> isDelay:true
03-03 21:06:28.315  8716  8716 E cutils-trace: Error opening trace file: Permission denied (13)
03-03 21:06:28.325  7666  8692 W MzUpdateComponent:2.4.3: check update result :false,false,null
03-03 21:06:28.370  7666  8720 E DeviceInfoUtils: Get Mz Device IMEI 860863031415227
03-03 21:06:28.373  7666  8722 E DeviceInfoUtils: Get Mz Device IMEI 860863031415227
03-03 21:06:28.373  7666  8722 E DeviceInfoUtils: Get Mz Device SN BTY4C16526002188XXX
03-03 21:06:28.378  7666  8731 W System.err: Walle=> ExceptionCached[java.lang.NumberFormatException: null] at [MusicDiskLruCache.java:244]
03-03 21:06:28.402  7666  8722 W System  : ClassLoader referenced unknown path: /system/framework/tcmclient.jar
03-03 21:06:28.427  7666  8731 W MzGslbSdk: Domain load too frequently: y.meizu.com
03-03 21:06:28.436  7666  8704 W System  : Ignoring header MEIZUAuthorization because its value was null.
03-03 21:06:28.497  7666  8731 W System  : Ignoring header MEIZUAuthorization because its value was null.
03-03 21:06:28.513  7666  8689 W System  : Ignoring header MEIZUAuthorization because its value was null.
03-03 21:06:28.559  7666  8738 W MzUpdateComponent:2.4.3: Request push register
03-03 21:06:28.568  7666  8739 W System.err: Walle=> ExceptionCached[java.lang.NumberFormatException: null] at [MusicDiskLruCache.java:244]
03-03 21:06:28.576  7666  7666 E MzUpdateComponent:2.4.3: onCreate
03-03 21:06:28.578  7666  7666 W MzUpdateComponent:2.4.3: handle command : 10
03-03 21:06:28.578  7666  8739 W System  : Ignoring header MEIZUAuthorization because its value was null.
03-03 21:06:28.580  7666  8740 W MzUpdateComponent:2.4.3: start register push to server
03-03 21:06:28.634  7666  8740 W MzUpdateComponent:2.4.3: register push success
03-03 21:06:28.644  7666  7666 E MzUpdateComponent:2.4.3: onDestroy
03-03 21:06:28.910  7666  8704 W System  : Ignoring header MEIZUAuthorization because its value was null.
03-03 21:06:28.926  7666  8689 W System  : Ignoring header MEIZUAuthorization because its value was null.
03-03 21:06:28.942  7666  8722 E ConnectionResultUtils: https://183.232.2.151/compaign/system/push/up>>
03-03 21:06:28.942  7666  8722 E ConnectionResultUtils: {"code":"200","message":"","redirect":"","value":{"result":true}}
03-03 21:06:28.956  7666  8722 E DeviceInfoUtils: Get Mz Device IMEI 860863031415227
03-03 21:06:28.956  7666  8722 E DeviceInfoUtils: Get Mz Device SN BTY4C16526002188XXX
03-03 21:06:29.026  3585  3650 W ActivityManager: Unable to start service Intent { flg=0x4 cmp=com.android.mms/cn.cmcc.online.smsapi.DaService (has extras) } U=0: not found
03-03 21:06:29.026  3585  3650 W ActivityManager: Unable to start service Intent { flg=0x4 cmp=com.android.mms/cn.cmcc.online.smsapi.CacheService (has extras) } U=0: not found
03-03 21:06:29.059  8747  8747 W System  : ClassLoader referenced unknown path: /system/app/Weather/lib/arm64
03-03 21:06:29.073  5860  5860 E MzUpdate: a: onStartJob=2003
03-03 21:06:29.074  5860  5860 W ContextImpl: Calling a method in the system process without a qualified user: android.app.ContextImpl.sendBroadcast:-1 android.content.ContextWrapper.sendBroadcast:421 com.meizu.flyme.update.jobscheduler.JobSchedulerService.onStartJob:55 android.app.job.JobService$JobHandler.handleMessage:143 android.os.Handler.dispatchMessage:102 
03-03 21:06:29.077  3585  4752 E ActivityManager: Sending non-protected broadcast com.meizu.flyme.update.CHECK_DOWNLOAD from system 5860:com.meizu.flyme.update/1000 pkg com.meizu.flyme.update
03-03 21:06:29.077  3585  4752 E ActivityManager: java.lang.Throwable
03-03 21:06:29.077  3585  4752 E ActivityManager: 	at com.android.server.am.ActivityManagerService.checkBroadcastFromSystem(ActivityManagerService.java:17990)
03-03 21:06:29.077  3585  4752 E ActivityManager: 	at com.android.server.am.ActivityManagerService.broadcastIntentLocked(ActivityManagerService.java:18562)
03-03 21:06:29.077  3585  4752 E ActivityManager: 	at com.android.server.am.ActivityManagerService.broadcastIntent(ActivityManagerService.java:18653)
03-03 21:06:29.077  3585  4752 E ActivityManager: 	at android.app.ActivityManagerNative.onTransact(ActivityManagerNative.java:500)
03-03 21:06:29.077  3585  4752 E ActivityManager: 	at com.android.server.am.ActivityManagerService.onTransact(ActivityManagerService.java:2828)
03-03 21:06:29.077  3585  4752 E ActivityManager: 	at com.android.server.am.FlymeExtActivityManagerService.onTransact(FlymeExtActivityManagerService.java:76)
03-03 21:06:29.077  3585  4752 E ActivityManager: 	at android.os.Binder.execTransact(Binder.java:565)
03-03 21:06:29.112  7666  8722 E ConnectionResultUtils: https://183.232.2.151/compaign/system/push/up>>
03-03 21:06:29.112  7666  8722 E ConnectionResultUtils: {"code":"200","message":"","redirect":"","value":{"result":true}}
03-03 21:06:29.128  5860  5860 W MzUpdate: FwUpdateResponseReceiver: action = com.meizu.flyme.update.CHECK_DOWNLOAD
03-03 21:06:29.138  3201  3327 E logserver: process_one_event, can not find this event(system_app_strictmode@1520082389137.txt.gz)
03-03 21:06:29.141  5860  5860 W MzUpdate: FwDownloadChecker: startCheck checkType = 2
03-03 21:06:29.284  7666  8697 W System  : Ignoring header MEIZUAuthorization because its value was null.
03-03 21:06:29.343  7666  7666 E FloatWidget: open
03-03 21:06:29.466  5860  5860 W MzUpdate: FwDownloadChecker: onResponse  type = 2
03-03 21:06:29.484  3585  3663 E flymed_connector: Communications error: java.io.IOException: No such file or directory
03-03 21:06:29.485  3585  3663 E flymed_connector: Error in NativeDaemonConnector: java.io.IOException: No such file or directory
03-03 21:06:29.486  5860  5860 E MzUpdate: RecoveryHelper: not found modify flag file 
03-03 21:06:29.488  5860  5860 W MzUpdate: FwDownloadChecker: onResponse update not exist
03-03 21:06:29.650  7666  7666 E FloatWidget: innerOpen
03-03 21:06:29.650  7666  7666 E FloatWidget: loadData
03-03 21:06:29.651  7666  8722 E DeviceInfoUtils: Get Mz Device IMEI 860863031415227
03-03 21:06:29.651  7666  8722 E DeviceInfoUtils: Get Mz Device SN BTY4C16526002188XXX
03-03 21:06:29.655  7666  8666 W System.err: Walle=> ExceptionCached[java.lang.RuntimeException: Needs in the main thread] at [BaseListAdapter.java:60]
03-03 21:06:29.680  7666  8722 W System  : ClassLoader referenced unknown path: /system/framework/tcmclient.jar
03-03 21:06:29.748  8808  8808 E cutils-trace: Error opening trace file: Permission denied (13)
03-03 21:06:29.938  7666  8722 E ConnectionResultUtils: http://act.aries.meizu.com/api/activity/entry>>{"code":200,"message":"","redirect":"","value":{"activityId":2,"enabled":false,"position":{"height":85,"horizontal":2,"margin":0,"marginBottom":60,"marginLeft":0,"marginRight":14,"marginTop":0,"switchFloat":0,"vertical":2,"width":85},"switchFloat":1,"url":"http://aries.mzres.com/music_icon1227/index.html?showGreaterVersionName=6.3.0&url=https%3a%2f%2fmusic2.meizu.com%2fresources%2fappsend%2findex.html"}}
03-03 21:06:30.144  7666  8665 E AdLog-Host: handle exception: time out
03-03 21:06:30.145  7666  8665 E Logger  : time out
03-03 21:06:30.393  7666  8828 W MzUpdateComponent:2.4.3: Plugin:start check update for :com.meizu.advertise.plugin,
03-03 21:06:30.438  7666  8830 W System  : ClassLoader referenced unknown path: /system/framework/tcmclient.jar
03-03 21:06:30.476  7666  8835 W MzGslbSdk: Domain load too frequently: m.dfs.meizu.com
03-03 21:06:30.498  7666  8838 W MzGslbSdk: Domain load too frequently: m.dfs.meizu.com
03-03 21:06:30.531  7666  8828 E MzUpdateComponent:2.4.3: Plugin:server return invalid PluginUpdate : com.meizu.advertise.plugin
03-03 21:06:30.531  7666  8828 W MzUpdateComponent:2.4.3: Plugin:check plugin update parse failed!{"reply":{"code":200,"message":"","value":[{"pluginName":"SDK","serviceName":"com.meizu.advertise.plugin","existsUpdate":false,"needUpdate":false,"latestVersion":null,"releaseDate":null,"releaseNote":null,"updateUrl":null,"fileSize":null,"updateUrl2":null,"digest":null,"size":0,"targetAppName":null,"verifyMode":0,"pluginType":0,"customId":0}]}}
03-03 21:06:30.531  7666  8828 W MzUpdateComponent:2.4.3: Plugin:check plugin update return null!
03-03 21:06:30.536  7666  8826 E AdLog-Host: update fail: java.lang.Exception: no plugin update info, code=0
03-03 21:06:30.727  7666  7666 W View    : requestLayout() improperly called by android.widget.FrameLayout{21ec214 V.E...... ......I. 0,0-0,0 #7f1302b9 app:id/banner_bg} during layout: running second layout pass
03-03 21:06:30.727  7666  7666 W View    : requestLayout() improperly called by android.widget.RelativeLayout{5b2eabd V.E...... ......I. 0,0-0,0 #7f1302c8 app:id/mz_banner_view_gradient_bg_parent} during layout: running second layout pass
03-03 21:06:31.058  7666  7666 E FloatWidget: 
03-03 21:06:31.058  7666  7666 E FloatManager: updateFloatState-2-false-1
03-03 21:06:31.058  7666  7666 E FloatWidget: loadWebView
03-03 21:06:31.074  7666  8731 W System.err: Walle=> ExceptionCached[java.lang.NumberFormatException: null] at [MusicDiskLruCache.java:244]
03-03 21:06:31.074  7666  7666 E FloatWidget: close
03-03 21:06:31.085  7666  8731 W System  : Ignoring header MEIZUAuthorization because its value was null.
03-03 21:06:31.096  3201  3327 E logserver: process_one_event, can not find this event(system_app_strictmode@1520082391095.txt.gz)
03-03 21:06:31.380  7666  7666 E FloatWidget: innerClose
03-03 21:06:31.674  7666  8743 W System.err: Walle=> ExceptionCached[java.lang.NullPointerException: Attempt to read from null array] at [TelephonyUtils.java:37]
03-03 21:06:31.674  7666  8743 W System.err: Walle=> ExceptionCached[java.lang.NullPointerException: Attempt to read from null array] at [TelephonyUtils.java:37]
03-03 21:06:31.674  7666  8743 E TelephonyUtils: getSubId=Attempt to read from null array
03-03 21:06:31.824  7666  7666 E FloatWidget: open
03-03 21:06:32.124  7666  7666 E FloatWidget: innerOpen
03-03 21:06:32.124  7666  7666 E FloatWidget: refreshContent
03-03 21:06:33.162  3186  3186 E Thermal-daemon: [charger_ic] temp_new :42  temp_old :41
03-03 21:06:33.162  3186  3186 E Thermal-daemon: Report temperature: [charger_ic] temp :42  report_threshold:1
03-03 21:06:33.162  3186  3186 E Thermal-daemon: [ap] temp_new :41  temp_old :40
03-03 21:06:33.162  3186  3186 E Thermal-daemon: Report temperature: [ap] temp :41  report_threshold:1
03-03 21:06:34.215  3585  4327 W AppOps  : Finishing op nesting under-run: uid 10023 pkg com.meizu.media.music code 24 time=0 duration=0 nesting=0
03-03 21:06:34.486  3585  3663 E flymed_connector: Communications error: java.io.IOException: No such file or directory
03-03 21:06:34.487  3585  3663 E flymed_connector: Error in NativeDaemonConnector: java.io.IOException: No such file or directory
03-03 21:06:35.719  7666  7714 W PlaybackService00: ids is null! Clear id list.
03-03 21:06:35.764  7666  7714 W System  : Ignoring header MEIZUAuthorization because its value was null.
03-03 21:06:35.764  7666  7666 E FloatWidget: close
03-03 21:06:35.848  7666  7666 W System.err: java.lang.NoSuchMethodException: android.view.Window.setNavigationBarIconColor(boolean)
03-03 21:06:35.849  7666  7666 W System.err: 	at com.a.a.a.b.a(SourceFile:138)
03-03 21:06:35.849  7666  7666 W System.err: 	at com.a.a.a.c.a(SourceFile:8)
03-03 21:06:35.849  7666  7666 W System.err: 	at com.a.a.a.b.a(SourceFile:42)
03-03 21:06:35.849  7666  7666 W System.err: 	at com.a.a.a.c.a(SourceFile:8)
03-03 21:06:35.849  7666  7666 W System.err: 	at com.a.a.a.b.a(SourceFile:48)
03-03 21:06:35.849  7666  7666 W System.err: 	at com.a.a.a.c.a(SourceFile:8)
03-03 21:06:35.849  7666  7666 W System.err: 	at com.meizu.media.music.util.MusicTools.setDarkIconColor(SourceFile:1453)
03-03 21:06:35.849  7666  7666 W System.err: 	at com.meizu.media.music.PlayingActivity.onCreate(SourceFile:43)
03-03 21:06:35.849  7666  7666 W System.err: 	at android.app.Activity.performCreate(Activity.java)
03-03 21:06:35.849  7666  7666 W System.err: 	at android.app.Instrumentation.callActivityOnCreate(Instrumentation.java:1119)
03-03 21:06:35.849  7666  7666 W System.err: 	at android.app.ActivityThread.performLaunchActivity(ActivityThread.java:2652)
03-03 21:06:35.849  7666  7666 W System.err: 	at android.app.ActivityThread.handleLaunchActivity(ActivityThread.java:2766)
03-03 21:06:35.849  7666  7666 W System.err: 	at android.app.ActivityThread.-wrap12(ActivityThread.java)
03-03 21:06:35.849  7666  7666 W System.err: 	at android.app.ActivityThread$H.handleMessage(ActivityThread.java)
03-03 21:06:35.849  7666  7666 W System.err: 	at android.os.Handler.dispatchMessage(Handler.java:102)
03-03 21:06:35.849  7666  7666 W System.err: 	at android.os.Looper.loop(Looper.java:154)
03-03 21:06:35.849  7666  7666 W System.err: 	at android.app.ActivityThread.main(ActivityThread.java:6229)
03-03 21:06:35.849  7666  7666 W System.err: 	at java.lang.reflect.Method.invoke(Native Method)
03-03 21:06:35.849  7666  7666 W System.err: 	at com.android.internal.os.ZygoteInit$MethodAndArgsCaller.run(ZygoteInit.java:891)
03-03 21:06:35.849  7666  7666 W System.err: 	at com.android.internal.os.ZygoteInit.main(ZygoteInit.java:781)
03-03 21:06:36.483  3585  3585 E NotificationService: Not posting notification without small icon: Notification(pri=-2 contentView=com.meizu.media.music/0x109008b vibrate=null sound=null defaults=0x0 flags=0x10000062 color=0xff607d8b vis=PRIVATE)
03-03 21:06:36.483  3585  3585 E NotificationService: WARNING: In a future release this will crash the app: com.meizu.media.music
03-03 21:06:36.509  7666  7666 E visualizers-JNI: [register_android_media_visualizer]818 > register_android_media_visualizer
03-03 21:06:36.523  7666  7666 E FloatWidget: innerClose
03-03 21:06:36.661  7666  8880 E TTTTT   : 0===0===:
03-03 21:06:36.681  7666  8880 W System.err: Walle=> ExceptionCached[java.lang.NumberFormatException: null] at [MusicDiskLruCache.java:244]
03-03 21:06:36.700  7666  8880 W System  : Ignoring header MEIZUAuthorization because its value was null.
03-03 21:06:36.705  7666  8664 W System.err: Walle=> ExceptionCached[java.lang.NumberFormatException: null] at [MusicDiskLruCache.java:244]
03-03 21:06:36.708  7666  7714 W System.err: Walle=> ExceptionCached[java.lang.NumberFormatException: null] at [MusicDiskLruCache.java:244]
03-03 21:06:36.712  7666  8646 E debug   : http://m.dfs.meizu.com/group2/M07/46/EC/CgOUeVaYPyKAbUxLAACZLQOT_Dg250.jpg.webp?c=203,171,112
03-03 21:06:36.718  7666  8664 W System  : Ignoring header MEIZUAuthorization because its value was null.
03-03 21:06:36.731  7666  7714 W System  : Ignoring header MEIZUAuthorization because its value was null.
03-03 21:06:36.744  7666  7666 E ChangbaManager: --onId3Change::
03-03 21:06:36.834  7666  7718 W MzGslbSdk: Domain load too frequently: dfs.meizu.com
03-03 21:06:36.839  7666  8664 W System.err: Walle=> ExceptionCached[java.lang.NumberFormatException: null] at [MusicDiskLruCache.java:244]
03-03 21:06:36.840  7666  8657 W System  : ClassLoader referenced unknown path: /system/framework/tcmclient.jar
03-03 21:06:36.850  7666  7718 W System  : Ignoring header MEIZUAuthorization because its value was null.
03-03 21:06:36.850  7666  8664 W System  : Ignoring header MEIZUAuthorization because its value was null.
03-03 21:06:36.872  7666  7714 W System.err: Walle=> ExceptionCached[java.lang.NumberFormatException: null] at [MusicDiskLruCache.java:244]
03-03 21:06:36.890  7666  7714 W System  : Ignoring header MEIZUAuthorization because its value was null.
03-03 21:06:36.981  7666  8881 W System  : ClassLoader referenced unknown path: /system/framework/tcmclient.jar
03-03 21:06:37.284  7666  8883 W NmdPlayer: [ffmpegNotify]2160 > AV_LOG_WARNING: Could not find codec parameters for stream 1 (Video: mjpeg, none): unspecified size
03-03 21:06:37.284  7666  8883 W NmdPlayer: Consider increasing the value for the 'analyzeduration' and 'probesize' options
03-03 21:06:37.284  7666  8883 W NmdPlayer: 
03-03 21:06:37.298  7666  8883 W NmdPlayer: [ffmpegNotify]2160 > AV_LOG_WARNING: Using AVStream.codec.time_base as a timebase hint to the muxer is deprecated. Set AVStream.time_base instead.
03-03 21:06:37.298  7666  8883 W NmdPlayer: 
03-03 21:06:37.298  7666  8883 E NmdPlayer: [ffmpegNotify]2151 > AV_LOG_ERROR: Ignoring attempt to set invalid timebase 1/0 for st:0
03-03 21:06:37.298  7666  8883 E NmdPlayer: 
03-03 21:06:37.298  7666  8883 W NmdPlayer: [ffmpegNotify]2160 > AV_LOG_WARNING: Using AVStream.codec.time_base as a timebase hint to the muxer is deprecated. Set AVStream.time_base instead.
03-03 21:06:37.298  7666  8883 W NmdPlayer: 
03-03 21:06:37.298  7666  8883 E NmdPlayer: [ffmpegNotify]2151 > AV_LOG_ERROR: dimensions not set
03-03 21:06:37.298  7666  8883 E NmdPlayer: 
03-03 21:06:37.299  7666  8883 W FFMpegEngine: [openOutput]835 > avformat_write_header fail:Unknown error
03-03 21:06:37.303  7666  8883 E FFMpegEngine: [openCodec]1181 > no correct codec matched with 0
03-03 21:06:37.303  7666  8884 W ffmpeg_onLoad: [getJNIEnv]104 > Failed to obtain JNIEnv
03-03 21:06:37.307  3585  4382 E ActivityManager: Sending non-protected broadcast flyme.action.read_filter_notification_all from system 3694:com.android.systemui/u0a32 pkg com.android.systemui
03-03 21:06:37.307  3585  4382 E ActivityManager: java.lang.Throwable
03-03 21:06:37.307  3585  4382 E ActivityManager: 	at com.android.server.am.ActivityManagerService.checkBroadcastFromSystem(ActivityManagerService.java:17990)
03-03 21:06:37.307  3585  4382 E ActivityManager: 	at com.android.server.am.ActivityManagerService.broadcastIntentLocked(ActivityManagerService.java:18562)
03-03 21:06:37.307  3585  4382 E ActivityManager: 	at com.android.server.am.ActivityManagerService.broadcastIntent(ActivityManagerService.java:18653)
03-03 21:06:37.307  3585  4382 E ActivityManager: 	at android.app.ActivityManagerNative.onTransact(ActivityManagerNative.java:500)
03-03 21:06:37.307  3585  4382 E ActivityManager: 	at com.android.server.am.ActivityManagerService.onTransact(ActivityManagerService.java:2828)
03-03 21:06:37.307  3585  4382 E ActivityManager: 	at com.android.server.am.FlymeExtActivityManagerService.onTransact(FlymeExtActivityManagerService.java:76)
03-03 21:06:37.307  3585  4382 E ActivityManager: 	at android.os.Binder.execTransact(Binder.java:565)
03-03 21:06:37.319  7666  7666 E TTTTT   : 658===658===:
03-03 21:06:37.319  7666  8898 W NmdPlayer: [ffmpegNotify]2160 > AV_LOG_WARNING: Encoder did not produce proper pts, making some up.
03-03 21:06:37.319  7666  8898 W NmdPlayer: 
03-03 21:06:37.320  7666  7666 W NormandieMediaPlayer: [getAudioSessionId]512 > getAudioSessionId:(201)
03-03 21:06:37.341  7666  8657 W System  : Ignoring header MEIZUAuthorization because its value was null.
03-03 21:06:37.389  7666  8881 W System  : Ignoring header MEIZUAuthorization because its value was null.
03-03 21:06:37.398  3585  3597 E ActivityManager: Sending non-protected broadcast flyme.action.read_filter_notification_all from system 3694:com.android.systemui/u0a32 pkg com.android.systemui
03-03 21:06:37.398  3585  3597 E ActivityManager: java.lang.Throwable
03-03 21:06:37.398  3585  3597 E ActivityManager: 	at com.android.server.am.ActivityManagerService.checkBroadcastFromSystem(ActivityManagerService.java:17990)
03-03 21:06:37.398  3585  3597 E ActivityManager: 	at com.android.server.am.ActivityManagerService.broadcastIntentLocked(ActivityManagerService.java:18562)
03-03 21:06:37.398  3585  3597 E ActivityManager: 	at com.android.server.am.ActivityManagerService.broadcastIntent(ActivityManagerService.java:18653)
03-03 21:06:37.398  3585  3597 E ActivityManager: 	at android.app.ActivityManagerNative.onTransact(ActivityManagerNative.java:500)
03-03 21:06:37.398  3585  3597 E ActivityManager: 	at com.android.server.am.ActivityManagerService.onTransact(ActivityManagerService.java:2828)
03-03 21:06:37.398  3585  3597 E ActivityManager: 	at com.android.server.am.FlymeExtActivityManagerService.onTransact(FlymeExtActivityManagerService.java:76)
03-03 21:06:37.398  3585  3597 E ActivityManager: 	at android.os.Binder.execTransact(Binder.java:565)
03-03 21:06:37.695  3585  3909 E ActivityManager: Sending non-protected broadcast flyme.action.read_filter_notification_all from system 3694:com.android.systemui/u0a32 pkg com.android.systemui
03-03 21:06:37.695  3585  3909 E ActivityManager: java.lang.Throwable
03-03 21:06:37.695  3585  3909 E ActivityManager: 	at com.android.server.am.ActivityManagerService.checkBroadcastFromSystem(ActivityManagerService.java:17990)
03-03 21:06:37.695  3585  3909 E ActivityManager: 	at com.android.server.am.ActivityManagerService.broadcastIntentLocked(ActivityManagerService.java:18562)
03-03 21:06:37.695  3585  3909 E ActivityManager: 	at com.android.server.am.ActivityManagerService.broadcastIntent(ActivityManagerService.java:18653)
03-03 21:06:37.695  3585  3909 E ActivityManager: 	at android.app.ActivityManagerNative.onTransact(ActivityManagerNative.java:500)
03-03 21:06:37.695  3585  3909 E ActivityManager: 	at com.android.server.am.ActivityManagerService.onTransact(ActivityManagerService.java:2828)
03-03 21:06:37.695  3585  3909 E ActivityManager: 	at com.android.server.am.FlymeExtActivityManagerService.onTransact(FlymeExtActivityManagerService.java:76)
03-03 21:06:37.695  3585  3909 E ActivityManager: 	at android.os.Binder.execTransact(Binder.java:565)
03-03 21:06:37.766  3585  4327 E ActivityManager: Sending non-protected broadcast flyme.action.read_filter_notification_all from system 3694:com.android.systemui/u0a32 pkg com.android.systemui
03-03 21:06:37.766  3585  4327 E ActivityManager: java.lang.Throwable
03-03 21:06:37.766  3585  4327 E ActivityManager: 	at com.android.server.am.ActivityManagerService.checkBroadcastFromSystem(ActivityManagerService.java:17990)
03-03 21:06:37.766  3585  4327 E ActivityManager: 	at com.android.server.am.ActivityManagerService.broadcastIntentLocked(ActivityManagerService.java:18562)
03-03 21:06:37.766  3585  4327 E ActivityManager: 	at com.android.server.am.ActivityManagerService.broadcastIntent(ActivityManagerService.java:18653)
03-03 21:06:37.766  3585  4327 E ActivityManager: 	at android.app.ActivityManagerNative.onTransact(ActivityManagerNative.java:500)
03-03 21:06:37.766  3585  4327 E ActivityManager: 	at com.android.server.am.ActivityManagerService.onTransact(ActivityManagerService.java:2828)
03-03 21:06:37.766  3585  4327 E ActivityManager: 	at com.android.server.am.FlymeExtActivityManagerService.onTransact(FlymeExtActivityManagerService.java:76)
03-03 21:06:37.766  3585  4327 E ActivityManager: 	at android.os.Binder.execTransact(Binder.java:565)
03-03 21:06:37.798  3585  3757 E ActivityManager: Sending non-protected broadcast flyme.action.read_filter_notification_all from system 3694:com.android.systemui/u0a32 pkg com.android.systemui
03-03 21:06:37.798  3585  3757 E ActivityManager: java.lang.Throwable
03-03 21:06:37.798  3585  3757 E ActivityManager: 	at com.android.server.am.ActivityManagerService.checkBroadcastFromSystem(ActivityManagerService.java:17990)
03-03 21:06:37.798  3585  3757 E ActivityManager: 	at com.android.server.am.ActivityManagerService.broadcastIntentLocked(ActivityManagerService.java:18562)
03-03 21:06:37.798  3585  3757 E ActivityManager: 	at com.android.server.am.ActivityManagerService.broadcastIntent(ActivityManagerService.java:18653)
03-03 21:06:37.798  3585  3757 E ActivityManager: 	at android.app.ActivityManagerNative.onTransact(ActivityManagerNative.java:500)
03-03 21:06:37.798  3585  3757 E ActivityManager: 	at com.android.server.am.ActivityManagerService.onTransact(ActivityManagerService.java:2828)
03-03 21:06:37.798  3585  3757 E ActivityManager: 	at com.android.server.am.FlymeExtActivityManagerService.onTransact(FlymeExtActivityManagerService.java:76)
03-03 21:06:37.798  3585  3757 E ActivityManager: 	at android.os.Binder.execTransact(Binder.java:565)
03-03 21:06:37.868  3201  3327 E logserver: process_one_event, can not find this event(system_app_strictmode@1520082397867.txt.gz)
03-03 21:06:37.877  3585  4385 E ActivityManager: Sending non-protected broadcast flyme.action.read_filter_notification_all from system 3694:com.android.systemui/u0a32 pkg com.android.systemui
03-03 21:06:37.877  3585  4385 E ActivityManager: java.lang.Throwable
03-03 21:06:37.877  3585  4385 E ActivityManager: 	at com.android.server.am.ActivityManagerService.checkBroadcastFromSystem(ActivityManagerService.java:17990)
03-03 21:06:37.877  3585  4385 E ActivityManager: 	at com.android.server.am.ActivityManagerService.broadcastIntentLocked(ActivityManagerService.java:18562)
03-03 21:06:37.877  3585  4385 E ActivityManager: 	at com.android.server.am.ActivityManagerService.broadcastIntent(ActivityManagerService.java:18653)
03-03 21:06:37.877  3585  4385 E ActivityManager: 	at android.app.ActivityManagerNative.onTransact(ActivityManagerNative.java:500)
03-03 21:06:37.877  3585  4385 E ActivityManager: 	at com.android.server.am.ActivityManagerService.onTransact(ActivityManagerService.java:2828)
03-03 21:06:37.877  3585  4385 E ActivityManager: 	at com.android.server.am.FlymeExtActivityManagerService.onTransact(FlymeExtActivityManagerService.java:76)
03-03 21:06:37.877  3585  4385 E ActivityManager: 	at android.os.Binder.execTransact(Binder.java:565)
03-03 21:06:37.881  3585  4386 E ActivityManager: Sending non-protected broadcast flyme.action.read_filter_notification_all from system 3694:com.android.systemui/u0a32 pkg com.android.systemui
03-03 21:06:37.881  3585  4386 E ActivityManager: java.lang.Throwable
03-03 21:06:37.881  3585  4386 E ActivityManager: 	at com.android.server.am.ActivityManagerService.checkBroadcastFromSystem(ActivityManagerService.java:17990)
03-03 21:06:37.881  3585  4386 E ActivityManager: 	at com.android.server.am.ActivityManagerService.broadcastIntentLocked(ActivityManagerService.java:18562)
03-03 21:06:37.881  3585  4386 E ActivityManager: 	at com.android.server.am.ActivityManagerService.broadcastIntent(ActivityManagerService.java:18653)
03-03 21:06:37.881  3585  4386 E ActivityManager: 	at android.app.ActivityManagerNative.onTransact(ActivityManagerNative.java:500)
03-03 21:06:37.881  3585  4386 E ActivityManager: 	at com.android.server.am.ActivityManagerService.onTransact(ActivityManagerService.java:2828)
03-03 21:06:37.881  3585  4386 E ActivityManager: 	at com.android.server.am.FlymeExtActivityManagerService.onTransact(FlymeExtActivityManagerService.java:76)
03-03 21:06:37.881  3585  4386 E ActivityManager: 	at android.os.Binder.execTransact(Binder.java:565)
03-03 21:06:38.163  3186  3186 E Thermal-daemon: [charger_ic] temp_new :43  temp_old :42
03-03 21:06:38.163  3186  3186 E Thermal-daemon: Report temperature: [charger_ic] temp :43  report_threshold:1
03-03 21:06:38.848  7666  7666 W InputEventReceiver: Attempted to finish an input event but the input event receiver has already been disposed.
03-03 21:06:39.082  3585  4386 E ActivityManager: Sending non-protected broadcast flyme.action.read_filter_notification_all from system 3694:com.android.systemui/u0a32 pkg com.android.systemui
03-03 21:06:39.082  3585  4386 E ActivityManager: java.lang.Throwable
03-03 21:06:39.082  3585  4386 E ActivityManager: 	at com.android.server.am.ActivityManagerService.checkBroadcastFromSystem(ActivityManagerService.java:17990)
03-03 21:06:39.082  3585  4386 E ActivityManager: 	at com.android.server.am.ActivityManagerService.broadcastIntentLocked(ActivityManagerService.java:18562)
03-03 21:06:39.082  3585  4386 E ActivityManager: 	at com.android.server.am.ActivityManagerService.broadcastIntent(ActivityManagerService.java:18653)
03-03 21:06:39.082  3585  4386 E ActivityManager: 	at android.app.ActivityManagerNative.onTransact(ActivityManagerNative.java:500)
03-03 21:06:39.082  3585  4386 E ActivityManager: 	at com.android.server.am.ActivityManagerService.onTransact(ActivityManagerService.java:2828)
03-03 21:06:39.082  3585  4386 E ActivityManager: 	at com.android.server.am.FlymeExtActivityManagerService.onTransact(FlymeExtActivityManagerService.java:76)
03-03 21:06:39.082  3585  4386 E ActivityManager: 	at android.os.Binder.execTransact(Binder.java:565)
03-03 21:06:39.092  3585  3596 E ActivityManager: Sending non-protected broadcast flyme.action.read_filter_notification_all from system 3694:com.android.systemui/u0a32 pkg com.android.systemui
03-03 21:06:39.092  3585  3596 E ActivityManager: java.lang.Throwable
03-03 21:06:39.092  3585  3596 E ActivityManager: 	at com.android.server.am.ActivityManagerService.checkBroadcastFromSystem(ActivityManagerService.java:17990)
03-03 21:06:39.092  3585  3596 E ActivityManager: 	at com.android.server.am.ActivityManagerService.broadcastIntentLocked(ActivityManagerService.java:18562)
03-03 21:06:39.092  3585  3596 E ActivityManager: 	at com.android.server.am.ActivityManagerService.broadcastIntent(ActivityManagerService.java:18653)
03-03 21:06:39.092  3585  3596 E ActivityManager: 	at android.app.ActivityManagerNative.onTransact(ActivityManagerNative.java:500)
03-03 21:06:39.092  3585  3596 E ActivityManager: 	at com.android.server.am.ActivityManagerService.onTransact(ActivityManagerService.java:2828)
03-03 21:06:39.092  3585  3596 E ActivityManager: 	at com.android.server.am.FlymeExtActivityManagerService.onTransact(FlymeExtActivityManagerService.java:76)
03-03 21:06:39.092  3585  3596 E ActivityManager: 	at android.os.Binder.execTransact(Binder.java:565)
03-03 21:06:39.488  3585  3663 E flymed_connector: Communications error: java.io.IOException: No such file or directory
03-03 21:06:39.491  3585  3663 E flymed_connector: Error in NativeDaemonConnector: java.io.IOException: No such file or directory
03-03 21:06:39.518  7666  7666 E FloatWidget: open
03-03 21:06:39.668  3585  4928 E ActivityManager: Sending non-protected broadcast flyme.action.read_filter_notification_all from system 3694:com.android.systemui/u0a32 pkg com.android.systemui
03-03 21:06:39.668  3585  4928 E ActivityManager: java.lang.Throwable
03-03 21:06:39.668  3585  4928 E ActivityManager: 	at com.android.server.am.ActivityManagerService.checkBroadcastFromSystem(ActivityManagerService.java:17990)
03-03 21:06:39.668  3585  4928 E ActivityManager: 	at com.android.server.am.ActivityManagerService.broadcastIntentLocked(ActivityManagerService.java:18562)
03-03 21:06:39.668  3585  4928 E ActivityManager: 	at com.android.server.am.ActivityManagerService.broadcastIntent(ActivityManagerService.java:18653)
03-03 21:06:39.668  3585  4928 E ActivityManager: 	at android.app.ActivityManagerNative.onTransact(ActivityManagerNative.java:500)
03-03 21:06:39.668  3585  4928 E ActivityManager: 	at com.android.server.am.ActivityManagerService.onTransact(ActivityManagerService.java:2828)
