03-03 21:00:26.436  5465  5465 W ContextImpl: Calling a method in the system process without a qualified user: android.app.ContextImpl.startService:-1 android.content.ContextWrapper.startService:613 com.meizu.desktopbackup.compontent.a.a:181 com.meizu.desktopbackup.compontent.a.a:193 com.meizu.desktopbackup.d.b.a:64 
03-03 21:00:28.359  4627  5621 W ContextImpl: Calling a method in the system process without a qualified user: android.app.ContextImpl.startService:-1 android.content.ContextWrapper.startService:613 com.meizu.networkmanager.c.r.a:25 com.meizu.networkmanager.boradcast.b$1$1.run:67 <bottom of call stack> 
03-03 21:00:29.243  3585  3663 E flymed_connector: Communications error: java.io.IOException: No such file or directory
03-03 21:00:29.244  3585  3663 E flymed_connector: Error in NativeDaemonConnector: java.io.IOException: No such file or directory
03-03 21:00:30.643  3585  4327 W ActivityManager: Unable to start service Intent { cmp=com.android.email/.service.AttachmentDownloadService } U=0: not found
03-03 21:00:30.668  3585  4382 W BroadcastQueue: Permission Denial: receiving Intent { act=android.intent.action.BOOT_COMPLETED flg=0x9000010 (has extras) } to com.android.musicfx/.Compatibility$Receiver requires android.permission.RECEIVE_BOOT_COMPLETED due to sender null (uid 1000)
03-03 21:00:30.687  3585  3585 E NotificationService: Not posting notification without small icon: Notification(pri=-2 contentView=com.android.mms/0x109008b vibrate=null sound=null defaults=0x0 flags=0x10000062 color=0xff607d8b vis=PRIVATE)
03-03 21:00:30.687  3585  3585 E NotificationService: WARNING: In a future release this will crash the app: com.android.mms
03-03 21:00:30.772  3585  3952 W ActivityManager: Unable to start service Intent { cmp=com.android.email/.service.AttachmentDownloadService } U=0: not found
03-03 21:00:31.542  3787  3787 W ContextImpl: Calling a method in the system process without a qualified user: android.app.ContextImpl.stopService:-1 android.content.ContextWrapper.stopService:618 android.content.ContextWrapper.stopService:618 com.meizu.settings.drivemode.MzDriveModeUtils.stopDirverMode:33 com.meizu.settings.drivemode.MzDriveModeUtils.initDirverMode:25 
03-03 21:00:33.791  5860  5860 W ContextImpl: Calling a method in the system process without a qualified user: android.app.ContextImpl.bindService:1421 android.content.ContextWrapper.bindService:636 com.meizu.cloud.download.service.DownloadService.a:151 com.meizu.flyme.update.AppApplication.onCreate:33 android.app.Instrumentation.callApplicationOnCreate:1025 
03-03 21:00:33.796  5860  5860 W ContextImpl: Calling a method in the system process without a qualified user: android.app.ContextImpl.bindService:1421 android.content.ContextWrapper.bindService:636 com.meizu.flyme.update.appupgrade.download.AppDownloadService.b:107 com.meizu.flyme.update.appupgrade.c.a.a:85 com.meizu.flyme.update.AppApplication.onCreate:34 
03-03 21:00:34.245  3585  3663 E flymed_connector: Communications error: java.io.IOException: No such file or directory
03-03 21:00:34.246  3585  3663 E flymed_connector: Error in NativeDaemonConnector: java.io.IOException: No such file or directory
03-03 21:00:34.666  3585  3603 E libprocessgroup: failed to kill 1 processes for processgroup 4414
03-03 21:00:35.549  3585  4353 E BatteryService: Failure in reading charger type
03-03 21:00:35.549  3585  4353 E BatteryService: java.io.FileNotFoundException: /sys/class/power_supply/usb/type (No such file or directory)
03-03 21:00:35.549  3585  4353 E BatteryService: 	at java.io.FileInputStream.open(Native Method)
03-03 21:00:35.549  3585  4353 E BatteryService: 	at java.io.FileInputStream.<init>(FileInputStream.java:146)
03-03 21:00:35.549  3585  4353 E BatteryService: 	at java.io.FileReader.<init>(FileReader.java:72)
03-03 21:00:35.549  3585  4353 E BatteryService: 	at com.android.server.BatteryService$Led.isHvdcpPresent(BatteryService.java:944)
03-03 21:00:35.549  3585  4353 E BatteryService: 	at com.android.server.BatteryService$Led.updateLightsLocked(BatteryService.java:985)
03-03 21:00:35.549  3585  4353 E BatteryService: 	at com.android.server.BatteryService.processValuesLocked(BatteryService.java:585)
03-03 21:00:35.549  3585  4353 E BatteryService: 	at com.android.server.BatteryService.update(BatteryService.java)
03-03 21:00:35.549  3585  4353 E BatteryService: 	at com.android.server.BatteryService.-wrap5(BatteryService.java)
03-03 21:00:35.549  3585  4353 E BatteryService: 	at com.android.server.BatteryService$BatteryListener.batteryPropertiesChanged(BatteryService.java:1005)
03-03 21:00:35.549  3585  4353 E BatteryService: 	at android.os.IBatteryPropertiesListener$Stub.onTransact(IBatteryPropertiesListener.java:58)
03-03 21:00:35.549  3585  4353 E BatteryService: 	at android.os.Binder.execTransact(Binder.java:565)
03-03 21:00:37.055  4627  6057 W ContextImpl: Calling a method in the system process without a qualified user: android.app.ContextImpl.startService:-1 android.content.ContextWrapper.startService:613 android.content.ContextWrapper.startService:613 com.meizu.networkmanager.monitor.t.a:118 com.meizu.networkmanager.monitor.t.a:62 
03-03 21:00:37.059  4627  4627 W ContextImpl: Calling a method in the system process without a qualified user: android.app.ContextImpl.startService:-1 android.content.ContextWrapper.startService:613 android.content.ContextWrapper.startService:613 com.meizu.safe.blockService.receiver.PowerConnectionReceiver.onReceive:33 android.app.ActivityThread.handleReceiver:3078 
03-03 21:00:37.076  4627  4627 W ContextImpl: Calling a method in the system process without a qualified user: android.app.ContextImpl.startService:-1 android.content.ContextWrapper.startService:613 android.content.ContextWrapper.startService:613 com.meizu.safe.service.MzSecMainService.a:85 com.meizu.safe.blockService.service.BootReceiver.a:26 
03-03 21:00:38.589  3585  3603 E libprocessgroup: failed to kill 1 processes for processgroup 5589
03-03 21:00:39.247  3585  3663 E flymed_connector: Communications error: java.io.IOException: No such file or directory
03-03 21:00:39.248  3585  3663 E flymed_connector: Error in NativeDaemonConnector: java.io.IOException: No such file or directory
03-03 21:00:40.805  4627  4904 W ContextImpl: Calling a method in the system process without a qualified user: android.app.ContextImpl.startService:-1 android.content.ContextWrapper.startService:613 com.meizu.networkmanager.c.r.a:25 com.meizu.networkmanager.i.y.a:101 com.meizu.networkmanager.i.y.a:91 
03-03 21:00:40.829  4627  4904 W ContextImpl: Calling a method in the system process without a qualified user: android.app.ContextImpl.startService:-1 android.content.ContextWrapper.startService:613 com.meizu.networkmanager.c.r.a:25 com.meizu.networkmanager.i.y.a:101 com.meizu.networkmanager.i.y.a:91 
03-03 21:00:40.936  3585  4928 W ActivityManager: Scheduling restart of crashed service com.meizu.flyme.weather/.WidgetProviderService in 1000ms
03-03 21:00:42.336  3585  3952 W ActivityManager: Scheduling restart of crashed service com.meizu.flyme.weather/.WidgetProviderService in 1000ms
03-03 21:00:42.410  4627  4627 W ContextImpl: Calling a method in the system process without a qualified user: android.app.ContextImpl.startService:-1 android.content.ContextWrapper.startService:613 com.meizu.safe.urlDownload.v2.HmService.a:206 com.meizu.safe.viruscleaner.utils.VirusLibUpdater.onReceive:127 android.app.ActivityThread.handleReceiver:3078 
03-03 21:00:42.420  3585  4929 E BatteryService: Failure in reading charger type
03-03 21:00:42.420  3585  4929 E BatteryService: java.io.FileNotFoundException: /sys/class/power_supply/usb/type (No such file or directory)
03-03 21:00:42.420  3585  4929 E BatteryService: 	at java.io.FileInputStream.open(Native Method)
03-03 21:00:42.420  3585  4929 E BatteryService: 	at java.io.FileInputStream.<init>(FileInputStream.java:146)
03-03 21:00:42.420  3585  4929 E BatteryService: 	at java.io.FileReader.<init>(FileReader.java:72)
03-03 21:00:42.420  3585  4929 E BatteryService: 	at com.android.server.BatteryService$Led.isHvdcpPresent(BatteryService.java:944)
03-03 21:00:42.420  3585  4929 E BatteryService: 	at com.android.server.BatteryService$Led.updateLightsLocked(BatteryService.java:985)
03-03 21:00:42.420  3585  4929 E BatteryService: 	at com.android.server.BatteryService.processValuesLocked(BatteryService.java:585)
03-03 21:00:42.420  3585  4929 E BatteryService: 	at com.android.server.BatteryService.update(BatteryService.java)
03-03 21:00:42.420  3585  4929 E BatteryService: 	at com.android.server.BatteryService.-wrap5(BatteryService.java)
03-03 21:00:42.420  3585  4929 E BatteryService: 	at com.android.server.BatteryService$BatteryListener.batteryPropertiesChanged(BatteryService.java:1005)
03-03 21:00:42.420  3585  4929 E BatteryService: 	at android.os.IBatteryPropertiesListener$Stub.onTransact(IBatteryPropertiesListener.java:58)
03-03 21:00:42.420  3585  4929 E BatteryService: 	at android.os.Binder.execTransact(Binder.java:565)
03-03 21:00:42.881  4627  4904 W ContextImpl: Calling a method in the system process without a qualified user: android.app.ContextImpl.startService:-1 android.content.ContextWrapper.startService:613 com.meizu.networkmanager.c.r.a:25 com.meizu.networkmanager.i.y.a:101 com.meizu.networkmanager.i.y.a:91 
03-03 21:00:43.222  4627  4904 W ContextImpl: Calling a method in the system process without a qualified user: android.app.ContextImpl.startService:-1 android.content.ContextWrapper.startService:613 com.meizu.networkmanager.c.r.a:25 com.meizu.networkmanager.i.y.a:101 com.meizu.networkmanager.i.y.a:91 
03-03 21:00:44.249  3585  3663 E flymed_connector: Communications error: java.io.IOException: No such file or directory
03-03 21:00:44.250  3585  3663 E flymed_connector: Error in NativeDaemonConnector: java.io.IOException: No such file or directory
03-03 21:00:46.518  3585  4929 E BatteryStatsService: no controller energy info supplied
03-03 21:00:46.519  3585  4929 E BatteryStatsService: no controller energy info supplied
03-03 21:00:46.554  3585  4929 E BatteryStatsService: modem info is invalid: ModemActivityInfo{ mTimestamp=0 mSleepTimeMs=0 mIdleTimeMs=0 mTxTimeMs[]=[0, 0, 0, 0, 0] mRxTimeMs=0 mEnergyUsed=0}
03-03 21:00:46.606  3585  3601 W ProcessCpuTracker: Skipping unknown process pid 6577
03-03 21:00:46.607  3585  3601 W ProcessCpuTracker: Skipping unknown process pid 6581
03-03 21:00:46.885  3585  3757 W ActivityManager: Permission Denial: opening provider com.meizu.stats.UsageStatsProvider from ProcessRecord{d21eb20 6543:com.meizu.flyme.wallet/u0a38} (pid=6543, uid=10038) requires com.meizu.stats.permission.READ_USAGESTATS or com.meizu.stats.permission.WRITE_USAGESTATS
03-03 21:00:49.252  3585  3663 E flymed_connector: Communications error: java.io.IOException: No such file or directory
03-03 21:00:49.253  3585  3663 E flymed_connector: Error in NativeDaemonConnector: java.io.IOException: No such file or directory
03-03 21:00:51.727  3585  3603 W libprocessgroup: failed to open /acct/uid_10006/pid_3930/cgroup.procs: No such file or directory
03-03 21:00:54.254  3585  3663 E flymed_connector: Communications error: java.io.IOException: No such file or directory
03-03 21:00:54.255  3585  3663 E flymed_connector: Error in NativeDaemonConnector: java.io.IOException: No such file or directory
03-03 21:00:59.256  3585  3663 E flymed_connector: Communications error: java.io.IOException: No such file or directory
03-03 21:00:59.257  3585  3663 E flymed_connector: Error in NativeDaemonConnector: java.io.IOException: No such file or directory
03-03 21:01:04.258  3585  3663 E flymed_connector: Communications error: java.io.IOException: No such file or directory
03-03 21:01:04.259  3585  3663 E flymed_connector: Error in NativeDaemonConnector: java.io.IOException: No such file or directory
03-03 21:01:05.629  3585  3952 E BatteryService: Failure in reading charger type
03-03 21:01:05.629  3585  3952 E BatteryService: java.io.FileNotFoundException: /sys/class/power_supply/usb/type (No such file or directory)
03-03 21:01:05.629  3585  3952 E BatteryService: 	at java.io.FileInputStream.open(Native Method)
03-03 21:01:05.629  3585  3952 E BatteryService: 	at java.io.FileInputStream.<init>(FileInputStream.java:146)
03-03 21:01:05.629  3585  3952 E BatteryService: 	at java.io.FileReader.<init>(FileReader.java:72)
03-03 21:01:05.629  3585  3952 E BatteryService: 	at com.android.server.BatteryService$Led.isHvdcpPresent(BatteryService.java:944)
03-03 21:01:05.629  3585  3952 E BatteryService: 	at com.android.server.BatteryService$Led.updateLightsLocked(BatteryService.java:985)
03-03 21:01:05.629  3585  3952 E BatteryService: 	at com.android.server.BatteryService.processValuesLocked(BatteryService.java:585)
03-03 21:01:05.629  3585  3952 E BatteryService: 	at com.android.server.BatteryService.update(BatteryService.java)
03-03 21:01:05.629  3585  3952 E BatteryService: 	at com.android.server.BatteryService.-wrap5(BatteryService.java)
03-03 21:01:05.629  3585  3952 E BatteryService: 	at com.android.server.BatteryService$BatteryListener.batteryPropertiesChanged(BatteryService.java:1005)
03-03 21:01:05.629  3585  3952 E BatteryService: 	at android.os.IBatteryPropertiesListener$Stub.onTransact(IBatteryPropertiesListener.java:58)
03-03 21:01:05.629  3585  3952 E BatteryService: 	at android.os.Binder.execTransact(Binder.java:565)
03-03 21:01:09.260  3585  3663 E flymed_connector: Communications error: java.io.IOException: No such file or directory
03-03 21:01:09.261  3585  3663 E flymed_connector: Error in NativeDaemonConnector: java.io.IOException: No such file or directory
03-03 21:01:14.262  3585  3663 E flymed_connector: Communications error: java.io.IOException: No such file or directory
03-03 21:01:14.263  3585  3663 E flymed_connector: Error in NativeDaemonConnector: java.io.IOException: No such file or directory
03-03 21:01:19.264  3585  3663 E flymed_connector: Communications error: java.io.IOException: No such file or directory
03-03 21:01:19.265  3585  3663 E flymed_connector: Error in NativeDaemonConnector: java.io.IOException: No such file or directory
03-03 21:01:24.266  3585  3663 E flymed_connector: Communications error: java.io.IOException: No such file or directory
03-03 21:01:24.267  3585  3663 E flymed_connector: Error in NativeDaemonConnector: java.io.IOException: No such file or directory
03-03 21:01:29.268  3585  3663 E flymed_connector: Communications error: java.io.IOException: No such file or directory
03-03 21:01:29.269  3585  3663 E flymed_connector: Error in NativeDaemonConnector: java.io.IOException: No such file or directory
03-03 21:01:34.270  3585  3663 E flymed_connector: Communications error: java.io.IOException: No such file or directory
03-03 21:01:34.271  3585  3663 E flymed_connector: Error in NativeDaemonConnector: java.io.IOException: No such file or directory
03-03 21:01:35.718  3585  4382 E BatteryService: Failure in reading charger type
03-03 21:01:35.718  3585  4382 E BatteryService: java.io.FileNotFoundException: /sys/class/power_supply/usb/type (No such file or directory)
03-03 21:01:35.718  3585  4382 E BatteryService: 	at java.io.FileInputStream.open(Native Method)
03-03 21:01:35.718  3585  4382 E BatteryService: 	at java.io.FileInputStream.<init>(FileInputStream.java:146)
03-03 21:01:35.718  3585  4382 E BatteryService: 	at java.io.FileReader.<init>(FileReader.java:72)
03-03 21:01:35.718  3585  4382 E BatteryService: 	at com.android.server.BatteryService$Led.isHvdcpPresent(BatteryService.java:944)
03-03 21:01:35.718  3585  4382 E BatteryService: 	at com.android.server.BatteryService$Led.updateLightsLocked(BatteryService.java:985)
03-03 21:01:35.718  3585  4382 E BatteryService: 	at com.android.server.BatteryService.processValuesLocked(BatteryService.java:585)
03-03 21:01:35.718  3585  4382 E BatteryService: 	at com.android.server.BatteryService.update(BatteryService.java)
03-03 21:01:35.718  3585  4382 E BatteryService: 	at com.android.server.BatteryService.-wrap5(BatteryService.java)
03-03 21:01:35.718  3585  4382 E BatteryService: 	at com.android.server.BatteryService$BatteryListener.batteryPropertiesChanged(BatteryService.java:1005)
03-03 21:01:35.718  3585  4382 E BatteryService: 	at android.os.IBatteryPropertiesListener$Stub.onTransact(IBatteryPropertiesListener.java:58)
03-03 21:01:35.718  3585  4382 E BatteryService: 	at android.os.Binder.execTransact(Binder.java:565)
03-03 21:01:39.272  3585  3663 E flymed_connector: Communications error: java.io.IOException: No such file or directory
03-03 21:01:39.273  3585  3663 E flymed_connector: Error in NativeDaemonConnector: java.io.IOException: No such file or directory
03-03 21:01:42.420  3585  4382 E BatteryService: Failure in reading charger type
03-03 21:01:42.420  3585  4382 E BatteryService: java.io.FileNotFoundException: /sys/class/power_supply/usb/type (No such file or directory)
03-03 21:01:42.420  3585  4382 E BatteryService: 	at java.io.FileInputStream.open(Native Method)
03-03 21:01:42.420  3585  4382 E BatteryService: 	at java.io.FileInputStream.<init>(FileInputStream.java:146)
03-03 21:01:42.420  3585  4382 E BatteryService: 	at java.io.FileReader.<init>(FileReader.java:72)
03-03 21:01:42.420  3585  4382 E BatteryService: 	at com.android.server.BatteryService$Led.isHvdcpPresent(BatteryService.java:944)
03-03 21:01:42.420  3585  4382 E BatteryService: 	at com.android.server.BatteryService$Led.updateLightsLocked(BatteryService.java:985)
03-03 21:01:42.420  3585  4382 E BatteryService: 	at com.android.server.BatteryService.processValuesLocked(BatteryService.java:585)
03-03 21:01:42.420  3585  4382 E BatteryService: 	at com.android.server.BatteryService.update(BatteryService.java)
03-03 21:01:42.420  3585  4382 E BatteryService: 	at com.android.server.BatteryService.-wrap5(BatteryService.java)
03-03 21:01:42.420  3585  4382 E BatteryService: 	at com.android.server.BatteryService$BatteryListener.batteryPropertiesChanged(BatteryService.java:1005)
03-03 21:01:42.420  3585  4382 E BatteryService: 	at android.os.IBatteryPropertiesListener$Stub.onTransact(IBatteryPropertiesListener.java:58)
03-03 21:01:42.420  3585  4382 E BatteryService: 	at android.os.Binder.execTransact(Binder.java:565)
03-03 21:01:44.274  3585  3663 E flymed_connector: Communications error: java.io.IOException: No such file or directory
03-03 21:01:44.276  3585  3663 E flymed_connector: Error in NativeDaemonConnector: java.io.IOException: No such file or directory
03-03 21:01:49.277  3585  3663 E flymed_connector: Communications error: java.io.IOException: No such file or directory
03-03 21:01:49.278  3585  3663 E flymed_connector: Error in NativeDaemonConnector: java.io.IOException: No such file or directory
03-03 21:01:54.279  3585  3663 E flymed_connector: Communications error: java.io.IOException: No such file or directory
03-03 21:01:54.280  3585  3663 E flymed_connector: Error in NativeDaemonConnector: java.io.IOException: No such file or directory
03-03 21:01:59.281  3585  3663 E flymed_connector: Communications error: java.io.IOException: No such file or directory
03-03 21:01:59.282  3585  3663 E flymed_connector: Error in NativeDaemonConnector: java.io.IOException: No such file or directory
03-03 21:02:04.283  3585  3663 E flymed_connector: Communications error: java.io.IOException: No such file or directory
03-03 21:02:04.283  3585  3663 E flymed_connector: Error in NativeDaemonConnector: java.io.IOException: No such file or directory
03-03 21:02:05.791  3585  4385 E BatteryService: Failure in reading charger type
03-03 21:02:05.791  3585  4385 E BatteryService: java.io.FileNotFoundException: /sys/class/power_supply/usb/type (No such file or directory)
03-03 21:02:05.791  3585  4385 E BatteryService: 	at java.io.FileInputStream.open(Native Method)
03-03 21:02:05.791  3585  4385 E BatteryService: 	at java.io.FileInputStream.<init>(FileInputStream.java:146)
03-03 21:02:05.791  3585  4385 E BatteryService: 	at java.io.FileReader.<init>(FileReader.java:72)
03-03 21:02:05.791  3585  4385 E BatteryService: 	at com.android.server.BatteryService$Led.isHvdcpPresent(BatteryService.java:944)
03-03 21:02:05.791  3585  4385 E BatteryService: 	at com.android.server.BatteryService$Led.updateLightsLocked(BatteryService.java:985)
03-03 21:02:05.791  3585  4385 E BatteryService: 	at com.android.server.BatteryService.processValuesLocked(BatteryService.java:585)
03-03 21:02:05.791  3585  4385 E BatteryService: 	at com.android.server.BatteryService.update(BatteryService.java)
03-03 21:02:05.791  3585  4385 E BatteryService: 	at com.android.server.BatteryService.-wrap5(BatteryService.java)
03-03 21:02:05.791  3585  4385 E BatteryService: 	at com.android.server.BatteryService$BatteryListener.batteryPropertiesChanged(BatteryService.java:1005)
03-03 21:02:05.791  3585  4385 E BatteryService: 	at android.os.IBatteryPropertiesListener$Stub.onTransact(IBatteryPropertiesListener.java:58)
03-03 21:02:05.791  3585  4385 E BatteryService: 	at android.os.Binder.execTransact(Binder.java:565)
03-03 21:02:09.285  3585  3663 E flymed_connector: Communications error: java.io.IOException: No such file or directory
03-03 21:02:09.286  3585  3663 E flymed_connector: Error in NativeDaemonConnector: java.io.IOException: No such file or directory
03-03 21:02:14.287  3585  3663 E flymed_connector: Communications error: java.io.IOException: No such file or directory
03-03 21:02:14.288  3585  3663 E flymed_connector: Error in NativeDaemonConnector: java.io.IOException: No such file or directory
03-03 21:02:19.290  3585  3663 E flymed_connector: Communications error: java.io.IOException: No such file or directory
03-03 21:02:19.290  3585  3663 E flymed_connector: Error in NativeDaemonConnector: java.io.IOException: No such file or directory
03-03 21:02:19.904  4627  7080 W ContextImpl: Calling a method in the system process without a qualified user: android.app.ContextImpl.startService:-1 android.content.ContextWrapper.startService:613 android.content.ContextWrapper.startService:613 com.meizu.networkmanager.c.r.a:25 com.meizu.networkmanager.boradcast.TrafficGlobalReceiver$2.run:244 
03-03 21:02:22.756  3787  7100 E ActivityThread: Failed to find provider info for com.qti.smq.qualcommFeedback.provider
03-03 21:02:24.292  3585  3663 E flymed_connector: Communications error: java.io.IOException: No such file or directory
03-03 21:02:24.292  3585  3663 E flymed_connector: Error in NativeDaemonConnector: java.io.IOException: No such file or directory
03-03 21:02:25.246  3787  7100 E ActivityThread: Failed to find provider info for com.qti.smq.qualcommFeedback.provider
03-03 21:02:29.294  3585  3663 E flymed_connector: Communications error: java.io.IOException: No such file or directory
03-03 21:02:29.294  3585  3663 E flymed_connector: Error in NativeDaemonConnector: java.io.IOException: No such file or directory
03-03 21:02:34.296  3585  3663 E flymed_connector: Communications error: java.io.IOException: No such file or directory
03-03 21:02:34.296  3585  3663 E flymed_connector: Error in NativeDaemonConnector: java.io.IOException: No such file or directory
03-03 21:02:35.868  3585  4353 E BatteryService: Failure in reading charger type
03-03 21:02:35.868  3585  4353 E BatteryService: java.io.FileNotFoundException: /sys/class/power_supply/usb/type (No such file or directory)
03-03 21:02:35.868  3585  4353 E BatteryService: 	at java.io.FileInputStream.open(Native Method)
03-03 21:02:35.868  3585  4353 E BatteryService: 	at java.io.FileInputStream.<init>(FileInputStream.java:146)
03-03 21:02:35.868  3585  4353 E BatteryService: 	at java.io.FileReader.<init>(FileReader.java:72)
03-03 21:02:35.868  3585  4353 E BatteryService: 	at com.android.server.BatteryService$Led.isHvdcpPresent(BatteryService.java:944)
03-03 21:02:35.868  3585  4353 E BatteryService: 	at com.android.server.BatteryService$Led.updateLightsLocked(BatteryService.java:985)
03-03 21:02:35.868  3585  4353 E BatteryService: 	at com.android.server.BatteryService.processValuesLocked(BatteryService.java:585)
03-03 21:02:35.868  3585  4353 E BatteryService: 	at com.android.server.BatteryService.update(BatteryService.java)
03-03 21:02:35.868  3585  4353 E BatteryService: 	at com.android.server.BatteryService.-wrap5(BatteryService.java)
03-03 21:02:35.868  3585  4353 E BatteryService: 	at com.android.server.BatteryService$BatteryListener.batteryPropertiesChanged(BatteryService.java:1005)
03-03 21:02:35.868  3585  4353 E BatteryService: 	at android.os.IBatteryPropertiesListener$Stub.onTransact(IBatteryPropertiesListener.java:58)
03-03 21:02:35.868  3585  4353 E BatteryService: 	at android.os.Binder.execTransact(Binder.java:565)
03-03 21:02:36.304  3787  7124 E ActivityThread: Failed to find provider info for com.qti.smq.qualcommFeedback.provider
03-03 21:02:39.298  3585  3663 E flymed_connector: Communications error: java.io.IOException: No such file or directory
03-03 21:02:39.299  3585  3663 E flymed_connector: Error in NativeDaemonConnector: java.io.IOException: No such file or directory
03-03 21:02:41.827  3787  7104 E ActivityThread: Failed to find provider info for com.qti.smq.qualcommFeedback.provider
03-03 21:02:41.886  3585  3603 W libprocessgroup: failed to open /acct/uid_10016/pid_4793/cgroup.procs: No such file or directory
03-03 21:02:42.420  3585  4752 E BatteryService: Failure in reading charger type
03-03 21:02:42.420  3585  4752 E BatteryService: java.io.FileNotFoundException: /sys/class/power_supply/usb/type (No such file or directory)
03-03 21:02:42.420  3585  4752 E BatteryService: 	at java.io.FileInputStream.open(Native Method)
03-03 21:02:42.420  3585  4752 E BatteryService: 	at java.io.FileInputStream.<init>(FileInputStream.java:146)
03-03 21:02:42.420  3585  4752 E BatteryService: 	at java.io.FileReader.<init>(FileReader.java:72)
03-03 21:02:42.420  3585  4752 E BatteryService: 	at com.android.server.BatteryService$Led.isHvdcpPresent(BatteryService.java:944)
03-03 21:02:42.420  3585  4752 E BatteryService: 	at com.android.server.BatteryService$Led.updateLightsLocked(BatteryService.java:985)
03-03 21:02:42.420  3585  4752 E BatteryService: 	at com.android.server.BatteryService.processValuesLocked(BatteryService.java:585)
03-03 21:02:42.420  3585  4752 E BatteryService: 	at com.android.server.BatteryService.update(BatteryService.java)
03-03 21:02:42.420  3585  4752 E BatteryService: 	at com.android.server.BatteryService.-wrap5(BatteryService.java)
03-03 21:02:42.420  3585  4752 E BatteryService: 	at com.android.server.BatteryService$BatteryListener.batteryPropertiesChanged(BatteryService.java:1005)
03-03 21:02:42.420  3585  4752 E BatteryService: 	at android.os.IBatteryPropertiesListener$Stub.onTransact(IBatteryPropertiesListener.java:58)
03-03 21:02:42.420  3585  4752 E BatteryService: 	at android.os.Binder.execTransact(Binder.java:565)
03-03 21:02:44.300  3585  3663 E flymed_connector: Communications error: java.io.IOException: No such file or directory
03-03 21:02:44.300  3585  3663 E flymed_connector: Error in NativeDaemonConnector: java.io.IOException: No such file or directory
03-03 21:02:44.645  3787  7125 E ActivityThread: Failed to find provider info for com.qti.smq.qualcommFeedback.provider
03-03 21:02:46.827  3787  7124 E ActivityThread: Failed to find provider info for com.qti.smq.qualcommFeedback.provider
03-03 21:02:48.049  3787  7104 E ActivityThread: Failed to find provider info for com.qti.smq.qualcommFeedback.provider
03-03 21:02:49.302  3585  3663 E flymed_connector: Communications error: java.io.IOException: No such file or directory
03-03 21:02:49.303  3585  3663 E flymed_connector: Error in NativeDaemonConnector: java.io.IOException: No such file or directory
03-03 21:02:51.922  3585  3603 W libprocessgroup: failed to open /acct/uid_10079/pid_6396/cgroup.procs: No such file or directory
03-03 21:02:54.305  3585  3663 E flymed_connector: Communications error: java.io.IOException: No such file or directory
03-03 21:02:54.305  3585  3663 E flymed_connector: Error in NativeDaemonConnector: java.io.IOException: No such file or directory
03-03 21:02:59.307  3585  3663 E flymed_connector: Communications error: java.io.IOException: No such file or directory
03-03 21:02:59.308  3585  3663 E flymed_connector: Error in NativeDaemonConnector: java.io.IOException: No such file or directory
03-03 21:03:03.423  3787  3787 W ContextImpl: Calling a method in the system process without a qualified user: android.app.ContextImpl.bindService:1421 android.content.ContextWrapper.bindService:636 com.meizu.settings.accessibility.FlymeSystemUpdateBadgeHelper.bindQueryUpdateService:93 com.meizu.settings.accessibility.FlymeSystemUpdateBadgeHelper.queryUpdate:123 com.meizu.settings.home.FlymeDashboardSummary.updateBadge:192 
03-03 21:03:04.309  3585  3663 E flymed_connector: Communications error: java.io.IOException: No such file or directory
03-03 21:03:04.310  3585  3663 E flymed_connector: Error in NativeDaemonConnector: java.io.IOException: No such file or directory
03-03 21:03:05.812  3787  7125 E ActivityThread: Failed to find provider info for com.qti.smq.qualcommFeedback.provider
03-03 21:03:05.948  3585  4752 E BatteryService: Failure in reading charger type
03-03 21:03:05.948  3585  4752 E BatteryService: java.io.FileNotFoundException: /sys/class/power_supply/usb/type (No such file or directory)
03-03 21:03:05.948  3585  4752 E BatteryService: 	at java.io.FileInputStream.open(Native Method)
03-03 21:03:05.948  3585  4752 E BatteryService: 	at java.io.FileInputStream.<init>(FileInputStream.java:146)
03-03 21:03:05.948  3585  4752 E BatteryService: 	at java.io.FileReader.<init>(FileReader.java:72)
03-03 21:03:05.948  3585  4752 E BatteryService: 	at com.android.server.BatteryService$Led.isHvdcpPresent(BatteryService.java:944)
03-03 21:03:05.948  3585  4752 E BatteryService: 	at com.android.server.BatteryService$Led.updateLightsLocked(BatteryService.java:985)
03-03 21:03:05.948  3585  4752 E BatteryService: 	at com.android.server.BatteryService.processValuesLocked(BatteryService.java:585)
03-03 21:03:05.948  3585  4752 E BatteryService: 	at com.android.server.BatteryService.update(BatteryService.java)
03-03 21:03:05.948  3585  4752 E BatteryService: 	at com.android.server.BatteryService.-wrap5(BatteryService.java)
03-03 21:03:05.948  3585  4752 E BatteryService: 	at com.android.server.BatteryService$BatteryListener.batteryPropertiesChanged(BatteryService.java:1005)
03-03 21:03:05.948  3585  4752 E BatteryService: 	at android.os.IBatteryPropertiesListener$Stub.onTransact(IBatteryPropertiesListener.java:58)
03-03 21:03:05.948  3585  4752 E BatteryService: 	at android.os.Binder.execTransact(Binder.java:565)
03-03 21:03:07.399  3787  7104 E ActivityThread: Failed to find provider info for com.qti.smq.qualcommFeedback.provider
03-03 21:03:09.311  3585  3663 E flymed_connector: Communications error: java.io.IOException: No such file or directory
03-03 21:03:09.311  3585  3663 E flymed_connector: Error in NativeDaemonConnector: java.io.IOException: No such file or directory
03-03 21:03:13.366  3787  7100 E ActivityThread: Failed to find provider info for com.qti.smq.qualcommFeedback.provider
03-03 21:03:14.313  3585  3663 E flymed_connector: Communications error: java.io.IOException: No such file or directory
03-03 21:03:14.314  3585  3663 E flymed_connector: Error in NativeDaemonConnector: java.io.IOException: No such file or directory
03-03 21:03:19.316  3585  3663 E flymed_connector: Communications error: java.io.IOException: No such file or directory
03-03 21:03:19.317  3585  3663 E flymed_connector: Error in NativeDaemonConnector: java.io.IOException: No such file or directory
03-03 21:03:23.975  3688  3688 W ViewRootImpl[]: Dropping event due to no window focus: KeyEvent { action=ACTION_DOWN, keyCode=KEYCODE_BACK, scanCode=0, metaState=0, flags=0x48, repeatCount=0, eventTime=232016, downTime=232016, deviceId=-1, source=0x101 }
03-03 21:03:23.994  3688  3688 W ViewRootImpl[]: Cancelling event due to no window focus: KeyEvent { action=ACTION_UP, keyCode=KEYCODE_BACK, scanCode=0, metaState=0, flags=0x68, repeatCount=0, eventTime=232127, downTime=232016, deviceId=-1, source=0x101 }
03-03 21:03:23.995  3688  3688 W ViewRootImpl[]: Cancelling event due to no window focus: KeyEvent { action=ACTION_UP, keyCode=KEYCODE_BACK, scanCode=0, metaState=0, flags=0x68, repeatCount=0, eventTime=232127, downTime=232016, deviceId=-1, source=0x101 }
03-03 21:03:23.995  3688  3688 W ViewRootImpl[]: Cancelling event due to no window focus: KeyEvent { action=ACTION_UP, keyCode=KEYCODE_BACK, scanCode=0, metaState=0, flags=0x68, repeatCount=0, eventTime=232127, downTime=232016, deviceId=-1, source=0x101 }
03-03 21:03:23.995  3688  3688 W ViewRootImpl[]: Cancelling event due to no window focus: KeyEvent { action=ACTION_UP, keyCode=KEYCODE_BACK, scanCode=0, metaState=0, flags=0x68, repeatCount=0, eventTime=232127, downTime=232016, deviceId=-1, source=0x101 }
03-03 21:03:23.995  3688  3688 W ViewRootImpl[]: Cancelling event due to no window focus: KeyEvent { action=ACTION_UP, keyCode=KEYCODE_BACK, scanCode=0, metaState=0, flags=0x68, repeatCount=0, eventTime=232127, downTime=232016, deviceId=-1, source=0x101 }
03-03 21:03:23.995  3688  3688 W ViewRootImpl[]: Cancelling event due to no window focus: KeyEvent { action=ACTION_UP, keyCode=KEYCODE_BACK, scanCode=0, metaState=0, flags=0x68, repeatCount=0, eventTime=232127, downTime=232016, deviceId=-1, source=0x101 }
03-03 21:03:23.995  3688  3688 W ViewRootImpl[]: Cancelling event due to no window focus: KeyEvent { action=ACTION_UP, keyCode=KEYCODE_BACK, scanCode=0, metaState=0, flags=0x68, repeatCount=0, eventTime=232127, downTime=232016, deviceId=-1, source=0x101 }
03-03 21:03:23.995  3688  3688 W ViewRootImpl[]: Cancelling event due to no window focus: KeyEvent { action=ACTION_UP, keyCode=KEYCODE_BACK, scanCode=0, metaState=0, flags=0x68, repeatCount=0, eventTime=232127, downTime=232016, deviceId=-1, source=0x101 }
03-03 21:03:23.995  3688  3688 W ViewRootImpl[]: Cancelling event due to no window focus: KeyEvent { action=ACTION_UP, keyCode=KEYCODE_BACK, scanCode=0, metaState=0, flags=0x68, repeatCount=0, eventTime=232127, downTime=232016, deviceId=-1, source=0x101 }
03-03 21:03:24.318  3585  3663 E flymed_connector: Communications error: java.io.IOException: No such file or directory
03-03 21:03:24.318  3585  3663 E flymed_connector: Error in NativeDaemonConnector: java.io.IOException: No such file or directory
03-03 21:03:25.290  3585  3909 W InputMethodManagerService: Window already focused, ignoring focus gain of: com.android.internal.view.IInputMethodClient$Stub$Proxy@9180570 attribute=null, token = android.os.BinderProxy@42eddc2
03-03 21:03:25.491  3585  3609 W AppOps  : Finishing op nesting under-run: uid 10030 pkg com.meizu.flyme.input code 24 time=0 duration=0 nesting=0
03-03 21:03:29.320  3585  3663 E flymed_connector: Communications error: java.io.IOException: No such file or directory
03-03 21:03:29.321  3585  3663 E flymed_connector: Error in NativeDaemonConnector: java.io.IOException: No such file or directory
03-03 21:03:34.322  3585  3663 E flymed_connector: Communications error: java.io.IOException: No such file or directory
03-03 21:03:34.323  3585  3663 E flymed_connector: Error in NativeDaemonConnector: java.io.IOException: No such file or directory
03-03 21:03:35.430  3585  3604 E BatteryStatsService: no controller energy info supplied
03-03 21:03:35.430  3585  3604 E BatteryStatsService: no controller energy info supplied
03-03 21:03:35.456  3585  3604 E BatteryStatsService: modem info is invalid: ModemActivityInfo{ mTimestamp=0 mSleepTimeMs=0 mIdleTimeMs=0 mTxTimeMs[]=[0, 0, 0, 0, 0] mRxTimeMs=0 mEnergyUsed=0}
--------- beginning of main
03-03 21:03:37.813  5136  5210 W MediaProvider: Missing volume for /system/media/audio/ui; assuming invalid
03-03 21:03:37.829  5136  5210 W MediaProvider: Missing volume for /system/media/bootanimation.zip; assuming invalid
03-03 21:03:37.834  5136  5210 W MediaProvider: Missing volume for /system/media/launcher.xml; assuming invalid
03-03 21:03:37.838  5136  5210 W MediaProvider: Missing volume for /system/media/shutanimation.zip; assuming invalid
03-03 21:03:37.849  5136  5210 W MediaProvider: Missing volume for /system/media/audio/ringtones/04_Music_box.ogg; assuming invalid
03-03 21:03:37.854  5136  5210 W MediaProvider: Missing volume for /system/media/audio/ringtones/05_Technology.ogg; assuming invalid
03-03 21:03:37.860  5136  5210 W MediaProvider: Missing volume for /system/media/audio/ringtones/06_Guitar.ogg; assuming invalid
03-03 21:03:37.884  5136  5210 W MediaProvider: Missing volume for /system/media/audio/ringtones/07_Marimba.ogg; assuming invalid
03-03 21:03:37.901  5136  5210 W MediaProvider: Missing volume for /system/media/audio/ringtones/08_Mischief.ogg; assuming invalid
03-03 21:03:37.906  5136  5210 W MediaProvider: Missing volume for /system/media/audio/ringtones/09_Crystal.ogg; assuming invalid
03-03 21:03:37.911  5136  5210 W MediaProvider: Missing volume for /system/media/audio/ringtones/10_Progress.ogg; assuming invalid
03-03 21:03:37.918  5136  5210 W MediaProvider: Missing volume for /system/media/audio/ringtones/11_The_kittens.ogg; assuming invalid
03-03 21:03:37.924  5136  5210 W MediaProvider: Missing volume for /system/media/audio/ringtones/12_Morning_song.ogg; assuming invalid
03-03 21:03:37.931  5136  5210 W MediaProvider: Missing volume for /system/media/audio/ringtones/13_Call_of_love.ogg; assuming invalid
03-03 21:03:37.937  5136  5210 W MediaProvider: Missing volume for /system/media/audio/ringtones/14_Tumbler.ogg; assuming invalid
03-03 21:03:37.942  5136  5210 W MediaProvider: Missing volume for /system/media/audio/ringtones/15_Journey_begins.ogg; assuming invalid
03-03 21:03:37.948  5136  5210 W MediaProvider: Missing volume for /system/media/audio/ringtones/16_New_life.ogg; assuming invalid
03-03 21:03:37.953  5136  5210 W MediaProvider: Missing volume for /system/media/audio/ringtones/17_Heartbeat.ogg; assuming invalid
03-03 21:03:37.960  5136  5210 W MediaProvider: Missing volume for /system/media/audio/ringtones/18_East_Ville_memory.ogg; assuming invalid
03-03 21:03:37.975  5136  5210 W MediaProvider: Missing volume for /system/media/audio/ringtones/19_Waltz.ogg; assuming invalid
03-03 21:03:37.980  5136  5210 W MediaProvider: Missing volume for /system/media/audio/ringtones/20_The_cantor.ogg; assuming invalid
03-03 21:03:37.986  5136  5210 W MediaProvider: Missing volume for /system/media/audio/ringtones/21_Passion.ogg; assuming invalid
03-03 21:03:37.991  5136  5210 W MediaProvider: Missing volume for /system/media/audio/ringtones/22_Journey.ogg; assuming invalid
03-03 21:03:38.014  5136  5210 W MediaProvider: Missing volume for /system/media/audio/ringtones/23_Game.ogg; assuming invalid
03-03 21:03:38.019  5136  5210 W MediaProvider: Missing volume for /system/media/audio/ringtones/24_Rain_dance.ogg; assuming invalid
03-03 21:03:38.025  5136  5210 W MediaProvider: Missing volume for /system/media/audio/ringtones/25_Twilight_dance.ogg; assuming invalid
03-03 21:03:38.030  5136  5210 W MediaProvider: Missing volume for /system/media/audio/ringtones/26_Foredawn.ogg; assuming invalid
03-03 21:03:38.040  5136  5210 W MediaProvider: Missing volume for /system/media/audio/ringtones/27_Home.ogg; assuming invalid
03-03 21:03:38.046  5136  5210 W MediaProvider: Missing volume for /system/media/audio/ringtones/28_Blues.ogg; assuming invalid
03-03 21:03:38.055  5136  5210 W MediaProvider: Missing volume for /system/media/audio/ringtones/29_Dash.ogg; assuming invalid
03-03 21:03:38.061  5136  5210 W MediaProvider: Missing volume for /system/media/audio/ringtones/30_Machine.ogg; assuming invalid
03-03 21:03:38.068  5136  5210 W MediaProvider: Missing volume for /system/media/audio/ringtones/31_Telephone.ogg; assuming invalid
03-03 21:03:38.073  5136  5210 W MediaProvider: Missing volume for /system/media/audio/ringtones/32_Beeper.ogg; assuming invalid
03-03 21:03:38.079  5136  5210 W MediaProvider: Missing volume for /system/media/audio/ringtones/33_After_school.ogg; assuming invalid
03-03 21:03:38.087  5136  5210 W MediaProvider: Missing volume for /system/media/audio/ringtones/34_Mario.ogg; assuming invalid
03-03 21:03:38.092  5136  5210 W MediaProvider: Missing volume for /system/media/audio/ringtones/35_Nighty_night.ogg; assuming invalid
03-03 21:03:38.098  5136  5210 W MediaProvider: Missing volume for /system/media/audio/ringtones/36_Soaring.ogg; assuming invalid
03-03 21:03:38.103  5136  5210 W MediaProvider: Missing volume for /system/media/audio/ringtones/37_Childhood.ogg; assuming invalid
03-03 21:03:38.109  5136  5210 W MediaProvider: Missing volume for /system/media/audio/ringtones/38_Morning_run.ogg; assuming invalid
03-03 21:03:38.116  5136  5210 W MediaProvider: Missing volume for /system/media/audio/ringtones/39_Sweetheart.ogg; assuming invalid
03-03 21:03:38.122  5136  5210 W MediaProvider: Missing volume for /system/media/audio/ringtones/40_Curtain_call.ogg; assuming invalid
03-03 21:03:38.144  5136  5210 W MediaProvider: Missing volume for /system/media/audio/ui/41_Hight_Temperature_Alarm.ogg; assuming invalid
03-03 21:03:38.151  3197  3807 E MetadataRetrieverClient: failed to extract an album art
03-03 21:03:38.152  5136  5210 W MediaProvider: Missing volume for /system/media/audio/ui/Effect_Tick.ogg; assuming invalid
03-03 21:03:38.180  5136  5210 W MediaProvider: Missing volume for /system/media/audio/ui/KeypressDelete.ogg; assuming invalid
03-03 21:03:38.187  5136  5210 W MediaProvider: Missing volume for /system/media/audio/ui/KeypressReturn.ogg; assuming invalid
03-03 21:03:38.194  5136  5210 W MediaProvider: Missing volume for /system/media/audio/ui/KeypressSpacebar.ogg; assuming invalid
03-03 21:03:38.201  5136  5210 W MediaProvider: Missing volume for /system/media/audio/ui/KeypressStandard.ogg; assuming invalid
03-03 21:03:38.208  5136  5210 W MediaProvider: Missing volume for /system/media/audio/ui/Lock.ogg; assuming invalid
03-03 21:03:38.215  5136  5210 W MediaProvider: Missing volume for /system/media/audio/ui/LowBattery.ogg; assuming invalid
03-03 21:03:38.223  5136  5210 W MediaProvider: Missing volume for /system/media/audio/ui/Unlock.ogg; assuming invalid
03-03 21:03:38.231  5136  5210 W MediaProvider: Missing volume for /system/media/audio/ui/VideoRecord.ogg; assuming invalid
03-03 21:03:38.239  5136  5210 W MediaProvider: Missing volume for /system/media/audio/ui/boot.ogg; assuming invalid
03-03 21:03:38.246  5136  5210 W MediaProvider: Missing volume for /system/media/audio/ui/camera_click.ogg; assuming invalid
03-03 21:03:38.254  5136  5210 W MediaProvider: Missing volume for /system/media/audio/ui/camera_click_burst.ogg; assuming invalid
03-03 21:03:38.260  5136  5210 W MediaProvider: Missing volume for /system/media/audio/ui/camera_focus.ogg; assuming invalid
03-03 21:03:38.268  5136  5210 W MediaProvider: Missing volume for /system/media/audio/ui/charged.ogg; assuming invalid
03-03 21:03:38.276  5136  5210 W MediaProvider: Missing volume for /system/media/audio/ui/keyloud.wav; assuming invalid
03-03 21:03:38.291  5136  5210 W MediaProvider: Missing volume for /system/media/audio/ui/list_hold_sound.ogg; assuming invalid
03-03 21:03:38.298  5136  5210 W MediaProvider: Missing volume for /system/media/audio/ui/msgNotifyIncompose.wav; assuming invalid
03-03 21:03:38.305  5136  5210 W MediaProvider: Missing volume for /system/media/audio/ui/plugin.ogg; assuming invalid
03-03 21:03:38.312  5136  5210 W MediaProvider: Missing volume for /system/media/audio/ui/recorder_prompt_cn.ogg; assuming invalid
03-03 21:03:38.323  5136  5210 W MediaProvider: Missing volume for /system/media/audio/ui/recorder_prompt_en.ogg; assuming invalid
03-03 21:03:38.330  5136  5210 W MediaProvider: Missing volume for /system/media/audio/ui/recorder_prompt_end.ogg; assuming invalid
03-03 21:03:38.397  7515  7515 E ConnectivitySettings.Utils: startWithFragment: com.meizu.connectivitysettings.MzSimInfoEditor
03-03 21:03:38.438  7515  7515 E ConnectivitySettings: start switching fragment: com.meizu.connectivitysettings.MzSimInfoEditor
03-03 21:03:38.438  7515  7515 E ConnectivitySettings: fragmentName is com.meizu.connectivitysettings.MzSimInfoEditor
03-03 21:03:38.438  7515  7515 E ConnectivitySettings: title is 
03-03 21:03:38.438  7515  7515 E ConnectivitySettings: title is -1
03-03 21:03:39.324  3585  3663 E flymed_connector: Communications error: java.io.IOException: No such file or directory
03-03 21:03:39.325  3585  3663 E flymed_connector: Error in NativeDaemonConnector: java.io.IOException: No such file or directory
03-03 21:03:39.337  7515  7515 W Settings: Setting airplane_mode_on has moved from android.provider.Settings.System to android.provider.Settings.Global, returning read-only value.
03-03 21:03:39.339  7515  7515 W Settings: Setting airplane_mode_on has moved from android.provider.Settings.System to android.provider.Settings.Global, returning read-only value.
03-03 21:03:39.339  7515  7515 W Settings: Setting airplane_mode_on has moved from android.provider.Settings.System to android.provider.Settings.Global, returning read-only value.
03-03 21:03:39.339  7515  7515 W Settings: Setting airplane_mode_on has moved from android.provider.Settings.System to android.provider.Settings.Global, returning read-only value.
03-03 21:03:39.339  7515  7515 W Settings: Setting airplane_mode_on has moved from android.provider.Settings.System to android.provider.Settings.Global, returning read-only value.
03-03 21:03:39.340  7515  7515 W Settings: Setting airplane_mode_on has moved from android.provider.Settings.System to android.provider.Settings.Global, returning read-only value.
03-03 21:03:39.352  7515  7515 W Settings: Setting airplane_mode_on has moved from android.provider.Settings.System to android.provider.Settings.Global, returning read-only value.
03-03 21:03:39.362  7515  7515 W Settings: Setting airplane_mode_on has moved from android.provider.Settings.System to android.provider.Settings.Global, returning read-only value.
03-03 21:03:39.430  7515  7515 W Settings: Setting airplane_mode_on has moved from android.provider.Settings.System to android.provider.Settings.Global, returning read-only value.
03-03 21:03:39.432  7515  7515 W Settings: Setting airplane_mode_on has moved from android.provider.Settings.System to android.provider.Settings.Global, returning read-only value.
03-03 21:03:39.432  7515  7515 W Settings: Setting airplane_mode_on has moved from android.provider.Settings.System to android.provider.Settings.Global, returning read-only value.
03-03 21:03:39.432  7515  7515 W Settings: Setting airplane_mode_on has moved from android.provider.Settings.System to android.provider.Settings.Global, returning read-only value.
03-03 21:03:39.432  7515  7515 W Settings: Setting airplane_mode_on has moved from android.provider.Settings.System to android.provider.Settings.Global, returning read-only value.
03-03 21:03:39.434  7515  7515 W Settings: Setting airplane_mode_on has moved from android.provider.Settings.System to android.provider.Settings.Global, returning read-only value.
03-03 21:03:39.448  7515  7515 W Settings: Setting airplane_mode_on has moved from android.provider.Settings.System to android.provider.Settings.Global, returning read-only value.
03-03 21:03:39.458  7515  7515 W Settings: Setting airplane_mode_on has moved from android.provider.Settings.System to android.provider.Settings.Global, returning read-only value.
03-03 21:03:39.463  7515  7515 W Settings: Setting airplane_mode_on has moved from android.provider.Settings.System to android.provider.Settings.Global, returning read-only value.
03-03 21:03:41.254  3201  3327 E logserver: process_one_event, can not find this event(system_app_strictmode@1520082221254.txt.gz)
03-03 21:03:41.414  7515  7515 E ConnectivitySettings.Utils: startWithFragment: com.meizu.connectivitysettings.ApnSettings
03-03 21:03:41.453  7515  7515 E ConnectivitySettings: start switching fragment: com.meizu.connectivitysettings.ApnSettings
03-03 21:03:41.453  7515  7515 E ConnectivitySettings: fragmentName is com.meizu.connectivitysettings.ApnSettings
03-03 21:03:41.453  7515  7515 E ConnectivitySettings: title is 
03-03 21:03:41.453  7515  7515 E ConnectivitySettings: title is -1
03-03 21:03:42.709  7515  7515 E ConnectivitySettings.Utils: startWithFragment: com.meizu.connectivitysettings.ApnEditor
03-03 21:03:42.746  7515  7515 E ConnectivitySettings: start switching fragment: com.meizu.connectivitysettings.ApnEditor
03-03 21:03:42.746  7515  7515 E ConnectivitySettings: fragmentName is com.meizu.connectivitysettings.ApnEditor
03-03 21:03:42.746  7515  7515 E ConnectivitySettings: title is 
03-03 21:03:42.746  7515  7515 E ConnectivitySettings: title is -1
03-03 21:03:42.821  3814  3827 E SQLiteLog: (1) no such column: sourcetype
03-03 21:03:42.822  3814  3827 E TelephonyProvider: got exception when querying: android.database.sqlite.SQLiteException: no such column: sourcetype (code 1): , while compiling: SELECT _id, name, apn, proxy, port, user, server, password, mmsc, mcc, mnc, numeric, mmsproxy, mmsport, authtype, type, protocol, carrier_enabled, bearer, roaming_protocol, mvno_type, mvno_match_data, sourcetype FROM carriers WHERE (_id = 3528) AND ((edited!=2 and edited!=3 and edited!=5 and edited!=6))
--------- beginning of crash
03-03 21:03:42.827  7515  7515 E AndroidRuntime: FATAL EXCEPTION: main
03-03 21:03:42.827  7515  7515 E AndroidRuntime: Process: com.meizu.connectivitysettings, PID: 7515
