03-03 21:00:08.785  3585  3659 W PackageManager: Unknown permission com.android.usagestats.permission.READ_USAGESTATS in package com.meizu.media.gallery
03-03 21:00:08.785  3585  3659 W PackageManager: Not granting permission android.permission.ACCESS_SURFACE_FLINGER to package com.meizu.media.gallery (protectionLevel=2 flags=0x3858be45)
03-03 21:00:08.785  3585  3659 W PackageManager: Unknown permission android.Manifest.permission.RECEIVE_BOOT_COMPLETED in package com.meizu.media.gallery
03-03 21:00:08.785  3585  3659 W PackageManager: Unknown permission meizu.permission.SWITCH_SYSTEM_MODES in package com.meizu.media.gallery
03-03 21:00:08.785  3585  3659 W PackageManager: Unknown permission meizu.permission.BIND_PRIVACY_CONTROLER in package com.meizu.media.gallery
03-03 21:00:08.785  3585  3659 W PackageManager: Unknown permission meizu.permission.READ_PRIVACY in package com.meizu.media.gallery
03-03 21:00:08.785  3585  3659 W PackageManager: Unknown permission com.meizu.flyme.push.permission.RECEIVE in package com.meizu.media.gallery
03-03 21:00:08.785  3585  3659 W PackageManager: Unknown permission com.meizu.c2dm.permission.RECEIVE in package com.meizu.media.gallery
03-03 21:00:08.785  3585  3659 W PackageManager: Unknown permission com.meizu.flyme.wlauncher.permission.BIND_WATCHSERVISE in package com.meizu.media.gallery
03-03 21:00:08.785  3585  3659 W PackageManager: Unknown permission android.permission.ROOT_RECOVERY_STATE in package com.meizu.media.gallery
03-03 21:00:08.785  3585  3659 W PackageManager: Unknown permission flyme.permission.ROOT_RECOVERY_STATE in package com.meizu.media.gallery
03-03 21:00:08.786  3585  3659 W PackageManager: Unknown permission com.meizu.flyme.providers.forcetouch.permission.READ_SETTINGS in package com.meizu.media.gallery
03-03 21:00:08.786  3585  3659 W PackageManager: Unknown permission com.meizu.flyme.providers.forcetouch.permission.WRITE_SETTINGS in package com.meizu.media.gallery
03-03 21:00:08.786  3585  3659 W PackageManager: Unknown permission com.meizu.compaign.permission.READ_SDK_INFO in package com.meizu.media.gallery
03-03 21:00:08.786  3585  3659 W PackageManager: Unknown permission com.meizu.compaign.permission.SEND_NOTIFICATION in package com.meizu.media.gallery
03-03 21:00:08.786  3585  3659 W PackageManager: Unknown permission android.webkit.permission.PLUGIN in package com.meizu.media.gallery
03-03 21:00:08.786  3585  3659 W PackageManager: Unknown permission android.permission.WRITE_OWNER_DATA in package com.meizu.logreport
03-03 21:00:08.786  3585  3659 W PackageManager: Unknown permission android.permission.MOUNT_UNMOUNT_FILESYSTEM in package com.meizu.logreport
03-03 21:00:08.786  3585  3659 W PackageManager: Unknown permission android.permission.ROOT_RECOVERY_STATE in package com.meizu.logreport
03-03 21:00:08.786  3585  3659 W PackageManager: Unknown permission flyme.permission.ROOT_RECOVERY_STATE in package com.meizu.logreport
03-03 21:00:08.786  3585  3659 W PackageManager: Unknown permission flyme.permission.ROOT_RECOVERY_STATE in package com.meizu.alphame
03-03 21:00:08.786  3585  3659 W PackageManager: Unknown permission android.permission.ROOT_RECOVERY_STATE in package com.meizu.alphame
03-03 21:00:08.786  3585  3659 W PackageManager: Unknown permission flyme.permission.ROOT_RECOVERY_STATE in package com.flyme.netadmin
03-03 21:00:08.786  3585  3659 W PackageManager: Unknown permission com.meizu.flyme.push.permission.RECEIVE in package com.flyme.netadmin
03-03 21:00:08.787  3585  3659 W PackageManager: Unknown permission android.permission.ROOT_RECOVERY_STATE in package com.flyme.netadmin
03-03 21:00:08.787  3585  3659 W PackageManager: Not granting permission android.permission.INSTALL_PACKAGES to package com.meizu.flyme.mall (protectionLevel=18 flags=0x3848be45)
03-03 21:00:08.787  3585  3659 W PackageManager: Not granting permission com.meizu.flyme.permission.UPDATE to package com.meizu.flyme.mall (protectionLevel=18 flags=0x3848be45)
03-03 21:00:08.787  3585  3659 W PackageManager: Not granting permission android.permission.INTERACT_ACROSS_USERS to package com.meizu.flyme.mall (protectionLevel=50 flags=0x3848be45)
03-03 21:00:08.787  3585  3659 W PackageManager: Unknown permission com.meizu.flyme.push.permission.RECEIVE in package com.meizu.flyme.mall
03-03 21:00:08.787  3585  3659 W PackageManager: Not granting permission com.meizu.stats.permission.READ_USAGESTATS to package com.meizu.flyme.mall (protectionLevel=18 flags=0x3848be45)
03-03 21:00:08.787  3585  3659 W PackageManager: Not granting permission android.permission.LOCAL_MAC_ADDRESS to package com.meizu.flyme.mall (protectionLevel=18 flags=0x3848be45)
03-03 21:00:08.787  3585  3659 W PackageManager: Unknown permission android.permission.ROOT_RECOVERY_STATE in package com.meizu.flyme.mall
03-03 21:00:08.787  3585  3659 W PackageManager: Unknown permission flyme.permission.ROOT_RECOVERY_STATE in package com.meizu.flyme.mall
03-03 21:00:08.787  3585  3659 W PackageManager: Not granting permission android.permission.REAL_GET_TASKS to package com.meizu.flyme.mall (protectionLevel=18 flags=0x3848be45)
03-03 21:00:08.788  3585  3659 W PackageManager: Unknown permission flyme.permission.ROOT_RECOVERY_STATE in package com.meizu.voiceassistant
03-03 21:00:08.788  3585  3659 W PackageManager: Unknown permission com.meizu.flyme.push.permission.RECEIVE in package com.meizu.voiceassistant
03-03 21:00:08.788  3585  3659 W PackageManager: Unknown permission android.permission.ROOT_RECOVERY_STATE in package com.meizu.voiceassistant
03-03 21:00:08.788  3585  3659 W PackageManager: Unknown permission com.meizu.flyme.push.permission.RECEIVE in package com.meizu.cloud
03-03 21:00:08.788  3585  3659 W PackageManager: Unknown permission android.permission.ROOT_RECOVERY_STATE in package com.meizu.cloud
03-03 21:00:08.788  3585  3659 W PackageManager: Unknown permission flyme.permission.ROOT_RECOVERY_STATE in package com.meizu.cloud
03-03 21:00:08.788  3585  3659 W PackageManager: Unknown permission android.permission.READ_SMS_SUPER in package com.meizu.setup
03-03 21:00:08.788  3585  3659 W PackageManager: Unknown permission android.provider.Telephony.SMS_RECEIVED in package com.meizu.setup
03-03 21:00:08.788  3585  3659 W PackageManager: Unknown permission android.permission.ROOT_RECOVERY_STATE in package com.meizu.setup
03-03 21:00:08.789  3585  3659 W PackageManager: Unknown permission com.google.android.gallery3d.permission.GALLERY_PROVIDER in package com.meizu.share
03-03 21:00:08.789  3585  3659 W PackageManager: Unknown permission com.android.gallery3d.permission.GALLERY_PROVIDER in package com.meizu.share
03-03 21:00:08.789  3585  3659 W PackageManager: Unknown permission com.google.android.gm.permission.READ_GMAIL in package com.meizu.share
03-03 21:00:08.789  3585  3659 W PackageManager: Unknown permission com.meizu.flyme.push.permission.RECEIVE in package com.meizu.share
03-03 21:00:08.789  3585  3659 W PackageManager: Unknown permission flyme.permission.ROOT_RECOVERY_STATE in package com.meizu.share
03-03 21:00:08.789  3585  3659 W PackageManager: Unknown permission android.permission.ROOT_RECOVERY_STATE in package com.meizu.share
03-03 21:00:08.789  3585  3659 W PackageManager: Unknown permission com.android.launcher.permission.READ_SETTINGS in package com.meizu.flyme.easylauncher
03-03 21:00:08.789  3585  3659 W PackageManager: Unknown permission com.android.launcher.permission.WRITE_SETTINGS in package com.meizu.flyme.easylauncher
03-03 21:00:08.789  3585  3659 W PackageManager: Unknown permission android.permission.ROOT_RECOVERY_STATE in package com.meizu.flyme.easylauncher
03-03 21:00:08.789  3585  3659 W PackageManager: Unknown permission flyme.permission.ROOT_RECOVERY_STATE in package com.meizu.flyme.easylauncher
03-03 21:00:08.789  3585  3659 W PackageManager: Unknown permission com.qualcomm.permission.UIM_REMOTE_CLIENT in package com.flyme.virtual.softsim
03-03 21:00:08.789  3585  3659 W PackageManager: Unknown permission com.android.vendors.bridge.permission.USE_SOFTSIM in package com.flyme.virtual.softsim
03-03 21:00:08.789  3585  3659 W PackageManager: Unknown permission android.permission.ROOT_RECOVERY_STATE in package com.flyme.virtual.softsim
03-03 21:00:08.790  3585  3659 W PackageManager: Unknown permission com.google.android.googleapps.permission.GOOGLE_AUTH in package com.android.settings
03-03 21:00:08.790  3585  3659 W PackageManager: Unknown permission com.android.launcher.permission.READ_SETTINGS in package com.android.settings
03-03 21:00:08.790  3585  3659 W PackageManager: Unknown permission com.android.launcher.permission.WRITE_SETTINGS in package com.android.settings
03-03 21:00:08.790  3585  3659 W PackageManager: Unknown permission meizu.permission.BIND_PRIVACY_CONTROLER in package com.android.settings
03-03 21:00:08.790  3585  3659 W PackageManager: Unknown permission meizu.permission.SWITCH_SYSTEM_MODES in package com.android.settings
03-03 21:00:08.790  3585  3659 W PackageManager: Unknown permission android.permission.ROOT_RECOVERY_STATE in package com.meizu.battery
03-03 21:00:08.790  3585  3659 W PackageManager: Unknown permission flyme.permission.ROOT_RECOVERY_STATE in package com.meizu.battery
03-03 21:00:08.791  3585  3659 W PackageManager: Unknown permission flyme.permission.ROOT_RECOVERY_STATE in package com.meizu.mzsyncservice
03-03 21:00:08.791  3585  3659 W PackageManager: Unknown permission com.meizu.flyme.push.permission.RECEIVE in package com.meizu.mzsyncservice
03-03 21:00:08.791  3585  3659 W PackageManager: Unknown permission android.permission.ROOT_RECOVERY_STATE in package com.meizu.mzsyncservice
03-03 21:00:08.791  3585  3659 W PackageManager: Not granting permission android.permission.BATTERY_STATS to package com.vlife.mxlock.wallpaper (protectionLevel=50 flags=0x38083e45)
03-03 21:00:08.791  3585  3659 W PackageManager: Unknown permission com.meizu.flyme.push.permission.RECEIVE in package com.meizu.flyme.input
03-03 21:00:08.791  3585  3659 W PackageManager: Unknown permission com.meizu.flyme.subdisplay.permission.GLINT_EVENT in package com.meizu.flyme.input
03-03 21:00:08.792  3585  3659 W PackageManager: Not granting permission android.permission.START_ANY_ACTIVITY to package com.meizu.flyme.input (protectionLevel=2 flags=0x38c83e45)
03-03 21:00:08.792  3585  3659 W PackageManager: Not granting permission android.permission.INTERACT_ACROSS_USERS_FULL to package com.meizu.flyme.input (protectionLevel=258 flags=0x38c83e45)
03-03 21:00:08.792  3585  3659 W PackageManager: Unknown permission android.permission.WRITE_SYSTEM_SETTINGS in package com.meizu.flyme.input
03-03 21:00:08.792  3585  3659 W PackageManager: Unknown permission android.permission.ROOT_RECOVERY_STATE in package com.meizu.flyme.input
03-03 21:00:08.792  3585  3659 W PackageManager: Unknown permission flyme.permission.ROOT_RECOVERY_STATE in package com.meizu.flyme.input
03-03 21:00:08.792  3585  3659 W PackageManager: Unknown permission android.permission.ROOT_RECOVERY_STATE in package com.android.email
03-03 21:00:08.792  3585  3659 W PackageManager: Unknown permission flyme.permission.ROOT_RECOVERY_STATE in package com.android.email
03-03 21:00:08.792  3585  3659 W PackageManager: Unknown permission com.meizu.flyme.push.permission.RECEIVE in package com.android.email
03-03 21:00:08.792  3585  3659 W PackageManager: Unknown permission com.meizu.flyme.providers.forcetouch.permission.READ_SETTINGS in package com.android.email
03-03 21:00:08.792  3585  3659 W PackageManager: Unknown permission com.meizu.flyme.providers.forcetouch.permission.WRITE_SETTINGS in package com.android.email
03-03 21:00:08.793  3585  3659 W PackageManager: Unknown permission android.permission.ROOT_RECOVERY_STATE in package com.meizu.flyme.service.find
03-03 21:00:08.793  3585  3659 W PackageManager: Unknown permission flyme.permission.ROOT_RECOVERY_STATE in package com.meizu.flyme.service.find
03-03 21:00:08.793  3585  3659 W PackageManager: Unknown permission com.mediatek.ppl.permission.ACCESS_PPL_MANAGER in package com.android.phone
03-03 21:00:08.793  3585  3659 W PackageManager: Unknown permission android.permission.READ_REJECT in package com.android.phone
03-03 21:00:08.793  3585  3659 W PackageManager: Unknown permission com.meizu.flyme.push.permission.RECEIVE in package com.android.phone
03-03 21:00:08.793  3585  3659 W PackageManager: Unknown permission meizu.permission.FLYME_TELECOM in package com.android.phone
03-03 21:00:08.793  3585  3659 W PackageManager: Unknown permission meizu.permission.CALLBACK_OPEN in package com.android.phone
03-03 21:00:08.793  3585  3659 W PackageManager: Unknown permission meizu.permission.FLYME_TELECOM_PROVIDER_READ in package com.android.phone
03-03 21:00:08.794  3585  3659 W PackageManager: Unknown permission android.permission.ROOT_RECOVERY_STATE in package com.meizu.customizecenter
03-03 21:00:08.794  3585  3659 W PackageManager: Unknown permission flyme.permission.ROOT_RECOVERY_STATE in package com.meizu.customizecenter
03-03 21:00:08.794  3585  3659 W PackageManager: Unknown permission com.meizu.flyme.providers.forcetouch.permission.READ_SETTINGS in package com.meizu.customizecenter
03-03 21:00:08.794  3585  3659 W PackageManager: Unknown permission com.meizu.flyme.providers.forcetouch.permission.WRITE_SETTINGS in package com.meizu.customizecenter
03-03 21:00:08.795  3585  3659 W PackageManager: Unknown permission com.meizu.flyme.push.permission.RECEIVE in package com.meizu.customizecenter
03-03 21:00:08.795  3585  3659 W PackageManager: Unknown permission com.meizu.c2dm.permission.RECEIVE in package com.meizu.customizecenter
03-03 21:00:08.795  3585  3659 W PackageManager: Unknown permission com.meizu.compaign.permission.READ_SDK_INFO in package com.meizu.customizecenter
03-03 21:00:08.795  3585  3659 W PackageManager: Unknown permission com.meizu.compaign.permission.SEND_NOTIFICATION in package com.meizu.customizecenter
03-03 21:00:08.795  3585  3659 W PackageManager: Unknown permission android.permission.ROOT_RECOVERY_STATE in package com.meizu.flyme.gamecenter
03-03 21:00:08.795  3585  3659 W PackageManager: Unknown permission flyme.permission.ROOT_RECOVERY_STATE in package com.meizu.flyme.gamecenter
03-03 21:00:08.795  3585  3659 W PackageManager: Unknown permission com.meizu.flyme.push.permission.RECEIVE in package com.meizu.flyme.gamecenter
03-03 21:00:08.795  3585  3659 W PackageManager: Unknown permission com.meizu.c2dm.permission.RECEIVE in package com.meizu.flyme.gamecenter
03-03 21:00:08.795  3585  3659 W PackageManager: Unknown permission com.meizu.compaign.permission.READ_SDK_INFO in package com.meizu.flyme.gamecenter
03-03 21:00:08.795  3585  3659 W PackageManager: Unknown permission com.meizu.compaign.permission.SEND_NOTIFICATION in package com.meizu.flyme.gamecenter
03-03 21:00:08.796  3585  3659 W PackageManager: Unknown permission com.fingerprints.service.ACCESS_FINGERPRINT_MANAGER in package com.android.systemui
03-03 21:00:08.796  3585  3659 W PackageManager: Unknown permission android.Manifest.permission.FORCE_STOP_PACKAGES in package com.android.systemui
03-03 21:00:08.796  3585  3659 W PackageManager: Unknown permission flyme.permission.ROOT_RECOVERY_STATE in package com.android.systemui
03-03 21:00:08.796  3585  3659 W PackageManager: Unknown permission meizu.permission.SWITCH_SYSTEM_MODES in package com.android.systemui
03-03 21:00:08.796  3585  3659 W PackageManager: Unknown permission android.Manifest.permission.READ_PRIVILEGED_PHONE_STATE in package com.android.systemui
03-03 21:00:08.796  3585  3659 W PackageManager: Unknown permission android.permission.ROOT_RECOVERY_STATE in package com.android.systemui
03-03 21:00:08.796  3585  3659 W PackageManager: Unknown permission android.permission.SET_APPLICATION_ERROR_LISTENER in package com.meizu.experiencedatasync
03-03 21:00:08.796  3585  3659 W PackageManager: Unknown permission com.android.usagestats.permission.READ_USAGESTATS in package com.meizu.experiencedatasync
03-03 21:00:08.796  3585  3659 W PackageManager: Unknown permission com.android.usagestats.permission.WRITE_USAGESTATS in package com.meizu.experiencedatasync
03-03 21:00:08.796  3585  3659 W PackageManager: Unknown permission flyme.permission.ROOT_RECOVERY_STATE in package com.meizu.experiencedatasync
03-03 21:00:08.796  3585  3659 W PackageManager: Unknown permission com.android.voicemail.permission.READ_WRITE_ALL_VOICEMAIL in package com.meizu.callsetting
03-03 21:00:08.797  3585  3659 W PackageManager: Unknown permission com.android.usagestats.permission.READ_USAGESTATS in package com.meizu.callsetting
03-03 21:00:08.797  3585  3659 W PackageManager: Unknown permission com.android.usagestats.permission.WRITE_USAGESTATS in package com.meizu.callsetting
03-03 21:00:08.797  3585  3659 W PackageManager: Unknown permission meizu.permission.FLYME_TELECOM in package com.meizu.callsetting
03-03 21:00:08.797  3585  3659 W PackageManager: Unknown permission meizu.permission.FLYME_TELECOM_PROVIDER_READ in package com.meizu.callsetting
03-03 21:00:08.797  3585  3659 W PackageManager: Unknown permission com.meizu.cloud.permission.CLOUD_PROVIDER_WRITE in package com.meizu.callsetting
03-03 21:00:08.797  3585  3659 W PackageManager: Unknown permission android.permission.ROOT_RECOVERY_STATE in package com.meizu.callsetting
03-03 21:00:08.797  3585  3659 W PackageManager: Unknown permission flyme.permission.ROOT_RECOVERY_STATE in package com.meizu.callsetting
03-03 21:00:08.797  3585  3659 W PackageManager: Unknown permission meizu.permission.FLYME_TELECOM in package com.meizu.netcontactservice
03-03 21:00:08.797  3585  3659 W PackageManager: Unknown permission flyme.permission.ROOT_RECOVERY_STATE in package com.meizu.netcontactservice
03-03 21:00:08.798  3585  3659 W PackageManager: Unknown permission com.meizu.flyme.push.permission.RECEIVE in package com.meizu.netcontactservice
03-03 21:00:08.798  3585  3659 W PackageManager: Unknown permission android.permission.ROOT_RECOVERY_STATE in package com.meizu.netcontactservice
03-03 21:00:08.798  3585  3659 W PackageManager: Unknown permission com.google.android.gallery3d.permission.GALLERY_PROVIDER in package com.android.bluetooth
03-03 21:00:08.798  3585  3659 W PackageManager: Unknown permission com.android.gallery3d.permission.GALLERY_PROVIDER in package com.android.bluetooth
03-03 21:00:08.798  3585  3659 W PackageManager: Unknown permission android.permission.ROOT_RECOVERY_STATE in package com.meizu.media.life
03-03 21:00:08.798  3585  3659 W PackageManager: Unknown permission flyme.permission.ROOT_RECOVERY_STATE in package com.meizu.media.life
03-03 21:00:08.798  3585  3659 W PackageManager: Not granting permission android.permission.CHANGE_CONFIGURATION to package com.meizu.media.life (protectionLevel=50 flags=0x38483e45)
03-03 21:00:08.798  3585  3659 W PackageManager: Not granting permission com.meizu.flyme.permission.UPDATE to package com.meizu.media.life (protectionLevel=18 flags=0x38483e45)
03-03 21:00:08.798  3585  3659 W PackageManager: Unknown permission com.meizu.flyme.push.permission.RECEIVE in package com.meizu.media.life
03-03 21:00:08.799  3585  3659 W PackageManager: Not granting permission android.permission.INSTALL_PACKAGES to package com.meizu.media.life (protectionLevel=18 flags=0x38483e45)
03-03 21:00:08.799  3585  3659 W PackageManager: Not granting permission android.permission.WRITE_SECURE_SETTINGS to package com.meizu.media.life (protectionLevel=50 flags=0x38483e45)
03-03 21:00:08.799  3585  3659 W PackageManager: Not granting permission android.permission.START_ANY_ACTIVITY to package com.meizu.media.life (protectionLevel=2 flags=0x38483e45)
03-03 21:00:08.799  3585  3659 W PackageManager: Not granting permission android.permission.PEERS_MAC_ADDRESS to package com.meizu.media.life (protectionLevel=2050 flags=0x38483e45)
03-03 21:00:08.799  3585  3659 W PackageManager: Not granting permission android.permission.READ_PRIVILEGED_PHONE_STATE to package com.meizu.media.life (protectionLevel=18 flags=0x38483e45)
03-03 21:00:08.799  3585  3659 W PackageManager: Not granting permission android.permission.STATUS_BAR to package com.meizu.media.life (protectionLevel=18 flags=0x38483e45)
03-03 21:00:08.799  3585  3659 W PackageManager: Not granting permission android.permission.REAL_GET_TASKS to package com.meizu.media.life (protectionLevel=18 flags=0x38483e45)
03-03 21:00:08.799  3585  3659 W PackageManager: Not granting permission android.permission.INTERACT_ACROSS_USERS_FULL to package com.meizu.media.life (protectionLevel=258 flags=0x38483e45)
03-03 21:00:08.799  3585  3659 W PackageManager: Not granting permission android.permission.WRITE_MEDIA_STORAGE to package com.meizu.media.life (protectionLevel=18 flags=0x38483e45)
03-03 21:00:08.799  3585  3659 W PackageManager: Not granting permission android.permission.MANAGE_NETWORK_POLICY to package com.meizu.media.life (protectionLevel=2 flags=0x38483e45)
03-03 21:00:08.799  3585  3659 W PackageManager: Not granting permission android.permission.MOUNT_UNMOUNT_FILESYSTEMS to package com.meizu.media.life (protectionLevel=18 flags=0x38483e45)
03-03 21:00:08.799  3585  3659 W PackageManager: Not granting permission com.meizu.stats.permission.READ_USAGESTATS to package com.meizu.media.life (protectionLevel=18 flags=0x38483e45)
03-03 21:00:08.799  3585  3659 W PackageManager: Not granting permission android.permission.LOCAL_MAC_ADDRESS to package com.meizu.media.life (protectionLevel=18 flags=0x38483e45)
03-03 21:00:08.799  3585  3659 W PackageManager: Unknown permission com.meizu.flyme.providers.forcetouch.permission.READ_SETTINGS in package com.meizu.media.life
03-03 21:00:08.799  3585  3659 W PackageManager: Unknown permission com.meizu.flyme.providers.forcetouch.permission.WRITE_SETTINGS in package com.meizu.media.life
03-03 21:00:08.799  3585  3659 W PackageManager: Unknown permission flyme.permission.ROOT_RECOVERY_STATE in package com.meizu.flyme.weather
03-03 21:00:08.800  3585  3659 W PackageManager: Unknown permission android.permission.ROOT_RECOVERY_STATE in package com.meizu.flyme.weather
03-03 21:00:08.924  3585  3659 W MountService: No primary storage mounted!
03-03 21:00:08.987  3585  3663 E flymed_connector: Communications error: java.io.IOException: No such file or directory
03-03 21:00:08.988  3585  3663 E flymed_connector: Error in NativeDaemonConnector: java.io.IOException: No such file or directory
03-03 21:00:08.990  3585  3585 W TextServicesManagerService: no available spell checker services found
03-03 21:00:09.513  3585  3585 E ConnectivityService: Ignoring protectedNetwork 15
03-03 21:00:09.588  3585  3585 W ContextImpl: Calling a method in the system process without a qualified user: android.app.ContextImpl.bindService:1421 com.android.server.notification.NotificationFirewallImpl.startService:88 com.android.server.notification.NotificationFirewallImpl.initialize:81 com.android.server.notification.NotificationManagerService.initFlymeExtraFields:-1 com.android.server.notification.NotificationManagerService.onStart:1072 
03-03 21:00:09.607  3585  3585 E WallpaperManagerService: Invalid wallpaper data
03-03 21:00:09.608  3585  3585 E WallpaperManagerService: Unable to apply new wallpaper
03-03 21:00:09.666  3585  3585 W DockObserver: This kernel does not have dock station support
03-03 21:00:09.669  3585  3585 W WiredAccessoryManager: This kernel does not have usb audio support
03-03 21:00:09.669  3585  3585 W WiredAccessoryManager: This kernel does not have HDMI audio support
03-03 21:00:09.817  3585  3585 W FlymeWallpaperService: failed parsing /data/system/users/0/lock_wallpaper_info.xml java.io.FileNotFoundException: /data/system/users/0/lock_wallpaper_info.xml (No such file or directory)
03-03 21:00:09.849  3585  3585 E LockSettingsStorage: Cannot read file java.io.FileNotFoundException: /data/system/gatekeeper.password.key: open failed: ENOENT (No such file or directory)
03-03 21:00:09.850  3585  3585 E LockSettingsStorage: Cannot read file java.io.FileNotFoundException: /data/system/password.key: open failed: ENOENT (No such file or directory)
03-03 21:00:09.851  3585  3585 E LockSettingsStorage: Cannot read file java.io.FileNotFoundException: /data/system/gatekeeper.pattern.key: open failed: ENOENT (No such file or directory)
03-03 21:00:09.851  3585  3585 E LockSettingsStorage: Cannot read file java.io.FileNotFoundException: /data/system/gatekeeper.gesture.key: open failed: ENOENT (No such file or directory)
03-03 21:00:09.852  3585  3585 E LockSettingsStorage: Cannot read file java.io.FileNotFoundException: /data/system/gesture.key: open failed: ENOENT (No such file or directory)
03-03 21:00:09.913  3585  3585 W SoundTriggerHelper: listModules status=0, # of modules=0
03-03 21:00:09.951  3585  3611 W KeyguardServiceDelegate: onScreenTurningOn(): no keyguard service!
03-03 21:00:09.973  3585  3585 E BatteryService: Failure in reading charger type
03-03 21:00:09.973  3585  3585 E BatteryService: java.io.FileNotFoundException: /sys/class/power_supply/usb/type (No such file or directory)
03-03 21:00:09.973  3585  3585 E BatteryService: 	at java.io.FileInputStream.open(Native Method)
03-03 21:00:09.973  3585  3585 E BatteryService: 	at java.io.FileInputStream.<init>(FileInputStream.java:146)
03-03 21:00:09.973  3585  3585 E BatteryService: 	at java.io.FileReader.<init>(FileReader.java:72)
03-03 21:00:09.973  3585  3585 E BatteryService: 	at com.android.server.BatteryService$Led.isHvdcpPresent(BatteryService.java:944)
03-03 21:00:09.973  3585  3585 E BatteryService: 	at com.android.server.BatteryService$Led.updateLightsLocked(BatteryService.java:985)
03-03 21:00:09.973  3585  3585 E BatteryService: 	at com.android.server.BatteryService.processValuesLocked(BatteryService.java:585)
03-03 21:00:09.973  3585  3585 E BatteryService: 	at com.android.server.BatteryService.updateBatteryWarningLevelLocked(BatteryService.java)
03-03 21:00:09.973  3585  3585 E BatteryService: 	at com.android.server.BatteryService.onBootPhase(BatteryService.java)
03-03 21:00:09.973  3585  3585 E BatteryService: 	at com.android.server.SystemServiceManager.startBootPhase(SystemServiceManager.java:147)
03-03 21:00:09.973  3585  3585 E BatteryService: 	at com.android.server.SystemServer$2.run(SystemServer.java:1421)
03-03 21:00:09.973  3585  3585 E BatteryService: 	at com.android.server.am.ActivityManagerService.systemReady(ActivityManagerService.java:13448)
03-03 21:00:09.973  3585  3585 E BatteryService: 	at com.android.server.SystemServer.startOtherServices(SystemServer.java:1417)
03-03 21:00:09.973  3585  3585 E BatteryService: 	at com.android.server.SystemServer.run(SystemServer.java:350)
03-03 21:00:09.973  3585  3585 E BatteryService: 	at com.android.server.SystemServer.main(SystemServer.java:232)
03-03 21:00:09.973  3585  3585 E BatteryService: 	at java.lang.reflect.Method.invoke(Native Method)
03-03 21:00:09.973  3585  3585 E BatteryService: 	at com.android.internal.os.ZygoteInit$MethodAndArgsCaller.run(ZygoteInit.java:891)
03-03 21:00:09.973  3585  3585 E BatteryService: 	at com.android.internal.os.ZygoteInit.main(ZygoteInit.java:781)
03-03 21:00:10.015  3585  3585 E InputMethodManagerService: Ignoring updateSystemUiLocked due to an invalid token. uid:1000 token:null
03-03 21:00:10.109  3585  3585 W ActivityManager: Slow operation: 83ms so far, now at startProcess: returned from zygote!
03-03 21:00:10.109  3585  3585 W ActivityManager: Slow operation: 84ms so far, now at startProcess: done updating battery stats
03-03 21:00:10.109  3585  3585 W ActivityManager: Slow operation: 84ms so far, now at startProcess: building log message
03-03 21:00:10.109  3585  3585 W ActivityManager: Slow operation: 84ms so far, now at startProcess: starting to update pids map
03-03 21:00:10.109  3585  3585 W ActivityManager: Slow operation: 84ms so far, now at startProcess: done updating pids map
03-03 21:00:10.109  3585  3585 W ActivityManager: Slow operation: 84ms so far, now at startProcess: done starting proc!
03-03 21:00:10.110  3585  3585 W TextServicesManagerService: no available spell checker services found
03-03 21:00:10.111  3585  3585 E WallpaperManagerService: Invalid wallpaper data
03-03 21:00:10.111  3585  3585 E WallpaperManagerService: Unable to apply new wallpaper
03-03 21:00:10.116  3051  3123 W vold    : Failed to read manufacturer from /sys//devices/hi_mci.1/mmc_host/mmc1/mmc1:0001/block/mmcblk1/device/manfid: No such file or directory
03-03 21:00:10.708  3585  3585 W ActivityManager: Unable to start service Intent { act=android.service.notification.NotificationListenerService cmp=com.meizu.battery/com.meizu.power.apps.appnotification.PermanentNotificationService } U=0: not found
03-03 21:00:10.708  3585  3585 W NotificationListeners: Unable to bind notification listener service: Intent { act=android.service.notification.NotificationListenerService cmp=com.meizu.battery/com.meizu.power.apps.appnotification.PermanentNotificationService (has extras) }
03-03 21:00:10.950  3585  3602 W WindowManager: Keyguard drawn timeout. Setting mKeyguardDrawComplete
03-03 21:00:11.186  3585  3585 W LocationProviderProxy-network: Odd, no component found for service com.android.location.service.v3.NetworkLocationProvider
03-03 21:00:11.197  3585  3585 W GeocoderProxy: Odd, no component found for service com.android.location.service.GeocodeProvider
03-03 21:00:11.225  3585  3585 W VoiceInteractionManagerService: no available voice interaction services found for user 0
03-03 21:00:11.225  3585  3585 W VoiceInteractionManagerService: no available voice recognition services found for user 0
03-03 21:00:11.291  3585  3600 W LocationProviderProxy-network: Odd, no component found for service com.android.location.service.v3.NetworkLocationProvider
03-03 21:00:11.294  3585  3600 W GeocoderProxy: Odd, no component found for service com.android.location.service.GeocodeProvider
03-03 21:00:11.533  3585  3850 E ActivityThread: Failed to find provider info for call_log
03-03 21:00:11.543  3585  3601 W KeyguardServiceDelegate: onScreenTurningOn(): no keyguard service!
03-03 21:00:11.566  3585  3585 W ContextImpl: Calling a method in the system process without a qualified user: android.app.ContextImpl.startService:-1 android.content.ContextWrapper.startService:613 com.android.server.telecom.components.TelecomService.initializeTelecomSystem:159 com.android.server.telecom.components.TelecomService.onBind:57 android.app.ActivityThread.handleBindService:3258 
03-03 21:00:11.573  3585  3585 W ContextImpl: Calling a method in the system process without a qualified user: android.app.ContextImpl.startService:-1 com.android.server.content.SyncManager$13.run:658 android.os.Handler.handleCallback:751 android.os.Handler.dispatchMessage:95 android.os.Looper.loop:154 
03-03 21:00:11.884  3585  3850 E ActivityThread: Failed to find provider info for com.android.soundrecorder.provider
03-03 21:00:11.885  3585  3678 E ActivityThread: Failed to find provider info for com.android.calendar
03-03 21:00:11.887  3585  3678 E ActivityThread: Failed to find provider info for com.android.calendar
03-03 21:00:12.002  3814  3814 W SystemConfig: No directory /system/etc/sysconfig, skipping
03-03 21:00:12.168  3814  3974 E ActivityThread: Failed to find provider info for com.android.contacts
03-03 21:00:12.309  3814  3814 E ActivityThread: Failed to find provider info for com.meizu.cloud
03-03 21:00:12.319  3814  3814 E ActivityThread: Failed to find provider info for com.meizu.cloud
03-03 21:00:12.320  3814  3814 E ActivityThread: Failed to find provider info for com.meizu.cloud
03-03 21:00:12.544  3585  3602 W WindowManager: Keyguard drawn timeout. Setting mKeyguardDrawComplete
03-03 21:00:13.624  3585  3604 E BatteryStatsService: no controller energy info supplied
03-03 21:00:13.636  3585  3604 E BatteryStatsService: no controller energy info supplied
03-03 21:00:13.990  3585  3663 E flymed_connector: Communications error: java.io.IOException: No such file or directory
03-03 21:00:13.990  3585  3663 E flymed_connector: Error in NativeDaemonConnector: java.io.IOException: No such file or directory
03-03 21:00:14.544  3585  3659 E VoldConnector: NDC Command {6 volume mount public:179_129 2 0} took too long (4331ms)
03-03 21:00:14.550  3585  3601 E VoldConnector: NDC Command {7 volume user_started 0} took too long (1483ms)
03-03 21:00:14.557  3585  3601 W TextServicesManagerService: no available spell checker services found
03-03 21:00:14.760  3585  3601 W BackupManagerService: Proposed transport ComponentInfo{android/com.android.internal.backup.LocalTransportService} not whitelisted; ignoring
03-03 21:00:14.915  3585  3601 W AppWidgetServiceImpl: No android.appwidget.provider meta-data for AppWidget provider 'ProviderId{user:0, app:10023, cmp:ComponentInfo{com.meizu.media.music/com.meizu.media.music.appwidget.MusicAppWidgetProvider_vice}}'
03-03 21:00:14.960  3585  3601 W VoiceInteractionManagerService: no available voice interaction services found for user 0
03-03 21:00:14.962  3585  3601 W VoiceInteractionManagerService: no available voice recognition services found for user 0
03-03 21:00:15.185  3585  3585 E NotificationService: Not posting notification without small icon: Notification(pri=-2 contentView=com.flyme.systemuitools/0x109008b vibrate=null sound=null defaults=0x0 flags=0x10000062 color=0xff607d8b vis=PRIVATE)
03-03 21:00:15.185  3585  3585 E NotificationService: WARNING: In a future release this will crash the app: com.flyme.systemuitools
03-03 21:00:15.229  3585  4386 W ActivityManager: Finishing task with all activities already finished
03-03 21:00:15.229  3585  4386 W ActivityManager: Duplicate finish request for ActivityRecord{d339dfd u0 com.android.settings/.FallbackHome t1 f}
03-03 21:00:15.277  3585  3585 W AppWidgetServiceImpl: No android.appwidget.provider meta-data for AppWidget provider 'ProviderId{user:0, app:10023, cmp:ComponentInfo{com.meizu.media.music/com.meizu.media.music.appwidget.MusicAppWidgetProvider_vice}}'
03-03 21:00:15.280  3585  3585 W AppWidgetServiceImpl: No android.appwidget.provider meta-data for AppWidget provider 'ProviderId{user:0, app:10023, cmp:ComponentInfo{com.meizu.media.music/com.meizu.media.music.appwidget.MusicAppWidgetProvider_vice}}'
03-03 21:00:15.452  4376  4503 W ActivityThread: ClassLoader.getResourceAsStream: The class loader returned by Thread.getContextClassLoader() may fail for processes that host multiple applications. You should explicitly specify a context class loader. For example: Thread.setContextClassLoader(getClass().getClassLoader());
03-03 21:00:15.653  4528  4528 W ContextImpl: Calling a method in the system process without a qualified user: android.app.ContextImpl.startService:-1 android.content.ContextWrapper.startService:613 com.meizu.battery.BatteryApplication.a:64 com.meizu.battery.BatteryApplication.attachBaseContext:58 android.app.Application.attach:189 
03-03 21:00:15.697  3694  3694 W StatusBar: isKeyguardSecure() called before startKeyguard(), returning false
03-03 21:00:15.697  3694  3694 W StatusBar: java.lang.Throwable
03-03 21:00:15.697  3694  3694 W StatusBar: 	at com.android.systemui.statusbar.BaseStatusBar.isKeyguardSecure(BaseStatusBar.java:2940)
03-03 21:00:15.697  3694  3694 W StatusBar: 	at com.android.systemui.statusbar.BaseStatusBar.isCameraAllowedByAdmin(BaseStatusBar.java:3203)
03-03 21:00:15.697  3694  3694 W StatusBar: 	at com.android.systemui.statusbar.phone.KeyguardBottomAreaView.updateCameraVisibility(KeyguardBottomAreaView.java:373)
03-03 21:00:15.697  3694  3694 W StatusBar: 	at com.android.systemui.statusbar.phone.KeyguardBottomAreaView.setPhoneStatusBar(KeyguardBottomAreaView.java:336)
03-03 21:00:15.697  3694  3694 W StatusBar: 	at com.android.systemui.statusbar.phone.PhoneStatusBar.makeStatusBarView(PhoneStatusBar.java:1196)
03-03 21:00:15.697  3694  3694 W StatusBar: 	at com.android.systemui.statusbar.phone.PhoneStatusBar.addStatusBarWindow(PhoneStatusBar.java:4340)
03-03 21:00:15.697  3694  3694 W StatusBar: 	at com.android.systemui.statusbar.phone.PhoneStatusBar.createAndAddWindows(PhoneStatusBar.java:4336)
03-03 21:00:15.697  3694  3694 W StatusBar: 	at com.android.systemui.statusbar.BaseStatusBar.start(BaseStatusBar.java:897)
03-03 21:00:15.697  3694  3694 W StatusBar: 	at com.android.systemui.statusbar.phone.PhoneStatusBar.start(PhoneStatusBar.java:836)
03-03 21:00:15.697  3694  3694 W StatusBar: 	at com.android.systemui.statusbar.SystemBars.createStatusBarFromConfig(SystemBars.java:106)
03-03 21:00:15.697  3694  3694 W StatusBar: 	at com.android.systemui.statusbar.SystemBars.onNoService(SystemBars.java:58)
03-03 21:00:15.697  3694  3694 W StatusBar: 	at com.android.systemui.statusbar.ServiceMonitor.startService(ServiceMonitor.java:230)
03-03 21:00:15.697  3694  3694 W StatusBar: 	at com.android.systemui.statusbar.ServiceMonitor.-wrap5(ServiceMonitor.java)
03-03 21:00:15.697  3694  3694 W StatusBar: 	at com.android.systemui.statusbar.ServiceMonitor$1.handleMessage(ServiceMonitor.java:73)
03-03 21:00:15.697  3694  3694 W StatusBar: 	at android.os.Handler.dispatchMessage(Handler.java:102)
03-03 21:00:15.697  3694  3694 W StatusBar: 	at android.os.Looper.loop(Looper.java:154)
03-03 21:00:15.697  3694  3694 W StatusBar: 	at android.app.ActivityThread.main(ActivityThread.java:6229)
03-03 21:00:15.697  3694  3694 W StatusBar: 	at java.lang.reflect.Method.invoke(Native Method)
03-03 21:00:15.697  3694  3694 W StatusBar: 	at com.android.internal.os.ZygoteInit$MethodAndArgsCaller.run(ZygoteInit.java:891)
03-03 21:00:15.697  3694  3694 W StatusBar: 	at com.android.internal.os.ZygoteInit.main(ZygoteInit.java:781)
03-03 21:00:15.707  3694  3694 W StatusBar: isKeyguardSecure() called before startKeyguard(), returning false
03-03 21:00:15.707  3694  3694 W StatusBar: java.lang.Throwable
03-03 21:00:15.707  3694  3694 W StatusBar: 	at com.android.systemui.statusbar.BaseStatusBar.isKeyguardSecure(BaseStatusBar.java:2940)
03-03 21:00:15.707  3694  3694 W StatusBar: 	at com.android.systemui.statusbar.BaseStatusBar.isCameraAllowedByAdmin(BaseStatusBar.java:3203)
03-03 21:00:15.707  3694  3694 W StatusBar: 	at com.android.systemui.statusbar.phone.KeyguardBottomAreaView.updateCameraVisibility(KeyguardBottomAreaView.java:373)
03-03 21:00:15.707  3694  3694 W StatusBar: 	at com.android.systemui.statusbar.phone.KeyguardBottomAreaView.setUserSetupComplete(KeyguardBottomAreaView.java:345)
03-03 21:00:15.707  3694  3694 W StatusBar: 	at com.android.systemui.statusbar.phone.PhoneStatusBar.makeStatusBarView(PhoneStatusBar.java:1197)
03-03 21:00:15.707  3694  3694 W StatusBar: 	at com.android.systemui.statusbar.phone.PhoneStatusBar.addStatusBarWindow(PhoneStatusBar.java:4340)
03-03 21:00:15.707  3694  3694 W StatusBar: 	at com.android.systemui.statusbar.phone.PhoneStatusBar.createAndAddWindows(PhoneStatusBar.java:4336)
03-03 21:00:15.707  3694  3694 W StatusBar: 	at com.android.systemui.statusbar.BaseStatusBar.start(BaseStatusBar.java:897)
03-03 21:00:15.707  3694  3694 W StatusBar: 	at com.android.systemui.statusbar.phone.PhoneStatusBar.start(PhoneStatusBar.java:836)
03-03 21:00:15.707  3694  3694 W StatusBar: 	at com.android.systemui.statusbar.SystemBars.createStatusBarFromConfig(SystemBars.java:106)
03-03 21:00:15.707  3694  3694 W StatusBar: 	at com.android.systemui.statusbar.SystemBars.onNoService(SystemBars.java:58)
03-03 21:00:15.707  3694  3694 W StatusBar: 	at com.android.systemui.statusbar.ServiceMonitor.startService(ServiceMonitor.java:230)
03-03 21:00:15.707  3694  3694 W StatusBar: 	at com.android.systemui.statusbar.ServiceMonitor.-wrap5(ServiceMonitor.java)
03-03 21:00:15.707  3694  3694 W StatusBar: 	at com.android.systemui.statusbar.ServiceMonitor$1.handleMessage(ServiceMonitor.java:73)
03-03 21:00:15.707  3694  3694 W StatusBar: 	at android.os.Handler.dispatchMessage(Handler.java:102)
03-03 21:00:15.707  3694  3694 W StatusBar: 	at android.os.Looper.loop(Looper.java:154)
03-03 21:00:15.707  3694  3694 W StatusBar: 	at android.app.ActivityThread.main(ActivityThread.java:6229)
03-03 21:00:15.707  3694  3694 W StatusBar: 	at java.lang.reflect.Method.invoke(Native Method)
03-03 21:00:15.707  3694  3694 W StatusBar: 	at com.android.internal.os.ZygoteInit$MethodAndArgsCaller.run(ZygoteInit.java:891)
03-03 21:00:15.707  3694  3694 W StatusBar: 	at com.android.internal.os.ZygoteInit.main(ZygoteInit.java:781)
03-03 21:00:15.752  4528  4528 W ContextImpl: Calling a method in the system process without a qualified user: android.app.ContextImpl.startService:-1 android.content.ContextWrapper.startService:613 com.meizu.power.apps.appnotification.a.b:53 com.meizu.power.apps.appnotification.a.<init>:33 com.meizu.power.apps.appnotification.a.a:38 
03-03 21:00:15.811  4528  4605 W ContextImpl: Calling a method in the system process without a qualified user: android.app.ContextImpl.bindService:1421 android.content.ContextWrapper.bindService:636 com.meizu.power.apps.b.k:491 com.meizu.power.apps.b.c:79 com.meizu.power.apps.b.<init>:67 
03-03 21:00:15.953  3694  3694 W StatusBar: isKeyguardSecure() called before startKeyguard(), returning false
03-03 21:00:15.953  3694  3694 W StatusBar: java.lang.Throwable
03-03 21:00:15.953  3694  3694 W StatusBar: 	at com.android.systemui.statusbar.BaseStatusBar.isKeyguardSecure(BaseStatusBar.java:2940)
03-03 21:00:15.953  3694  3694 W StatusBar: 	at com.android.systemui.statusbar.BaseStatusBar.isCameraAllowedByAdmin(BaseStatusBar.java:3203)
03-03 21:00:15.953  3694  3694 W StatusBar: 	at com.android.systemui.statusbar.phone.KeyguardBottomAreaView.updateCameraVisibility(KeyguardBottomAreaView.java:373)
03-03 21:00:15.953  3694  3694 W StatusBar: 	at com.android.systemui.statusbar.phone.KeyguardBottomAreaView.setUserSetupComplete(KeyguardBottomAreaView.java:345)
03-03 21:00:15.953  3694  3694 W StatusBar: 	at com.android.systemui.statusbar.phone.PhoneStatusBar$1.onChange(PhoneStatusBar.java:573)
03-03 21:00:15.953  3694  3694 W StatusBar: 	at com.android.systemui.statusbar.phone.PhoneStatusBar.resetUserSetupObserver(PhoneStatusBar.java:4613)
03-03 21:00:15.953  3694  3694 W StatusBar: 	at com.android.systemui.statusbar.phone.PhoneStatusBar.makeStatusBarView(PhoneStatusBar.java:1326)
03-03 21:00:15.953  3694  3694 W StatusBar: 	at com.android.systemui.statusbar.phone.PhoneStatusBar.addStatusBarWindow(PhoneStatusBar.java:4340)
03-03 21:00:15.953  3694  3694 W StatusBar: 	at com.android.systemui.statusbar.phone.PhoneStatusBar.createAndAddWindows(PhoneStatusBar.java:4336)
03-03 21:00:15.953  3694  3694 W StatusBar: 	at com.android.systemui.statusbar.BaseStatusBar.start(BaseStatusBar.java:897)
03-03 21:00:15.953  3694  3694 W StatusBar: 	at com.android.systemui.statusbar.phone.PhoneStatusBar.start(PhoneStatusBar.java:836)
03-03 21:00:15.953  3694  3694 W StatusBar: 	at com.android.systemui.statusbar.SystemBars.createStatusBarFromConfig(SystemBars.java:106)
03-03 21:00:15.953  3694  3694 W StatusBar: 	at com.android.systemui.statusbar.SystemBars.onNoService(SystemBars.java:58)
03-03 21:00:15.953  3694  3694 W StatusBar: 	at com.android.systemui.statusbar.ServiceMonitor.startService(ServiceMonitor.java:230)
03-03 21:00:15.953  3694  3694 W StatusBar: 	at com.android.systemui.statusbar.ServiceMonitor.-wrap5(ServiceMonitor.java)
03-03 21:00:15.953  3694  3694 W StatusBar: 	at com.android.systemui.statusbar.ServiceMonitor$1.handleMessage(ServiceMonitor.java:73)
03-03 21:00:15.953  3694  3694 W StatusBar: 	at android.os.Handler.dispatchMessage(Handler.java:102)
03-03 21:00:15.953  3694  3694 W StatusBar: 	at android.os.Looper.loop(Looper.java:154)
03-03 21:00:15.953  3694  3694 W StatusBar: 	at android.app.ActivityThread.main(ActivityThread.java:6229)
03-03 21:00:15.953  3694  3694 W StatusBar: 	at java.lang.reflect.Method.invoke(Native Method)
03-03 21:00:15.953  3694  3694 W StatusBar: 	at com.android.internal.os.ZygoteInit$MethodAndArgsCaller.run(ZygoteInit.java:891)
03-03 21:00:15.953  3694  3694 W StatusBar: 	at com.android.internal.os.ZygoteInit.main(ZygoteInit.java:781)
03-03 21:00:16.963  3198  3551 E FrameworkListener: read() failed (Connection reset by peer)
03-03 21:00:17.325  4627  4708 W ContextImpl: Calling a method in the system process without a qualified user: android.app.ContextImpl.startService:-1 android.content.ContextWrapper.startService:613 com.meizu.networkmanager.c.r.a:25 com.meizu.networkmanager.a.b:97 com.meizu.networkmanager.a.a:85 
03-03 21:00:17.338  4627  4708 W ContextImpl: Calling a method in the system process without a qualified user: android.app.ContextImpl.sendBroadcast:-1 android.content.ContextWrapper.sendBroadcast:426 com.meizu.safe.alphame.h.b:149 com.meizu.safe.SafeApplication$1.run:154 <bottom of call stack> 
03-03 21:00:17.340  4528  4528 W ContextImpl: Calling a method in the system process without a qualified user: android.app.ContextImpl.bindService:1421 android.content.ContextWrapper.bindService:636 com.meizu.power.apps.b.k:491 com.meizu.power.apps.b.c:37 com.meizu.power.apps.b$b.onReceive:483 
03-03 21:00:17.374  4627  4881 W ContextImpl: Calling a method in the system process without a qualified user: android.app.ContextImpl.startService:-1 android.content.ContextWrapper.startService:613 com.meizu.networkmanager.monitor.t.a:118 com.meizu.networkmanager.monitor.t.a:62 com.meizu.networkmanager.monitor.t$1.run:69 
03-03 21:00:17.419  4627  4708 W ContextImpl: Calling a method in the system process without a qualified user: android.app.ContextImpl.bindService:1421 android.content.ContextWrapper.bindService:636 com.meizu.safe.blockService.a.e:64 com.meizu.safe.blockService.a.b:39 com.meizu.safe.SafeApplication$1.run:156 
03-03 21:00:17.466  4627  4905 W ContextImpl: Calling a method in the system process without a qualified user: android.app.ContextImpl.startService:-1 android.content.ContextWrapper.startService:613 com.meizu.networkmanager.monitor.t.a:118 com.meizu.networkmanager.monitor.t.a:62 com.meizu.networkmanager.monitor.t$1.run:69 
03-03 21:00:17.474  4627  4904 W ContextImpl: Calling a method in the system process without a qualified user: android.app.ContextImpl.startService:-1 android.content.ContextWrapper.startService:613 com.meizu.networkmanager.c.r.a:25 com.meizu.networkmanager.i.y.a:101 com.meizu.networkmanager.i.y.a:91 
03-03 21:00:17.515  4627  4883 W ContextImpl: Calling a method in the system process without a qualified user: android.app.ContextImpl.startService:-1 android.content.ContextWrapper.startService:613 com.meizu.networkmanager.monitor.t.a:118 com.meizu.networkmanager.monitor.t.a:62 com.meizu.networkmanager.monitor.e.a:35 
03-03 21:00:17.524  4627  4883 W ContextImpl: Calling a method in the system process without a qualified user: android.app.ContextImpl.startService:-1 android.content.ContextWrapper.startService:613 com.meizu.networkmanager.monitor.t.a:118 com.meizu.networkmanager.monitor.t.a:62 com.meizu.networkmanager.monitor.e.a:36 
03-03 21:00:17.917  4205  4420 E ActivityThread: Failed to find provider info for com.meizu.cloud
03-03 21:00:18.553  4899  4899 W ContextImpl: Calling a method in the system process without a qualified user: android.app.ContextImpl.startService:-1 android.content.ContextWrapper.startService:613 android.content.ContextWrapper.startService:613 tmsdk.common.TMSDKContext.start:-1 tmsdk.common.TMSDKContext.init:-1 
03-03 21:00:18.570  4899  4899 W ContextImpl: Calling a method in the system process without a qualified user: android.app.ContextImpl.startService:-1 android.content.ContextWrapper.startService:613 com.meizu.safe.urlDownload.v2.HmService.a:206 com.meizu.safe.SafeApplication.h:185 com.meizu.safe.SafeApplication.onCreate:137 
03-03 21:00:18.650  4627  4904 W ContextImpl: Calling a method in the system process without a qualified user: android.app.ContextImpl.startService:-1 android.content.ContextWrapper.startService:613 com.meizu.networkmanager.c.r.a:25 com.meizu.networkmanager.i.y.a:101 com.meizu.networkmanager.i.y.a:91 
03-03 21:00:18.992  3585  3663 E flymed_connector: Communications error: java.io.IOException: No such file or directory
03-03 21:00:18.993  3585  3663 E flymed_connector: Error in NativeDaemonConnector: java.io.IOException: No such file or directory
03-03 21:00:22.506  3814  3982 E ActivityThread: Failed to find provider info for com.meizu.flyme.telecom.provider
03-03 21:00:24.241  3585  3663 E flymed_connector: Communications error: java.io.IOException: No such file or directory
03-03 21:00:24.242  3585  3663 E flymed_connector: Error in NativeDaemonConnector: java.io.IOException: No such file or directory
03-03 21:00:24.533  4528  5409 W ContextImpl: Calling a method in the system process without a qualified user: android.app.ContextImpl.startService:-1 android.content.ContextWrapper.startService:613 android.content.ContextWrapper.startService:613 com.meizu.cloud.pushsdk.SystemReceiver.a:56 com.meizu.cloud.pushsdk.SystemReceiver.a:90 
03-03 21:00:25.084  4809  4932 W ActivityThread: ClassLoader.getResourceAsStream: The class loader returned by Thread.getContextClassLoader() may fail for processes that host multiple applications. You should explicitly specify a context class loader. For example: Thread.setContextClassLoader(getClass().getClassLoader());
03-03 21:00:26.220  5465  5465 W ContextImpl: Calling a method in the system process without a qualified user: android.app.ContextImpl.sendBroadcast:-1 android.content.ContextWrapper.sendBroadcast:421 com.meizu.cloud.pushsdk.f.a.a:229 com.meizu.cloud.pushsdk.f.a.a:149 com.meizu.cloud.pushsdk.f.a.a:59 
03-03 21:00:26.266  5465  5465 W ContextImpl: Calling a method in the system process without a qualified user: android.app.ContextImpl.sendBroadcast:-1 android.content.ContextWrapper.sendBroadcast:421 com.meizu.cloud.pushsdk.f.a.a:229 com.meizu.cloud.pushsdk.f.a.a:151 com.meizu.cloud.pushsdk.f.a.a:59 
