03-23 17:07:28.728  6284  6284 W StatusBar: 	at com.android.systemui.statusbar.BaseStatusBar.isKeyguardSecure(BaseStatusBar.java:2940)
03-23 17:07:28.728  6284  6284 W StatusBar: 	at com.android.systemui.statusbar.BaseStatusBar.isCameraAllowedByAdmin(BaseStatusBar.java:3203)
03-23 17:07:28.728  6284  6284 W StatusBar: 	at com.android.systemui.statusbar.phone.KeyguardBottomAreaView.updateCameraVisibility(KeyguardBottomAreaView.java:373)
03-23 17:07:28.728  6284  6284 W StatusBar: 	at com.android.systemui.statusbar.phone.KeyguardBottomAreaView.setPhoneStatusBar(KeyguardBottomAreaView.java:336)
03-23 17:07:28.728  6284  6284 W StatusBar: 	at com.android.systemui.statusbar.phone.PhoneStatusBar.makeStatusBarView(PhoneStatusBar.java:1196)
03-23 17:07:28.728  6284  6284 W StatusBar: 	at com.android.systemui.statusbar.phone.PhoneStatusBar.addStatusBarWindow(PhoneStatusBar.java:4340)
03-23 17:07:28.728  6284  6284 W StatusBar: 	at com.android.systemui.statusbar.phone.PhoneStatusBar.createAndAddWindows(PhoneStatusBar.java:4336)
03-23 17:07:28.728  6284  6284 W StatusBar: 	at com.android.systemui.statusbar.BaseStatusBar.start(BaseStatusBar.java:897)
03-23 17:07:28.728  6284  6284 W StatusBar: 	at com.android.systemui.statusbar.phone.PhoneStatusBar.start(PhoneStatusBar.java:836)
03-23 17:07:28.728  6284  6284 W StatusBar: 	at com.android.systemui.statusbar.SystemBars.createStatusBarFromConfig(SystemBars.java:106)
03-23 17:07:28.728  6284  6284 W StatusBar: 	at com.android.systemui.statusbar.SystemBars.onNoService(SystemBars.java:58)
03-23 17:07:28.728  6284  6284 W StatusBar: 	at com.android.systemui.statusbar.ServiceMonitor.startService(ServiceMonitor.java:230)
03-23 17:07:28.728  6284  6284 W StatusBar: 	at com.android.systemui.statusbar.ServiceMonitor.-wrap5(ServiceMonitor.java)
03-23 17:07:28.728  6284  6284 W StatusBar: 	at com.android.systemui.statusbar.ServiceMonitor$1.handleMessage(ServiceMonitor.java:73)
03-23 17:07:28.728  6284  6284 W StatusBar: 	at android.os.Handler.dispatchMessage(Handler.java:102)
03-23 17:07:28.728  6284  6284 W StatusBar: 	at android.os.Looper.loop(Looper.java:154)
03-23 17:07:28.728  6284  6284 W StatusBar: 	at android.app.ActivityThread.main(ActivityThread.java:6229)
03-23 17:07:28.728  6284  6284 W StatusBar: 	at java.lang.reflect.Method.invoke(Native Method)
03-23 17:07:28.728  6284  6284 W StatusBar: 	at com.android.internal.os.ZygoteInit$MethodAndArgsCaller.run(ZygoteInit.java:891)
03-23 17:07:28.728  6284  6284 W StatusBar: 	at com.android.internal.os.ZygoteInit.main(ZygoteInit.java:781)
03-23 17:07:28.732  6284  6284 W StatusBar: isKeyguardSecure() called before startKeyguard(), returning false
03-23 17:07:28.732  6284  6284 W StatusBar: java.lang.Throwable
03-23 17:07:28.732  6284  6284 W StatusBar: 	at com.android.systemui.statusbar.BaseStatusBar.isKeyguardSecure(BaseStatusBar.java:2940)
03-23 17:07:28.732  6284  6284 W StatusBar: 	at com.android.systemui.statusbar.BaseStatusBar.isCameraAllowedByAdmin(BaseStatusBar.java:3203)
03-23 17:07:28.732  6284  6284 W StatusBar: 	at com.android.systemui.statusbar.phone.KeyguardBottomAreaView.updateCameraVisibility(KeyguardBottomAreaView.java:373)
03-23 17:07:28.732  6284  6284 W StatusBar: 	at com.android.systemui.statusbar.phone.KeyguardBottomAreaView.setUserSetupComplete(KeyguardBottomAreaView.java:345)
03-23 17:07:28.732  6284  6284 W StatusBar: 	at com.android.systemui.statusbar.phone.PhoneStatusBar.makeStatusBarView(PhoneStatusBar.java:1197)
03-23 17:07:28.732  6284  6284 W StatusBar: 	at com.android.systemui.statusbar.phone.PhoneStatusBar.addStatusBarWindow(PhoneStatusBar.java:4340)
03-23 17:07:28.732  6284  6284 W StatusBar: 	at com.android.systemui.statusbar.phone.PhoneStatusBar.createAndAddWindows(PhoneStatusBar.java:4336)
03-23 17:07:28.732  6284  6284 W StatusBar: 	at com.android.systemui.statusbar.BaseStatusBar.start(BaseStatusBar.java:897)
03-23 17:07:28.732  6284  6284 W StatusBar: 	at com.android.systemui.statusbar.phone.PhoneStatusBar.start(PhoneStatusBar.java:836)
03-23 17:07:28.732  6284  6284 W StatusBar: 	at com.android.systemui.statusbar.SystemBars.createStatusBarFromConfig(SystemBars.java:106)
03-23 17:07:28.732  6284  6284 W StatusBar: 	at com.android.systemui.statusbar.SystemBars.onNoService(SystemBars.java:58)
03-23 17:07:28.732  6284  6284 W StatusBar: 	at com.android.systemui.statusbar.ServiceMonitor.startService(ServiceMonitor.java:230)
03-23 17:07:28.732  6284  6284 W StatusBar: 	at com.android.systemui.statusbar.ServiceMonitor.-wrap5(ServiceMonitor.java)
03-23 17:07:28.732  6284  6284 W StatusBar: 	at com.android.systemui.statusbar.ServiceMonitor$1.handleMessage(ServiceMonitor.java:73)
03-23 17:07:28.732  6284  6284 W StatusBar: 	at android.os.Handler.dispatchMessage(Handler.java:102)
03-23 17:07:28.732  6284  6284 W StatusBar: 	at android.os.Looper.loop(Looper.java:154)
03-23 17:07:28.732  6284  6284 W StatusBar: 	at android.app.ActivityThread.main(ActivityThread.java:6229)
03-23 17:07:28.732  6284  6284 W StatusBar: 	at java.lang.reflect.Method.invoke(Native Method)
03-23 17:07:28.732  6284  6284 W StatusBar: 	at com.android.internal.os.ZygoteInit$MethodAndArgsCaller.run(ZygoteInit.java:891)
03-23 17:07:28.732  6284  6284 W StatusBar: 	at com.android.internal.os.ZygoteInit.main(ZygoteInit.java:781)
03-23 17:07:28.757  6632  6632 E wpa_supplicant: wapi_call_back_init enter!
03-23 17:07:28.758  6227  6227 E AlphaMe : Can't find alphame_server
03-23 17:07:28.760  6227  6227 E AlphaMe : Can't find alphame_server
03-23 17:07:28.868  6284  6742 E ActivityThread: Failed to find provider info for com.android.contacts
03-23 17:07:28.976  3865  3958 W KeyguardServiceDelegate: onScreenTurningOn(): no keyguard service!
03-23 17:07:29.137  6227  6583 W System  : ClassLoader referenced unknown path: /system/framework/tcmclient.jar
03-23 17:07:29.155  6227  6583 W System.err: java.net.UnknownHostException: Unable to resolve host "uxip-res.meizu.com": No address associated with hostname
03-23 17:07:29.155  6227  6583 W System.err: 	at java.net.Inet6AddressImpl.lookupHostByName(Inet6AddressImpl.java:125)
03-23 17:07:29.155  6227  6583 W System.err: 	at java.net.Inet6AddressImpl.lookupAllHostAddr(Inet6AddressImpl.java:74)
03-23 17:07:29.155  6227  6583 W System.err: 	at java.net.InetAddress.getAllByName(InetAddress.java:752)
03-23 17:07:29.155  6227  6583 W System.err: 	at com.android.okhttp.internal.Network$1.resolveInetAddresses(Network.java:29)
03-23 17:07:29.155  6227  6583 W System.err: 	at com.android.okhttp.internal.http.RouteSelector.resetNextInetSocketAddress(RouteSelector.java:187)
03-23 17:07:29.155  6227  6583 W System.err: 	at com.android.okhttp.internal.http.RouteSelector.nextProxy(RouteSelector.java:156)
03-23 17:07:29.155  6227  6583 W System.err: 	at com.android.okhttp.internal.http.RouteSelector.next(RouteSelector.java:98)
03-23 17:07:29.155  6227  6583 W System.err: 	at com.android.okhttp.internal.http.HttpEngine.createNextConnection(HttpEngine.java:346)
03-23 17:07:29.155  6227  6583 W System.err: 	at com.android.okhttp.internal.http.HttpEngine.connect(HttpEngine.java:329)
03-23 17:07:29.155  6227  6583 W System.err: 	at com.android.okhttp.internal.http.HttpEngine.sendRequest(HttpEngine.java:247)
03-23 17:07:29.155  6227  6583 W System.err: 	at com.android.okhttp.internal.huc.HttpURLConnectionImpl.execute(HttpURLConnectionImpl.java:457)
03-23 17:07:29.155  6227  6583 W System.err: 	at com.android.okhttp.internal.huc.HttpURLConnectionImpl.getResponse(HttpURLConnectionImpl.java:405)
03-23 17:07:29.155  6227  6583 W System.err: 	at com.android.okhttp.internal.huc.HttpURLConnectionImpl.getResponseCode(HttpURLConnectionImpl.java:521)
03-23 17:07:29.155  6227  6583 W System.err: 	at com.meizu.statsapp.v3.lib.plugin.net.NetRequester.postStringpartNoGslb(NetRequester.java:142)
03-23 17:07:29.156  6227  6583 W System.err: 	at com.meizu.statsapp.v3.lib.plugin.sdk.ConfigController.getConfigFromServer(ConfigController.java:234)
03-23 17:07:29.156  6227  6583 W System.err: 	at com.meizu.statsapp.v3.lib.plugin.sdk.ConfigController.access$200(ConfigController.java:46)
03-23 17:07:29.156  6227  6583 W System.err: 	at com.meizu.statsapp.v3.lib.plugin.sdk.ConfigController$1.handleMessage(ConfigController.java:115)
03-23 17:07:29.156  6227  6583 W System.err: 	at android.os.Handler.dispatchMessage(Handler.java:102)
03-23 17:07:29.156  6227  6583 W System.err: 	at android.os.Looper.loop(Looper.java:154)
03-23 17:07:29.156  6227  6583 W System.err: 	at android.os.HandlerThread.run(HandlerThread.java:61)
03-23 17:07:29.156  6227  6583 W System.err: Caused by: android.system.GaiException: android_getaddrinfo failed: EAI_NODATA (No address associated with hostname)
03-23 17:07:29.156  6227  6583 W System.err: 	at libcore.io.Posix.android_getaddrinfo(Native Method)
03-23 17:07:29.156  6227  6583 W System.err: 	at libcore.io.ForwardingOs.android_getaddrinfo(ForwardingOs.java:55)
03-23 17:07:29.156  6227  6583 W System.err: 	at java.net.Inet6AddressImpl.lookupHostByName(Inet6AddressImpl.java:106)
03-23 17:07:29.156  6227  6583 W System.err: 	... 19 more
03-23 17:07:29.208  3865  3961 E BatteryStatsService: no controller energy info supplied
03-23 17:07:29.219  3865  3961 E BatteryStatsService: no controller energy info supplied
03-23 17:07:29.762  6227  6227 W AlphaMe : Client handle binder died 
03-23 17:07:29.762  6227  6227 E AlphaMe : Can't find alphame_server
03-23 17:07:29.762  6227  6227 W AlphaMe : mRetryCount = 1
03-23 17:07:29.976  3865  3959 W WindowManager: Keyguard drawn timeout. Setting mKeyguardDrawComplete
03-23 17:07:30.264  6227  6227 W AlphaMe : Client handle binder died 
03-23 17:07:30.269  6227  6227 E AlphaMe : Can't find alphame_server
03-23 17:07:30.269  6227  6227 W AlphaMe : mRetryCount = 2
03-23 17:07:30.573  3865  3967 W ActivityManager: Unable to mark boot complete for abi: arm64-v8a (Failed to execute markbootcomplete [arm64]: -1)
03-23 17:07:30.574  3865  3967 W ActivityManager: Unable to mark boot complete for abi: armeabi-v7a (Failed to execute markbootcomplete [arm]: -1)
03-23 17:07:30.769  6227  6227 W AlphaMe : Client handle binder died 
03-23 17:07:30.770  6227  6227 E AlphaMe : Can't find alphame_server
03-23 17:07:30.771  6227  6227 W AlphaMe : mRetryCount = 3
03-23 17:07:31.002  6818  6818 E cutils-trace: Error opening trace file: Permission denied (13)
03-23 17:07:31.112  3865  3958 W TextServicesManagerService: no available spell checker services found
03-23 17:07:31.133  6827  6827 W System  : ClassLoader referenced unknown path: /system/priv-app/ExtServices/lib/arm64
03-23 17:07:31.136  3124  3124 W [Gralloc-Warning]: int gralloc_register_buffer(const gralloc_module_t*, buffer_handle_t):66 Registering handle 0x7fb745fce0 coming from the same process: 3124.
03-23 17:07:31.272  6227  6227 W AlphaMe : Client handle binder died 
03-23 17:07:31.273  6227  6227 E AlphaMe : Can't find alphame_server
03-23 17:07:31.273  6227  6227 W AlphaMe : mRetryCount = 4
03-23 17:07:31.304  6890  6890 W System  : ClassLoader referenced unknown path: /system/priv-app/DownloadProvider/lib/arm64
03-23 17:07:31.317  3865  3958 W BackupManagerService: Proposed transport ComponentInfo{android/com.android.internal.backup.LocalTransportService} not whitelisted; ignoring
03-23 17:07:31.444  6890  6890 W System  : ClassLoader referenced unknown path: /system/priv-app/MediaProvider/lib/arm64
03-23 17:07:31.478  3865  3958 W AppWidgetServiceImpl: No android.appwidget.provider meta-data for AppWidget provider 'ProviderId{user:0, app:10025, cmp:ComponentInfo{com.meizu.media.music/com.meizu.media.music.appwidget.MusicAppWidgetProvider_vice}}'
03-23 17:07:31.538  3865  3958 W AppWidgetServiceImpl: Failed to read state: java.io.FileNotFoundException: /data/system/users/0/appwidgets.xml (No such file or directory)
03-23 17:07:31.540  3865  3958 W VoiceInteractionManagerService: no available voice interaction services found for user 0
03-23 17:07:31.540  3865  3958 W VoiceInteractionManagerService: no available voice recognition services found for user 0
03-23 17:07:31.709  6943  6943 W System  : ClassLoader referenced unknown path: /system/priv-app/InCallUI/lib/arm64
03-23 17:07:31.731  6960  6960 W System  : ClassLoader referenced unknown path: /system/priv-app/ExperienceDataSync/lib/arm64
03-23 17:07:31.774  6227  6227 W AlphaMe : Client handle binder died 
03-23 17:07:31.784  6227  6227 E AlphaMe : Can't find alphame_server
03-23 17:07:31.784  6227  6227 W AlphaMe : mRetryCount = 5
03-23 17:07:31.860  7002  7002 W System  : ClassLoader referenced unknown path: /system/app/KeyChain/lib/arm64
03-23 17:07:32.018  3865  3967 W WindowManager: Window freeze timeout expired.
03-23 17:07:32.018  3865  3967 W WindowManager: Force clearing orientation change: Window{4309201 u0 NavigationBar}
03-23 17:07:32.018  3865  3967 W WindowManager: Force clearing orientation change: Window{30216cd u0 StatusBar}
03-23 17:07:32.185  3865  3865 E NotificationService: Not posting notification without small icon: Notification(pri=-2 contentView=com.flyme.systemuitools/0x109008b vibrate=null sound=null defaults=0x0 flags=0x10000062 color=0xff607d8b vis=PRIVATE)
03-23 17:07:32.185  3865  3865 E NotificationService: WARNING: In a future release this will crash the app: com.flyme.systemuitools
03-23 17:07:32.243  6227  6227 W MzInput_DecodingInfo: No Engine for Decoding
03-23 17:07:32.263  3155  3391 E logserver: process_one_event, can not find this event(system_app_strictmode@1521796052223.txt.gz)
03-23 17:07:32.284  6227  6227 W AlphaMe : Client handle binder died 
03-23 17:07:32.316  6930  6930 W Settings: Setting device_provisioned has moved from android.provider.Settings.Secure to android.provider.Settings.Global.
03-23 17:07:32.376  6951  7075 W ActivityThread: ClassLoader.getResourceAsStream: The class loader returned by Thread.getContextClassLoader() may fail for processes that host multiple applications. You should explicitly specify a context class loader. For example: Thread.setContextClassLoader(getClass().getClassLoader());
03-23 17:07:32.423  6909  6909 E cutils-trace: Error opening trace file: Permission denied (13)
03-23 17:07:32.438  3155  3391 E logserver: process_one_event, can not find this event(system_app_strictmode@1521796052438.txt.gz)
03-23 17:07:32.476  3155  3391 E logserver: process_one_event, can not find this event(system_app_strictmode@1521796052442.txt.gz)
03-23 17:07:32.627  6930  7116 E NfcAdaptation: NfcAdaptation::Initialize: ver=NFCDROID-AOSP_N_00.01 nfa=NFA_PI_1.03.66+
03-23 17:07:32.645  6890  6890 E SQLiteLog: (1) no such table: files
03-23 17:07:32.648  6930  7121 E NxpTml  : _i2c_open() Failed: retval ffffffff
03-23 17:07:32.648  6930  7121 E NxpHal  : phTmlNfc_Init Failed
03-23 17:07:32.670  6930  7116 E BrcmNfcJni: nfcManager_doInitialize: fail nfa enable; error=0x0
03-23 17:07:32.761  7130  7130 E cutils-trace: Error opening trace file: Permission denied (13)
03-23 17:07:33.045  3155  3391 E logserver: process_one_event, can not find this event(system_app_strictmode@1521796053045.txt.gz)
03-23 17:07:33.076  6890  6890 W System  : ClassLoader referenced unknown path: /system/app/DownloadProviderUi/lib/arm64
03-23 17:07:33.110  7130  7135 W dex2oat : Compilation of java.lang.String com.meizu.statsapp.v3.lib.plugin.emitter.EmitterMessageBuilder.parelOneEvent(com.meizu.statsapp.v3.lib.plugin.payload.TrackerPayload) took 225.933ms
03-23 17:07:33.236  3155  3391 E logserver: process_one_event, can not find this event(system_app_strictmode@1521796053235.txt.gz)
03-23 17:07:33.250  3138  3138 E Thermal-daemon: [charger_ic] temp_new :47  temp_old :46
03-23 17:07:33.250  3138  3138 E Thermal-daemon: Report temperature: [charger_ic] temp :47  report_threshold:1
03-23 17:07:33.250  3138  3138 E Thermal-daemon: [ap] temp_new :44  temp_old :43
03-23 17:07:33.250  3138  3138 E Thermal-daemon: Report temperature: [ap] temp :44  report_threshold:1
03-23 17:07:33.473  7182  7182 W System  : ClassLoader referenced unknown path: /system/app/LockScreenFramework/lib/arm64
03-23 17:07:33.672  6930  7116 W NfcService: Error enabling NFC
03-23 17:07:33.707  3865  6181 E flymed_connector: Communications error: java.io.IOException: No such file or directory
03-23 17:07:33.708  3865  6181 E flymed_connector: Error in NativeDaemonConnector: java.io.IOException: No such file or directory
03-23 17:07:33.709  3155  3391 E logserver: process_one_event, can not find this event(system_app_strictmode@1521796053708.txt.gz)
03-23 17:07:33.730  7244  7244 W System  : ClassLoader referenced unknown path: /system/app/LockScreenFramework/lib/arm64
03-23 17:07:33.772  6227  6731 W MzInput_MzInputService: Permission is not allowed, or network unavailable. Drop current check dict message.
03-23 17:07:33.804  3155  3391 E logserver: process_one_event, can not find this event(system_app_strictmode@1521796053803.txt.gz)
03-23 17:07:34.119  7277  7277 W System  : ClassLoader referenced unknown path: /system/app/ConnectivitySettings/lib/arm64
03-23 17:07:34.279  7303  7303 W System  : ClassLoader referenced unknown path: /system/app/WAPPushManager/lib/arm64
03-23 17:07:34.340  7229  7229 E cutils-trace: Error opening trace file: Permission denied (13)
03-23 17:07:34.364  7323  7323 W System  : ClassLoader referenced unknown path: /system/app/MzShare/lib/arm64
03-23 17:07:34.480  3155  3391 E logserver: process_one_event, can not find this event(system_app_strictmode@1521796054479.txt.gz)
03-23 17:07:34.540  6529  6529 W SystemConfig: No directory /system/etc/sysconfig, skipping
03-23 17:07:34.596  7323  7362 E MzShare-BluetoothOppHandoverReceiver: error: MZ_NFC_P2P_STATE_CHANGED is neither 0nor 1
03-23 17:07:34.700  6951  7209 W System.err: 	at java.net.Inet6AddressImpl.lookupHostByName(Inet6AddressImpl.java:125)
03-23 17:07:34.700  6951  7209 W System.err: 	at java.net.Inet6AddressImpl.lookupAllHostAddr(Inet6AddressImpl.java:74)
03-23 17:07:34.700  6951  7209 W System.err: 	at java.net.InetAddress.getAllByName(InetAddress.java:752)
03-23 17:07:34.700  6951  7209 W System.err: 	at com.android.okhttp.internal.Network$1.resolveInetAddresses(Network.java:29)
03-23 17:07:34.700  6951  7209 W System.err: 	at com.android.okhttp.internal.http.RouteSelector.resetNextInetSocketAddress(RouteSelector.java:187)
03-23 17:07:34.700  6951  7209 W System.err: 	at com.android.okhttp.internal.http.RouteSelector.nextProxy(RouteSelector.java:156)
03-23 17:07:34.700  6951  7209 W System.err: 	at com.android.okhttp.internal.http.RouteSelector.next(RouteSelector.java:98)
03-23 17:07:34.700  6951  7209 W System.err: 	at com.android.okhttp.internal.http.HttpEngine.createNextConnection(HttpEngine.java:346)
03-23 17:07:34.700  6951  7209 W System.err: 	at com.android.okhttp.internal.http.HttpEngine.connect(HttpEngine.java:329)
03-23 17:07:34.700  6951  7209 W System.err: 	at com.android.okhttp.internal.http.HttpEngine.sendRequest(HttpEngine.java:247)
03-23 17:07:34.700  6951  7209 W System.err: 	at com.android.okhttp.internal.huc.HttpURLConnectionImpl.execute(HttpURLConnectionImpl.java:457)
03-23 17:07:34.700  6951  7209 W System.err: 	at com.android.okhttp.internal.huc.HttpURLConnectionImpl.getResponse(HttpURLConnectionImpl.java:405)
03-23 17:07:34.700  6951  7209 W System.err: 	at com.android.okhttp.internal.huc.HttpURLConnectionImpl.getResponseCode(HttpURLConnectionImpl.java:521)
03-23 17:07:34.700  6951  7209 W System.err: 	at com.meizu.statsapp.v3.lib.plugin.net.NetRequester.postStringpartNoGslb(NetRequester.java:142)
03-23 17:07:34.700  6951  7209 W System.err: 	at com.meizu.statsapp.v3.lib.plugin.sdk.ConfigController.getConfigFromServer(ConfigController.java:234)
03-23 17:07:34.700  6951  7209 W System.err: 	at com.meizu.statsapp.v3.lib.plugin.sdk.ConfigController.access$200(ConfigController.java:46)
03-23 17:07:34.700  6951  7209 W System.err: 	at com.meizu.statsapp.v3.lib.plugin.sdk.ConfigController$1.handleMessage(ConfigController.java:115)
03-23 17:07:34.700  6951  7209 W System.err: 	at android.os.Handler.dispatchMessage(Handler.java:102)
03-23 17:07:34.700  6951  7209 W System.err: 	at android.os.Looper.loop(Looper.java:154)
03-23 17:07:34.700  6951  7209 W System.err: 	at android.os.HandlerThread.run(HandlerThread.java:61)
03-23 17:07:34.700  6951  7209 W System.err: Caused by: android.system.GaiException: android_getaddrinfo failed: EAI_NODATA (No address associated with hostname)
03-23 17:07:34.700  6951  7209 W System.err: 	at libcore.io.Posix.android_getaddrinfo(Native Method)
03-23 17:07:34.701  6951  7209 W System.err: 	at libcore.io.ForwardingOs.android_getaddrinfo(ForwardingOs.java:55)
03-23 17:07:34.701  6951  7209 W System.err: 	at java.net.Inet6AddressImpl.lookupHostByName(Inet6AddressImpl.java:106)
03-23 17:07:34.701  6951  7209 W System.err: 	... 19 more
03-23 17:07:34.714  7375  7375 W System  : ClassLoader referenced unknown path: /system/priv-app/ContactsProvider/lib/arm64
03-23 17:07:34.778  7371  7371 E cutils-trace: Error opening trace file: Permission denied (13)
03-23 17:07:34.849  6529  6529 E ActivityThread: Failed to find provider info for com.meizu.cloud
03-23 17:07:34.851  7323  7413 E MzShare-BluetoothOppHandoverReceiver: error: MZ_NFC_P2P_STATE_CHANGED is neither 0nor 1
03-23 17:07:34.881  7375  7375 W System  : ClassLoader referenced unknown path: /system/priv-app/BlockedNumberProvider/lib/arm64
03-23 17:07:34.882  6529  6529 E ActivityThread: Failed to find provider info for com.meizu.cloud
03-23 17:07:34.884  6529  6529 E ActivityThread: Failed to find provider info for com.meizu.cloud
03-23 17:07:34.914  7375  7375 W System  : ClassLoader referenced unknown path: /system/app/UserDictionaryProvider/lib/arm64
03-23 17:07:34.964  7414  7414 W System  : ClassLoader referenced unknown path: /system/priv-app/ManagedProvisioning/lib/arm64
03-23 17:07:35.323  7371  7436 W dex2oat : Compilation of void com.meizu.statsapp.v3.lib.plugin.emitter.EmitterConfig$1.<init>() took 101.433ms
03-23 17:07:35.334  7371  7431 W dex2oat : Compilation of void com.meizu.statsapp.v3.lib.plugin.emitter.EmitterConfig.writeToParcel(android.os.Parcel, int) took 102.870ms
03-23 17:07:35.393  7371  7430 W dex2oat : Compilation of void com.meizu.statsapp.v3.lib.plugin.emitter.local.LocalEmitter.add(com.meizu.statsapp.v3.lib.plugin.payload.TrackerPayload) took 112.603ms
03-23 17:07:35.452  7371  7371 W dex2oat : Compilation of com.meizu.statsapp.v3.lib.plugin.emitter.EventBean com.meizu.statsapp.v3.lib.plugin.emitter.EventBean.fromPayload(int, com.meizu.statsapp.v3.lib.plugin.payload.TrackerPayload) took 201.542ms
03-23 17:07:35.456  3155  3391 E logserver: process_one_event, can not find this event(system_app_strictmode@1521796055456.txt.gz)
03-23 17:07:35.560  7371  7371 W dex2oat : Compilation of com.meizu.statsapp.v3.lib.plugin.payload.TrackerPayload com.meizu.statsapp.v3.lib.plugin.emitter.EventBean.toPayload(com.meizu.statsapp.v3.lib.plugin.emitter.EventBean) took 107.995ms
03-23 17:07:35.613  7371  7433 W dex2oat : Compilation of void com.meizu.statsapp.v3.lib.plugin.emitter.remote.RemoteEmitter.sendUpdateConfigToRemote() took 101.914ms
03-23 17:07:35.682  7371  7431 W dex2oat : Compilation of void com.meizu.statsapp.v3.lib.plugin.emitter.local.UmidFetcher.getUmidFromServer() took 246.974ms
03-23 17:07:35.838  7371  7431 W dex2oat : Compilation of com.meizu.statsapp.v3.lib.plugin.net.NetResponse com.meizu.statsapp.v3.lib.plugin.net.NetRequester.realGetStringpart(java.net.URL, javax.net.ssl.SSLSocketFactory, com.meizu.statsapp.v3.lib.plugin.net.NetRequester$XHostnameVerifier, java.util.Map, java.lang.String) took 148.168ms
03-23 17:07:35.895  7371  7371 W dex2oat : Compilation of com.meizu.statsapp.v3.lib.plugin.net.NetResponse com.meizu.statsapp.v3.lib.plugin.net.HttpSecureRequester.realGetStringpart(java.net.URL, java.lang.String, java.util.Map, java.lang.String) took 128.098ms
03-23 17:07:35.910  7458  7458 W System  : ClassLoader referenced unknown path: /system/priv-app/Dialer/lib/arm
03-23 17:07:35.915  7371  7430 W dex2oat : Compilation of void com.meizu.statsapp.v3.lib.plugin.net.multipart.FilePartSource.<init>(java.lang.String, java.io.File) took 104.298ms
03-23 17:07:35.921  7371  7434 W dex2oat : Compilation of void com.meizu.statsapp.v3.lib.plugin.page.PageController.onceUse() took 100.140ms
03-23 17:07:35.993  7371  7436 W dex2oat : Compilation of void com.meizu.statsapp.v3.lib.plugin.emitter.local.LocalEmitterWorker.sendDataBatch(com.meizu.statsapp.v3.lib.plugin.emitter.EmittableEvents) took 283.088ms
03-23 17:07:36.033  7371  7431 W dex2oat : Compilation of com.meizu.statsapp.v3.lib.plugin.net.NetResponse com.meizu.statsapp.v3.lib.plugin.net.NetRequester.realMultipartRequest(java.net.URL, javax.net.ssl.SSLSocketFactory, com.meizu.statsapp.v3.lib.plugin.net.NetRequester$XHostnameVerifier, java.util.Map, byte[]) took 195.091ms
03-23 17:07:36.042  7371  7434 W dex2oat : Compilation of void com.meizu.statsapp.v3.lib.plugin.page.PageController.startPage(java.lang.String) took 119.971ms
03-23 17:07:36.052  7371  7433 W dex2oat : Compilation of void com.meizu.statsapp.v3.lib.plugin.receiver.EnvironmentReceiver.<init>(android.content.Context) took 110.581ms
03-23 17:07:36.093  7451  7451 E cutils-trace: Error opening trace file: Permission denied (13)
03-23 17:07:36.099  7371  7437 W dex2oat : Compilation of void com.meizu.statsapp.v3.lib.plugin.sdk.ConfigController.<init>(android.content.Context, java.lang.String) took 103.741ms
03-23 17:07:36.153  7371  7430 W dex2oat : Compilation of void com.meizu.statsapp.v3.lib.plugin.sdk.Executor.sendMessage(android.os.Message) took 111.700ms
03-23 17:07:36.163  7371  7434 W dex2oat : Compilation of void com.meizu.statsapp.v3.lib.plugin.sdk.SDKInstanceImpl$1.run() took 111.042ms
03-23 17:07:36.178  7371  7436 W dex2oat : Compilation of void com.meizu.statsapp.v3.lib.plugin.emitter.local.LocalEmitterWorker.sendDataRealtime(long, com.meizu.statsapp.v3.lib.plugin.payload.TrackerPayload) took 184.980ms
03-23 17:07:36.189  3155  3391 E logserver: process_one_event, can not find this event(system_app_strictmode@1521796056188.txt.gz)
03-23 17:07:36.201  7371  7371 W dex2oat : Compilation of com.meizu.statsapp.v3.lib.plugin.net.NetResponse com.meizu.statsapp.v3.lib.plugin.net.HttpSecureRequester.realMultipartRequest(java.net.URL, java.lang.String, java.util.Map, byte[]) took 305.612ms
03-23 17:07:36.203  7371  7435 W dex2oat : Compilation of java.lang.String com.meizu.statsapp.v3.lib.plugin.emitter.EmitterMessageBuilder.parelOneEvent(com.meizu.statsapp.v3.lib.plugin.payload.TrackerPayload) took 938.505ms
03-23 17:07:36.232  7371  7431 W dex2oat : Compilation of com.meizu.statsapp.v3.lib.plugin.net.NetResponse com.meizu.statsapp.v3.lib.plugin.net.NetRequester.postMultipart(java.lang.String, java.util.Map, byte[]) took 198.725ms
03-23 17:07:36.273  7371  7437 W dex2oat : Compilation of java.lang.String com.meizu.statsapp.v3.lib.plugin.sdk.ConfigController.buildUri(android.content.Context, java.util.Map) took 171.312ms
03-23 17:07:36.306  7371  7433 W dex2oat : Compilation of void com.meizu.statsapp.v3.lib.plugin.sdk.SDKInstanceImpl.<init>(android.content.Context, int, java.lang.String, java.lang.String, java.lang.String) took 160.050ms
03-23 17:07:36.374  7371  7371 W dex2oat : Compilation of com.meizu.statsapp.v3.lib.plugin.net.NetResponse com.meizu.statsapp.v3.lib.plugin.net.HttpSecureRequester.postMultipart(java.lang.String, java.util.Map, byte[]) took 172.682ms
03-23 17:07:36.416  7371  7431 W dex2oat : Compilation of void com.meizu.statsapp.v3.lib.plugin.session.SessionController$3.run() took 115.068ms
03-23 17:07:36.454  7371  7437 W dex2oat : Compilation of boolean com.meizu.statsapp.v3.lib.plugin.sdk.ConfigController.getConfigFromServer() took 181.277ms
03-23 17:07:36.472  7371  7430 W dex2oat : Compilation of java.lang.String com.meizu.statsapp.v3.lib.plugin.secure.SimpleCryptoAES.encrypt(java.lang.String, java.lang.String, int) took 121.195ms
03-23 17:07:36.505  7371  7434 W dex2oat : Compilation of void com.meizu.statsapp.v3.lib.plugin.secure.HttpKeyMgr.initCert(android.content.Context) took 137.245ms
03-23 17:07:36.535  7371  7433 W dex2oat : Compilation of void com.meizu.statsapp.v3.lib.plugin.sdk.SDKInstanceImpl.onEventRealtime(java.lang.String, java.lang.String, java.util.Map) took 103.675ms
03-23 17:07:36.543  7371  7371 W dex2oat : Compilation of com.meizu.statsapp.v3.lib.plugin.net.NetResponse com.meizu.statsapp.v3.lib.plugin.net.HttpSecureRequester.postStringpart(java.lang.String, java.util.Map, java.lang.String) took 163.075ms
03-23 17:07:36.675  7371  7435 W dex2oat : Compilation of void com.meizu.statsapp.v3.lib.plugin.tracker.subject.DeviceInfo.<init>(com.meizu.statsapp.v3.lib.plugin.tracker.subject.DeviceInfo$DeviceInfoBuilder) took 104.286ms
03-23 17:07:36.684  6890  6902 W art     : Suspending all threads took: 402.339ms
03-23 17:07:36.718  7371  7434 W dex2oat : Compilation of void com.meizu.statsapp.v3.lib.plugin.secure.HttpKeyMgr.loadAvailableCert(java.io.InputStream) took 212.814ms
03-23 17:07:36.752  7371  7436 W dex2oat : Compilation of boolean com.meizu.statsapp.v3.lib.plugin.toolsfortablet.DeviceUtils.isChinaMobile() took 150.965ms
03-23 17:07:36.786  7371  7431 W dex2oat : Compilation of boolean com.meizu.statsapp.v3.lib.plugin.utils.FailureRestrict.check(java.lang.String) took 150.319ms
03-23 17:07:36.815  7371  7371 W dex2oat : Compilation of java.lang.String com.meizu.statsapp.v3.lib.plugin.utils.FlymeUtils.executeCmd(java.lang.String) took 147.076ms
03-23 17:07:36.834  7371  7434 W dex2oat : Compilation of void com.meizu.statsapp.v3.lib.plugin.secure.HttpKeyMgr.loadAvailableCertWithoutVerify(java.io.InputStream) took 115.253ms
03-23 17:07:36.849  7371  7433 W dex2oat : Compilation of boolean com.meizu.statsapp.v3.lib.plugin.utils.InvokerRestrict.check() took 144.040ms
03-23 17:07:36.869  7371  7436 W dex2oat : Compilation of boolean com.meizu.statsapp.v3.lib.plugin.toolsfortablet.DeviceUtils.isTablet(android.content.Context) took 109.627ms
03-23 17:07:36.962  7371  7434 W dex2oat : Compilation of void com.meizu.statsapp.v3.lib.plugin.secure.HttpKeyMgr.loadKeys() took 128.094ms
03-23 17:07:37.025  7371  7435 W dex2oat : Compilation of void com.meizu.statsapp.v3.lib.plugin.vccoffline.RemoteServiceStub.emitterAddEvent(java.lang.String, long, com.meizu.statsapp.v3.lib.plugin.payload.TrackerPayload) took 103.670ms
03-23 17:07:37.065  7371  7436 W dex2oat : Compilation of java.lang.String com.meizu.statsapp.v3.lib.plugin.vccoffline.RemoteEmitterWorker.buildUri(java.lang.String, byte[]) took 183.655ms
03-23 17:07:37.080  7371  7433 W dex2oat : Compilation of void com.meizu.statsapp.v3.lib.plugin.vccoffline.storage.EventStore.<init>(android.content.Context) took 104.143ms
03-23 17:07:37.087  7371  7371 W dex2oat : Compilation of java.lang.String[] com.meizu.statsapp.v3.lib.plugin.utils.FlymeUtils.getImsi(android.content.Context) took 147.308ms
03-23 17:07:37.142  7371  7434 W dex2oat : Compilation of boolean com.meizu.statsapp.v3.lib.plugin.secure.HttpKeyMgr.verify(java.security.cert.X509Certificate) took 176.262ms
03-23 17:07:37.155  7371  7437 W dex2oat : Compilation of void com.meizu.statsapp.v3.lib.plugin.utils.Util.copyDir(java.io.File, java.io.File) took 353.902ms
03-23 17:07:37.182  7371  7430 W dex2oat : Compilation of boolean com.meizu.statsapp.v3.lib.plugin.vccoffline.RemoteServiceRequester.internalUpdateConfig(java.lang.String, com.meizu.statsapp.v3.lib.plugin.emitter.EmitterConfig) took 121.849ms
03-23 17:07:37.207  3155  3391 E logserver: process_one_event, can not find this event(system_app_strictmode@1521796057206.txt.gz)
03-23 17:07:37.240  7371  7436 W dex2oat : Compilation of void com.meizu.statsapp.v3.lib.plugin.vccoffline.RemoteEmitterWorker.enqueueEventsInternal(java.lang.String, long, com.meizu.statsapp.v3.lib.plugin.payload.TrackerPayload) took 122.519ms
03-23 17:07:37.276  3124  3124 W [Gralloc-Warning]: int gralloc_register_buffer(const gralloc_module_t*, buffer_handle_t):66 Registering handle 0x7fb745ff80 coming from the same process: 3124.
03-23 17:07:37.312  7371  7434 W dex2oat : Compilation of void com.meizu.statsapp.v3.lib.plugin.secure.HttpKeyMgr.saveSKey(java.lang.String) took 117.475ms
03-23 17:07:37.316  7371  7371 W dex2oat : Compilation of java.lang.String com.meizu.statsapp.v3.lib.plugin.utils.FlymeUtils.getOperator(android.content.Context) took 135.155ms
03-23 17:07:37.342  7371  7433 W dex2oat : Compilation of void com.meizu.statsapp.v3.lib.plugin.vccoffline.storage.EventStore.clearOldEventsIfNecessary(java.lang.String) took 151.676ms
03-23 17:07:37.429  3155  3391 E logserver: process_one_event, can not find this event(system_app_strictmode@1521796057428.txt)
03-23 17:07:37.454  7371  7436 W dex2oat : Compilation of com.meizu.statsapp.v3.lib.plugin.vccoffline.RemoteEmitterWorker$FlushTimer com.meizu.statsapp.v3.lib.plugin.vccoffline.RemoteEmitterWorker.getTimer(java.lang.String) took 122.987ms
03-23 17:07:37.482  7371  7437 W dex2oat : Compilation of boolean com.meizu.statsapp.v3.lib.plugin.utils.Util.gZipFile(java.io.File, java.io.File) took 317.200ms
03-23 17:07:37.572  3155  3391 E logserver: process_one_event, can not find this event(system_app_strictmode@1521796057571.txt.gz)
03-23 17:07:37.672  7371  7437 W dex2oat : Compilation of byte[] com.meizu.statsapp.v3.lib.plugin.utils.Util.getFileMd5(java.io.File) took 180.545ms
03-23 17:07:37.708  7371  7436 W dex2oat : Compilation of void com.meizu.statsapp.v3.lib.plugin.vccoffline.RemoteEmitterWorker.sendDataBatch(java.lang.String, com.meizu.statsapp.v3.lib.plugin.emitter.EmittableEvents) took 196.034ms
03-23 17:07:37.797  3155  3391 E logserver: process_one_event, can not find this event(system_app_strictmode@1521796057796.txt.gz)
03-23 17:07:37.833  6227  6227 W MzInput_DecodingInfo: No Engine for Decoding
03-23 17:07:37.858  7533  7533 W System  : ClassLoader referenced unknown path: /system/app/MzSimContacts/lib/arm64
03-23 17:07:37.930  7371  7437 W dex2oat : Compilation of boolean com.meizu.statsapp.v3.lib.plugin.utils.Util.zipDir(java.io.File, java.io.File) took 141.343ms
03-23 17:07:38.125  3155  3391 E logserver: process_one_event, can not find this event(system_app_strictmode@1521796058124.txt.gz)
03-23 17:07:38.250  3138  3138 E Thermal-daemon: [ap] temp_new :45  temp_old :44
03-23 17:07:38.250  3138  3138 E Thermal-daemon: Report temperature: [ap] temp :45  report_threshold:1
03-23 17:07:38.285  3155  3391 E logserver: process_one_event, can not find this event(system_app_strictmode@1521796058285.txt.gz)
03-23 17:07:38.406  7590  7590 W System  : ClassLoader referenced unknown path: /system/priv-app/NetContactService/lib/arm
03-23 17:07:38.441  3155  3391 E logserver: process_one_event, can not find this event(system_app_strictmode@1521796058441.txt.gz)
03-23 17:07:38.475  7608  7608 W System  : ClassLoader referenced unknown path: /system/priv-app/CellBroadcastReceiver/lib/arm64
03-23 17:07:38.687  6529  6529 E CarrierConfigLoader: java.io.FileNotFoundException: /data/user_de/0/com.android.phone/files/carrierconfig-com.android.carrierconfig-89860040191654799633.xml (No such file or directory)
03-23 17:07:38.698  3155  3391 E logserver: process_one_event, can not find this event(system_app_strictmode@1521796058698.txt.gz)
03-23 17:07:38.709  3865  6181 E flymed_connector: Communications error: java.io.IOException: No such file or directory
03-23 17:07:38.711  3865  6181 E flymed_connector: Error in NativeDaemonConnector: java.io.IOException: No such file or directory
03-23 17:07:38.762  7648  7648 W System  : ClassLoader referenced unknown path: /system/priv-app/CarrierConfig/lib/arm64
03-23 17:07:39.013  6890  6902 W art     : Suspending all threads took: 91.090ms
03-23 17:07:39.146  7681  7681 E cutils-trace: Error opening trace file: Permission denied (13)
03-23 17:07:39.147  3155  3391 E logserver: process_one_event, can not find this event(system_app_strictmode@1521796059147.txt.gz)
03-23 17:07:39.435  3155  3391 E logserver: process_one_event, can not find this event(system_app_strictmode@1521796059434.txt.gz)
03-23 17:07:39.449  7695  7695 W System  : ClassLoader referenced unknown path: /system/priv-app/LogReport/lib/arm64
03-23 17:07:39.544  3155  3155 E logserver: read_device_id, fopen failed! errno: No such file or directory
03-23 17:07:39.545  3155  3155 E logserver: check_bootuplog_by_path opendir /storage/sdcard0//nff_log failed
03-23 17:07:39.545  3155  3155 E logserver: check_bootuplog_by_path opendir /storage/sdcard1//nff_log failed
03-23 17:07:39.693  7681  7691 W dex2oat : Compilation of void com.meizu.statsapp.v3.lib.plugin.emitter.EmittableEvents.<init>(android.os.Parcel) took 111.764ms
03-23 17:07:39.745  7681  7690 W dex2oat : Compilation of java.lang.String com.meizu.statsapp.v3.lib.plugin.emitter.local.LocalEmitterWorker.buildUri(java.lang.String, byte[]) took 103.479ms
03-23 17:07:39.793  7681  7681 W dex2oat : Compilation of void com.meizu.statsapp.v3.lib.plugin.IVccOfflineStatsInterface$Stub$Proxy.emitterAddEvent(java.lang.String, long, com.meizu.statsapp.v3.lib.plugin.payload.TrackerPayload) took 221.988ms
03-23 17:07:39.815  7681  7693 W dex2oat : Compilation of void com.meizu.statsapp.v3.lib.plugin.emitter.local.UmidFetcher.getUmidFromServer() took 143.775ms
03-23 17:07:39.832  7681  7692 W dex2oat : Compilation of void com.meizu.statsapp.v3.lib.plugin.emitter.remote.RemoteEmitter$1.handleMessage(android.os.Message) took 141.595ms
03-23 17:07:39.980  7681  7691 W dex2oat : Compilation of com.meizu.statsapp.v3.lib.plugin.net.NetResponse com.meizu.statsapp.v3.lib.plugin.net.NetRequester.postStringpartNoGslb(java.lang.String, java.util.Map, java.lang.String) took 115.735ms
03-23 17:07:39.982  7681  7689 W dex2oat : Compilation of void com.meizu.statsapp.v3.lib.plugin.emitter.local.storage.LocalEventStore.updateLastResetTime(long) took 151.661ms
03-23 17:07:40.002  7681  7692 W dex2oat : Compilation of void com.meizu.statsapp.v3.lib.plugin.net.multipart.Part.sendEnd(java.io.OutputStream) took 110.393ms
03-23 17:07:40.012  7681  7693 W dex2oat : Compilation of void com.meizu.statsapp.v3.lib.plugin.net.multipart.FilePart.<init>(java.lang.String, com.meizu.statsapp.v3.lib.plugin.net.multipart.PartSource) took 100.802ms
03-23 17:07:40.051  7681  7691 W dex2oat : Compilation of void com.meizu.statsapp.v3.lib.plugin.tracker.subject.DeviceInfo.<init>(com.meizu.statsapp.v3.lib.plugin.tracker.subject.DeviceInfo$DeviceInfoBuilder) took 116.004ms
03-23 17:07:40.068  7681  7688 W dex2oat : Compilation of boolean com.meizu.statsapp.v3.lib.plugin.toolsfortablet.DeviceUtils.isCta() took 111.413ms
03-23 17:07:40.103  7681  7694 W dex2oat : Compilation of com.meizu.statsapp.v3.lib.plugin.net.NetResponse com.meizu.statsapp.v3.lib.plugin.net.HttpSecureRequester.postStringpart(java.lang.String, java.util.Map, java.lang.String) took 155.270ms
03-23 17:07:40.104  7681  7690 W dex2oat : Compilation of void com.meizu.statsapp.v3.lib.plugin.emitter.local.LocalEmitterWorker.sendDataBatch(com.meizu.statsapp.v3.lib.plugin.emitter.EmittableEvents) took 205.801ms
03-23 17:07:40.122  7681  7692 W dex2oat : Compilation of void com.meizu.statsapp.v3.lib.plugin.sdk.ConfigController$Receiver.<init>(com.meizu.statsapp.v3.lib.plugin.sdk.ConfigController, com.meizu.statsapp.v3.lib.plugin.sdk.ConfigController$1) took 110.609ms
03-23 17:07:40.130  7748  7748 W System  : ClassLoader referenced unknown path: /system/priv-app/CalendarProvider/lib/arm64
03-23 17:07:40.134  7681  7681 W dex2oat : Compilation of void com.meizu.statsapp.v3.lib.plugin.sdk.Executor$MessageHandler.handleMessage(android.os.Message) took 103.765ms
03-23 17:07:40.143  7681  7694 W dex2oat : Compilation of com.meizu.statsapp.v3.lib.plugin.net.NetResponse com.meizu.statsapp.v3.lib.plugin.net.HttpSecureRequester.realGetStringpart(java.net.URL, java.lang.String, java.util.Map, java.lang.String) took 203.819ms
03-23 17:07:40.159  7681  7691 W dex2oat : Compilation of void com.meizu.statsapp.v3.lib.plugin.sdk.SDKInstanceImpl$4.run() took 107.840ms
03-23 17:07:40.185  7681  7688 W dex2oat : Compilation of java.lang.String com.meizu.statsapp.v3.lib.plugin.emitter.EmitterMessageBuilder.parelOneEvent(com.meizu.statsapp.v3.lib.plugin.payload.TrackerPayload) took 590.734ms
03-23 17:07:40.216  7681  7689 W dex2oat : Compilation of void com.meizu.statsapp.v3.lib.plugin.sdk.SDKInstanceImpl.<init>(android.content.Context, int, java.lang.String, java.lang.String, java.lang.String) took 136.013ms
03-23 17:07:40.217  7681  7693 W dex2oat : Compilation of boolean com.meizu.statsapp.v3.lib.plugin.utils.FailureRestrict.check(java.lang.String) took 154.643ms
03-23 17:07:40.217  7375  7387 W art     : Suspending all threads took: 95.274ms
03-23 17:07:40.230  7681  7689 W dex2oat : Compilation of void com.meizu.statsapp.v3.lib.plugin.sdk.SDKInstanceImpl.removeSubjectProperty(java.lang.String) took 103.374ms
03-23 17:07:40.282  7681  7690 W dex2oat : Compilation of java.lang.String com.meizu.statsapp.v3.lib.plugin.utils.FlymeUtils.executeCmd(java.lang.String) took 135.393ms
03-23 17:07:40.299  7681  7692 W dex2oat : Compilation of void com.meizu.statsapp.v3.lib.plugin.secure.HttpKeyMgr.loadAvailableCert(java.io.InputStream) took 285.777ms
03-23 17:07:40.299  7681  7693 W dex2oat : Compilation of boolean com.meizu.statsapp.v3.lib.plugin.sdk.ConfigController.getConfigFromServer() took 178.155ms
03-23 17:07:40.310  7681  7681 W dex2oat : Compilation of boolean com.meizu.statsapp.v3.lib.plugin.utils.PermissionUtils.checkInternetPermission(android.content.Context) took 142.438ms
03-23 17:07:40.352  7681  7691 W dex2oat : Compilation of com.meizu.statsapp.v3.lib.plugin.tracker.Tracker com.meizu.statsapp.v3.lib.plugin.session.SessionController.access$500(com.meizu.statsapp.v3.lib.plugin.session.SessionController) took 120.395ms
03-23 17:07:40.384  7681  7690 W dex2oat : Compilation of java.lang.Object com.meizu.statsapp.v3.lib.plugin.toolsfortablet.reflect.ReflectHelper.invoke(java.lang.Class, java.lang.Object, java.lang.String, java.lang.Object[]) took 102.320ms
03-23 17:07:40.385  7681  7694 W dex2oat : Compilation of boolean com.meizu.statsapp.v3.lib.plugin.utils.InvokerRestrict.check() took 278.575ms
03-23 17:07:40.395  7681  7690 W dex2oat : Compilation of long com.meizu.statsapp.v3.lib.plugin.utils.FlymeUtils.getAppCpuTime() took 111.835ms
03-23 17:07:40.401  7729  7729 W System  : ClassLoader referenced unknown path: /system/priv-app/NetContactService/lib/arm
03-23 17:07:40.407  7681  7692 W dex2oat : Compilation of void com.meizu.statsapp.v3.lib.plugin.secure.HttpKeyMgr.loadAvailableCertWithoutVerify(java.io.InputStream) took 108.012ms
03-23 17:07:40.416  7681  7694 W dex2oat : Compilation of com.meizu.statsapp.v3.lib.plugin.net.NetResponse com.meizu.statsapp.v3.lib.plugin.net.HttpSecureRequester.postMultipart(java.lang.String, java.util.Map, byte[]) took 103.980ms
03-23 17:07:40.423  7681  7689 W dex2oat : Compilation of void com.meizu.statsapp.v3.lib.plugin.sdk.SDKInstanceImpl.onEvent(java.lang.String, java.lang.String, java.util.Map) took 151.558ms
03-23 17:07:40.440  7681  7693 W dex2oat : Compilation of java.lang.String com.meizu.statsapp.v3.lib.plugin.utils.Preconditions.badElementIndex(int, int, java.lang.String) took 222.715ms
03-23 17:07:40.472  7681  7688 W dex2oat : Compilation of boolean com.meizu.statsapp.v3.lib.plugin.toolsfortablet.DeviceUtils.isAliRom() took 132.515ms
03-23 17:07:40.480  7681  7688 W dex2oat : Compilation of java.lang.String com.meizu.statsapp.v3.lib.plugin.utils.NetRequestUtil.sign(java.lang.String, java.lang.String, java.util.Map, java.util.Map) took 321.508ms
03-23 17:07:40.501  7681  7690 W dex2oat : Compilation of java.lang.String com.meizu.statsapp.v3.lib.plugin.utils.FlymeUtils.getCountry(android.content.Context) took 102.285ms
03-23 17:07:40.506  7681  7693 W dex2oat : Compilation of com.meizu.statsapp.v3.lib.plugin.tracker.LocationFetcher$LongitudeLatitude com.meizu.statsapp.v3.lib.plugin.tracker.LocationFetcher.getLongitudeLatitude() took 125.097ms
03-23 17:07:40.520  7681  7681 W dex2oat : Compilation of void com.meizu.statsapp.v3.lib.plugin.vccoffline.RemoteEmitterWorker.beforeFlush(java.lang.String) took 102.896ms
03-23 17:07:40.524  3119  3180 E         : env CUST_POLICY_DIRS not set, use default: /system/emui:/system/global:/system/etc:/hw_oem:/data/cust:/cust_spec:/data/cota
03-23 17:07:40.527  3155  3391 E logserver: process_one_event, can not find this event(system_app_strictmode@1521796060504.txt.gz)
03-23 17:07:40.535  7681  7692 W dex2oat : Compilation of void com.meizu.statsapp.v3.lib.plugin.secure.HttpKeyMgr.initCert(android.content.Context) took 130.900ms
03-23 17:07:40.543  7681  7689 W dex2oat : Compilation of void com.meizu.statsapp.v3.lib.plugin.sdk.SDKInstanceImpl.onLog(java.lang.String, java.util.Map) took 111.955ms
03-23 17:07:40.547  7681  7691 W dex2oat : Compilation of void com.meizu.statsapp.v3.lib.plugin.vccoffline.RemoteServiceRequester$ServiceConn.onServiceConnected(android.content.ComponentName, android.os.IBinder) took 108.262ms
03-23 17:07:40.550  7681  7693 W dex2oat : Compilation of void com.meizu.statsapp.v3.lib.plugin.utils.Preconditions.checkState(boolean, java.lang.Object) took 100.780ms
03-23 17:07:40.561  7681  7689 W dex2oat : Compilation of void com.meizu.statsapp.v3.lib.plugin.utils.Util.copyDir(java.io.File, java.io.File) took 322.429ms
03-23 17:07:40.600  7681  7694 W dex2oat : Compilation of java.lang.String com.meizu.statsapp.v3.lib.plugin.vccoffline.RemoteServiceStub.emitterGetUmid(java.lang.String) took 101.904ms
03-23 17:07:40.617  7681  7692 W dex2oat : Compilation of boolean com.meizu.statsapp.v3.lib.plugin.secure.HttpKeyMgr.verify(java.security.cert.X509Certificate) took 138.920ms
03-23 17:07:40.621  7681  7690 W dex2oat : Compilation of java.lang.String[] com.meizu.statsapp.v3.lib.plugin.utils.FlymeUtils.getImsi(android.content.Context) took 115.575ms
03-23 17:07:40.632  7681  7688 W dex2oat : Compilation of boolean com.meizu.statsapp.v3.lib.plugin.vccoffline.RemoteServiceRequester.internalInit(java.lang.String, com.meizu.statsapp.v3.lib.plugin.emitter.EmitterConfig) took 113.635ms
03-23 17:07:40.641  7681  7681 W dex2oat : Compilation of void com.meizu.statsapp.v3.lib.plugin.vccoffline.RemoteEmitterWorker.enqueueBulkEventsInternal(java.lang.String, java.util.List, java.util.List) took 114.675ms
03-23 17:07:40.660  7681  7693 W dex2oat : Compilation of void com.meizu.statsapp.v3.lib.plugin.vccoffline.storage.EventStore.open() took 100.972ms
03-23 17:07:40.710  7681  7694 W dex2oat : Compilation of com.meizu.statsapp.v3.lib.plugin.vccoffline.storage.EventStoreHelper com.meizu.statsapp.v3.lib.plugin.vccoffline.storage.EventStoreHelper.getInstance(android.content.Context) took 101.518ms
03-23 17:07:40.725  3155  3391 E logserver: process_one_event, can not find this event(system_app_strictmode@1521796060724.txt.gz)
03-23 17:07:40.786  6227  6731 W MzInput_MzInputService: Permission is not allowed, or network unavailable. Drop current check dict message.
03-23 17:07:40.790  7681  7693 W dex2oat : Compilation of boolean com.meizu.statsapp.v3.lib.plugin.vccoffline.storage.EventStore.bulkInsertEvent(java.lang.String, java.util.List, java.util.List) took 125.805ms
03-23 17:07:40.913  7681  7689 W dex2oat : Compilation of boolean com.meizu.statsapp.v3.lib.plugin.utils.Util.gZipFile(java.io.File, java.io.File) took 345.860ms
03-23 17:07:40.959  7505  7581 W art     : Long monitor contention with owner EmailAsyncTask #1 (7580) at void android.database.sqlite.SQLiteConnection.nativeExecute(long, long)(SQLiteConnection.java:-2) waiters=0 in android.database.sqlite.SQLiteDatabase com.android.email.provider.EmailProvider.a(android.content.Context) for 3.136s
03-23 17:07:40.961  7505  7679 W art     : Long monitor contention with owner EmailAsyncTask #1 (7580) at void android.database.sqlite.SQLiteConnection.nativeExecute(long, long)(SQLiteConnection.java:-2) waiters=1 in android.database.sqlite.SQLiteDatabase com.android.email.provider.EmailProvider.a(android.content.Context) for 2.654s
03-23 17:07:40.981  7681  7681 W dex2oat : Compilation of void com.meizu.statsapp.v3.lib.plugin.vccoffline.RemoteEmitterWorker.initInternal(java.lang.String, com.meizu.statsapp.v3.lib.plugin.emitter.EmitterConfig) took 112.305ms
03-23 17:07:41.036  7681  7690 W dex2oat : Compilation of long com.meizu.statsapp.v3.lib.plugin.utils.FlymeUtils.getTotalCpuTime() took 127.392ms
03-23 17:07:41.058  7323  7582 W System  : ClassLoader referenced unknown path: /system/framework/tcmclient.jar
03-23 17:07:41.093  3865  6882 W ActivityManager: Unable to start service Intent { cmp=com.android.email/.service.AttachmentDownloadService } U=0: not found
03-23 17:07:41.096  7681  7681 W dex2oat : Compilation of void com.meizu.statsapp.v3.lib.plugin.vccoffline.RemoteEmitterWorker.sendDataBatch(java.lang.String, com.meizu.statsapp.v3.lib.plugin.emitter.EmittableEvents) took 110.428ms
03-23 17:07:41.280  7748  7748 W ContentResolver: Failed to get type for: content://com.android.calendar (Unknown URL content://com.android.calendar)
03-23 17:07:41.394  7681  7689 W dex2oat : Compilation of boolean com.meizu.statsapp.v3.lib.plugin.utils.Util.zipDir(java.io.File, java.io.File) took 228.175ms
03-23 17:07:41.506  7681  7689 W dex2oat : Compilation of boolean com.meizu.statsapp.v3.lib.plugin.utils.Util.zipDir(java.util.Stack, java.lang.String, java.io.File, java.util.zip.ZipOutputStream) took 111.704ms
03-23 17:07:41.701  6840  6919 E IconManager: no valid source : FlymeIconBean{packageName='com.meizu.compaign', iconL='null', iconM='', iconS='null', sIconL='null', sIconM='null', sIconS='null', updateAt=1513653533696}
03-23 17:07:41.702  6840  6919 E IconManager: onCompleted
03-23 17:07:41.702  6840  6919 E IconManager: notifyChange
