03-23 17:08:01.618  3865  6303 W ActivityManager: Slow operation: 97ms so far, now at startProcess: done starting proc!
03-23 17:08:01.680  7991  8020 W aii     : memoryCache() and memoryCacheSize() calls overlap each other
03-23 17:08:01.680  7991  8020 W aii     : memoryCache() and memoryCacheSize() calls overlap each other
03-23 17:08:01.761  8522  8522 W System  : ClassLoader referenced unknown path: /system/app/AlarmClock/lib/arm64
03-23 17:08:01.805  8298  8410 W dex2oat : Compilation of void com.meizu.statsapp.v3.lib.plugin.utils.FlymeUtils.writeFileAppend(java.lang.String, java.lang.String) took 167.393ms
03-23 17:08:01.817  6227  6227 W Settings: Setting device_provisioned has moved from android.provider.Settings.Secure to android.provider.Settings.Global.
03-23 17:08:01.884  8298  8408 W dex2oat : Compilation of boolean com.meizu.statsapp.v3.lib.plugin.utils.Util.zipDir(java.io.File, java.io.File) took 216.918ms
03-23 17:08:02.013  3155  3391 E logserver: process_one_event, can not find this event(system_app_strictmode@1521796082013.txt.gz)
03-23 17:08:02.114  3865  3957 W Searchables: No global search activity found
03-23 17:08:02.177  3865  3957 W Searchables: No global search activity found
03-23 17:08:02.346  7458  7469 W art     : Suspending all threads took: 887.844ms
03-23 17:08:02.509  7458  7469 W art     : Suspending all threads took: 49.661ms
03-23 17:08:02.652  8598  8598 W System  : ClassLoader referenced unknown path: /system/app/Calendar/lib/arm64
03-23 17:08:02.862  3155  3391 E logserver: process_one_event, can not find this event(system_app_strictmode@1521796082861.txt.gz)
03-23 17:08:03.123  3865  6202 W AudioTrack: AUDIO_OUTPUT_FLAG_FAST denied by client; transfer 4, track 44100 Hz, output 48000 Hz
03-23 17:08:03.129  8640  8640 W System  : ClassLoader referenced unknown path: /system/app/Calendar/lib/arm64
03-23 17:08:03.186  7590  7602 W art     : Suspending all threads took: 42.665ms
03-23 17:08:03.199  3865  6181 E flymed_connector: Communications error: java.io.IOException: No such file or directory
03-23 17:08:03.200  3865  6181 E flymed_connector: Error in NativeDaemonConnector: java.io.IOException: No such file or directory
03-23 17:08:03.287  7991  8020 E SQLiteLog: (1) duplicate column name: classifyCode
03-23 17:08:03.288  7991  8020 E SQLiteLog: (1) duplicate column name: isCheck
03-23 17:08:03.289  7991  8020 E SQLiteLog: (1) duplicate column name: useCount
03-23 17:08:03.313  7991  8020 E SQLiteLog: (1) duplicate column name: isUse
03-23 17:08:03.314  7991  8020 E SQLiteLog: (1) duplicate column name: station_list
03-23 17:08:03.314  7991  8020 E SQLiteLog: (1) duplicate column name: data_time
03-23 17:08:03.314  7991  8020 E SQLiteLog: (1) duplicate column name: bubble_lasttime
03-23 17:08:03.315  7991  8020 E SQLiteLog: (1) duplicate column name: card_lasttime
03-23 17:08:03.315  7991  8020 E SQLiteLog: (1) duplicate column name: session_lasttime
03-23 17:08:03.315  7991  8020 E SQLiteLog: (1) duplicate column name: lastloadtime
03-23 17:08:03.316  7991  8020 E SQLiteLog: (1) duplicate column name: isrulenum
03-23 17:08:03.316  7991  8020 E SQLiteLog: (1) duplicate column name: area_code
03-23 17:08:03.316  7991  8020 E SQLiteLog: (1) duplicate column name: user_provinces
03-23 17:08:03.317  7991  8020 E SQLiteLog: (1) duplicate column name: user_areacode
03-23 17:08:03.317  7991  8020 E SQLiteLog: (1) duplicate column name: user_operator
03-23 17:08:03.318  7991  8020 E SQLiteLog: (1) duplicate column name: sim_index
03-23 17:08:03.318  7991  8020 E SQLiteLog: (1) duplicate column name: cnum
03-23 17:08:03.318  7991  8020 E SQLiteLog: (1) duplicate column name: mark_time
03-23 17:08:03.318  7991  8020 E SQLiteLog: (1) duplicate column name: cmd
03-23 17:08:03.319  7991  8020 E SQLiteLog: (1) duplicate column name: corpLevel
03-23 17:08:03.411  7991  8020 E SQLiteLog: (1) duplicate column name: urls
03-23 17:08:03.413  7991  8020 E SQLiteLog: (1) duplicate column name: url_valid_statu
03-23 17:08:03.413  7991  8020 E SQLiteLog: (1) duplicate column name: action_code
03-23 17:08:03.417  7991  8020 E SQLiteLog: (1) duplicate column name: isuse
03-23 17:08:03.492  8640  8663 E f       : clear sync SDK data !
03-23 17:08:03.493  8640  8663 W System.err: java.lang.NullPointerException: Attempt to invoke virtual method 'android.content.SharedPreferences android.content.Context.getSharedPreferences(java.lang.String, int)' on a null object reference
03-23 17:08:03.493  8640  8663 W System.err: 	at com.meizu.syncsdk.h.h.a(PreferenceUtil.java:22)
03-23 17:08:03.493  8640  8663 W System.err: 	at com.meizu.syncsdk.f.k(SyncManager.java:331)
03-23 17:08:03.493  8640  8663 W System.err: 	at com.meizu.flyme.calendar.provider.PersonalizationProvider.b(PersonalizationProvider.java:940)
03-23 17:08:03.493  8640  8663 W System.err: 	at com.meizu.flyme.calendar.provider.PersonalizationProvider.a(PersonalizationProvider.java:62)
03-23 17:08:03.493  8640  8663 W System.err: 	at com.meizu.flyme.calendar.provider.PersonalizationProvider$a.run(PersonalizationProvider.java:908)
03-23 17:08:03.498  7991  8020 E SQLiteLog: (1) duplicate column name: rid
03-23 17:08:03.499  7991  8020 E SQLiteLog: (1) duplicate column name: logoType
03-23 17:08:03.529  7991  8020 E SQLiteLog: (1) duplicate column name: scale
03-23 17:08:03.531  7991  8020 E SQLiteLog: (1) duplicate column name: backColor
03-23 17:08:03.531  7991  8020 E SQLiteLog: (1) duplicate column name: backColorEnd
03-23 17:08:03.532  7991  8020 E SQLiteLog: (1) duplicate column name: value_recognise_result
03-23 17:08:03.532  7991  8020 E SQLiteLog: (1) duplicate column name: recognise_lasttime
03-23 17:08:03.533  7991  8020 E SQLiteLog: (1) duplicate column name: nameType
03-23 17:08:03.533  7991  8020 E SQLiteLog: (1) duplicate column name: mark_cmd
03-23 17:08:03.534  7991  8020 E SQLiteLog: (1) duplicate column name: last_name_pubid
03-23 17:08:03.534  7991  8020 E SQLiteLog: (1) duplicate column name: last_name_time
03-23 17:08:03.535  7991  8020 E SQLiteLog: (1) duplicate column name: last_cmd_time
03-23 17:08:03.535  7991  8020 E SQLiteLog: (1) duplicate column name: last_query_time
03-23 17:08:03.536  7991  8020 E SQLiteLog: (1) duplicate column name: day
03-23 17:08:03.536  7991  8020 E SQLiteLog: (1) duplicate column name: status
03-23 17:08:03.537  7991  8020 E SQLiteLog: (1) duplicate column name: ec
03-23 17:08:03.537  7991  8020 E SQLiteLog: (1) duplicate column name: mark_ec
03-23 17:08:03.537  7991  8020 E SQLiteLog: (1) duplicate column name: last_ec_time
03-23 17:08:03.538  7991  8020 E SQLiteLog: (1) duplicate column name: numMsgMD5
03-23 17:08:03.539  7991  8020 E SQLiteLog: (1) duplicate column name: urls_result
03-23 17:08:03.586  7991  8020 E SQLiteLog: (1) duplicate column name: urls_lasttime
03-23 17:08:03.586  7991  8020 E SQLiteLog: (1) duplicate column name: last_update_time
03-23 17:08:03.587  7991  8020 E SQLiteLog: (1) duplicate column name: isuse
03-23 17:08:03.587  7991  8020 E SQLiteLog: (1) duplicate column name: last_update_time
03-23 17:08:03.588  7991  8020 E SQLiteLog: (1) duplicate column name: scene_rule_config
03-23 17:08:03.641  7991  8020 E SQLiteLog: (1) duplicate column name: is_favorite
03-23 17:08:03.643  7991  8020 E SQLiteLog: (1) duplicate column name: is_mark
03-23 17:08:03.643  7991  8020 E SQLiteLog: (1) duplicate column name: flight_verify_result
03-23 17:08:03.644  7991  8020 E SQLiteLog: (1) duplicate column name: msg_type
03-23 17:08:03.644  7991  8020 E SQLiteLog: (1) duplicate column name: sms_receivetime
03-23 17:08:03.646  7991  8020 E SQLiteLog: (1) duplicate column name: desens_tags
03-23 17:08:03.661  3155  3391 E logserver: process_one_event, can not find this event(system_app_strictmode@1521796083660.txt.gz)
03-23 17:08:03.693  8640  8671 W AlertService: Invalid action: android.intent.action.TIMEZONE_CHANGED
03-23 17:08:03.709  7590  7934 W art     : Long monitor contention with owner Binder:7590_2 (7604) at java.lang.Object java.lang.ref.Reference.getReferent!()(Reference.java:-2) waiters=0 in android.database.sqlite.SQLiteDatabase android.database.sqlite.SQLiteOpenHelper.getReadableDatabase() for 1.804s
03-23 17:08:03.828  7908  8035 E NetworkManagementMz: TrafficStatistic: policy is not null
03-23 17:08:03.834  8676  8676 W System  : ClassLoader referenced unknown path: /system/app/LockScreenFramework/lib/arm64
03-23 17:08:03.886  7458  7469 W art     : Suspending all threads took: 56.123ms
03-23 17:08:03.891  7908  8035 E NetworkManagementMz: TrafficStatistic: policy is not null
03-23 17:08:03.934  7908  8035 E NetworkManagementMz: TrafficStatistic: policy is not null
03-23 17:08:03.948  7908  8035 W ContextImpl: Calling a method in the system process without a qualified user: android.app.ContextImpl.startService:-1 android.content.ContextWrapper.startService:613 com.meizu.networkmanager.c.r.a:25 com.meizu.networkmanager.i.y.a:101 com.meizu.networkmanager.i.y.a:91 
03-23 17:08:03.956  3865  8457 W ConnectivityExtension: ConnectivityExt jar file not present
03-23 17:08:03.975  7908  8024 E NetworkManagementMz: TrafficStatistic: policy is not null
03-23 17:08:03.983  7908  8024 E NetworkManagementMz: TrafficStatistic: policy is not null
03-23 17:08:04.010  7458  7469 W art     : Suspending all threads took: 10.331ms
03-23 17:08:04.156  7458  7870 W com.c.a.a.a.f: java.io.FileNotFoundException: /data/user/0/com.android.dialer/files/geocoding/data/config (No such file or directory)
03-23 17:08:04.163  3865  6202 W AudioTrack: AUDIO_OUTPUT_FLAG_FAST denied by client; transfer 4, track 44100 Hz, output 48000 Hz
03-23 17:08:04.198  8041  8390 W System.err: tmsdk.common.exception.NetWorkException: no connecition!
03-23 17:08:04.198  8041  8390 W System.err: 	at tmsdkobf.lg.a(Unknown Source)
03-23 17:08:04.198  8041  8390 W System.err: 	at tmsdkobf.oo.a(Unknown Source)
03-23 17:08:04.199  8041  8390 W System.err: 	at tmsdkobf.oo.a(Unknown Source)
03-23 17:08:04.199  8041  8390 W System.err: 	at tmsdkobf.or.b(Unknown Source)
03-23 17:08:04.199  8041  8390 W System.err: 	at tmsdkobf.oq.a(Unknown Source)
03-23 17:08:04.199  8041  8390 W System.err: 	at tmsdkobf.oo.hv(Unknown Source)
03-23 17:08:04.199  8041  8390 W System.err: 	at tmsdkobf.oo.hx(Unknown Source)
03-23 17:08:04.199  8041  8390 W System.err: 	at tmsdkobf.oo.a(Unknown Source)
03-23 17:08:04.199  8041  8390 W System.err: 	at tmsdkobf.oo.a(Unknown Source)
03-23 17:08:04.199  8041  8390 W System.err: 	at tmsdkobf.oo.a(Unknown Source)
03-23 17:08:04.199  8041  8390 W System.err: 	at tmsdkobf.or.hz(Unknown Source)
03-23 17:08:04.199  8041  8390 W System.err: 	at tmsdkobf.oq.hz(Unknown Source)
03-23 17:08:04.199  8041  8390 W System.err: 	at tmsdkobf.ic$1.run(Unknown Source)
03-23 17:08:04.199  8041  8390 W System.err: 	at tmsdkobf.it$a.run(Unknown Source)
03-23 17:08:04.199  8041  8390 W System.err: 	at java.util.concurrent.ThreadPoolExecutor.runWorker(ThreadPoolExecutor.java:1133)
03-23 17:08:04.199  8041  8390 W System.err: 	at java.util.concurrent.ThreadPoolExecutor$Worker.run(ThreadPoolExecutor.java:607)
03-23 17:08:04.199  8041  8390 W System.err: 	at java.lang.Thread.run(Thread.java:761)
03-23 17:08:04.300  7458  7469 W art     : Suspending all threads took: 18.484ms
03-23 17:08:04.450  8705  8705 W System  : ClassLoader referenced unknown path: /system/app/LockScreenFramework/lib/arm64
03-23 17:08:04.559  7991  8694 E SmsCenterUtils: getSmsCenterFromSim slotId = 0, isSimReady = true
03-23 17:08:04.580  7991  8694 E SmsCenterUtils: getSmsCenterFromSim slotId = 0, smscAddr = +8613800663500
03-23 17:08:04.584  7991  8696 E SmsCenterUtils: getSmsCenterFromSim slotId = 1, isSimReady = false
03-23 17:08:04.596  7991  8696 E SmsCenterUtils: getSmsCenterFromSim slotId = 1 is not ready
03-23 17:08:05.070  7458  7469 W art     : Suspending all threads took: 49.608ms
03-23 17:08:05.174  7458  7469 W art     : Suspending all threads took: 14.354ms
03-23 17:08:05.600  7458  7469 W art     : Suspending all threads took: 5.883ms
03-23 17:08:05.887  3155  3391 E logserver: process_one_event, can not find this event(system_app_strictmode@1521796085887.txt.gz)
03-23 17:08:05.904  8772  8772 W System  : ClassLoader referenced unknown path: /system/app/LockScreenFramework/lib/arm64
03-23 17:08:06.356  8793  8793 W System  : ClassLoader referenced unknown path: /system/app/Weather/lib/arm64
03-23 17:08:06.406  8786  8786 E cutils-trace: Error opening trace file: Permission denied (13)
03-23 17:08:06.605  6536  6536 W IInputConnectionWrapper: getTextBeforeCursor on inactive InputConnection
03-23 17:08:06.638  3865  6186 E WifiConfigStore: Failed to look-up a string: WAPI
03-23 17:08:06.639  6536  6536 W IInputConnectionWrapper: finishComposingText on inactive InputConnection
03-23 17:08:06.639  6536  6536 W IInputConnectionWrapper: finishComposingText on inactive InputConnection
03-23 17:08:06.641  3865  6186 E WifiConfigStore: Failed to look-up a string: SMS4
03-23 17:08:06.641  3865  6186 E WifiConfigStore: Failed to look-up a string: SMS4
03-23 17:08:06.941  8203  8203 E SyncMainManager: Sync alarm = 2018-03-24 17:08
03-23 17:08:06.995  3155  3391 E logserver: process_one_event, can not find this event(system_app_strictmode@1521796086995.txt.gz)
03-23 17:08:07.133  3865  7202 E ActivityManager: Sending non-protected broadcast flyme.action.read_filter_notification_all from system 6284:com.android.systemui/u0a33 pkg com.android.systemui
03-23 17:08:07.133  3865  7202 E ActivityManager: java.lang.Throwable
03-23 17:08:07.133  3865  7202 E ActivityManager: 	at com.android.server.am.ActivityManagerService.checkBroadcastFromSystem(ActivityManagerService.java:17990)
03-23 17:08:07.133  3865  7202 E ActivityManager: 	at com.android.server.am.ActivityManagerService.broadcastIntentLocked(ActivityManagerService.java:18562)
03-23 17:08:07.133  3865  7202 E ActivityManager: 	at com.android.server.am.ActivityManagerService.broadcastIntent(ActivityManagerService.java:18653)
03-23 17:08:07.133  3865  7202 E ActivityManager: 	at android.app.ActivityManagerNative.onTransact(ActivityManagerNative.java:500)
03-23 17:08:07.133  3865  7202 E ActivityManager: 	at com.android.server.am.ActivityManagerService.onTransact(ActivityManagerService.java:2828)
03-23 17:08:07.133  3865  7202 E ActivityManager: 	at com.android.server.am.FlymeExtActivityManagerService.onTransact(FlymeExtActivityManagerService.java:76)
03-23 17:08:07.133  3865  7202 E ActivityManager: 	at android.os.Binder.execTransact(Binder.java:565)
03-23 17:08:07.153  3865  7200 E ActivityManager: Sending non-protected broadcast flyme.action.read_filter_notification_all from system 6284:com.android.systemui/u0a33 pkg com.android.systemui
03-23 17:08:07.153  3865  7200 E ActivityManager: java.lang.Throwable
03-23 17:08:07.153  3865  7200 E ActivityManager: 	at com.android.server.am.ActivityManagerService.checkBroadcastFromSystem(ActivityManagerService.java:17990)
03-23 17:08:07.153  3865  7200 E ActivityManager: 	at com.android.server.am.ActivityManagerService.broadcastIntentLocked(ActivityManagerService.java:18562)
03-23 17:08:07.153  3865  7200 E ActivityManager: 	at com.android.server.am.ActivityManagerService.broadcastIntent(ActivityManagerService.java:18653)
03-23 17:08:07.153  3865  7200 E ActivityManager: 	at android.app.ActivityManagerNative.onTransact(ActivityManagerNative.java:500)
03-23 17:08:07.153  3865  7200 E ActivityManager: 	at com.android.server.am.ActivityManagerService.onTransact(ActivityManagerService.java:2828)
03-23 17:08:07.153  3865  7200 E ActivityManager: 	at com.android.server.am.FlymeExtActivityManagerService.onTransact(FlymeExtActivityManagerService.java:76)
03-23 17:08:07.153  3865  7200 E ActivityManager: 	at android.os.Binder.execTransact(Binder.java:565)
03-23 17:08:07.353  8846  8846 W System  : ClassLoader referenced unknown path: /system/app/LockScreenFramework/lib/arm64
03-23 17:08:07.478  8786  8832 W dex2oat : Verification of void com.meizu.statsapp.v3.lib.plugin.emitter.local.LocalEmitterWorker$8.run() took 171.686ms
03-23 17:08:07.479  8786  8839 W dex2oat : Verification of void com.meizu.statsapp.v3.lib.plugin.sdk.ConfigController.init(com.meizu.statsapp.v3.lib.plugin.sdk.SDKInstanceImpl) took 110.462ms
03-23 17:08:07.504  8786  8786 W dex2oat : Verification of void com.meizu.statsapp.v3.lib.plugin.secure.InsecureSHA1PRNGKeyDerivator.nextBytes(byte[]) took 114.860ms
03-23 17:08:07.518  8786  8838 W dex2oat : Verification of java.lang.String com.meizu.statsapp.v3.lib.plugin.utils.FlymeOSUtils.getCurProcessName(android.content.Context) took 111.036ms
03-23 17:08:07.561  6890  6902 W art     : Suspending all threads took: 180.456ms
03-23 17:08:07.787  8786  8835 W dex2oat : Compilation of void com.meizu.statsapp.v3.lib.plugin.emitter.local.LocalEmitterWorker$1.handleMessage(android.os.Message) took 129.186ms
03-23 17:08:07.794  8786  8834 W dex2oat : Compilation of void com.meizu.statsapp.v3.lib.plugin.IVccOfflineStatsInterface$Stub$Proxy.emitterInit(java.lang.String, com.meizu.statsapp.v3.lib.plugin.emitter.EmitterConfig) took 165.440ms
03-23 17:08:07.810  8786  8832 W dex2oat : Compilation of void com.meizu.statsapp.v3.lib.plugin.emitter.local.LocalEmitterWorker$8.run() took 121.669ms
03-23 17:08:07.831  8786  8838 W dex2oat : Compilation of void com.meizu.statsapp.v3.lib.plugin.emitter.local.LocalEmitterWorker$6$1.run() took 153.345ms
03-23 17:08:07.844  8786  8839 W dex2oat : Compilation of void com.meizu.statsapp.v3.lib.plugin.emitter.EmitterConfig.writeToParcel(android.os.Parcel, int) took 146.403ms
03-23 17:08:07.865  8786  8833 W dex2oat : Compilation of com.meizu.statsapp.v3.lib.plugin.payload.TrackerPayload com.meizu.statsapp.v3.lib.plugin.emitter.EventBean.toPayload(com.meizu.statsapp.v3.lib.plugin.emitter.EventBean) took 203.195ms
03-23 17:08:07.896  8786  8786 W dex2oat : Compilation of java.lang.String com.meizu.statsapp.v3.lib.plugin.emitter.local.LocalEmitterWorker.access$100() took 118.651ms
03-23 17:08:07.914  3865  6186 E WifiStateMachine: Did not find remoteAddress {192.168.31.1} in /proc/net/arp
03-23 17:08:07.965  3865  6192 W ConnectivityExtension: ConnectivityExt jar file not present
03-23 17:08:07.974  3865  6192 W ConnectivityExtension: ConnectivityExt jar file not present
03-23 17:08:07.982  8786  8835 W dex2oat : Compilation of void com.meizu.statsapp.v3.lib.plugin.emitter.local.storage.LocalEventStore.<init>(android.content.Context) took 195.158ms
03-23 17:08:08.018  8786  8838 W dex2oat : Compilation of void com.meizu.statsapp.v3.lib.plugin.emitter.remote.RemoteEmitter.<init>(android.content.Context, java.lang.String) took 174.564ms
03-23 17:08:08.037  8786  8839 W dex2oat : Compilation of void com.meizu.statsapp.v3.lib.plugin.emitter.remote.V2RemoteEmitter.add(com.meizu.statsapp.v3.lib.plugin.payload.TrackerPayload) took 188.856ms
03-23 17:08:08.041  8786  8834 W dex2oat : Compilation of com.meizu.statsapp.v3.lib.plugin.net.NetResponse com.meizu.statsapp.v3.lib.plugin.IVccOfflineStatsInterface$Stub$Proxy.netRequest(java.lang.String, java.util.Map, java.lang.String) took 202.759ms
03-23 17:08:08.068  3155  3391 E logserver: process_one_event, can not find this event(system_app_strictmode@1521796088067.txt.gz)
03-23 17:08:08.094  6840  8889 W System  : ClassLoader referenced unknown path: /system/framework/tcmclient.jar
03-23 17:08:08.128  6227  6731 W MzInput_MzInputService: Permission is not allowed, or network unavailable. Drop current check dict message.
03-23 17:08:08.145  8056  8897 W MzUpdateComponent:2.3.2: start check update for :com.meizu.battery
03-23 17:08:08.149  8056  8186 E DebugLogger: isOnDebug false debugConfig false isDebuggable false
03-23 17:08:08.151  8056  8900 W MzUpdateComponent:2.3.2: Request sip register
03-23 17:08:08.154  8786  8833 W dex2oat : Compilation of com.meizu.statsapp.v3.lib.plugin.payload.TrackerPayload com.meizu.statsapp.v3.lib.plugin.events.ActionXEvent.generatePayload() took 285.526ms
03-23 17:08:08.156  8056  8186 W ContextImpl: Calling a method in the system process without a qualified user: android.app.ContextImpl.startService:-1 android.content.ContextWrapper.startService:613 com.meizu.cloud.pushsdk.PushManager.register:59 com.meizu.update.push.b.d:135 com.meizu.update.c.b:114 
03-23 17:08:08.157  8786  8832 W dex2oat : Compilation of com.meizu.statsapp.v3.lib.plugin.events.ActionXEvent com.meizu.statsapp.v3.lib.plugin.events.EventUtil.buildActionXEvent(android.content.Context, java.lang.String, java.lang.String, java.util.Map) took 200.673ms
03-23 17:08:08.167  8056  8897 W System  : ClassLoader referenced unknown path: /system/framework/tcmclient.jar
03-23 17:08:08.187  8786  8835 W dex2oat : Compilation of java.util.List com.meizu.statsapp.v3.lib.plugin.emitter.local.storage.LocalEventStore.queryDatabase(java.lang.String, java.lang.String, java.lang.String) took 201.150ms
03-23 17:08:08.201  3865  6181 E flymed_connector: Communications error: java.io.IOException: No such file or directory
03-23 17:08:08.202  3865  6181 E flymed_connector: Error in NativeDaemonConnector: java.io.IOException: No such file or directory
03-23 17:08:08.227  3865  8874 W System  : ClassLoader referenced unknown path: /system/framework/tcmclient.jar
03-23 17:08:08.231  8786  8786 W dex2oat : Compilation of boolean com.meizu.statsapp.v3.lib.plugin.emitter.local.LocalEmitterWorker.cacheCheck() took 322.739ms
03-23 17:08:08.254  8786  8839 W dex2oat : Compilation of void com.meizu.statsapp.v3.lib.plugin.emitter.remote.V2RemoteEmitter.addNeartime(com.meizu.statsapp.v3.lib.plugin.payload.TrackerPayload) took 216.374ms
03-23 17:08:08.282  3155  3391 E logserver: process_one_event, can not find this event(system_app_strictmode@1521796088281.txt)
03-23 17:08:08.295  8056  8897 W MzUpdateComponent:2.3.2: check update result :false,false,null
03-23 17:08:08.300  6840  6840 E FlymeConfigUpdator: flyme get WhiteListConfigUpdator failed,config=
03-23 17:08:08.305  8786  8838 W dex2oat : Compilation of void com.meizu.statsapp.v3.lib.plugin.emitter.remote.RemoteEmitter.addCachedEventsToRemote() took 282.285ms
03-23 17:08:08.313  8786  8834 W dex2oat : Compilation of void com.meizu.statsapp.v3.lib.plugin.events.PageEvent.<init>(java.lang.String, java.lang.String) took 264.095ms
03-23 17:08:08.393  8926  8926 W System  : ClassLoader referenced unknown path: /system/app/Weather/lib/arm64
03-23 17:08:08.410  8786  8832 W dex2oat : Compilation of java.lang.String com.meizu.statsapp.v3.lib.plugin.net.HttpSecureRequester.generateEf(java.net.URL) took 132.481ms
03-23 17:08:08.433  8786  8786 W dex2oat : Compilation of void com.meizu.statsapp.v3.lib.plugin.emitter.local.LocalEmitterWorker.resetMobileTrafficIf() took 134.453ms
03-23 17:08:08.440  8128  8140 W art     : Suspending all threads took: 37.615ms
03-23 17:08:08.445  8786  8834 W dex2oat : Compilation of com.meizu.statsapp.v3.lib.plugin.net.NetRequester com.meizu.statsapp.v3.lib.plugin.net.NetRequester.getInstance(android.content.Context) took 126.475ms
03-23 17:08:08.470  8786  8839 W dex2oat : Compilation of com.meizu.statsapp.v3.lib.plugin.net.NetResponse com.meizu.statsapp.v3.lib.plugin.net.NetResponse$1.createFromParcel(android.os.Parcel) took 101.291ms
03-23 17:08:08.493  8128  8948 E PhoneUtils: Get Mz Phone IMEI 860863031415227
03-23 17:08:08.515  8786  8838 W dex2oat : Compilation of void com.meizu.statsapp.v3.lib.plugin.emitter.remote.RemoteEmitter.addNeartime(com.meizu.statsapp.v3.lib.plugin.payload.TrackerPayload) took 206.429ms
03-23 17:08:08.538  8786  8833 W dex2oat : Compilation of long com.meizu.statsapp.v3.lib.plugin.net.multipart.Part.getLengthOfParts(com.meizu.statsapp.v3.lib.plugin.net.multipart.Part[], byte[]) took 139.422ms
03-23 17:08:08.647  8786  8835 W dex2oat : Compilation of boolean com.meizu.statsapp.v3.lib.plugin.emitter.local.storage.LocalEventStore.updateEventSource(java.lang.String, java.lang.String) took 190.098ms
03-23 17:08:08.669  8786  8832 W dex2oat : Compilation of com.meizu.statsapp.v3.lib.plugin.net.NetResponse com.meizu.statsapp.v3.lib.plugin.net.HttpSecureRequester.realMultipartRequest(java.net.URL, java.lang.String, java.util.Map, byte[]) took 204.296ms
03-23 17:08:08.687  3155  3391 E logserver: process_one_event, can not find this event(system_app_strictmode@1521796088686.txt.gz)
03-23 17:08:08.688  8786  8786 W dex2oat : Compilation of void com.meizu.statsapp.v3.lib.plugin.emitter.local.LocalEmitterWorker.sendData(java.util.ArrayList, boolean, java.lang.String) took 254.831ms
03-23 17:08:08.692  8786  8839 W dex2oat : Compilation of java.lang.String com.meizu.statsapp.v3.lib.plugin.net.multipart.EncodingUtils.getAsciiString(byte[]) took 105.305ms
03-23 17:08:08.729  8128  8948 E PhoneUtils: Get Mz Phone IMEI 860863031415227
03-23 17:08:08.729  8128  8948 E PhoneUtils: Get Mz Phone SN BTY4C16526002188XXX
03-23 17:08:08.736  8128  8948 W System  : ClassLoader referenced unknown path: /system/framework/tcmclient.jar
03-23 17:08:08.843  8786  8835 W dex2oat : Compilation of void com.meizu.statsapp.v3.lib.plugin.net.multipart.ParseException.<init>(java.lang.String) took 121.341ms
03-23 17:08:08.867  8786  8834 W dex2oat : Compilation of com.meizu.statsapp.v3.lib.plugin.net.NetResponse com.meizu.statsapp.v3.lib.plugin.net.NetRequester.realNoGslbRequest(java.lang.String, java.lang.String, java.util.Map, java.lang.String) took 421.545ms
03-23 17:08:08.905  8786  8833 W dex2oat : Compilation of void com.meizu.statsapp.v3.lib.plugin.net.multipart.FilePartSource.<init>(java.lang.String, java.io.File) took 265.449ms
03-23 17:08:08.927  8786  8838 W dex2oat : Compilation of void com.meizu.statsapp.v3.lib.plugin.page.PageController.startPage(java.lang.String) took 268.367ms
03-23 17:08:08.960  8786  8839 W dex2oat : Compilation of void com.meizu.statsapp.v3.lib.plugin.payload.TrackerPayload.add(java.lang.String, java.lang.Object) took 261.242ms
03-23 17:08:08.974  8786  8835 W dex2oat : Compilation of void com.meizu.statsapp.v3.lib.plugin.utils.IntervalTimer.skip() took 127.575ms
03-23 17:08:08.994  8966  8966 W System  : ClassLoader referenced unknown path: /system/app/MzAccount/lib/arm64
03-23 17:08:09.031  8786  8786 W dex2oat : Compilation of void com.meizu.statsapp.v3.lib.plugin.emitter.local.LocalEmitterWorker.addNeartime(com.meizu.statsapp.v3.lib.plugin.payload.TrackerPayload) took 342.563ms
03-23 17:08:09.059  8786  8833 W dex2oat : Compilation of void com.meizu.statsapp.v3.lib.plugin.receiver.EnvironmentReceiver$Receiver.<init>(com.meizu.statsapp.v3.lib.plugin.receiver.EnvironmentReceiver, com.meizu.statsapp.v3.lib.plugin.receiver.EnvironmentReceiver$1) took 150.350ms
03-23 17:08:09.073  8786  8839 W dex2oat : Compilation of void com.meizu.statsapp.v3.lib.plugin.payload.TrackerPayload.remove(java.lang.String) took 111.220ms
03-23 17:08:09.124  8786  8838 W dex2oat : Compilation of void com.meizu.statsapp.v3.lib.plugin.page.PageController.stopPage(java.lang.String) took 196.794ms
03-23 17:08:09.139  8786  8834 W dex2oat : Compilation of void com.meizu.statsapp.v3.lib.plugin.receiver.EnvironmentReceiver$1.onTrigger() took 270.955ms
03-23 17:08:09.156  8903  8985 W System  : ClassLoader referenced unknown path: /system/framework/tcmclient.jar
03-23 17:08:09.158  8987  8987 E cutils-trace: Error opening trace file: Permission denied (13)
03-23 17:08:09.194  8128  8506 W System  : ClassLoader referenced unknown path: /system/framework/tcmclient.jar
03-23 17:08:09.221  8786  8839 W dex2oat : Compilation of java.lang.Object com.meizu.statsapp.v3.lib.plugin.reflect.ReflectHelper.getField(java.lang.Object, java.lang.Class, java.lang.String) took 102.908ms
03-23 17:08:09.233  8786  8835 W dex2oat : Compilation of void com.meizu.statsapp.v3.lib.plugin.receiver.EnvironmentReceiver.<init>(android.content.Context) took 257.800ms
03-23 17:08:09.290  8128  8994 E PhoneUtils: Get Mz Phone IMEI 860863031415227
03-23 17:08:09.291  8786  8833 W dex2oat : Compilation of java.lang.reflect.Method com.meizu.statsapp.v3.lib.plugin.reflect.ClassInfo.getCachedMethod(java.lang.String) took 182.012ms
03-23 17:08:09.297  8128  8994 E PhoneUtils: Get Mz Phone IMEI 860863031415227
03-23 17:08:09.297  8128  8994 E PhoneUtils: Get Mz Phone SN BTY4C16526002188XXX
03-23 17:08:09.302  8128  8994 W System  : ClassLoader referenced unknown path: /system/framework/tcmclient.jar
03-23 17:08:09.333  8786  8839 W dex2oat : Compilation of java.lang.Object com.meizu.statsapp.v3.lib.plugin.reflect.ReflectHelper.getStaticField(java.lang.String, java.lang.String) took 108.707ms
03-23 17:08:09.407  8786  8832 W dex2oat : Compilation of com.meizu.statsapp.v3.lib.plugin.net.NetResponse com.meizu.statsapp.v3.lib.plugin.net.HttpSecureRequester.realStringpartRequest(java.net.URL, java.lang.String, java.lang.String, java.util.Map, java.lang.String) took 738.167ms
03-23 17:08:09.411  8786  8838 W dex2oat : Compilation of java.lang.Class com.meizu.statsapp.v3.lib.plugin.reflect.ReflectionCache.forName(java.lang.String, java.lang.Boolean) took 282.809ms
03-23 17:08:09.412  8786  8835 W dex2oat : Compilation of com.meizu.statsapp.v3.lib.plugin.sdk.InitConfigInside com.meizu.statsapp.v3.lib.plugin.sdk.InitConfigInside.setNoEncrypt(boolean) took 173.187ms
03-23 17:08:09.441  8786  8834 W dex2oat : Compilation of void com.meizu.statsapp.v3.lib.plugin.sdk.ConfigController$1.<init>(com.meizu.statsapp.v3.lib.plugin.sdk.ConfigController, android.os.Looper) took 291.935ms
03-23 17:08:09.452  7908  9012 W MzUpdateComponent:2.4.4: Request sip register
03-23 17:08:09.452  7908  9009 W MzUpdateComponent:2.4.4: start check update for :com.meizu.safe
03-23 17:08:09.463  7908  7908 E DebugLogger: isOnDebug false debugConfig false isDebuggable false
03-23 17:08:09.464  8987  8999 W dex2oat : Compilation of java.lang.String com.meizu.statsapp.v3.lib.plugin.emitter.EmitterMessageBuilder.parelOneEvent(com.meizu.statsapp.v3.lib.plugin.payload.TrackerPayload) took 159.335ms
03-23 17:08:09.472  7908  9009 W System  : ClassLoader referenced unknown path: /system/framework/tcmclient.jar
03-23 17:08:09.482  8786  8786 W dex2oat : Compilation of java.lang.String com.meizu.statsapp.v3.lib.plugin.sdk.ConfigController.buildUri(android.content.Context, java.util.Map) took 315.966ms
03-23 17:08:09.496  8903  8916 W art     : Suspending all threads took: 55.398ms
03-23 17:08:09.520  8786  8839 W dex2oat : Compilation of java.lang.Object com.meizu.statsapp.v3.lib.plugin.reflect.ReflectHelper.invokeStatic(java.lang.String, java.lang.String, java.lang.Object[]) took 180.717ms
03-23 17:08:09.536  8786  8837 W dex2oat : Compilation of java.lang.String com.meizu.statsapp.v3.lib.plugin.emitter.EmitterMessageBuilder.parelOneEvent(com.meizu.statsapp.v3.lib.plugin.payload.TrackerPayload) took 1.894s
03-23 17:08:09.537  3155  3391 E logserver: process_one_event, can not find this event(system_app_strictmode@1521796089536.txt.gz)
03-23 17:08:09.546  8786  8833 W dex2oat : Compilation of void com.meizu.statsapp.v3.lib.plugin.sdk.SDKInstanceImpl.<init>(android.content.Context, int, java.lang.String, java.lang.String, java.lang.String) took 255.007ms
03-23 17:08:09.553  8786  8835 W dex2oat : Compilation of boolean com.meizu.statsapp.v3.lib.plugin.sdk.UmidFetcher.allIdEmpty() took 137.224ms
03-23 17:08:09.560  8786  8832 W dex2oat : Compilation of com.meizu.statsapp.v3.lib.plugin.net.NetResponse com.meizu.statsapp.v3.lib.plugin.net.HttpSecureRequester.postMultipart(java.lang.String, java.util.Map, byte[]) took 152.615ms
03-23 17:08:09.628  7908  7908 E SQLiteLog: (1) no such table: locked_screen_view_mgr
03-23 17:08:09.630  7908  7908 E RuleDbHelper_lsvm_db: _dropLockedScreenViewPermD() Excp: android.database.sqlite.SQLiteException: no such table: locked_screen_view_mgr (code 1): , while compiling: DROP TABLE locked_screen_view_mgr
03-23 17:08:09.687  8786  8835 W dex2oat : Compilation of java.lang.String com.meizu.statsapp.v3.lib.plugin.sdk.UmidFetcher.buildFullUri(android.content.Context) took 134.575ms
03-23 17:08:09.704  7908  9009 W MzUpdateComponent:2.4.4: check cdn result---> isDelay:true
03-23 17:08:09.726  8786  8838 W dex2oat : Compilation of java.lang.reflect.Method com.meizu.statsapp.v3.lib.plugin.reflect.ReflectionCache.getMethod(java.lang.Class, java.lang.String, java.lang.Class[]) took 266.650ms
03-23 17:08:09.737  8786  8833 W dex2oat : Compilation of com.meizu.statsapp.v3.lib.plugin.tracker.subject.Subject com.meizu.statsapp.v3.lib.plugin.sdk.SDKInstanceImpl.buildSubject(android.content.Context, java.lang.String, int, java.lang.String) took 188.375ms
03-23 17:08:09.768  8966  9033 W System  : ClassLoader referenced unknown path: /system/framework/tcmclient.jar
03-23 17:08:09.802  8786  8834 W dex2oat : Compilation of void com.meizu.statsapp.v3.lib.plugin.secure.HttpKeyMgr.downloadAndInitCert() took 356.250ms
03-23 17:08:09.872  7458  7469 W art     : Suspending all threads took: 398.700ms
03-23 17:08:09.875  7908  7908 E RuleDbHelper_lsvm_db: insert version code = 2
03-23 17:08:09.905  7908  9009 W MzUpdateComponent:2.4.4: check update result :false,false,null
03-23 17:08:09.908  7908  7908 W AppCrossWakenPermRule: static initializer: java.lang.ClassNotFoundException: meizu.hips.FlymeHipsServiceManager
03-23 17:08:09.915  7908  9043 W ContextImpl: Calling a method in the system process without a qualified user: android.app.ContextImpl.bindService:1421 android.content.ContextWrapper.bindService:636 com.meizu.safe.common.e.m.c:108 com.meizu.safe.common.e.m.a:75 com.meizu.safe.viruscleaner.utils.VirusLibUpdater$3.run:228 
03-23 17:08:09.939  7908  9044 E AppCrossWakenPermRule: isNeedUpdateRule2Framework() reflect getLinkWakenVersion() Excp:java.lang.NullPointerException: Attempt to invoke virtual method 'java.lang.Class java.lang.Object.getClass()' on a null object reference
03-23 17:08:09.946  7908  9044 E AppCrossWakenPermRule: isNeedUpdateBlackList2Framework() reflect getLinkWakenVersion() Excp:java.lang.NullPointerException: Attempt to invoke virtual method 'java.lang.Class java.lang.Object.getClass()' on a null object reference
03-23 17:08:09.990  7908  7908 W ContextImpl: Calling a method in the system process without a qualified user: android.app.ContextImpl.startService:-1 android.content.ContextWrapper.startService:613 com.meizu.safe.urlDownload.v2.HmService.a:206 com.meizu.safe.viruscleaner.utils.VirusLibUpdater.onReceive:127 android.app.ActivityThread.handleReceiver:3078 
03-23 17:08:10.097  8786  8837 W dex2oat : Compilation of byte[] com.meizu.statsapp.v3.lib.plugin.secure.SimpleCryptoAES.readFromPreferenceOrCreateRandom(java.lang.String, int) took 437.294ms
03-23 17:08:10.105  8128  8140 W art     : Suspending all threads took: 260.089ms
03-23 17:08:10.137  8786  8839 W dex2oat : Compilation of void com.meizu.statsapp.v3.lib.plugin.secure.InsecureSHA1PRNGKeyDerivator.updateHash(int[], byte[], int, int) took 608.579ms
03-23 17:08:10.291  7908  7908 W ContextImpl: Calling a method in the system process without a qualified user: android.app.ContextImpl.sendBroadcast:-1 android.content.ContextWrapper.sendBroadcast:421 android.content.ContextWrapper.sendBroadcast:421 com.meizu.cloud.pushsdk.platform.PlatformMessageSender.sendMessageFromBroadcast:229 com.meizu.cloud.pushsdk.platform.PlatformMessageSender.sendPlatformStatus:149 
03-23 17:08:10.301  7908  7908 W ContextImpl: Calling a method in the system process without a qualified user: android.app.ContextImpl.sendBroadcast:-1 android.content.ContextWrapper.sendBroadcast:421 android.content.ContextWrapper.sendBroadcast:421 com.meizu.cloud.pushsdk.platform.PlatformMessageSender.sendMessageFromBroadcast:229 com.meizu.cloud.pushsdk.platform.PlatformMessageSender.sendPlatformStatus:151 
03-23 17:08:10.302  7458  7469 W art     : Suspending all threads took: 174.199ms
03-23 17:08:10.303  3865  3955 E ActivityManager: Sending non-protected broadcast com.meizu.cloud.pushservice.action.PUSH_SERVICE_START from system 7908:com.meizu.safe/1000 pkg com.meizu.safe
03-23 17:08:10.303  3865  3955 E ActivityManager: java.lang.Throwable
03-23 17:08:10.303  3865  3955 E ActivityManager: 	at com.android.server.am.ActivityManagerService.checkBroadcastFromSystem(ActivityManagerService.java:17990)
03-23 17:08:10.303  3865  3955 E ActivityManager: 	at com.android.server.am.ActivityManagerService.broadcastIntentLocked(ActivityManagerService.java:18562)
03-23 17:08:10.303  3865  3955 E ActivityManager: 	at com.android.server.am.ActivityManagerService.broadcastIntent(ActivityManagerService.java:18653)
03-23 17:08:10.303  3865  3955 E ActivityManager: 	at android.app.ActivityManagerNative.onTransact(ActivityManagerNative.java:500)
03-23 17:08:10.303  3865  3955 E ActivityManager: 	at com.android.server.am.ActivityManagerService.onTransact(ActivityManagerService.java:2828)
03-23 17:08:10.303  3865  3955 E ActivityManager: 	at com.android.server.am.FlymeExtActivityManagerService.onTransact(FlymeExtActivityManagerService.java:76)
03-23 17:08:10.303  3865  3955 E ActivityManager: 	at android.os.Binder.execTransact(Binder.java:565)
03-23 17:08:10.576  8041  9087 W System  : ClassLoader referenced unknown path: /system/framework/tcmclient.jar
03-23 17:08:10.650  8786  8832 W dex2oat : Compilation of void com.meizu.statsapp.v3.lib.plugin.session.SessionController$1.handleMessage(android.os.Message) took 1.082s
03-23 17:08:10.786  8786  8834 W dex2oat : Compilation of void com.meizu.statsapp.v3.lib.plugin.secure.HttpKeyMgr.generateAkey() took 983.236ms
03-23 17:08:10.838  8786  8837 W dex2oat : Compilation of byte[] com.meizu.statsapp.v3.lib.plugin.secure.SimpleCryptoAES.toByte(java.lang.String) took 740.420ms
03-23 17:08:10.902  8786  8838 W dex2oat : Compilation of void com.meizu.statsapp.v3.lib.plugin.session.SessionController$2.run() took 1.174s
03-23 17:08:10.923  8786  8833 W dex2oat : Compilation of boolean com.meizu.statsapp.v3.lib.plugin.sdk.SDKInstanceImpl.findDataService() took 1.182s
03-23 17:08:10.931  8786  8832 W dex2oat : Compilation of com.meizu.statsapp.v3.lib.plugin.session.Session com.meizu.statsapp.v3.lib.plugin.session.SessionController.access$002(com.meizu.statsapp.v3.lib.plugin.session.SessionController, com.meizu.statsapp.v3.lib.plugin.session.Session) took 277.541ms
03-23 17:08:10.978  8786  8786 W dex2oat : Compilation of boolean com.meizu.statsapp.v3.lib.plugin.sdk.ConfigController.getConfigFromServer() took 1.495s
03-23 17:08:10.991  8786  8837 W dex2oat : Compilation of java.lang.String com.meizu.statsapp.v3.lib.plugin.secure.SimpleCryptoAES.toHex(byte[]) took 152.015ms
03-23 17:08:11.013  8786  8835 W dex2oat : Compilation of java.lang.String com.meizu.statsapp.v3.lib.plugin.sdk.UmidFetcher.buildGetUri(android.content.Context) took 1.325s
03-23 17:08:11.075  8786  8838 W dex2oat : Compilation of void com.meizu.statsapp.v3.lib.plugin.tracker.EventFilter.<init>(java.lang.String, boolean, boolean, boolean) took 171.355ms
03-23 17:08:11.136  3155  3391 E logserver: process_one_event, can not find this event(system_app_strictmode@1521796091136.txt.gz)
03-23 17:08:11.150  8786  8786 W dex2oat : Compilation of java.lang.String com.meizu.statsapp.v3.lib.plugin.sdk.ConfigController.getTerType() took 171.606ms
03-23 17:08:11.180  8786  8834 W dex2oat : Compilation of void com.meizu.statsapp.v3.lib.plugin.secure.HttpKeyMgr.generateRkey() took 391.970ms
03-23 17:08:11.206  8786  8833 W dex2oat : Compilation of boolean com.meizu.statsapp.v3.lib.plugin.sdk.SDKInstanceImpl.findExperienceDataSync() took 283.490ms
03-23 17:08:11.210  8966  8966 E test    : open
03-23 17:08:11.500  8786  8838 W dex2oat : Compilation of java.lang.String com.meizu.statsapp.v3.lib.plugin.tracker.EventFilter.toString() took 422.761ms
03-23 17:08:11.536  8786  8832 W dex2oat : Compilation of int com.meizu.statsapp.v3.lib.plugin.session.SessionController.getDailyActived(android.content.Context) took 602.978ms
03-23 17:08:11.551  3155  3391 E logserver: process_one_event, can not find this event(system_app_strictmode@1521796091550.txt.gz)
03-23 17:08:11.573  8786  8834 W dex2oat : Compilation of java.lang.String com.meizu.statsapp.v3.lib.plugin.secure.HttpKeyMgr.getStringByInputStream(java.io.InputStream) took 389.875ms
03-23 17:08:11.581  8786  8837 W dex2oat : Compilation of android.location.Location com.meizu.statsapp.v3.lib.plugin.tracker.LocationFetcher.getLocation(android.content.Context) took 510.423ms
03-23 17:08:11.621  8786  8838 W dex2oat : Compilation of void com.meizu.statsapp.v3.lib.plugin.tracker.Tracker$TrackerBuilder.<init>(com.meizu.statsapp.v3.lib.plugin.emitter.Emitter, android.content.Context) took 120.361ms
03-23 17:08:11.629  8786  8839 W dex2oat : Compilation of void com.meizu.statsapp.v3.lib.plugin.secure.InsecureSHA1PRNGKeyDerivator.nextBytes(byte[]) took 1.490s
03-23 17:08:11.650  8786  8835 W dex2oat : Compilation of void com.meizu.statsapp.v3.lib.plugin.sdk.UmidFetcher.fullUmidIdIf() took 635.980ms
03-23 17:08:11.726  8786  8833 W dex2oat : Compilation of void com.meizu.statsapp.v3.lib.plugin.sdk.SDKInstanceImpl.init() took 518.971ms
03-23 17:08:11.733  8786  8839 W dex2oat : Compilation of com.meizu.statsapp.v3.lib.plugin.tracker.subject.DeviceInfo com.meizu.statsapp.v3.lib.plugin.tracker.subject.DeviceInfo$DeviceInfoBuilder.build() took 102.133ms
03-23 17:08:11.756  8786  8838 W dex2oat : Compilation of void com.meizu.statsapp.v3.lib.plugin.tracker.subject.AppInfo.<init>(com.meizu.statsapp.v3.lib.plugin.tracker.subject.AppInfo$AppInfoBuilder, com.meizu.statsapp.v3.lib.plugin.tracker.subject.AppInfo$1) took 131.337ms
03-23 17:08:11.772  7991  8002 W art     : Suspending all threads took: 1.242s
03-23 17:08:11.840  8786  8832 W dex2oat : Compilation of void com.meizu.statsapp.v3.lib.plugin.session.SessionController.onForeground() took 300.950ms
03-23 17:08:11.905  8786  8833 W dex2oat : Compilation of boolean com.meizu.statsapp.v3.lib.plugin.sdk.SDKInstanceImpl.isDebugMode() took 179.300ms
03-23 17:08:11.910  8786  8837 W dex2oat : Compilation of void com.meizu.statsapp.v3.lib.plugin.tracker.Tracker.addCommon(com.meizu.statsapp.v3.lib.plugin.payload.TrackerPayload) took 322.011ms
03-23 17:08:11.936  8786  8838 W dex2oat : Compilation of void com.meizu.statsapp.v3.lib.plugin.tracker.subject.AppInfo.add(java.lang.String, java.lang.String) took 176.378ms
03-23 17:08:11.968  8786  8834 W dex2oat : Compilation of void com.meizu.statsapp.v3.lib.plugin.secure.HttpKeyMgr.initCert(android.content.Context) took 394.754ms
03-23 17:08:11.976  8786  8839 W dex2oat : Compilation of void com.meizu.statsapp.v3.lib.plugin.tracker.subject.DeviceInfo.<init>(com.meizu.statsapp.v3.lib.plugin.tracker.subject.DeviceInfo$DeviceInfoBuilder) took 242.286ms
03-23 17:08:11.981  8786  8786 W dex2oat : Compilation of void com.meizu.statsapp.v3.lib.plugin.sdk.ConfigController.parseAndApply(java.lang.String) took 830.474ms
03-23 17:08:12.043  8786  8833 W dex2oat : Compilation of java.lang.String com.meizu.statsapp.v3.lib.plugin.sdk.SDKInstanceImpl.getSessionId() took 134.232ms
03-23 17:08:12.070  8786  8838 W dex2oat : Compilation of java.lang.String com.meizu.statsapp.v3.lib.plugin.tracker.subject.AppInfo.getChannelId(android.content.Context) took 134.440ms
03-23 17:08:12.081  8786  8835 W dex2oat : Compilation of boolean com.meizu.statsapp.v3.lib.plugin.sdk.UmidFetcher.handleResponse(com.meizu.statsapp.v3.lib.plugin.net.NetResponse) took 426.092ms
03-23 17:08:12.121  8786  8832 W dex2oat : Compilation of void com.meizu.statsapp.v3.lib.plugin.tracker.subject.Subject$SubjectBuilder.<init>() took 271.620ms
03-23 17:08:12.159  8786  8786 W dex2oat : Compilation of void com.meizu.statsapp.v3.lib.plugin.utils.FailureRestrict.addFail(java.lang.String) took 172.365ms
03-23 17:08:12.174  8786  8839 W dex2oat : Compilation of void com.meizu.statsapp.v3.lib.plugin.tracker.subject.DeviceInfo.setAndroidAdId(android.content.Context) took 195.818ms
03-23 17:08:12.227  8786  8838 W dex2oat : Compilation of java.lang.String com.meizu.statsapp.v3.lib.plugin.utils.FlymeOSUtils.getDisplaySize(android.content.Context) took 148.116ms
03-23 17:08:12.235  8786  8835 W dex2oat : Compilation of java.lang.String com.meizu.statsapp.v3.lib.plugin.sdk.UmidFetcher.snapshotFromSdcard() took 145.895ms
03-23 17:08:12.287  8786  8837 W dex2oat : Compilation of void com.meizu.statsapp.v3.lib.plugin.tracker.subject.Subject.<init>(com.meizu.statsapp.v3.lib.plugin.tracker.subject.Subject$SubjectBuilder) took 372.711ms
03-23 17:08:12.316  8786  8832 W dex2oat : Compilation of void com.meizu.statsapp.v3.lib.plugin.utils.IntervalTimer$1.<init>(com.meizu.statsapp.v3.lib.plugin.utils.IntervalTimer, android.os.Looper) took 187.596ms
03-23 17:08:12.358  8786  8839 W dex2oat : Compilation of void com.meizu.statsapp.v3.lib.plugin.tracker.subject.DeviceInfo.setAndroidId(android.content.Context) took 182.913ms
03-23 17:08:12.387  6890  6902 W art     : Suspending all threads took: 568.220ms
03-23 17:08:12.412  8786  8833 W dex2oat : Compilation of void com.meizu.statsapp.v3.lib.plugin.sdk.SDKInstanceImpl.onEvent(java.lang.String, java.lang.String, java.util.Map) took 302.978ms
03-23 17:08:12.416  3865  8886 E ActivityManager: Sending non-protected broadcast flyme.action.read_filter_notification_all from system 6284:com.android.systemui/u0a33 pkg com.android.systemui
03-23 17:08:12.416  3865  8886 E ActivityManager: java.lang.Throwable
03-23 17:08:12.416  3865  8886 E ActivityManager: 	at com.android.server.am.ActivityManagerService.checkBroadcastFromSystem(ActivityManagerService.java:17990)
03-23 17:08:12.416  3865  8886 E ActivityManager: 	at com.android.server.am.ActivityManagerService.broadcastIntentLocked(ActivityManagerService.java:18562)
03-23 17:08:12.416  3865  8886 E ActivityManager: 	at com.android.server.am.ActivityManagerService.broadcastIntent(ActivityManagerService.java:18653)
03-23 17:08:12.416  3865  8886 E ActivityManager: 	at android.app.ActivityManagerNative.onTransact(ActivityManagerNative.java:500)
03-23 17:08:12.416  3865  8886 E ActivityManager: 	at com.android.server.am.ActivityManagerService.onTransact(ActivityManagerService.java:2828)
03-23 17:08:12.416  3865  8886 E ActivityManager: 	at com.android.server.am.FlymeExtActivityManagerService.onTransact(FlymeExtActivityManagerService.java:76)
03-23 17:08:12.416  3865  8886 E ActivityManager: 	at android.os.Binder.execTransact(Binder.java:565)
03-23 17:08:12.427  8786  8832 W dex2oat : Compilation of void com.meizu.statsapp.v3.lib.plugin.utils.IntervalTimer$1.handleMessage(android.os.Message) took 110.853ms
03-23 17:08:12.441  3865  3955 E ActivityManager: Sending non-protected broadcast flyme.action.read_filter_notification_all from system 6284:com.android.systemui/u0a33 pkg com.android.systemui
03-23 17:08:12.441  3865  3955 E ActivityManager: java.lang.Throwable
03-23 17:08:12.441  3865  3955 E ActivityManager: 	at com.android.server.am.ActivityManagerService.checkBroadcastFromSystem(ActivityManagerService.java:17990)
03-23 17:08:12.441  3865  3955 E ActivityManager: 	at com.android.server.am.ActivityManagerService.broadcastIntentLocked(ActivityManagerService.java:18562)
03-23 17:08:12.441  3865  3955 E ActivityManager: 	at com.android.server.am.ActivityManagerService.broadcastIntent(ActivityManagerService.java:18653)
03-23 17:08:12.441  3865  3955 E ActivityManager: 	at android.app.ActivityManagerNative.onTransact(ActivityManagerNative.java:500)
03-23 17:08:12.441  3865  3955 E ActivityManager: 	at com.android.server.am.ActivityManagerService.onTransact(ActivityManagerService.java:2828)
03-23 17:08:12.441  3865  3955 E ActivityManager: 	at com.android.server.am.FlymeExtActivityManagerService.onTransact(FlymeExtActivityManagerService.java:7