--------- beginning of system
03-23 17:02:37.443  3042  3046 W vold    : Failed to read manufacturer from /sys//devices/hi_mci.1/mmc_host/mmc1/mmc1:0001/block/mmcblk1/device/manfid: No such file or directory
03-23 17:02:37.450  3042  3113 E vold    : Failed to prepare /data/user_de/0: No such file or directory
03-23 17:02:37.450  3042  3113 E vold    : Failed to prepare user 0 storage
03-23 17:03:41.147  3865  3865 W FileUtils: Failed to chmod(/data/system/packages.list): android.system.ErrnoException: chmod failed: ENOENT (No such file or directory)
03-23 17:03:41.149  3865  3865 W SystemConfig: No directory /system/etc/sysconfig, skipping
03-23 17:03:44.079  3865  4175 W PackageManager: Failed to parse /system/framework/flyme-res: Missing base APK in /system/framework/flyme-res
03-23 17:03:44.459  3865  4176 W PackageManager: Permission android.permission.PREVENT_POWER_KEY from package android in an unknown group android.permission-group.HARDWARE_CONTROLS
03-23 17:03:44.460  3865  4176 W PackageManager: Permission android.permission.RESET_BATTERY_STATS from package android in an unknown group android.permission-group.SYSTEM_TOOLS
03-23 17:03:44.538  3865  4188 E PackageManager: Package Package{8c05ee com.amap.android.location} has multiple bundled libs, but is not multiarch.
03-23 17:03:44.559  3865  4177 W PackageParser: Ignoring duplicate uses-permissions/uses-permissions-sdk-m: com.android.launcher.permission.INSTALL_SHORTCUT in package: com.android.browser at: Binary XML file line #140
03-23 17:03:44.559  3865  4177 W PackageParser: Ignoring duplicate uses-permissions/uses-permissions-sdk-m: com.android.launcher.permission.UNINSTALL_SHORTCUT in package: com.android.browser at: Binary XML file line #142
03-23 17:03:44.559  3865  4177 W PackageParser: Ignoring duplicate uses-permissions/uses-permissions-sdk-m: com.android.launcher.permission.READ_SETTINGS in package: com.android.browser at: Binary XML file line #144
03-23 17:03:44.601  3865  4176 W PackageParser: Unknown element under <application>: uses-permission at /system/priv-app/ContactsProvider/ContactsProvider.apk Binary XML file line #67
03-23 17:03:44.654  3865  4190 W PackageParser: Ignoring duplicate uses-permissions/uses-permissions-sdk-m: android.permission.PACKAGE_USAGE_STATS in package: com.meizu.customizecenter at: Binary XML file line #72
03-23 17:03:44.654  3865  4190 W PackageParser: Unknown element under <manifest>: meta-data at /system/priv-app/CustomizeCenter/CustomizeCenter.apk Binary XML file line #75
03-23 17:03:44.654  3865  4190 W PackageParser: Ignoring duplicate uses-permissions/uses-permissions-sdk-m: com.meizu.customizecenter.push.permission.MESSAGE in package: com.meizu.customizecenter at: Binary XML file line #83
03-23 17:03:44.690  3865  4188 W PackageManager: Permission com.meizu.flyme.childrenlauncher.permission.PRELOAD_WORKSPACE from package com.meizu.flyme.childrenlauncher in an unknown group android.permission-group.SYSTEM_TOOLS
03-23 17:03:44.690  3865  4188 W PackageManager: Permission com.android.launcher.permission.INSTALL_SHORTCUT from package com.meizu.flyme.childrenlauncher in an unknown group android.permission-group.SYSTEM_TOOLS
03-23 17:03:44.690  3865  4188 W PackageManager: Permission com.meizu.flyme.childrenlauncher.permission.UNINSTALL_SHORTCUT from package com.meizu.flyme.childrenlauncher in an unknown group android.permission-group.SYSTEM_TOOLS
03-23 17:03:44.690  3865  4188 W PackageManager: Permission com.meizu.flyme.childrenlauncher.permission.READ_SETTINGS from package com.meizu.flyme.childrenlauncher in an unknown group android.permission-group.SYSTEM_TOOLS
03-23 17:03:44.690  3865  4188 W PackageManager: Permission com.meizu.flyme.childrenlauncher.permission.WRITE_SETTINGS from package com.meizu.flyme.childrenlauncher in an unknown group android.permission-group.SYSTEM_TOOLS
03-23 17:03:44.701  3865  4189 W PackageParser: Ignoring duplicate uses-permissions/uses-permissions-sdk-m: android.permission.PACKAGE_USAGE_STATS in package: com.android.dialer at: Binary XML file line #70
03-23 17:03:44.724  3865  4175 W PackageParser: Unknown element under <manifest>: meta-data at /system/priv-app/DocumentsUI/DocumentsUI.apk Binary XML file line #21
03-23 17:03:44.726  3865  4189 W PackageParser: No actions in intent filter at /system/priv-app/Dialer/Dialer.apk Binary XML file line #154
03-23 17:03:44.889  3865  4176 W PackageParser: Unknown element under <manifest>: meta-data at /system/priv-app/EBook/EBook.apk Binary XML file line #80
03-23 17:03:44.953  3865  4188 W PackageManager: Permission android.permission.DOWNLOAD_WITHOUT_NOTIFICATION from package com.android.providers.downloads in an unknown group android.permission-group.NETWORK
03-23 17:03:45.034  3865  4190 W PackageParser: Unknown element under <manifest>: meta-data at /system/priv-app/Email/Email.apk Binary XML file line #106
03-23 17:03:45.137  3865  4188 W PackageParser: Ignoring duplicate uses-permissions/uses-permissions-sdk-m: android.permission.INTERACT_ACROSS_USERS_FULL in package: com.meizu.flyme.launcher at: Binary XML file line #149
03-23 17:03:45.202  3865  4188 E PackageManager: Package Package{a86a3a8 com.meizu.flyme.launcher} has multiple bundled libs, but is not multiarch.
03-23 17:03:45.204  3865  4188 W PackageManager: Permission com.meizu.flyme.launcher.permission.PRELOAD_WORKSPACE from package com.meizu.flyme.launcher in an unknown group android.permission-group.SYSTEM_TOOLS
03-23 17:03:45.204  3865  4188 W PackageManager: Permission com.android.launcher.permission.INSTALL_SHORTCUT from package com.meizu.flyme.launcher in an unknown group android.permission-group.SYSTEM_TOOLS
03-23 17:03:45.204  3865  4188 W PackageManager: Permission com.meizu.flyme.launcher.permission.UNINSTALL_SHORTCUT from package com.meizu.flyme.launcher in an unknown group android.permission-group.SYSTEM_TOOLS
03-23 17:03:45.204  3865  4188 W PackageManager: Permission com.meizu.flyme.launcher.permission.READ_SETTINGS from package com.meizu.flyme.launcher in an unknown group android.permission-group.SYSTEM_TOOLS
03-23 17:03:45.204  3865  4188 W PackageManager: Permission com.meizu.flyme.launcher.permission.WRITE_SETTINGS from package com.meizu.flyme.launcher in an unknown group android.permission-group.SYSTEM_TOOLS
03-23 17:03:45.224  3865  4177 W PackageParser: Unknown element under <manifest>: meta-data at /system/priv-app/Gallery/Gallery.apk Binary XML file line #105
03-23 17:03:45.225  3865  4177 W PackageParser: Ignoring duplicate uses-permissions/uses-permissions-sdk-m: android.permission.PACKAGE_USAGE_STATS in package: com.meizu.media.gallery at: Binary XML file line #113
03-23 17:03:45.264  3865  4188 W PackageParser: Ignoring duplicate uses-permissions/uses-permissions-sdk-m: com.meizu.c2dm.permission.RECEIVE in package: com.meizu.gamecenter.service at: Binary XML file line #39
03-23 17:03:45.264  3865  4188 W PackageParser: Unknown element under <manifest>: meta-data at /system/priv-app/GameSDKService/GameSDKService.apk Binary XML file line #49
03-23 17:03:45.325  3865  4190 W PackageManager: Permission com.android.email.permission.READ_ATTACHMENT from package com.android.email in an unknown group android.permission-group.MESSAGES
03-23 17:03:45.410  3865  4190 W PackageManager: Permission com.meizu.flyme.home.tools.permission.READ_SETTINGS from package com.meizu.flyme.hometools in an unknown group android.permission-group.SYSTEM_TOOLS
03-23 17:03:45.410  3865  4190 W PackageManager: Permission com.meizu.flyme.home.tools.permission.WRITE_SETTINGS from package com.meizu.flyme.hometools in an unknown group android.permission-group.SYSTEM_TOOLS
03-23 17:03:45.434  3865  4189 W PackageParser: Ignoring duplicate uses-permissions/uses-permissions-sdk-m: android.permission.READ_PROFILE in package: com.android.incallui at: Binary XML file line #14
03-23 17:03:45.491  3865  4175 W PackageManager: Permission com.android.launcher.permission.INSTALL_SHORTCUT from package com.meizu.flyme.easylauncher in an unknown group android.permission-group.SYSTEM_TOOLS
03-23 17:03:45.491  3865  4175 W PackageManager: Permission com.android.launcher.permission.UNINSTALL_SHORTCUT from package com.meizu.flyme.easylauncher in an unknown group android.permission-group.SYSTEM_TOOLS
03-23 17:03:45.491  3865  4175 W PackageManager: Permission com.android.launcher3.permission.READ_SETTINGS from package com.meizu.flyme.easylauncher in an unknown group android.permission-group.SYSTEM_TOOLS
03-23 17:03:45.491  3865  4175 W PackageManager: Permission com.android.launcher3.permission.WRITE_SETTINGS from package com.meizu.flyme.easylauncher in an unknown group android.permission-group.SYSTEM_TOOLS
03-23 17:03:45.510  3865  4190 W PackageParser: Ignoring duplicate uses-permissions/uses-permissions-sdk-m: android.permission.READ_LOGS in package: com.meizu.logreport at: Binary XML file line #18
03-23 17:03:45.511  3865  4190 W PackageParser: No actions in intent filter at /system/priv-app/LogReport/LogReport.apk Binary XML file line #57
03-23 17:03:45.511  3865  4190 W PackageParser: No actions in intent filter at /system/priv-app/LogReport/LogReport.apk Binary XML file line #66
03-23 17:03:45.512  3865  4190 W PackageParser: No actions in intent filter at /system/priv-app/LogReport/LogReport.apk Binary XML file line #75
03-23 17:03:45.512  3865  4190 W PackageParser: No actions in intent filter at /system/priv-app/LogReport/LogReport.apk Binary XML file line #84
03-23 17:03:45.546  3865  4176 W PackageManager: Permission com.meizu.permission.mtp.LOCK from package com.android.providers.media in an unknown group android.permission-group.SYSTEM_TOOLS
03-23 17:03:45.613  3865  4176 W PackageParser: Unknown element under <manifest>: meta-data at /system/priv-app/Mms/Mms.apk Binary XML file line #83
03-23 17:03:45.613  3865  4176 W PackageParser: Ignoring duplicate uses-permissions/uses-permissions-sdk-m: android.permission.READ_EXTERNAL_STORAGE in package: com.android.mms at: Binary XML file line #88
03-23 17:03:45.783  3865  4190 W PackageParser: Unknown element under <manifest>: meta-data at /system/priv-app/MzBackup/MzBackup.apk Binary XML file line #69
03-23 17:03:45.887  3865  4177 W PackageParser: Ignoring duplicate uses-permissions/uses-permissions-sdk-m: android.permission.READ_PHONE_STATE in package: com.meizu.flyme.input at: Binary XML file line #41
03-23 17:03:45.985  3865  4189 W PackageParser: Ignoring duplicate uses-permissions/uses-permissions-sdk-m: android.permission.PACKAGE_USAGE_STATS in package: com.meizu.netcontactservice at: Binary XML file line #88
03-23 17:03:46.099  3865  4176 W PackageManager: Permission com.android.mms.RECEIVE_SNS_MMS from package com.android.mms in an unknown group android.permission-group.MESSAGES
03-23 17:03:46.279  3865  4175 W PackageParser: Ignoring duplicate uses-permissions/uses-permissions-sdk-m: android.permission.USE_CREDENTIALS in package: com.android.settings at: Binary XML file line #47
03-23 17:03:46.279  3865  4175 W PackageParser: Ignoring duplicate uses-permissions/uses-permissions-sdk-m: android.permission.READ_SYNC_SETTINGS in package: com.android.settings at: Binary XML file line #52
03-23 17:03:46.279  3865  4175 W PackageParser: Ignoring duplicate uses-permissions/uses-permissions-sdk-m: android.permission.WRITE_SYNC_SETTINGS in package: com.android.settings at: Binary XML file line #53
03-23 17:03:46.316  3865  4175 W PackageParser: No actions in intent filter at /system/priv-app/Settings/Settings.apk Binary XML file line #393
03-23 17:03:46.322  3865  4175 W PackageParser: No actions in intent filter at /system/priv-app/Settings/Settings.apk Binary XML file line #460
03-23 17:03:46.340  3865  4175 W PackageParser: No actions in intent filter at /system/priv-app/Settings/Settings.apk Binary XML file line #1139
03-23 17:03:46.362  3865  4190 W PackageParser: Ignoring duplicate uses-permissions/uses-permissions-sdk-m: android.permission.INSTALL_GRANT_RUNTIME_PERMISSIONS in package: com.android.shell at: Binary XML file line #102
03-23 17:03:46.398  3865  4177 W PackageParser: Unknown element under <manifest>: meta-data at /system/priv-app/SoundRecorder/SoundRecorder.apk Binary XML file line #97
03-23 17:03:46.537  3865  4176 W PackageParser: Ignoring duplicate uses-permissions/uses-permissions-sdk-m: android.permission.RESET_FINGERPRINT_LOCKOUT in package: com.android.systemui at: Binary XML file line #79
03-23 17:03:46.538  3865  4176 W PackageParser: Ignoring duplicate uses-permissions/uses-permissions-sdk-m: android.permission.CONFIGURE_WIFI_DISPLAY in package: com.android.systemui at: Binary XML file line #82
03-23 17:03:46.538  3865  4176 W PackageParser: Ignoring duplicate uses-permissions/uses-permissions-sdk-m: android.permission.SET_WALLPAPER in package: com.android.systemui at: Binary XML file line #91
03-23 17:03:46.538  3865  4176 W PackageParser: Ignoring duplicate uses-permissions/uses-permissions-sdk-m: android.permission.WRITE_MEDIA_STORAGE in package: com.android.systemui at: Binary XML file line #101
03-23 17:03:46.539  3865  4176 W PackageParser: Ignoring duplicate uses-permissions/uses-permissions-sdk-m: android.permission.UPDATE_APP_OPS_STATS in package: com.android.systemui at: Binary XML file line #107
03-23 17:03:46.539  3865  4176 W PackageParser: Ignoring duplicate uses-permissions/uses-permissions-sdk-m: android.permission.CRYPT_KEEPER in package: com.android.systemui at: Binary XML file line #127
03-23 17:03:46.628  3865  4188 E PackageManager: Package Package{90d9f13 com.flyme.systemuiex} has multiple bundled libs, but is not multiarch.
03-23 17:03:46.715  3865  4177 W PackageParser: Ignoring duplicate uses-permissions/uses-permissions-sdk-m: android.permission.READ_PRIVILEGED_PHONE_STATE in package: com.android.phone at: Binary XML file line #82
03-23 17:03:46.716  3865  4177 W PackageParser: Ignoring duplicate uses-permissions/uses-permissions-sdk-m: android.permission.READ_PRIVILEGED_PHONE_STATE in package: com.android.phone at: Binary XML file line #132
03-23 17:03:46.785  3865  4190 W PackageParser: Ignoring duplicate uses-permissions/uses-permissions-sdk-m: android.permission.WRITE_EXTERNAL_STORAGE in package: com.meizu.media.video at: Binary XML file line #69
03-23 17:03:46.794  3865  4190 W PackageParser: No actions in intent filter at /system/priv-app/Video/Video.apk Binary XML file line #474
03-23 17:03:46.852  3865  4189 E PackageManager: Package Package{392f69d com.flyme.systemuitools} has multiple bundled libs, but is not multiarch.
03-23 17:03:47.032  3865  4177 W PackageParser: Ignoring duplicate uses-permissions/uses-permissions-sdk-m: android.permission.PACKAGE_USAGE_STATS in package: com.meizu.flyme.wallet at: Binary XML file line #102
03-23 17:03:47.054  3865  4189 W PackageParser: Ignoring duplicate uses-permissions/uses-permissions-sdk-m: android.permission.READ_EXTERNAL_STORAGE in package: com.meizu.yellowpage at: Binary XML file line #55
03-23 17:03:47.134  3865  4176 E PackageManager: Package Package{a025e54 com.android.systemui} has multiple bundled libs, but is not multiarch.
03-23 17:03:47.147  3865  4188 E PackageManager: Package Package{125601c com.meizu.voiceassistant} has multiple bundled libs, but is not multiarch.
03-23 17:03:47.371  3865  4176 W PackageParser: Ignoring duplicate uses-permissions/uses-permissions-sdk-m: com.meizu.flyme.push.permission.RECEIVE in package: com.meizu.mstore at: Binary XML file line #106
03-23 17:03:47.371  3865  4176 W PackageParser: Unknown element under <manifest>: meta-data at /system/app/AppCenter/AppCenter.apk Binary XML file line #120
03-23 17:03:47.391  3865  4188 W PackageParser: No actions in intent filter at /system/app/Bluetooth/Bluetooth.apk Binary XML file line #226
03-23 17:03:47.438  3865  4177 W PackageParser: Ignoring duplicate uses-permissions/uses-permissions-sdk-m: android.permission.READ_EXTERNAL_STORAGE in package: com.meizu.flyme.calculator at: Binary XML file line #47
03-23 17:03:47.471  3865  4189 W PackageParser: Unknown element under <manifest>: meta-data at /system/app/Calendar/Calendar.apk Binary XML file line #67
03-23 17:03:47.631  3865  4176 W PackageParser: Unknown element under <manifest>: meta-data at /system/app/CosMaster/CosMaster.apk Binary XML file line #29
03-23 17:03:47.636  3865  4176 W PackageParser: Ignoring duplicate uses-permissions/uses-permissions-sdk-m: android.permission.READ_EXTERNAL_STORAGE in package: com.flyme.virtual.softsim at: Binary XML file line #54
03-23 17:03:47.673  3865  4176 E PackageManager: Package Package{70ed003 com.flyme.virtual.softsim} has multiple bundled libs, but is not multiarch.
03-23 17:03:47.810  3865  4177 W PackageParser: Unknown element under <manifest>: meta-data at /system/app/FileManager/FileManager.apk Binary XML file line #98
03-23 17:03:47.817  3865  4177 W PackageParser: No actions in intent filter at /system/app/FileManager/FileManager.apk Binary XML file line #263
03-23 17:03:47.843  3865  4188 W PackageManager: Permission com.meizu.desktopbackup.permission.READ_WRITE_SYNC_INFO from package com.meizu.desktopbackup in an unknown group android.permission-group.PERSONAL_INFO
03-23 17:03:47.925  3865  4188 W PackageParser: Unknown element under <manifest>: meta-data at /system/app/GameCenter/GameCenter.apk Binary XML file line #62
03-23 17:03:47.925  3865  4188 W PackageParser: Unknown element under <manifest>: meta-data at /system/app/GameCenter/GameCenter.apk Binary XML file line #65
03-23 17:03:48.020  3865  4176 W PackageParser: Ignoring duplicate uses-permissions/uses-permissions-sdk-m: android.permission.MANAGE_ACCOUNTS in package: com.meizu.flyme.mall at: Binary XML file line #18
03-23 17:03:48.020  3865  4176 W PackageParser: Ignoring duplicate uses-permissions/uses-permissions-sdk-m: android.permission.USE_CREDENTIALS in package: com.meizu.flyme.mall at: Binary XML file line #19
03-23 17:03:48.020  3865  4176 W PackageParser: Unknown element under <manifest>: meta-data at /system/app/Mall/Mall.apk Binary XML file line #45
03-23 17:03:48.020  3865  4176 W PackageParser: Unknown element under <manifest>: meta-data at /system/app/Mall/Mall.apk Binary XML file line #48
03-23 17:03:48.021  3865  4176 W PackageParser: Unknown element under <manifest>: meta-data at /system/app/Mall/Mall.apk Binary XML file line #56
03-23 17:03:48.058  3865  4175 W PackageParser: Unknown element under <manifest>: meta-data at /system/app/MzBatteryManager/MzBatteryManager.apk Binary XML file line #70
03-23 17:03:48.070  3865  4175 W PackageParser: No actions in intent filter at /system/app/MzBatteryManager/MzBatteryManager.apk Binary XML file line #192
03-23 17:03:48.331  3865  4175 W PackageParser: Ignoring duplicate uses-permissions/uses-permissions-sdk-m: android.permission.PACKAGE_USAGE_STATS in package: com.meizu.account.pay at: Binary XML file line #37
03-23 17:03:48.385  3865  4189 W PackageParser: Ignoring duplicate uses-permissions/uses-permissions-sdk-m: android.permission.MANAGE_USERS in package: com.meizu.share at: Binary XML file line #80
03-23 17:03:48.385  3865  4190 W PackageParser: Unknown element under <manifest>: meta-data at /system/app/MzPhoneLocationService/MzPhoneLocationService.apk Binary XML file line #98
03-23 17:03:48.385  3865  4189 W PackageParser: Ignoring duplicate uses-permissions/uses-permissions-sdk-m: android.permission.SYSTEM_ALERT_WINDOW in package: com.meizu.share at: Binary XML file line #83
03-23 17:03:48.385  3865  4189 W PackageParser: Unknown element under <manifest>: meta-data at /system/app/MzShare/MzShare.apk Binary XML file line #89
03-23 17:03:48.385  3865  4189 W PackageParser: Ignoring duplicate uses-permissions/uses-permissions-sdk-m: android.permission.READ_EXTERNAL_STORAGE in package: com.meizu.share at: Binary XML file line #97
03-23 17:03:48.406  3865  4176 W PackageParser: Unknown element under <manifest>: meta-data at /system/app/MzSecurity/MzSecurity.apk Binary XML file line #184
03-23 17:03:48.423  3865  4176 W PackageParser: Unknown element under <application>: protected-broadcast at /system/app/MzSecurity/MzSecurity.apk Binary XML file line #750
03-23 17:03:48.427  3865  4176 W PackageParser: Unknown element under <application>: protected-broadcast at /system/app/MzSecurity/MzSecurity.apk Binary XML file line #935
03-23 17:03:48.428  3865  4176 W PackageParser: Unknown element under <application>: protected-broadcast at /system/app/MzSecurity/MzSecurity.apk Binary XML file line #936
03-23 17:03:48.430  3865  4176 W PackageParser: Unknown element under <application>: protected-broadcast at /system/app/MzSecurity/MzSecurity.apk Binary XML file line #1031
03-23 17:03:48.431  3865  4176 W PackageParser: Unknown element under <application>: protected-broadcast at /system/app/MzSecurity/MzSecurity.apk Binary XML file line #1052
03-23 17:03:48.431  3865  4176 W PackageParser: Unknown element under <application>: protected-broadcast at /system/app/MzSecurity/MzSecurity.apk Binary XML file line #1053
03-23 17:03:48.431  3865  4176 W PackageParser: Unknown element under <application>: protected-broadcast at /system/app/MzSecurity/MzSecurity.apk Binary XML file line #1054
03-23 17:03:48.431  3865  4176 W PackageParser: Unknown element under <application>: protected-broadcast at /system/app/MzSecurity/MzSecurity.apk Binary XML file line #1055
03-23 17:03:48.431  3865  4176 W PackageParser: Unknown element under <application>: protected-broadcast at /system/app/MzSecurity/MzSecurity.apk Binary XML file line #1082
03-23 17:03:48.433  3865  4176 W PackageParser: Unknown element under <application>: protected-broadcast at /system/app/MzSecurity/MzSecurity.apk Binary XML file line #1205
03-23 17:03:48.433  3865  4176 W PackageParser: Unknown element under <application>: protected-broadcast at /system/app/MzSecurity/MzSecurity.apk Binary XML file line #1206
03-23 17:03:48.436  3865  4177 W PackageParser: No actions in intent filter at /system/app/MzSyncService/MzSyncService.apk Binary XML file line #317
03-23 17:03:48.592  3865  4190 W PackageParser: Ignoring duplicate uses-permissions/uses-permissions-sdk-m: android.permission.CHANGE_WIFI_STATE in package: com.android.nfc at: Binary XML file line #47
03-23 17:03:48.592  3865  4190 W PackageParser: Ignoring duplicate uses-permissions/uses-permissions-sdk-m: android.permission.ACCESS_WIFI_STATE in package: com.android.nfc at: Binary XML file line #48
03-23 17:03:48.651  3865  4177 W PackageManager: Permission com.meizu.mzsyncservice.permission.READ_WRITE_SYNC_INFO from package com.meizu.mzsyncservice in an unknown group android.permission-group.PERSONAL_INFO
03-23 17:03:48.674  3865  4188 W PackageParser: Unknown element under <manifest>: meta-data at /system/app/NotePaper/NotePaper.apk Binary XML file line #13
03-23 17:03:48.675  3865  4188 W PackageParser: Unknown element under <manifest>: meta-data at /system/app/NotePaper/NotePaper.apk Binary XML file line #80
03-23 17:03:48.740  3865  4176 E PackageManager: Package Package{e7dbb6 com.meizu.safe} has multiple bundled libs, but is not multiarch.
03-23 17:03:48.740  3865  4177 W PackageParser: Ignoring duplicate uses-permissions/uses-permissions-sdk-m: android.permission.READ_EXTERNAL_STORAGE in package: com.meizu.net.pedometer at: Binary XML file line #46
03-23 17:03:48.770  3865  4175 E PackageManager: Package Package{638c95a com.flyme.netadmin} has multiple bundled libs, but is not multiarch.
03-23 17:03:48.808  3865  4189 E PackageManager: Package Package{71d5ab9 com.meizu.flyme.update} has multiple bundled libs, but is not multiarch.
03-23 17:03:48.856  3865  4190 W PackageParser: Unknown element under <manifest>: meta-data at /system/app/RoamingPay/RoamingPay.apk Binary XML file line #45
03-23 17:03:48.856  3865  4190 W PackageParser: Unknown element under <manifest>: meta-data at /system/app/RoamingPay/RoamingPay.apk Binary XML file line #48
03-23 17:03:48.856  3865  4190 W PackageParser: Ignoring duplicate uses-permissions/uses-permissions-sdk-m: android.permission.PACKAGE_USAGE_STATS in package: com.flyme.roamingpay at: Binary XML file line #54
03-23 17:03:48.864  3865  4175 W PackageParser: Ignoring duplicate uses-permissions/uses-permissions-sdk-m: android.permission.PACKAGE_USAGE_STATS in package: com.meizu.media.reader at: Binary XML file line #78
03-23 17:03:48.873  3865  4176 W PackageParser: Unknown element under <manifest>: meta-data at /system/app/Search/Search.apk Binary XML file line #90
03-23 17:03:48.879  3865  4176 W PackageParser: No actions in intent filter at /system/app/Search/Search.apk Binary XML file line #228
03-23 17:03:49.076  3865  4189 E PackageManager: Package Package{ac5a3f7 com.meizu.systemwallpaper} has multiple bundled libs, but is not multiarch.
03-23 17:03:49.150  3865  4175 W PackageManager: Non-privileged app; cap priority to 0; package: com.meizu.media.reader activity: com.meizu.media.reader.module.articlecontent.ArticleContentActivity origPrio: 100
03-23 17:03:49.279  3865  3865 E PackageManager: There should probably be exactly one setup wizard; found 0: matches=[]
03-23 17:03:49.280  3865  3865 W PackageManager: Protected action; cap priority to 0; package: com.android.packageinstaller activity: com.android.packageinstaller.PackageInstallerActivity origPrio: 1
03-23 17:03:49.280  3865  3865 W PackageManager: Protected action; cap priority to 0; package: com.meizu.netcontactservice activity: com.meizu.breakingscam.ui.BreakingScamActivity origPrio: 100
03-23 17:03:49.280  3865  3865 W PackageManager: Protected action; cap priority to 0; package: com.meizu.flyme.wallet activity: com.meizu.flyme.wallet.activity.LaunchHelperActivity origPrio: 100
03-23 17:03:49.280  3865  3865 W PackageManager: Package com.meizu.flyme.wallet desires unavailable shared library org.simalliance.openmobileapi; ignoring!
03-23 17:03:49.280  3865  3865 W PackageManager: Package com.meizu.media.gallery desires unavailable shared library com.google.android.media.effects; ignoring!
03-23 17:03:49.280  3865  3865 E PackageManager: updateAllSharedLibrariesLPw failed: Package com.flyme.virtual.softsim requires unavailable shared library com.qualcomm.uimremoteclientlibrary; failing!
03-23 17:03:49.281  3865  3865 E PackageManager: updateAllSharedLibrariesLPw failed: Package com.android.settings requires unavailable shared library com.qti.snapdragon.sdk.display; failing!
03-23 17:03:49.308  3865  3865 W PackageManager: Unknown permission android.permission.ROOT_RECOVERY_STATE in package com.flyme.roamingpay
03-23 17:03:49.308  3865  3865 W PackageManager: Unknown permission flyme.permission.ROOT_RECOVERY_STATE in package com.flyme.roamingpay
03-23 17:03:49.308  3865  3865 W PackageManager: Unknown permission com.redteamobile.virtual.permission.USE_SOFTSIM in package com.flyme.roamingpay
03-23 17:03:49.308  3865  3865 W PackageManager: Unknown permission com.meizu.flyme.push.permission.RECEIVE in package com.flyme.roamingpay
03-23 17:03:49.309  3865  3865 W PackageManager: Unknown permission com.android.launcher.permission.READ_SETTINGS in package com.meizu.net.pedometer
03-23 17:03:49.309  3865  3865 W PackageManager: Unknown permission com.meizu.flyme.push.permission.RECEIVE in package com.meizu.net.pedometer
03-23 17:03:49.309  3865  3865 W PackageManager: Unknown permission android.permission.ROOT_RECOVERY_STATE in package com.meizu.net.pedometer
03-23 17:03:49.309  3865  3865 W PackageManager: Unknown permission flyme.permission.ROOT_RECOVERY_STATE in package com.meizu.net.pedometer
03-23 17:03:49.309  3865  3865 W PackageManager: Unknown permission com.google.android.googleapps.permission.GOOGLE_AUTH in package com.android.providers.calendar
03-23 17:03:49.309  3865  3865 W PackageManager: Unknown permission com.google.android.googleapps.permission.GOOGLE_AUTH.cl in package com.android.providers.calendar
03-23 17:03:49.312  3865  3865 W PackageManager: Not granting permission android.permission.INTERACT_ACROSS_USERS_FULL to package com.android.providers.calendar (protectionLevel=258 flags=0x38083e45)
03-23 17:03:49.312  3865  3865 W PackageManager: Unknown permission flyme.permission.ROOT_RECOVERY_STATE in package com.android.providers.media
03-23 17:03:49.312  3865  3865 W PackageManager: Unknown permission com.android.launcher.permission.READ_SETTINGS in package com.meizu.flyme.launcher
03-23 17:03:49.312  3865  3865 W PackageManager: Unknown permission com.android.launcher.permission.WRITE_SETTINGS in package com.meizu.flyme.launcher
03-23 17:03:49.312  3865  3865 W PackageManager: Not granting permission com.android.permission.WHITELIST_BLUETOOTH_DEVICE to package com.meizu.flyme.launcher (protectionLevel=2 flags=0x3808be45)
03-23 17:03:49.312  3865  3865 W PackageManager: Unknown permission com.aliyun.permission.TYID_SERVICE in package com.meizu.flyme.launcher
03-23 17:03:49.313  3865  3865 W PackageManager: Unknown permission com.aliyun.ams.flyme.yunosaccount.permission.ACCOUNT_SERVICE in package com.meizu.flyme.launcher
03-23 17:03:49.313  3865  3865 W PackageManager: Unknown permission com.aliyun.ams.flyme.yunosaccount.permission.ACCOUNT_AUTHTOKEN in package com.meizu.flyme.launcher
03-23 17:03:49.313  3865  3865 W PackageManager: Unknown permission com.meizu.flyme.providers.forcetouch.permission.READ_SETTINGS in package com.meizu.flyme.launcher
03-23 17:03:49.313  3865  3865 W PackageManager: Unknown permission com.meizu.flyme.push.permission.RECEIVE in package com.meizu.flyme.launcher
03-23 17:03:49.313  3865  3865 W PackageManager: Not granting permission android.permission.START_ANY_ACTIVITY to package com.meizu.flyme.launcher (protectionLevel=2 flags=0x3808be45)
03-23 17:03:49.313  3865  3865 W PackageManager: Not granting permission android.permission.INTERACT_ACROSS_USERS_FULL to package com.meizu.flyme.launcher (protectionLevel=258 flags=0x3808be45)
03-23 17:03:49.313  3865  3865 W PackageManager: Unknown permission meizu.permission.BIND_PRIVACY_CONTROLER in package com.meizu.flyme.launcher
03-23 17:03:49.313  3865  3865 W PackageManager: Unknown permission meizu.permission.READ_PRIVACY in package com.meizu.flyme.launcher
03-23 17:03:49.313  3865  3865 W PackageManager: Unknown permission flyme.permission.ROOT_RECOVERY_STATE in package com.meizu.flyme.launcher
03-23 17:03:49.313  3865  3865 W PackageManager: Unknown permission android.permission.ROOT_RECOVERY_STATE in package com.meizu.flyme.launcher
03-23 17:03:49.314  3865  3865 W PackageManager: Unknown permission android.permission.READ_OWNER_DATA in package com.meizu.desktopbackup
03-23 17:03:49.314  3865  3865 W PackageManager: Unknown permission android.permission.WRITE_OWNER_DATA in package com.meizu.desktopbackup
03-23 17:03:49.314  3865  3865 W PackageManager: Unknown permission android.permission.BACKUP_ACCOUNTS in package com.meizu.desktopbackup
03-23 17:03:49.314  3865  3865 W PackageManager: Unknown permission android.permission.MEIZU_BACKUP_AND_RESTORE in package com.meizu.desktopbackup
03-23 17:03:49.314  3865  3865 W PackageManager: Unknown permission com.meizu.flyme.push.permission.RECEIVE in package com.meizu.desktopbackup
03-23 17:03:49.314  3865  3865 W PackageManager: Unknown permission com.meizu.c2dm.permission.RECEIVE in package com.meizu.desktopbackup
03-23 17:03:49.314  3865  3865 W PackageManager: Unknown permission flyme.permission.ROOT_RECOVERY_STATE in package com.meizu.desktopbackup
03-23 17:03:49.314  3865  3865 W PackageManager: Unknown permission android.permission.ROOT_RECOVERY_STATE in package com.meizu.desktopbackup
03-23 17:03:49.314  3865  3865 W PackageManager: Unknown permission com.meizu.flyme.push.permission.RECEIVE in package com.meizu.account.pay
03-23 17:03:49.314  3865  3865 W PackageManager: Unknown permission android.permission.ROOT_RECOVERY_STATE in package com.meizu.account.pay
03-23 17:03:49.314  3865  3865 W PackageManager: Unknown permission flyme.permission.ROOT_RECOVERY_STATE in package com.meizu.account.pay
03-23 17:03:49.314  3865  3865 W PackageManager: Unknown permission org.simalliance.openmobileapi.SMARTCARD in package com.meizu.account.pay
03-23 17:03:49.315  3865  3865 W PackageManager: Unknown permission com.meizu.flyme.providers.forcetouch.permission.READ_SETTINGS in package com.android.alarmclock
03-23 17:03:49.315  3865  3865 W PackageManager: Unknown permission com.meizu.flyme.providers.forcetouch.permission.WRITE_SETTINGS in package com.android.alarmclock
03-23 17:03:49.315  3865  3865 W PackageManager: Unknown permission flyme.permission.ROOT_RECOVERY_STATE in package com.android.alarmclock
03-23 17:03:49.315  3865  3865 W PackageManager: Unknown permission com.meizu.flyme.push.permission.RECEIVE in package com.android.alarmclock
03-23 17:03:49.315  3865  3865 W PackageManager: Unknown permission android.permission.ROOT_RECOVERY_STATE in package com.android.alarmclock
03-23 17:03:49.315  3865  3865 W PackageManager: Not granting permission android.permission.MOUNT_UNMOUNT_FILESYSTEMS to package com.iflytek.speechsuite (protectionLevel=18 flags=0x38083e45)
03-23 17:03:49.316  3865  3865 W PackageManager: Not granting permission android.permission.READ_LOGS to package com.iflytek.speechsuite (protectionLevel=50 flags=0x38083e45)
03-23 17:03:49.316  3865  3865 W PackageManager: Not granting permission android.permission.LOCAL_MAC_ADDRESS to package com.iflytek.speechsuite (protectionLevel=18 flags=0x38083e45)
03-23 17:03:49.316  3865  3865 W PackageManager: Not granting permission android.permission.READ_PRIVILEGED_PHONE_STATE to package com.iflytek.speechsuite (protectionLevel=18 flags=0x38083e45)
03-23 17:03:49.316  3865  3865 W PackageManager: Not granting permission android.permission.REAL_GET_TASKS to package com.iflytek.speechsuite (protectionLevel=18 flags=0x38083e45)
03-23 17:03:49.316  3865  3865 W PackageManager: Not granting permission android.permission.INTERACT_ACROSS_USERS_FULL to package com.iflytek.speechsuite (protectionLevel=258 flags=0x38083e45)
03-23 17:03:49.316  3865  3865 W PackageManager: Not granting permission android.permission.WRITE_MEDIA_STORAGE to package com.iflytek.speechsuite (protectionLevel=18 flags=0x38083e45)
03-23 17:03:49.316  3865  3865 W PackageManager: Unknown permission android.permission.RECEIVE_SMS_SUPER in package com.android.mms.service
03-23 17:03:49.317  3865  3865 W PackageManager: Unknown permission flyme.permission.ROOT_RECOVERY_STATE in package com.android.providers.downloads
03-23 17:03:49.317  3865  3865 W PackageManager: Not granting permission android.permission.INTERACT_ACROSS_USERS_FULL to package com.android.providers.downloads (protectionLevel=258 flags=0x3808be45)
03-23 17:03:49.317  3865  3865 W PackageManager: Unknown permission meizu.permission.BIND_PRIVACY_CONTROLER in package com.meizu.filemanager
03-23 17:03:49.317  3865  3865 W PackageManager: Unknown permission meizu.permission.READ_PRIVACY in package com.meizu.filemanager
03-23 17:03:49.317  3865  3865 W PackageManager: Unknown permission android.permission.READ_SMS_SUPER in package com.meizu.filemanager
03-23 17:03:49.318  3865  3865 W PackageManager: Unknown permission com.meizu.flyme.push.permission.RECEIVE in package com.meizu.filemanager
03-23 17:03:49.318  3865  3865 W PackageManager: Unknown permission flyme.permission.ROOT_RECOVERY_STATE in package com.meizu.filemanager
03-23 17:03:49.318  3865  3865 W PackageManager: Unknown permission android.permission.ROOT_RECOVERY_STATE in package com.meizu.filemanager
03-23 17:03:49.318  3865  3865 W PackageManager: Not granting permission android.permission.SEND_DOWNLOAD_COMPLETED_INTENTS to package com.android.browser (protectionLevel=2 flags=0x3849be45)
03-23 17:03:49.318  3865  3865 W PackageManager: Not granting permission android.permission.DEVICE_POWER to package com.android.browser (protectionLevel=2 flags=0x3849be45)
03-23 17:03:49.318  3865  3865 W PackageManager: Unknown permission android.permission.PERFORM_DEXOPT in package com.android.browser
03-23 17:03:49.318  3865  3865 W PackageManager: Unknown permission android.hardware.sensor.accelerometer in package com.android.browser
03-23 17:03:49.318  3865  3865 W PackageManager: Unknown permission android.permission.ROOT_RECOVERY_STATE in package com.android.browser
03-23 17:03:49.318  3865  3865 W PackageManager: Not granting permission android.permission.START_ANY_ACTIVITY to package com.android.browser (protectionLevel=2 flags=0x3849be45)
03-23 17:03:49.318  3865  3865 W PackageManager: Not granting permission android.permission.PEERS_MAC_ADDRESS to package com.android.browser (protectionLevel=2050 flags=0x3849be45)
03-23 17:03:49.319  3865  3865 W PackageManager: Not granting permission android.permission.ACCESS_ALL_DOWNLOADS to package com.android.browser (protectionLevel=2 flags=0x3849be45)
03-23 17:03:49.319  3865  3865 W PackageManager: Not granting permission android.permission.INTERACT_ACROSS_USERS_FULL to package com.android.browser (protectionLevel=258 flags=0x3849be45)
03-23 17:03:49.319  3865  3865 W PackageManager: Unknown permission com.meizu.flyme.push.permission.RECEIVE in package com.android.browser
03-23 17:03:49.319  3865  3865 W PackageManager: Unknown permission com.android.launcher.permission.READ_SETTINGS in package com.android.browser
03-23 17:03:49.319  3865  3865 W PackageManager: Unknown permission android.permission.READ_SETTINGS in package com.android.browser
03-23 17:03:49.319  3865  3865 W PackageManager: Unknown permission flyme.permission.ROOT_RECOVERY_STATE in package com.android.browser
03-23 17:03:49.319  3865  3865 W PackageManager: Not granting permission com.meizu.flyme.appcenter.permission.action.perform to package com.android.browser (protectionLevel=2 flags=0x3849be45)
03-23 17:03:49.319  3865  3865 W PackageManager: Unknown permission flyme.permission.ROOT_RECOVERY_STATE in package com.meizu.compaign
03-23 17:03:49.319  3865  3865 W PackageManager: Unknown permission com.meizu.flyme.push.permission.RECEIVE in package com.meizu.compaign
03-23 17:03:49.319  3865  3865 W PackageManager: Unknown permission com.meizu.c2dm.permission.RECEIVE in package com.meizu.compaign
03-23 17:03:49.319  3865  3865 W PackageManager: Unknown permission android.permission.ROOT_RECOVERY_STATE in package com.meizu.compaign
03-23 17:03:49.320  3865  3865 W PackageManager: Unknown permission com.android.voicemail.permission.READ_WRITE_ALL_VOICEMAIL in package com.android.soundrecorder
03-23 17:03:49.320  3865  3865 W PackageManager: Not granting permission com.android.permission.WHITELIST_BLUETOOTH_DEVICE to package com.android.soundrecorder (protectionLevel=2 flags=0x38483e45)
03-23 17:03:49.320  3865  3865 W PackageManager: Unknown permission com.android.usagestats.permission.READ_USAGESTATS in package com.android.soundrecorder
03-23 17:03:49.320  3865  3865 W PackageManager: Unknown permission com.android.usagestats.permission.WRITE_USAGESTATS in package com.android.soundrecorder
03-23 17:03:49.320  3865  3865 W PackageManager: Not granting permission android.permission.START_ANY_ACTIVITY to package com.android.soundrecorder (protectionLevel=2 flags=0x38483e45)
03-23 17:03:49.320  3865  3865 W PackageManager: Not granting permission android.permission.INTERACT_ACROSS_USERS_FULL to package com.android.soundrecorder (protectionLevel=258 flags=0x38483e45)
03-23 17:03:49.320  3865  3865 W PackageManager: Unknown permission flyme.permission.ROOT_RECOVERY_STATE in package com.android.soundrecorder
03-23 17:03:49.320  3865  3865 W PackageManager: Unknown permission com.meizu.flyme.push.permission.RECEIVE in package com.android.soundrecorder
03-23 17:03:49.320  3865  3865 W PackageManager: Unknown permission android.permission.ROOT_RECOVERY_STATE in package com.android.soundrecorder
03-23 17:03:49.321  3865  3865 W PackageManager: Unknown permission com.meizu.flyme.push.permission.RECEIVE in package com.meizu.backup
03-23 17:03:49.321  3865  3865 W PackageManager: Unknown permission flyme.permission.ROOT_RECOVERY_STATE in package com.meizu.backup
03-23 17:03:49.321  3865  3865 W PackageManager: Unknown permission android.permission.ROOT_RECOVERY_STATE in package com.meizu.backup
03-23 17:03:49.322  3865  3865 W PackageManager: Not granting permission android.permission.INTERACT_ACROSS_USERS_FULL to package com.android.providers.downloads.ui (protectionLevel=258 flags=0x38483e45)
03-23 17:03:49.322  3865  3865 W PackageManager: Not granting permission android.permission.START_ANY_ACTIVITY to package com.android.providers.downloads.ui (protectionLevel=2 flags=0x38483e45)
03-23 17:03:49.322  3865  3865 W PackageManager: Unknown permission android.permission.ROOT_RECOVERY_STATE in package com.meizu.flyme.update
03-23 17:03:49.322  3865  3865 W PackageManager: Unknown permission flyme.permission.ROOT_RECOVERY_STATE in package com.meizu.flyme.update
03-23 17:03:49.322  3865  3865 W PackageManager: Unknown permission com.meizu.flyme.push.permission.RECEIVE in package com.meizu.flyme.update
03-23 17:03:49.323  3865  3865 W PackageManager: Unknown permission org.simalliance.openmobileapi.SMARTCARD in package com.meizu.flyme.wallet
03-23 17:03:49.323  3865  3865 W PackageManager: Unknown permission com.meizu.flyme.push.permission.RECEIVE in package com.meizu.flyme.wallet
03-23 17:03:49.323  3865  3865 W PackageManager: Unknown permission com.meizu.c2dm.permission.RECEIVE in package com.meizu.flyme.wallet
03-23 17:03:49.323  3865  3865 W PackageManager: Unknown permission android.permission.ROOT_RECOVERY_STATE in package com.meizu.flyme.wallet
03-23 17:03:49.323  3865  3865 W PackageManager: Unknown permission flyme.permission.ROOT_RECOVERY_STATE in package com.meizu.flyme.wallet
03-23 17:03:49.323  3865  3865 W PackageManager: Unknown permission android.permission.READ_SETTINGS in package com.meizu.flyme.wallet
03-23 17:03:49.323  3865  3865 W PackageManager: Unknown permission com.meizu.safe.permission.ACCESS_APP_SHOW_ON_LOCKED_SCREED_PROVIDER in package android
03-23 17:03:49.324  3865  3865 W PackageManager: Unknown permission meizu.permission.BIND_PRIVACY_CONTROLER in package com.meizu.media.camera
03-23 17:03:49.324  3865  3865 W PackageManager: Unknown permission android.permission.ROOT_RECOVERY_STATE in package com.meizu.media.camera
03-23 17:03:49.324  3865  3865 W PackageManager: Unknown permission com.android.launcher.permission.READ_SETTINGS in package com.meizu.mstore
03-23 17:03:49.324  3865  3865 W PackageManager: Unknown permission com.meizu.flyme.push.permission.RECEIVE in package com.meizu.mstore
03-23 17:03:49.325  3865  3865 W PackageManager: Unknown permission android.permission.ROOT_RECOVERY_STATE in package com.meizu.mstore
03-23 17:03:49.325  3865  3865 W PackageManager: Unknown permission flyme.permission.ROOT_RECOVERY_STATE in package com.meizu.mstore
03-23 17:03:49.325  3865  3865 W PackageManager: Unknown permission android.permission.INSTALL_DRM in package com.android.mms
03-23 17:03:49.325  3865  3865 W PackageManager: Unknown permission com.meizu.flyme.push.permission.RECEIVE in package com.android.mms
03-23 17:03:49.326  3865  3865 W PackageManager: Unknown permission android.permission.RECEIVE_SMS_SUPER in package com.android.mms
03-23 17:03:49.326  3865  3865 W PackageManager: Unknown permission android.permission.RECEIVE_WAP_PUSH_SUPER in package com.android.mms
03-23 17:03:49.326  3865  3865 W PackageManager: Unknown permission com.meizu.permission.READ_SCENE_INFO in package com.android.mms
03-23 17:03:49.326  3865  3865 W PackageManager: Unknown permission com.meizu.flyme.providers.forcetouch.permission.READ_SETTINGS in package com.android.mms
03-23 17:03:49.326  3865  3865 W PackageManager: Unknown permission com.meizu.flyme.providers.forcetouch.permission.WRITE_SETTINGS in package com.android.mms
03-23 17:03:49.326  3865  3865 W PackageManager: Unknown permission com.meizu.remotecooperation.access.permission.JUMP in package com.android.mms
03-23 17:03:49.326  3865  3865 W PackageManager: Unknown permission android.permission.ROOT_RECOVERY_STATE in package com.android.mms
03-23 17:03:49.326  3865  3865 W PackageManager: Unknown permission android.webkit.permission.PLUGIN in package com.android.mms
03-23 17:03:49.326  3865  3865 W PackageManager: Unknown permission android.permission.NFC_UNLOCK in package com.android.nfc
03-23 17:03:49.327  3865  3865 W PackageManager: Unknown permission com.aliyun.note.permission.READ_WRITE in package com.meizu.net.search
03-23 17:03:49.327  3865  3865 W PackageManager: Unknown permission com.aliyun.permission.TYID_SERVICE in package com.meizu.net.search
03-23 17:03:49.327  3865  3865 W PackageManager: Unknown permission com.aliyun.ams.ta.TA in package com.meizu.net.search
03-23 17:03:49.327  3865  3865 W PackageManager: Not granting permission android.permission.CHANGE_CONFIGURATION to package com.meizu.net.search (protectionLevel=50 flags=0x38083e45)
03-23 17:03:49.327  3865  3865 W PackageManager: Unknown permission com.yunos.permission.LOCATED in package com.meizu.net.search
03-23 17:03:49.327  3865  3865 W PackageManager: Unknown permission com.yunos.lbs.permission.ACCESS_LOCATION in package com.meizu.net.search
03-23 17:03:49.327  3865  3865 W PackageManager: Not granting permission com.meizu.flyme.permission.UPDATE to package com.meizu.net.search (protectionLevel=18 flags=0x38083e45)
03-23 17:03:49.327  3865  3865 W PackageManager: Not granting permission com.meizu.flyme.appcenter.permission.action.perform to package com.meizu.net.search (protectionLevel=2 flags=0x38083e45)
03-23 17:03:49.327  3865  3865 W PackageManager: Not granting permission android.permission.READ_FRAME_BUFFER to package com.meizu.net.search (protectionLevel=18 flags=0x38083e45)
03-23 17:03:49.327  3865  3865 W PackageManager: Not granting permission android.permission.INSTALL_PACKAGES to package com.meizu.net.search (protectionLevel=18 flags=0x38083e45)
03-23 17:03:49.328  3865  3865 W PackageManager: Not granting permission android.permission.WRITE_SECURE_SETTINGS to package com.meizu.net.search (protectionLevel=50 flags=0x38083e45)
03-23 17:03:49.328  3865  3865 W PackageManager: Not granting permission com.meizu.permission.SEARCH_SETTINGS to package com.meizu.net.search (protectionLevel=2 flags=0x38083e45)
03-23 17:03:49.328  3865  3865 W PackageManager: Not granting permission android.permission.READ_SEARCH_INDEXABLES to package com.meizu.net.search (protectionLevel=18 flags=0x38083e45)
03-23 17:03:49.328  3865  3865 W PackageManager: Not granting permission android.permission.START_ANY_ACTIVITY to package com.meizu.net.search (protectionLevel=2 flags=0x38083e45)
03-23 17:03:49.328  3865  3865 W PackageManager: Not granting permission android.permission.STATUS_BAR to package com.meizu.net.search (protectionLevel=18 flags=0x38083e45)
03-23 17:03:49.328  3865  3865 W PackageManager: Not granting permission android.permission.PEERS_MAC_ADDRESS to package com.meizu.net.search (protectionLevel=2050 flags=0x38083e45)
03-23 17:03:49.328  3865  3865 W PackageManager: Not granting permission android.permission.READ_PRIVILEGED_PHONE_STATE to package com.meizu.net.search (protectionLevel=18 flags=0x38083e45)
03-23 17:03:49.328  3865  3865 W PackageManager: Not granting permission android.permission.REAL_GET_TASKS to package com.meizu.net.search (protectionLevel=18 flags=0x38083e45)
03-23 17:03:49.328  3865  3865 W PackageManager: Not granting permission android.permission.INTERACT_ACROSS_USERS_FULL to package com.meizu.net.search (protectionLevel=258 flags=0x38083e45)
03-23 17:03:49.328  3865  3865 W PackageManager: Not granting permission android.permission.WRITE_MEDIA_STORAGE to package com.meizu.net.search (protectionLevel=18 flags=0x38083e45)
03-23 17:03:49.328  3865  3865 W PackageManager: Unknown permission com.meizu.flyme.push.permission.RECEIVE in package com.meizu.net.search
03-23 17:03:49.328  3865  3865 W PackageManager: Unknown permission com.meizu.c2dm.permission.RECEIVE in package com.meizu.net.search
03-23 17:03:49.328  3865  3865 W PackageManager: Not granting permission android.permission.LOCAL_MAC_ADDRESS to package com.meizu.net.search (protectionLevel=18 flags=0x38083e45)
03-23 17:03:49.328  3865  3865 W PackageManager: Unknown permission android.permission.ROOT_RECOVERY_STATE in package com.meizu.net.search
03-23 17:03:49.328  3865  3865 W PackageManager: Unknown permission flyme.permission.ROOT_RECOVERY_STATE in package com.meizu.net.search
03-23 17:03:49.328  3865  3865 W PackageManager: Unknown permission flyme.permission.READPROC in package com.meizu.perfui
03-23 17:03:49.328  3865  3865 W PackageManager: Not granting permission android.permission.INSTALL_PACKAGES to package com.meizu.notepaper (protectionLevel=18 flags=0x38583e45)
03-23 17:03:49.328  3865  3865 W PackageManager: Not granting permission android.permission.MOUNT_UNMOUNT_FILESYSTEMS to package com.meizu.notepaper (protectionLevel=18 flags=0x38583e45)
03-23 17:03:49.328  3865  3865 W PackageManager: Not granting permission com.android.permission.WHITELIST_BLUETOOTH_DEVICE to package com.meizu.notepaper (protectionLevel=2 flags=0x38583e45)
03-23 17:03:49.328  3865  3865 W PackageManager: Not granting permission android.permission.INTERACT_ACROSS_USERS to package com.meizu.notepaper (protectionLevel=50 flags=0x38583e45)
03-23 17:03:49.328  3865  3865 W PackageManager: Not granting permission android.permission.MANAGE_USERS to package com.meizu.notepaper (protectionLevel=18 flags=0x38583e45)
03-23 17:03:49.329  3865  3865 W PackageManager: Not granting permission com.meizu.flyme.permission.UPDATE to package com.meizu.notepaper (protectionLevel=18 flags=0x38583e45)
03-23 17:03:49.329  3865  3865 W PackageManager: Unknown permission flyme.permission.ROOT_RECOVERY_STATE in package com.meizu.notepaper
03-23 17:03:49.329  3865  3865 W PackageManager: Unknown permission android.permission.ROOT_RECOVERY_STATE in package com.meizu.notepaper
