03-23 17:04:50.656  3865  4698 W PackageManager: Unknown permission android.permission.ROOT_RECOVERY_STATE in package com.meizu.media.gallery
03-23 17:04:50.656  3865  4698 W PackageManager: Unknown permission flyme.permission.ROOT_RECOVERY_STATE in package com.meizu.media.gallery
03-23 17:04:50.656  3865  4698 W PackageManager: Unknown permission com.meizu.flyme.providers.forcetouch.permission.READ_SETTINGS in package com.meizu.media.gallery
03-23 17:04:50.656  3865  4698 W PackageManager: Unknown permission com.meizu.flyme.providers.forcetouch.permission.WRITE_SETTINGS in package com.meizu.media.gallery
03-23 17:04:50.656  3865  4698 W PackageManager: Unknown permission com.meizu.compaign.permission.READ_SDK_INFO in package com.meizu.media.gallery
03-23 17:04:50.656  3865  4698 W PackageManager: Unknown permission com.meizu.compaign.permission.SEND_NOTIFICATION in package com.meizu.media.gallery
03-23 17:04:50.656  3865  4698 W PackageManager: Unknown permission android.webkit.permission.PLUGIN in package com.meizu.media.gallery
03-23 17:04:50.656  3865  4698 W PackageManager: Unknown permission android.permission.WRITE_OWNER_DATA in package com.meizu.logreport
03-23 17:04:50.656  3865  4698 W PackageManager: Unknown permission android.permission.MOUNT_UNMOUNT_FILESYSTEM in package com.meizu.logreport
03-23 17:04:50.657  3865  4698 W PackageManager: Unknown permission android.permission.ROOT_RECOVERY_STATE in package com.meizu.logreport
03-23 17:04:50.657  3865  4698 W PackageManager: Unknown permission flyme.permission.ROOT_RECOVERY_STATE in package com.meizu.logreport
03-23 17:04:50.657  3865  4698 W PackageManager: Unknown permission flyme.permission.ROOT_RECOVERY_STATE in package com.meizu.alphame
03-23 17:04:50.657  3865  4698 W PackageManager: Unknown permission android.permission.ROOT_RECOVERY_STATE in package com.meizu.alphame
03-23 17:04:50.657  3865  4698 W PackageManager: Unknown permission flyme.permission.ROOT_RECOVERY_STATE in package com.flyme.netadmin
03-23 17:04:50.657  3865  4698 W PackageManager: Unknown permission com.meizu.flyme.push.permission.RECEIVE in package com.flyme.netadmin
03-23 17:04:50.657  3865  4698 W PackageManager: Unknown permission android.permission.ROOT_RECOVERY_STATE in package com.flyme.netadmin
03-23 17:04:50.657  3865  4698 W PackageManager: Not granting permission android.permission.INSTALL_PACKAGES to package com.meizu.flyme.mall (protectionLevel=18 flags=0x38c8be45)
03-23 17:04:50.657  3865  4698 W PackageManager: Not granting permission com.meizu.flyme.permission.UPDATE to package com.meizu.flyme.mall (protectionLevel=18 flags=0x38c8be45)
03-23 17:04:50.657  3865  4698 W PackageManager: Not granting permission android.permission.INTERACT_ACROSS_USERS to package com.meizu.flyme.mall (protectionLevel=50 flags=0x38c8be45)
03-23 17:04:50.657  3865  4698 W PackageManager: Unknown permission com.meizu.flyme.push.permission.RECEIVE in package com.meizu.flyme.mall
03-23 17:04:50.657  3865  4698 W PackageManager: Not granting permission com.meizu.stats.permission.READ_USAGESTATS to package com.meizu.flyme.mall (protectionLevel=18 flags=0x38c8be45)
03-23 17:04:50.658  3865  4698 W PackageManager: Not granting permission android.permission.LOCAL_MAC_ADDRESS to package com.meizu.flyme.mall (protectionLevel=18 flags=0x38c8be45)
03-23 17:04:50.658  3865  4698 W PackageManager: Unknown permission android.permission.ROOT_RECOVERY_STATE in package com.meizu.flyme.mall
03-23 17:04:50.658  3865  4698 W PackageManager: Unknown permission flyme.permission.ROOT_RECOVERY_STATE in package com.meizu.flyme.mall
03-23 17:04:50.658  3865  4698 W PackageManager: Not granting permission android.permission.REAL_GET_TASKS to package com.meizu.flyme.mall (protectionLevel=18 flags=0x38c8be45)
03-23 17:04:50.658  3865  4698 W PackageManager: Unknown permission flyme.permission.ROOT_RECOVERY_STATE in package com.meizu.voiceassistant
03-23 17:04:50.658  3865  4698 W PackageManager: Unknown permission com.meizu.flyme.push.permission.RECEIVE in package com.meizu.voiceassistant
03-23 17:04:50.658  3865  4698 W PackageManager: Unknown permission android.permission.ROOT_RECOVERY_STATE in package com.meizu.voiceassistant
03-23 17:04:50.658  3865  4698 W PackageManager: Unknown permission com.meizu.flyme.push.permission.RECEIVE in package com.meizu.cloud
03-23 17:04:50.658  3865  4698 W PackageManager: Unknown permission android.permission.ROOT_RECOVERY_STATE in package com.meizu.cloud
03-23 17:04:50.658  3865  4698 W PackageManager: Unknown permission flyme.permission.ROOT_RECOVERY_STATE in package com.meizu.cloud
03-23 17:04:50.658  3865  4698 W PackageManager: Unknown permission android.permission.READ_SMS_SUPER in package com.meizu.setup
03-23 17:04:50.658  3865  4698 W PackageManager: Unknown permission android.provider.Telephony.SMS_RECEIVED in package com.meizu.setup
03-23 17:04:50.659  3865  4698 W PackageManager: Unknown permission android.permission.ROOT_RECOVERY_STATE in package com.meizu.setup
03-23 17:04:50.659  3865  4698 W PackageManager: Unknown permission com.google.android.gallery3d.permission.GALLERY_PROVIDER in package com.meizu.share
03-23 17:04:50.659  3865  4698 W PackageManager: Unknown permission com.android.gallery3d.permission.GALLERY_PROVIDER in package com.meizu.share
03-23 17:04:50.659  3865  4698 W PackageManager: Unknown permission com.google.android.gm.permission.READ_GMAIL in package com.meizu.share
03-23 17:04:50.659  3865  4698 W PackageManager: Unknown permission com.meizu.flyme.push.permission.RECEIVE in package com.meizu.share
03-23 17:04:50.659  3865  4698 W PackageManager: Unknown permission flyme.permission.ROOT_RECOVERY_STATE in package com.meizu.share
03-23 17:04:50.659  3865  4698 W PackageManager: Unknown permission android.permission.ROOT_RECOVERY_STATE in package com.meizu.share
03-23 17:04:50.659  3865  4698 W PackageManager: Unknown permission com.android.launcher.permission.READ_SETTINGS in package com.meizu.flyme.easylauncher
03-23 17:04:50.659  3865  4698 W PackageManager: Unknown permission com.android.launcher.permission.WRITE_SETTINGS in package com.meizu.flyme.easylauncher
03-23 17:04:50.659  3865  4698 W PackageManager: Unknown permission android.permission.ROOT_RECOVERY_STATE in package com.meizu.flyme.easylauncher
03-23 17:04:50.660  3865  4698 W PackageManager: Unknown permission flyme.permission.ROOT_RECOVERY_STATE in package com.meizu.flyme.easylauncher
03-23 17:04:50.660  3865  4698 W PackageManager: Unknown permission com.qualcomm.permission.UIM_REMOTE_CLIENT in package com.flyme.virtual.softsim
03-23 17:04:50.660  3865  4698 W PackageManager: Unknown permission com.android.vendors.bridge.permission.USE_SOFTSIM in package com.flyme.virtual.softsim
03-23 17:04:50.660  3865  4698 W PackageManager: Unknown permission android.permission.ROOT_RECOVERY_STATE in package com.flyme.virtual.softsim
03-23 17:04:50.660  3865  4698 W PackageManager: Unknown permission com.google.android.googleapps.permission.GOOGLE_AUTH in package com.android.settings
03-23 17:04:50.660  3865  4698 W PackageManager: Unknown permission com.android.launcher.permission.READ_SETTINGS in package com.android.settings
03-23 17:04:50.660  3865  4698 W PackageManager: Unknown permission com.android.launcher.permission.WRITE_SETTINGS in package com.android.settings
03-23 17:04:50.661  3865  4698 W PackageManager: Unknown permission meizu.permission.BIND_PRIVACY_CONTROLER in package com.android.settings
03-23 17:04:50.661  3865  4698 W PackageManager: Unknown permission meizu.permission.SWITCH_SYSTEM_MODES in package com.android.settings
03-23 17:04:50.661  3865  4698 W PackageManager: Unknown permission android.permission.ROOT_RECOVERY_STATE in package com.meizu.battery
03-23 17:04:50.661  3865  4698 W PackageManager: Unknown permission flyme.permission.ROOT_RECOVERY_STATE in package com.meizu.battery
03-23 17:04:50.662  3865  4698 W PackageManager: Unknown permission flyme.permission.ROOT_RECOVERY_STATE in package com.meizu.mzsyncservice
03-23 17:04:50.662  3865  4698 W PackageManager: Unknown permission com.meizu.flyme.push.permission.RECEIVE in package com.meizu.mzsyncservice
03-23 17:04:50.662  3865  4698 W PackageManager: Unknown permission android.permission.ROOT_RECOVERY_STATE in package com.meizu.mzsyncservice
03-23 17:04:50.662  3865  4698 W PackageManager: Not granting permission android.permission.BATTERY_STATS to package com.vlife.mxlock.wallpaper (protectionLevel=50 flags=0x38883e45)
03-23 17:04:50.662  3865  4698 W PackageManager: Unknown permission com.meizu.flyme.push.permission.RECEIVE in package com.meizu.flyme.input
03-23 17:04:50.662  3865  4698 W PackageManager: Unknown permission com.meizu.flyme.subdisplay.permission.GLINT_EVENT in package com.meizu.flyme.input
03-23 17:04:50.662  3865  4698 W PackageManager: Not granting permission android.permission.START_ANY_ACTIVITY to package com.meizu.flyme.input (protectionLevel=2 flags=0x38c83e45)
03-23 17:04:50.662  3865  4698 W PackageManager: Not granting permission android.permission.INTERACT_ACROSS_USERS_FULL to package com.meizu.flyme.input (protectionLevel=258 flags=0x38c83e45)
03-23 17:04:50.662  3865  4698 W PackageManager: Unknown permission android.permission.WRITE_SYSTEM_SETTINGS in package com.meizu.flyme.input
03-23 17:04:50.662  3865  4698 W PackageManager: Unknown permission android.permission.ROOT_RECOVERY_STATE in package com.meizu.flyme.input
03-23 17:04:50.662  3865  4698 W PackageManager: Unknown permission flyme.permission.ROOT_RECOVERY_STATE in package com.meizu.flyme.input
03-23 17:04:50.662  3865  4698 W PackageManager: Unknown permission android.permission.ROOT_RECOVERY_STATE in package com.android.email
03-23 17:04:50.662  3865  4698 W PackageManager: Unknown permission flyme.permission.ROOT_RECOVERY_STATE in package com.android.email
03-23 17:04:50.662  3865  4698 W PackageManager: Unknown permission com.meizu.flyme.push.permission.RECEIVE in package com.android.email
03-23 17:04:50.662  3865  4698 W PackageManager: Unknown permission com.meizu.flyme.providers.forcetouch.permission.READ_SETTINGS in package com.android.email
03-23 17:04:50.662  3865  4698 W PackageManager: Unknown permission com.meizu.flyme.providers.forcetouch.permission.WRITE_SETTINGS in package com.android.email
03-23 17:04:50.663  3865  4698 W PackageManager: Unknown permission android.permission.ROOT_RECOVERY_STATE in package com.meizu.flyme.service.find
03-23 17:04:50.663  3865  4698 W PackageManager: Unknown permission flyme.permission.ROOT_RECOVERY_STATE in package com.meizu.flyme.service.find
03-23 17:04:50.664  3865  4698 W PackageManager: Unknown permission com.mediatek.ppl.permission.ACCESS_PPL_MANAGER in package com.android.phone
03-23 17:04:50.664  3865  4698 W PackageManager: Unknown permission android.permission.READ_REJECT in package com.android.phone
03-23 17:04:50.664  3865  4698 W PackageManager: Unknown permission com.meizu.flyme.push.permission.RECEIVE in package com.android.phone
03-23 17:04:50.664  3865  4698 W PackageManager: Unknown permission meizu.permission.FLYME_TELECOM in package com.android.phone
03-23 17:04:50.664  3865  4698 W PackageManager: Unknown permission meizu.permission.CALLBACK_OPEN in package com.android.phone
03-23 17:04:50.664  3865  4698 W PackageManager: Unknown permission meizu.permission.FLYME_TELECOM_PROVIDER_READ in package com.android.phone
03-23 17:04:50.665  3865  4698 W PackageManager: Unknown permission android.permission.ROOT_RECOVERY_STATE in package com.meizu.customizecenter
03-23 17:04:50.665  3865  4698 W PackageManager: Unknown permission flyme.permission.ROOT_RECOVERY_STATE in package com.meizu.customizecenter
03-23 17:04:50.666  3865  4698 W PackageManager: Unknown permission com.meizu.flyme.providers.forcetouch.permission.READ_SETTINGS in package com.meizu.customizecenter
03-23 17:04:50.666  3865  4698 W PackageManager: Unknown permission com.meizu.flyme.providers.forcetouch.permission.WRITE_SETTINGS in package com.meizu.customizecenter
03-23 17:04:50.666  3865  4698 W PackageManager: Unknown permission com.meizu.flyme.push.permission.RECEIVE in package com.meizu.customizecenter
03-23 17:04:50.666  3865  4698 W PackageManager: Unknown permission com.meizu.c2dm.permission.RECEIVE in package com.meizu.customizecenter
03-23 17:04:50.666  3865  4698 W PackageManager: Unknown permission com.meizu.compaign.permission.READ_SDK_INFO in package com.meizu.customizecenter
03-23 17:04:50.666  3865  4698 W PackageManager: Unknown permission com.meizu.compaign.permission.SEND_NOTIFICATION in package com.meizu.customizecenter
03-23 17:04:50.666  3865  4698 W PackageManager: Unknown permission android.permission.ROOT_RECOVERY_STATE in package com.meizu.flyme.gamecenter
03-23 17:04:50.666  3865  4698 W PackageManager: Unknown permission flyme.permission.ROOT_RECOVERY_STATE in package com.meizu.flyme.gamecenter
03-23 17:04:50.666  3865  4698 W PackageManager: Unknown permission com.meizu.flyme.push.permission.RECEIVE in package com.meizu.flyme.gamecenter
03-23 17:04:50.666  3865  4698 W PackageManager: Unknown permission com.meizu.c2dm.permission.RECEIVE in package com.meizu.flyme.gamecenter
03-23 17:04:50.666  3865  4698 W PackageManager: Unknown permission com.meizu.compaign.permission.READ_SDK_INFO in package com.meizu.flyme.gamecenter
03-23 17:04:50.666  3865  4698 W PackageManager: Unknown permission com.meizu.compaign.permission.SEND_NOTIFICATION in package com.meizu.flyme.gamecenter
03-23 17:04:50.667  3865  4698 W PackageManager: Unknown permission com.fingerprints.service.ACCESS_FINGERPRINT_MANAGER in package com.android.systemui
03-23 17:04:50.668  3865  4698 W PackageManager: Unknown permission android.Manifest.permission.FORCE_STOP_PACKAGES in package com.android.systemui
03-23 17:04:50.668  3865  4698 W PackageManager: Unknown permission flyme.permission.ROOT_RECOVERY_STATE in package com.android.systemui
03-23 17:04:50.668  3865  4698 W PackageManager: Unknown permission meizu.permission.SWITCH_SYSTEM_MODES in package com.android.systemui
03-23 17:04:50.668  3865  4698 W PackageManager: Unknown permission android.Manifest.permission.READ_PRIVILEGED_PHONE_STATE in package com.android.systemui
03-23 17:04:50.668  3865  4698 W PackageManager: Unknown permission android.permission.ROOT_RECOVERY_STATE in package com.android.systemui
03-23 17:04:50.668  3865  4698 W PackageManager: Unknown permission android.permission.SET_APPLICATION_ERROR_LISTENER in package com.meizu.experiencedatasync
03-23 17:04:50.668  3865  4698 W PackageManager: Unknown permission com.android.usagestats.permission.READ_USAGESTATS in package com.meizu.experiencedatasync
03-23 17:04:50.668  3865  4698 W PackageManager: Unknown permission com.android.usagestats.permission.WRITE_USAGESTATS in package com.meizu.experiencedatasync
03-23 17:04:50.668  3865  4698 W PackageManager: Unknown permission flyme.permission.ROOT_RECOVERY_STATE in package com.meizu.experiencedatasync
03-23 17:04:50.668  3865  4698 W PackageManager: Unknown permission com.android.voicemail.permission.READ_WRITE_ALL_VOICEMAIL in package com.meizu.callsetting
03-23 17:04:50.668  3865  4698 W PackageManager: Unknown permission com.android.usagestats.permission.READ_USAGESTATS in package com.meizu.callsetting
03-23 17:04:50.668  3865  4698 W PackageManager: Unknown permission com.android.usagestats.permission.WRITE_USAGESTATS in package com.meizu.callsetting
03-23 17:04:50.669  3865  4698 W PackageManager: Unknown permission meizu.permission.FLYME_TELECOM in package com.meizu.callsetting
03-23 17:04:50.669  3865  4698 W PackageManager: Unknown permission meizu.permission.FLYME_TELECOM_PROVIDER_READ in package com.meizu.callsetting
03-23 17:04:50.669  3865  4698 W PackageManager: Unknown permission com.meizu.cloud.permission.CLOUD_PROVIDER_WRITE in package com.meizu.callsetting
03-23 17:04:50.669  3865  4698 W PackageManager: Unknown permission android.permission.ROOT_RECOVERY_STATE in package com.meizu.callsetting
03-23 17:04:50.669  3865  4698 W PackageManager: Unknown permission flyme.permission.ROOT_RECOVERY_STATE in package com.meizu.callsetting
03-23 17:04:50.669  3865  4698 W PackageManager: Unknown permission meizu.permission.FLYME_TELECOM in package com.meizu.netcontactservice
03-23 17:04:50.669  3865  4698 W PackageManager: Unknown permission flyme.permission.ROOT_RECOVERY_STATE in package com.meizu.netcontactservice
03-23 17:04:50.669  3865  4698 W PackageManager: Unknown permission com.meizu.flyme.push.permission.RECEIVE in package com.meizu.netcontactservice
03-23 17:04:50.669  3865  4698 W PackageManager: Unknown permission android.permission.ROOT_RECOVERY_STATE in package com.meizu.netcontactservice
03-23 17:04:50.670  3865  4698 W PackageManager: Unknown permission com.google.android.gallery3d.permission.GALLERY_PROVIDER in package com.android.bluetooth
03-23 17:04:50.670  3865  4698 W PackageManager: Unknown permission com.android.gallery3d.permission.GALLERY_PROVIDER in package com.android.bluetooth
03-23 17:04:50.670  3865  4698 W PackageManager: Unknown permission android.permission.ROOT_RECOVERY_STATE in package com.meizu.media.life
03-23 17:04:50.670  3865  4698 W PackageManager: Unknown permission flyme.permission.ROOT_RECOVERY_STATE in package com.meizu.media.life
03-23 17:04:50.670  3865  4698 W PackageManager: Not granting permission android.permission.CHANGE_CONFIGURATION to package com.meizu.media.life (protectionLevel=50 flags=0x38c83e45)
03-23 17:04:50.670  3865  4698 W PackageManager: Not granting permission com.meizu.flyme.permission.UPDATE to package com.meizu.media.life (protectionLevel=18 flags=0x38c83e45)
03-23 17:04:50.670  3865  4698 W PackageManager: Unknown permission com.meizu.flyme.push.permission.RECEIVE in package com.meizu.media.life
03-23 17:04:50.670  3865  4698 W PackageManager: Not granting permission android.permission.INSTALL_PACKAGES to package com.meizu.media.life (protectionLevel=18 flags=0x38c83e45)
03-23 17:04:50.670  3865  4698 W PackageManager: Not granting permission android.permission.WRITE_SECURE_SETTINGS to package com.meizu.media.life (protectionLevel=50 flags=0x38c83e45)
03-23 17:04:50.670  3865  4698 W PackageManager: Not granting permission android.permission.START_ANY_ACTIVITY to package com.meizu.media.life (protectionLevel=2 flags=0x38c83e45)
03-23 17:04:50.670  3865  4698 W PackageManager: Not granting permission android.permission.PEERS_MAC_ADDRESS to package com.meizu.media.life (protectionLevel=2050 flags=0x38c83e45)
03-23 17:04:50.670  3865  4698 W PackageManager: Not granting permission android.permission.READ_PRIVILEGED_PHONE_STATE to package com.meizu.media.life (protectionLevel=18 flags=0x38c83e45)
03-23 17:04:50.670  3865  4698 W PackageManager: Not granting permission android.permission.STATUS_BAR to package com.meizu.media.life (protectionLevel=18 flags=0x38c83e45)
03-23 17:04:50.670  3865  4698 W PackageManager: Not granting permission android.permission.REAL_GET_TASKS to package com.meizu.media.life (protectionLevel=18 flags=0x38c83e45)
03-23 17:04:50.670  3865  4698 W PackageManager: Not granting permission android.permission.INTERACT_ACROSS_USERS_FULL to package com.meizu.media.life (protectionLevel=258 flags=0x38c83e45)
03-23 17:04:50.670  3865  4698 W PackageManager: Not granting permission android.permission.WRITE_MEDIA_STORAGE to package com.meizu.media.life (protectionLevel=18 flags=0x38c83e45)
03-23 17:04:50.670  3865  4698 W PackageManager: Not granting permission android.permission.MANAGE_NETWORK_POLICY to package com.meizu.media.life (protectionLevel=2 flags=0x38c83e45)
03-23 17:04:50.670  3865  4698 W PackageManager: Not granting permission android.permission.MOUNT_UNMOUNT_FILESYSTEMS to package com.meizu.media.life (protectionLevel=18 flags=0x38c83e45)
03-23 17:04:50.670  3865  4698 W PackageManager: Not granting permission com.meizu.stats.permission.READ_USAGESTATS to package com.meizu.media.life (protectionLevel=18 flags=0x38c83e45)
03-23 17:04:50.670  3865  4698 W PackageManager: Not granting permission android.permission.LOCAL_MAC_ADDRESS to package com.meizu.media.life (protectionLevel=18 flags=0x38c83e45)
03-23 17:04:50.670  3865  4698 W PackageManager: Unknown permission com.meizu.flyme.providers.forcetouch.permission.READ_SETTINGS in package com.meizu.media.life
03-23 17:04:50.670  3865  4698 W PackageManager: Unknown permission com.meizu.flyme.providers.forcetouch.permission.WRITE_SETTINGS in package com.meizu.media.life
03-23 17:04:50.671  3865  4698 W PackageManager: Unknown permission flyme.permission.ROOT_RECOVERY_STATE in package com.meizu.flyme.weather
03-23 17:04:50.671  3865  4698 W PackageManager: Unknown permission android.permission.ROOT_RECOVERY_STATE in package com.meizu.flyme.weather
03-23 17:04:50.807  3865  4698 W MountService: No primary storage mounted!
03-23 17:05:14.257  3865  3956 E BatteryService: Failure in reading charger type
03-23 17:05:14.257  3865  3956 E BatteryService: java.io.FileNotFoundException: /sys/class/power_supply/usb/type (No such file or directory)
03-23 17:05:14.257  3865  3956 E BatteryService: 	at java.io.FileInputStream.open(Native Method)
03-23 17:05:14.257  3865  3956 E BatteryService: 	at java.io.FileInputStream.<init>(FileInputStream.java:146)
03-23 17:05:14.257  3865  3956 E BatteryService: 	at java.io.FileReader.<init>(FileReader.java:72)
03-23 17:05:14.257  3865  3956 E BatteryService: 	at com.android.server.BatteryService$Led.isHvdcpPresent(BatteryService.java:944)
03-23 17:05:14.257  3865  3956 E BatteryService: 	at com.android.server.BatteryService$Led.updateLightsLocked(BatteryService.java:985)
03-23 17:05:14.257  3865  3956 E BatteryService: 	at com.android.server.BatteryService.processValuesLocked(BatteryService.java:585)
03-23 17:05:14.257  3865  3956 E BatteryService: 	at com.android.server.BatteryService.update(BatteryService.java)
03-23 17:05:14.257  3865  3956 E BatteryService: 	at com.android.server.BatteryService.-wrap5(BatteryService.java)
03-23 17:05:14.257  3865  3956 E BatteryService: 	at com.android.server.BatteryService$BatteryListener.batteryPropertiesChanged(BatteryService.java:1005)
03-23 17:05:14.257  3865  3956 E BatteryService: 	at android.os.IBatteryPropertiesListener$Stub.onTransact(IBatteryPropertiesListener.java:58)
03-23 17:05:14.257  3865  3956 E BatteryService: 	at android.os.Binder.execTransact(Binder.java:565)
03-23 17:05:43.510  3865  3955 E BatteryService: Failure in reading charger type
03-23 17:05:43.510  3865  3955 E BatteryService: java.io.FileNotFoundException: /sys/class/power_supply/usb/type (No such file or directory)
03-23 17:05:43.510  3865  3955 E BatteryService: 	at java.io.FileInputStream.open(Native Method)
03-23 17:05:43.510  3865  3955 E BatteryService: 	at java.io.FileInputStream.<init>(FileInputStream.java:146)
03-23 17:05:43.510  3865  3955 E BatteryService: 	at java.io.FileReader.<init>(FileReader.java:72)
03-23 17:05:43.510  3865  3955 E BatteryService: 	at com.android.server.BatteryService$Led.isHvdcpPresent(BatteryService.java:944)
03-23 17:05:43.510  3865  3955 E BatteryService: 	at com.android.server.BatteryService$Led.updateLightsLocked(BatteryService.java:985)
03-23 17:05:43.510  3865  3955 E BatteryService: 	at com.android.server.BatteryService.processValuesLocked(BatteryService.java:585)
03-23 17:05:43.510  3865  3955 E BatteryService: 	at com.android.server.BatteryService.update(BatteryService.java)
03-23 17:05:43.510  3865  3955 E BatteryService: 	at com.android.server.BatteryService.-wrap5(BatteryService.java)
03-23 17:05:43.510  3865  3955 E BatteryService: 	at com.android.server.BatteryService$BatteryListener.batteryPropertiesChanged(BatteryService.java:1005)
03-23 17:05:43.510  3865  3955 E BatteryService: 	at android.os.IBatteryPropertiesListener$Stub.onTransact(IBatteryPropertiesListener.java:58)
03-23 17:05:43.510  3865  3955 E BatteryService: 	at android.os.Binder.execTransact(Binder.java:565)
03-23 17:05:44.339  3865  3956 E BatteryService: Failure in reading charger type
03-23 17:05:44.339  3865  3956 E BatteryService: java.io.FileNotFoundException: /sys/class/power_supply/usb/type (No such file or directory)
03-23 17:05:44.339  3865  3956 E BatteryService: 	at java.io.FileInputStream.open(Native Method)
03-23 17:05:44.339  3865  3956 E BatteryService: 	at java.io.FileInputStream.<init>(FileInputStream.java:146)
03-23 17:05:44.339  3865  3956 E BatteryService: 	at java.io.FileReader.<init>(FileReader.java:72)
03-23 17:05:44.339  3865  3956 E BatteryService: 	at com.android.server.BatteryService$Led.isHvdcpPresent(BatteryService.java:944)
03-23 17:05:44.339  3865  3956 E BatteryService: 	at com.android.server.BatteryService$Led.updateLightsLocked(BatteryService.java:985)
03-23 17:05:44.339  3865  3956 E BatteryService: 	at com.android.server.BatteryService.processValuesLocked(BatteryService.java:585)
03-23 17:05:44.339  3865  3956 E BatteryService: 	at com.android.server.BatteryService.update(BatteryService.java)
03-23 17:05:44.339  3865  3956 E BatteryService: 	at com.android.server.BatteryService.-wrap5(BatteryService.java)
03-23 17:05:44.339  3865  3956 E BatteryService: 	at com.android.server.BatteryService$BatteryListener.batteryPropertiesChanged(BatteryService.java:1005)
03-23 17:05:44.339  3865  3956 E BatteryService: 	at android.os.IBatteryPropertiesListener$Stub.onTransact(IBatteryPropertiesListener.java:58)
03-23 17:05:44.339  3865  3956 E BatteryService: 	at android.os.Binder.execTransact(Binder.java:565)
03-23 17:06:14.416  3865  3955 E BatteryService: Failure in reading charger type
03-23 17:06:14.416  3865  3955 E BatteryService: java.io.FileNotFoundException: /sys/class/power_supply/usb/type (No such file or directory)
03-23 17:06:14.416  3865  3955 E BatteryService: 	at java.io.FileInputStream.open(Native Method)
03-23 17:06:14.416  3865  3955 E BatteryService: 	at java.io.FileInputStream.<init>(FileInputStream.java:146)
03-23 17:06:14.416  3865  3955 E BatteryService: 	at java.io.FileReader.<init>(FileReader.java:72)
03-23 17:06:14.416  3865  3955 E BatteryService: 	at com.android.server.BatteryService$Led.isHvdcpPresent(BatteryService.java:944)
03-23 17:06:14.416  3865  3955 E BatteryService: 	at com.android.server.BatteryService$Led.updateLightsLocked(BatteryService.java:985)
03-23 17:06:14.416  3865  3955 E BatteryService: 	at com.android.server.BatteryService.processValuesLocked(BatteryService.java:585)
03-23 17:06:14.416  3865  3955 E BatteryService: 	at com.android.server.BatteryService.update(BatteryService.java)
03-23 17:06:14.416  3865  3955 E BatteryService: 	at com.android.server.BatteryService.-wrap5(BatteryService.java)
03-23 17:06:14.416  3865  3955 E BatteryService: 	at com.android.server.BatteryService$BatteryListener.batteryPropertiesChanged(BatteryService.java:1005)
03-23 17:06:14.416  3865  3955 E BatteryService: 	at android.os.IBatteryPropertiesListener$Stub.onTransact(IBatteryPropertiesListener.java:58)
03-23 17:06:14.416  3865  3955 E BatteryService: 	at android.os.Binder.execTransact(Binder.java:565)
03-23 17:06:43.156  3865  3956 E BatteryService: Failure in reading charger type
03-23 17:06:43.156  3865  3956 E BatteryService: java.io.FileNotFoundException: /sys/class/power_supply/usb/type (No such file or directory)
03-23 17:06:43.156  3865  3956 E BatteryService: 	at java.io.FileInputStream.open(Native Method)
03-23 17:06:43.156  3865  3956 E BatteryService: 	at java.io.FileInputStream.<init>(FileInputStream.java:146)
03-23 17:06:43.156  3865  3956 E BatteryService: 	at java.io.FileReader.<init>(FileReader.java:72)
03-23 17:06:43.156  3865  3956 E BatteryService: 	at com.android.server.BatteryService$Led.isHvdcpPresent(BatteryService.java:944)
03-23 17:06:43.156  3865  3956 E BatteryService: 	at com.android.server.BatteryService$Led.updateLightsLocked(BatteryService.java:985)
03-23 17:06:43.156  3865  3956 E BatteryService: 	at com.android.server.BatteryService.processValuesLocked(BatteryService.java:585)
03-23 17:06:43.156  3865  3956 E BatteryService: 	at com.android.server.BatteryService.update(BatteryService.java)
03-23 17:06:43.156  3865  3956 E BatteryService: 	at com.android.server.BatteryService.-wrap5(BatteryService.java)
03-23 17:06:43.156  3865  3956 E BatteryService: 	at com.android.server.BatteryService$BatteryListener.batteryPropertiesChanged(BatteryService.java:1005)
03-23 17:06:43.156  3865  3956 E BatteryService: 	at android.os.IBatteryPropertiesListener$Stub.onTransact(IBatteryPropertiesListener.java:58)
03-23 17:06:43.156  3865  3956 E BatteryService: 	at android.os.Binder.execTransact(Binder.java:565)
03-23 17:06:43.159  3865  3961 E BatteryStatsService: no controller energy info supplied
03-23 17:06:43.509  3865  3955 E BatteryService: Failure in reading charger type
03-23 17:06:43.509  3865  3955 E BatteryService: java.io.FileNotFoundException: /sys/class/power_supply/usb/type (No such file or directory)
03-23 17:06:43.509  3865  3955 E BatteryService: 	at java.io.FileInputStream.open(Native Method)
03-23 17:06:43.509  3865  3955 E BatteryService: 	at java.io.FileInputStream.<init>(FileInputStream.java:146)
03-23 17:06:43.509  3865  3955 E BatteryService: 	at java.io.FileReader.<init>(FileReader.java:72)
03-23 17:06:43.509  3865  3955 E BatteryService: 	at com.android.server.BatteryService$Led.isHvdcpPresent(BatteryService.java:944)
03-23 17:06:43.509  3865  3955 E BatteryService: 	at com.android.server.BatteryService$Led.updateLightsLocked(BatteryService.java:985)
03-23 17:06:43.509  3865  3955 E BatteryService: 	at com.android.server.BatteryService.processValuesLocked(BatteryService.java:585)
03-23 17:06:43.509  3865  3955 E BatteryService: 	at com.android.server.BatteryService.update(BatteryService.java)
03-23 17:06:43.509  3865  3955 E BatteryService: 	at com.android.server.BatteryService.-wrap5(BatteryService.java)
03-23 17:06:43.509  3865  3955 E BatteryService: 	at com.android.server.BatteryService$BatteryListener.batteryPropertiesChanged(BatteryService.java:1005)
03-23 17:06:43.509  3865  3955 E BatteryService: 	at android.os.IBatteryPropertiesListener$Stub.onTransact(IBatteryPropertiesListener.java:58)
03-23 17:06:43.509  3865  3955 E BatteryService: 	at android.os.Binder.execTransact(Binder.java:565)
03-23 17:06:44.496  3865  3956 E BatteryService: Failure in reading charger type
03-23 17:06:44.496  3865  3956 E BatteryService: java.io.FileNotFoundException: /sys/class/power_supply/usb/type (No such file or directory)
03-23 17:06:44.496  3865  3956 E BatteryService: 	at java.io.FileInputStream.open(Native Method)
03-23 17:06:44.496  3865  3956 E BatteryService: 	at java.io.FileInputStream.<init>(FileInputStream.java:146)
03-23 17:06:44.496  3865  3956 E BatteryService: 	at java.io.FileReader.<init>(FileReader.java:72)
03-23 17:06:44.496  3865  3956 E BatteryService: 	at com.android.server.BatteryService$Led.isHvdcpPresent(BatteryService.java:944)
03-23 17:06:44.496  3865  3956 E BatteryService: 	at com.android.server.BatteryService$Led.updateLightsLocked(BatteryService.java:985)
03-23 17:06:44.496  3865  3956 E BatteryService: 	at com.android.server.BatteryService.processValuesLocked(BatteryService.java:585)
03-23 17:06:44.496  3865  3956 E BatteryService: 	at com.android.server.BatteryService.update(BatteryService.java)
03-23 17:06:44.496  3865  3956 E BatteryService: 	at com.android.server.BatteryService.-wrap5(BatteryService.java)
03-23 17:06:44.496  3865  3956 E BatteryService: 	at com.android.server.BatteryService$BatteryListener.batteryPropertiesChanged(BatteryService.java:1005)
03-23 17:06:44.496  3865  3956 E BatteryService: 	at android.os.IBatteryPropertiesListener$Stub.onTransact(IBatteryPropertiesListener.java:58)
03-23 17:06:44.496  3865  3956 E BatteryService: 	at android.os.Binder.execTransact(Binder.java:565)
03-23 17:07:14.745  3865  3955 E BatteryService: Failure in reading charger type
03-23 17:07:14.745  3865  3955 E BatteryService: java.io.FileNotFoundException: /sys/class/power_supply/usb/type (No such file or directory)
03-23 17:07:14.745  3865  3955 E BatteryService: 	at java.io.FileInputStream.open(Native Method)
03-23 17:07:14.745  3865  3955 E BatteryService: 	at java.io.FileInputStream.<init>(FileInputStream.java:146)
03-23 17:07:14.745  3865  3955 E BatteryService: 	at java.io.FileReader.<init>(FileReader.java:72)
03-23 17:07:14.745  3865  3955 E BatteryService: 	at com.android.server.BatteryService$Led.isHvdcpPresent(BatteryService.java:944)
03-23 17:07:14.745  3865  3955 E BatteryService: 	at com.android.server.BatteryService$Led.updateLightsLocked(BatteryService.java:985)
03-23 17:07:14.745  3865  3955 E BatteryService: 	at com.android.server.BatteryService.processValuesLocked(BatteryService.java:585)
03-23 17:07:14.745  3865  3955 E BatteryService: 	at com.android.server.BatteryService.update(BatteryService.java)
03-23 17:07:14.745  3865  3955 E BatteryService: 	at com.android.server.BatteryService.-wrap5(BatteryService.java)
03-23 17:07:14.745  3865  3955 E BatteryService: 	at com.android.server.BatteryService$BatteryListener.batteryPropertiesChanged(BatteryService.java:1005)
03-23 17:07:14.745  3865  3955 E BatteryService: 	at android.os.IBatteryPropertiesListener$Stub.onTransact(IBatteryPropertiesListener.java:58)
03-23 17:07:14.745  3865  3955 E BatteryService: 	at android.os.Binder.execTransact(Binder.java:565)
03-23 17:07:23.518  3865  3865 W PackageManager: No disk maintenance in 1521796043518; running immediately
03-23 17:07:23.659  3865  3865 W TextServicesManagerService: no available spell checker services found
03-23 17:07:23.661  3865  6181 E flymed_connector: Communications error: java.io.IOException: No such file or directory
03-23 17:07:23.700  3865  6181 E flymed_connector: Error in NativeDaemonConnector: java.io.IOException: No such file or directory
03-23 17:07:24.321  3865  3865 E ConnectivityService: Ignoring protectedNetwork 15
03-23 17:07:24.471  3865  3865 W ContextImpl: Calling a method in the system process without a qualified user: android.app.ContextImpl.bindService:1421 com.android.server.notification.NotificationFirewallImpl.startService:88 com.android.server.notification.NotificationFirewallImpl.initialize:81 com.android.server.notification.NotificationManagerService.initFlymeExtraFields:-1 com.android.server.notification.NotificationManagerService.onStart:1072 
03-23 17:07:24.511  3865  3865 E WallpaperManagerService: Invalid wallpaper data
03-23 17:07:24.511  3865  3865 E WallpaperManagerService: Unable to apply new wallpaper
03-23 17:07:24.512  3865  3865 W WallpaperManagerService: no current wallpaper -- first boot?
03-23 17:07:24.585  3865  3865 W DockObserver: This kernel does not have dock station support
03-23 17:07:24.589  3865  3865 W WiredAccessoryManager: This kernel does not have usb audio support
03-23 17:07:24.589  3865  3865 W WiredAccessoryManager: This kernel does not have HDMI audio support
03-23 17:07:24.917  3865  3865 W FlymeWallpaperService: failed parsing /data/system/users/0/lock_wallpaper_info.xml java.io.FileNotFoundException: /data/system/users/0/lock_wallpaper_info.xml (No such file or directory)
03-23 17:07:25.018  3865  3865 E LockSettingsStorage: Cannot read file java.io.FileNotFoundException: /data/system/gatekeeper.password.key: open failed: ENOENT (No such file or directory)
03-23 17:07:25.018  3865  3865 E LockSettingsStorage: Cannot read file java.io.FileNotFoundException: /data/system/password.key: open failed: ENOENT (No such file or directory)
03-23 17:07:25.019  3865  3865 E LockSettingsStorage: Cannot read file java.io.FileNotFoundException: /data/system/gatekeeper.pattern.key: open failed: ENOENT (No such file or directory)
03-23 17:07:25.020  3865  3865 E LockSettingsStorage: Cannot read file java.io.FileNotFoundException: /data/system/gatekeeper.gesture.key: open failed: ENOENT (No such file or directory)
03-23 17:07:25.020  3865  3865 E LockSettingsStorage: Cannot read file java.io.FileNotFoundException: /data/system/gesture.key: open failed: ENOENT (No such file or directory)
03-23 17:07:25.102  3865  3865 W SoundTriggerHelper: listModules status=0, # of modules=0
03-23 17:07:25.142  3865  3971 W KeyguardServiceDelegate: onScreenTurningOn(): no keyguard service!
03-23 17:07:25.143  3865  3865 W VoiceInteractionManagerService: no available voice interaction services found for user 0
03-23 17:07:25.143  3865  3865 W VoiceInteractionManagerService: no available voice recognition services found for user 0
03-23 17:07:25.229  3865  3865 E BatteryService: Failure in reading charger type
03-23 17:07:25.229  3865  3865 E BatteryService: java.io.FileNotFoundException: /sys/class/power_supply/usb/type (No such file or directory)
03-23 17:07:25.229  3865  3865 E BatteryService: 	at java.io.FileInputStream.open(Native Method)
03-23 17:07:25.229  3865  3865 E BatteryService: 	at java.io.FileInputStream.<init>(FileInputStream.java:146)
03-23 17:07:25.229  3865  3865 E BatteryService: 	at java.io.FileReader.<init>(FileReader.java:72)
03-23 17:07:25.229  3865  3865 E BatteryService: 	at com.android.server.BatteryService$Led.isHvdcpPresent(BatteryService.java:944)
03-23 17:07:25.229  3865  3865 E BatteryService: 	at com.android.server.BatteryService$Led.updateLightsLocked(BatteryService.java:985)
03-23 17:07:25.229  3865  3865 E BatteryService: 	at com.android.server.BatteryService.processValuesLocked(BatteryService.java:585)
03-23 17:07:25.229  3865  3865 E BatteryService: 	at com.android.server.BatteryService.updateBatteryWarningLevelLocked(BatteryService.java)
03-23 17:07:25.229  3865  3865 E BatteryService: 	at com.android.server.BatteryService.onBootPhase(BatteryService.java)
03-23 17:07:25.229  3865  3865 E BatteryService: 	at com.android.server.SystemServiceManager.startBootPhase(SystemServiceManager.java:147)
03-23 17:07:25.229  3865  3865 E BatteryService: 	at com.android.server.SystemServer$2.run(SystemServer.java:1421)
03-23 17:07:25.229  3865  3865 E BatteryService: 	at com.android.server.am.ActivityManagerService.systemReady(ActivityManagerService.java:13448)
03-23 17:07:25.229  3865  3865 E BatteryService: 	at com.android.server.SystemServer.startOtherServices(SystemServer.java:1417)
03-23 17:07:25.229  3865  3865 E BatteryService: 	at com.android.server.SystemServer.run(SystemServer.java:350)
03-23 17:07:25.229  3865  3865 E BatteryService: 	at com.android.server.SystemServer.main(SystemServer.java:232)
03-23 17:07:25.229  3865  3865 E BatteryService: 	at java.lang.reflect.Method.invoke(Native Method)
03-23 17:07:25.229  3865  3865 E BatteryService: 	at com.android.internal.os.ZygoteInit$MethodAndArgsCaller.run(ZygoteInit.java:891)
03-23 17:07:25.229  3865  3865 E BatteryService: 	at com.android.internal.os.ZygoteInit.main(ZygoteInit.java:781)
03-23 17:07:25.242  3865  3865 E InputMethodManagerService: Ignoring updateSystemUiLocked due to an invalid token. uid:1000 token:null
03-23 17:07:25.253  3865  3865 W InputMethodManagerService: Reset the default IME as "Resource" is ready here.
03-23 17:07:25.257  3865  3865 W InputMethodManagerService: Illegal subtype state: old subtype = null, new subtype = android.view.inputmethod.InputMethodSubtype@6b6dbdec
03-23 17:07:25.339  3865  3966 W ActivityManager: Slow operation: 102ms so far, now at startProcess: returned from zygote!
03-23 17:07:25.339  3865  3966 W ActivityManager: Slow operation: 102ms so far, now at startProcess: done updating battery stats
03-23 17:07:25.339  3865  3966 W ActivityManager: Slow operation: 102ms so far, now at startProcess: building log message
03-23 17:07:25.339  3865  3966 W ActivityManager: Slow operation: 102ms so far, now at startProcess: starting to update pids map
03-23 17:07:25.339  3865  3966 W ActivityManager: Slow operation: 103ms so far, now at startProcess: done updating pids map
03-23 17:07:25.339  3865  3966 W ActivityManager: Slow operation: 103ms so far, now at startProcess: done starting proc!
03-23 17:07:25.356  3865  3865 W TextServicesManagerService: no available spell checker services found
03-23 17:07:25.357  3042  3113 E vold    : Failed to chmod /data/system_ce/0: No such file or directory
03-23 17:07:25.357  3042  3113 E vold    : Failed to chmod /data/misc_ce/0: No such file or directory
03-23 17:07:25.360  3042  3112 W vold    : Failed to read manufacturer from /sys//devices/hi_mci.1/mmc_host/mmc1/mmc1:0001/block/mmcblk1/device/manfid: No such file or directory
03-23 17:07:25.424  3865  3958 W BroadcastQueue: Hung broadcast [foreground] discarded after timeout failure: now=295811 dispatchTime=150389 startTime=150389 intent=Intent { act=android.intent.action.TIME_TICK flg=0x50000014 (has extras) } numReceivers=1 nextReceiver=1 state=3
03-23 17:07:25.424  3865  3958 W BroadcastQueue: Timeout of broadcast BroadcastRecord{6931895 u-1 android.intent.action.TIME_TICK} - receiver=android.app.LoadedApk$ReceiverDispatcher$InnerReceiver@50dd96, started 145423ms ago
03-23 17:07:25.424  3865  3958 W BroadcastQueue: Receiver during timeout: BroadcastFilter{f3f3504 u0 ReceiverList{df63d17 3865 system/1000/u0 local:50dd96}}
03-23 17:07:26.142  3865  3959 W WindowManager: Keyguard drawn timeout. Setting mKeyguardDrawComplete
--------- beginning of main
03-23 17:07:26.439  3146  3231 E OMXNodeInstance: getExtensionIndex(c4a0023:ffmpeg.divx.decoder, OMX.google.android.index.configureVideoTunnelMode) ERROR: UnsupportedIndex(0x8000101a)
03-23 17:07:26.439  3146  6418 W OMXNodeInstance: [c4a0023:ffmpeg.divx.decoder] component does not support metadata mode; using fallback
03-23 17:07:26.443  3146  3231 E OMXNodeInstance: getExtensionIndex(c4a0024:ffmpeg.flv1.decoder, OMX.google.android.index.configureVideoTunnelMode) ERROR: UnsupportedIndex(0x8000101a)
03-23 17:07:26.443  3146  6418 W OMXNodeInstance: [c4a0024:ffmpeg.flv1.decoder] component does not support metadata mode; using fallback
03-23 17:07:26.452  3146  3231 E OMXNodeInstance: getExtensionIndex(c4a0025:ffmpeg.mpeg2.decoder, OMX.google.android.index.configureVideoTunnelMode) ERROR: UnsupportedIndex(0x8000101a)
03-23 17:07:26.453  3146  6418 W OMXNodeInstance: [c4a0025:ffmpeg.mpeg2.decoder] component does not support metadata mode; using fallback
03-23 17:07:26.457  3146  3146 E OMXNodeInstance: getExtensionIndex(c4a0026:ffmpeg.mpeg4.decoder, OMX.google.android.index.configureVideoTunnelMode) ERROR: UnsupportedIndex(0x8000101a)
03-23 17:07:26.457  3146  3231 W OMXNodeInstance: [c4a0026:ffmpeg.mpeg4.decoder] component does not support metadata mode; using fallback
03-23 17:07:26.465  3146  3146 E OMXNodeInstance: getExtensionIndex(c4a0027:ffmpeg.rv.decoder, OMX.google.android.index.configureVideoTunnelMode) ERROR: UnsupportedIndex(0x8000101a)
03-23 17:07:26.465  3146  3231 W OMXNodeInstance: [c4a0027:ffmpeg.rv.decoder] component does not support metadata mode; using fallback
03-23 17:07:26.468  3149  6442 W AMessage: failed to post message as target looper for handler 0 is gone.
03-23 17:07:26.468  3146  3146 E OMXNodeInstance: getExtensionIndex(c4a0028:ffmpeg.vc1.decoder, OMX.google.android.index.configureVideoTunnelMode) ERROR: UnsupportedIndex(0x8000101a)
03-23 17:07:26.469  3146  3231 W OMXNodeInstance: [c4a0028:ffmpeg.vc1.decoder] component does not support metadata mode; using fallback
03-23 17:07:26.469  3149  6446 W AMessage: failed to post message as target looper for handler 0 is gone.
03-23 17:07:26.473  3149  6448 W AMessage: failed to post message as target looper for handler 0 is gone.
03-23 17:07:26.478  3146  3146 E OMXNodeInstance: getExtensionIndex(c4a0029:ffmpeg.vtrial.decoder, OMX.google.android.index.configureVideoTunnelMode) ERROR: UnsupportedIndex(0x8000101a)
03-23 17:07:26.479  3146  3231 W OMXNodeInstance: [c4a0029:ffmpeg.vtrial.decoder] component does not support metadata mode; using fallback
03-23 17:07:26.503  3146  3146 E OMXNodeInstance: getExtensionIndex(c4a002a:ffmpeg.wmv.decoder, OMX.google.android.index.configureVideoTunnelMode) ERROR: UnsupportedIndex(0x8000101a)
03-23 17:07:26.503  3146  3231 W OMXNodeInstance: [c4a002a:ffmpeg.wmv.decoder] component does not support metadata mode; using fallback
03-23 17:07:26.517  3149  3149 W MediaCodecList: Component OMX.k3.video.decoder.vc1 does not support any type of media?
03-23 17:07:26.517  3149  3149 W MediaCodecList: Component OMX.k3.video.decoder.mpeg4 does not support any type of media?
03-23 17:07:26.517  3149  3149 W MediaCodecList: Component OMX.k3.video.decoder.mpeg2 does not support any type of media?
03-23 17:07:26.522  3149  3149 W MediaCodecList: unable to open media codecs configuration xml file: /data/misc/media/media_codecs_profiling_results.xml
03-23 17:07:26.575  3865  3865 W LocationProviderProxy-network: Odd, no component found for service com.android.location.service.v3.NetworkLocationProvider
03-23 17:07:26.607  3865  3865 W GeocoderProxy: Odd, no component found for service com.android.location.service.GeocodeProvider
03-23 17:07:26.719  3865  3865 W VoiceInteractionManagerService: no available voice interaction services found for user 0
03-23 17:07:26.720  3865  3865 W VoiceInteractionManagerService: no available voice recognition services found for user 0
03-23 17:07:26.743  6444  6502 W dex2oat : Compilation of com.meizu.statsapp.v3.lib.plugin.net.NetResponse com.meizu.statsapp.v3.lib.plugin.net.NetRequester.postStringpartNoGslb(java.lang.String, java.util.Map, java.lang.String) took 100.520ms
03-23 17:07:26.791  3865  3865 W ActivityManager: Slow operation: 67ms so far, now at startProcess: returned from zygote!
03-23 17:07:26.791  3865  3865 W ActivityManager: Slow operation: 67ms so far, now at startProcess: done updating battery stats
03-23 17:07:26.791  3865  3865 W ActivityManager: Slow operation: 67ms so far, now at startProcess: building log message
03-23 17:07:26.791  3865  3865 W ActivityManager: Slow operation: 67ms so far, now at startProcess: starting to update pids map
03-23 17:07:26.791  3865  3865 W ActivityManager: Slow operation: 67ms so far, now at startProcess: done updating pids map
03-23 17:07:26.806  6444  6444 W dex2oat : Compilation of java.lang.String com.meizu.statsapp.v3.lib.plugin.emitter.EmitterMessageBuilder.parelOneEvent(com.meizu.statsapp.v3.lib.plugin.payload.TrackerPayload) took 248.936ms
03-23 17:07:26.920  3865  3957 W LocationProviderProxy-network: Odd, no component found for service com.android.location.service.v3.NetworkLocationProvider
03-23 17:07:26.969  3865  3957 W GeocoderProxy: Odd, no component found for service com.android.location.service.GeocodeProvider
03-23 17:07:26.980  6444  6500 W dex2oat : Compilation of void com.meizu.statsapp.v3.lib.plugin.secure.HttpKeyMgr.loadAvailableCert(java.io.InputStream) took 135.547ms
03-23 17:07:27.075  3124  3124 W [Gralloc-Warning]: int gralloc_register_buffer(const gralloc_module_t*, buffer_handle_t):66 Registering handle 0x7fb7460680 coming from the same process: 3124.
03-23 17:07:27.175  3865  6304 W ActivityManager: Slow operation: 114ms so far, now at attachApplicationLocked: after mServices.attachApplicationLocked
03-23 17:07:27.177  3865  3865 W ContextImpl: Calling a method in the system process without a qualified user: android.app.ContextImpl.startService:-1 com.android.server.content.SyncManager$13.run:658 android.os.Handler.handleCallback:751 android.os.Handler.dispatchMessage:95 android.os.Looper.loop:154 
03-23 17:07:27.198  3865  4698 E VoldConnector: NDC Command {7 volume mount public:179_129 2 0} took too long (1702ms)
03-23 17:07:27.396  3865  6579 E ActivityThread: Failed to find provider info for call_log
03-23 17:07:27.428  3865  3865 W ContextImpl: Calling a method in the system process without a qualified user: android.app.ContextImpl.startService:-1 android.content.ContextWrapper.startService:613 com.android.server.telecom.components.TelecomService.initializeTelecomSystem:159 com.android.server.telecom.components.TelecomService.onBind:57 android.app.ActivityThread.handleBindService:3258 
03-23 17:07:27.493  6222  6222 W BluetoothAdapterService: onUnbind, calling cleanup
03-23 17:07:27.503  6222  6222 W BluetoothSdpJni: Cleaning up Bluetooth SDP Interface...
03-23 17:07:27.503  6222  6222 W BluetoothSdpJni: Cleaning up Bluetooth SDP object
03-23 17:07:27.505  6222  6349 E BluetoothServiceJni: Callback env check fail: env: 0x0, callback: 0xed7059a0
03-23 17:07:27.505  6222  6349 E BluetoothServiceJni: Callback: 'callback_thread_event' is not called on the correct thread
03-23 17:07:27.505  6222  6355 W bt_osi_thread: run_thread: thread id 6355, thread name bt_jni_workqueue exited
03-23 17:07:27.543  6222  6354 W bt_osi_thread: run_thread: thread id 6354, thread name alarm_dispatcher exited
03-23 17:07:27.543  6222  6352 W bt_osi_thread: run_thread: thread id 6352, thread name alarm_default_ca exited
03-23 17:07:27.545  6222  6222 W BluetoothVendorJni: Cleaning up Bluetooth Vendor Interface...
03-23 17:07:27.545  6222  6222 W BluetoothVendorJni: Cleaning up Bluetooth Vendor callback object
03-23 17:07:27.870  3865  6200 E ActivityThread: Failed to find provider info for com.android.calendar
03-23 17:07:27.871  3865  6200 E ActivityThread: Failed to find provider info for com.android.calendar
03-23 17:07:27.915  3865  6579 E ActivityThread: Failed to find provider info for com.android.soundrecorder.provider
03-23 17:07:28.249  3138  3138 E Thermal-daemon: [charger_ic] temp_new :46  temp_old :45
03-23 17:07:28.250  3138  3138 E Thermal-daemon: Report temperature: [charger_ic] temp :46  report_threshold:1
03-23 17:07:28.701  3865  6181 E flymed_connector: Communications error: java.io.IOException: No such file or directory
03-23 17:07:28.705  3865  6181 E flymed_connector: Error in NativeDaemonConnector: java.io.IOException: No such file or directory
03-23 17:07:28.728  6284  6284 W StatusBar: isKeyguardSecure() called before startKeyguard(), returning false
03-23 17:07:28.728  6284  6284 W StatusBar: java.lang.Throwable
