03-24 00:37:37.424  4170  4170 W PushService: 2018-03-24 00:37:37,424 - [WARN::PushService] - [Thread:1] network changed, [type: WIFI[], state: CONNECTED/CONNECTED, reason: (unspecified), extra: "Xiaomi_3", roaming: false, failover: false, isAvailable: true]
03-24 00:37:37.428  4170  6606 W PushService: 2018-03-24 00:37:37,427 - [WARN::PushService] - [Thread:71] JOB: do reconnect..
03-24 00:37:37.429  4170  6606 W PushService: 2018-03-24 00:37:37,428 - [WARN::PushService] - [Thread:71] should not connect. quit the job.
03-24 00:37:37.527  6593  6593 W System  : ClassLoader referenced unknown path: /system/priv-app/CalendarProvider/lib/arm64
03-24 00:37:37.541  3736  4400 W art     : Long monitor contention event with owner method=void libcore.io.Posix.fsync(java.io.FileDescriptor) from Posix.java:4294967294 waiters=0 for 125ms
03-24 00:37:37.541  3736  4371 W InputMethodManagerService: Focus gain on non-focused client com.android.internal.view.IInputMethodClient$Stub$Proxy@f960345 (uid=1000 pid=4411)
03-24 00:37:37.623  4170  4557 W PushService: 2018-03-24 00:37:37,622 - [WARN::PushService] - [Thread:61] GeoFenceDatabaseHelper. create tables
03-24 00:37:37.674  5920  5920 W ResourceHelper: Fail to load meta data
03-24 00:37:37.695  5920  5920 W ResourceHelper: Fail to load meta data
03-24 00:37:37.847  6627  6627 W System  : ClassLoader referenced unknown path: /system/priv-app/CloudBackup/lib/arm64
03-24 00:37:37.931  6562  6591 W ActivityThread: ClassLoader.loadClass: The class loader returned by Thread.getContextClassLoader() may fail for processes that host multiple applications. You should explicitly specify a context class loader. For example: Thread.setContextClassLoader(getClass().getClassLoader());
03-24 00:37:38.312  6662  6662 W System  : ClassLoader referenced unknown path: /system/priv-app/Browser/lib/arm
03-24 00:37:38.466  3736  4291 W art     : Long monitor contention event with owner method=void com.android.server.content.SyncStorageEngine.setSyncableStateForEndPoint(com.android.server.content.SyncStorageEngine$EndPoint, int) from SyncStorageEngine.java:765 waiters=0 for 332ms
03-24 00:37:38.467  3954  3954 W SystemUI.toggleContainer: view is null:null null null
03-24 00:37:38.539  3736  4023 W ActivityManager: Unable to start service Intent { cmp=sogou.mobile.explorer/.ActivateBrowserService } U=0: not found
03-24 00:37:38.709  3736  3749 W art     : Long monitor contention event with owner method=void com.android.server.content.SyncStorageEngine.setSyncableStateForEndPoint(com.android.server.content.SyncStorageEngine$EndPoint, int) from SyncStorageEngine.java:765 waiters=1 for 242ms
03-24 00:37:38.985  3991  3991 W ContextImpl: Calling a method in the system process without a qualified user: android.app.ContextImpl.startService:1221 android.content.ContextWrapper.startService:581 com.android.settings.search.u.uQ:94 com.android.settings.MiuiSettingsReceiver.onReceive:183 android.app.ActivityThread.handleReceiver:2725 
03-24 00:37:38.997  3736  4262 W art     : Long monitor contention event with owner method=void com.android.server.content.SyncStorageEngine.setSyncableStateForEndPoint(com.android.server.content.SyncStorageEngine$EndPoint, int) from SyncStorageEngine.java:765 waiters=0 for 286ms
03-24 00:37:39.084  3736  4418 W ActivityManager: Unable to start service Intent { pkg=com.android.email cmp=com.android.email/com.kingsoft.email.service.Pop3Service } U=0: not found
03-24 00:37:39.085  3736  4420 W ActivityManager: Unable to start service Intent { pkg=com.android.email cmp=com.android.email/com.kingsoft.email.service.ImapService } U=0: not found
03-24 00:37:39.087  3736  4261 W ActivityManager: Unable to start service Intent { act=com.android.email.EXCHANGE_INTENT pkg=com.android.email cmp=com.android.email/com.kingsoft.exchange.service.EmailSyncAdapterService } U=0: not found
03-24 00:37:39.093  3736  4160 W ActivityManager: Unable to start service Intent { act=com.kingsoft.email.ACTION_IMAPPUSH_STOP pkg=com.android.email cmp=com.android.email/com.kingsoft.email.service.ImapPushService (has extras) } U=0: not found
03-24 00:37:39.137  3736  3750 W art     : Long monitor contention event with owner method=void com.android.server.content.SyncStorageEngine.setSyncableStateForEndPoint(com.android.server.content.SyncStorageEngine$EndPoint, int) from SyncStorageEngine.java:765 waiters=0 for 138ms
03-24 00:37:39.211  6722  6722 W System  : ClassLoader referenced unknown path: /system/app/AppIndexProvider/lib/arm64
03-24 00:37:39.219  6490  6525 W         : 
03-24 00:37:39.219  6490  6525 W         : com.xiaomi.gamecenter.util.CTANetworkException: Cannot use network if user never use gamecenter
03-24 00:37:39.219  6490  6525 W         : 	at com.xiaomi.gamecenter.protocol.Protocol_Base.request(Protocol_Base.java:141)
03-24 00:37:39.219  6490  6525 W         : 	at com.xiaomi.gamecenter.protocol.Protocol_Base.execute(Protocol_Base.java:78)
03-24 00:37:39.219  6490  6525 W         : 	at com.xiaomi.gamecenter.protocol.Protocol_Base.execute(Protocol_Base.java:72)
03-24 00:37:39.219  6490  6525 W         : 	at com.xiaomi.gamecenter.protocol.ProtocolFactory.protocol_game_upgrade(ProtocolFactory.java:85)
03-24 00:37:39.219  6490  6525 W         : 	at com.xiaomi.gamecenter.model.GameUpgradeCheck.queryLocalGameUpgrade(GameUpgradeCheck.java:51)
03-24 00:37:39.219  6490  6525 W         : 	at com.xiaomi.gamecenter.data.LocalAppManager.checkUpdateList(LocalAppManager.java:309)
03-24 00:37:39.219  6490  6525 W         : 	at com.xiaomi.gamecenter.service.LocalGameUpgradeEntry.run(LocalGameUpgradeEntry.java:25)
03-24 00:37:39.219  6490  6525 W         : 	at com.xiaomi.gamecenter.service.GlobalService.action_filter(GlobalService.java:220)
03-24 00:37:39.219  6490  6525 W         : 	at com.xiaomi.gamecenter.service.GlobalService.onHandleIntent(GlobalService.java:138)
03-24 00:37:39.219  6490  6525 W         : 	at com.xiaomi.gamecenter.service.GameCenterIntentService$ServiceHandler.handleMessage(GameCenterIntentService.java:31)
03-24 00:37:39.219  6490  6525 W         : 	at android.os.Handler.dispatchMessage(Handler.java:102)
03-24 00:37:39.219  6490  6525 W         : 	at android.os.Looper.loop(Looper.java:148)
03-24 00:37:39.219  6490  6525 W         : 	at android.os.HandlerThread.run(HandlerThread.java:61)
03-24 00:37:39.241  6490  6525 W         : 
03-24 00:37:39.241  6490  6525 W         : com.xiaomi.gamecenter.util.CTANetworkException: Cannot use network if user never use gamecenter
03-24 00:37:39.241  6490  6525 W         : 	at com.xiaomi.gamecenter.protocol.Protocol_Base.request(Protocol_Base.java:141)
03-24 00:37:39.241  6490  6525 W         : 	at com.xiaomi.gamecenter.protocol.Protocol_Base.execute(Protocol_Base.java:78)
03-24 00:37:39.241  6490  6525 W         : 	at com.xiaomi.gamecenter.protocol.Protocol_Base.execute(Protocol_Base.java:72)
03-24 00:37:39.241  6490  6525 W         : 	at com.xiaomi.gamecenter.protocol.ProtocolFactory.protocol_push(ProtocolFactory.java:70)
03-24 00:37:39.241  6490  6525 W         : 	at com.xiaomi.gamecenter.service.PushEntry.run(PushEntry.java:49)
03-24 00:37:39.241  6490  6525 W         : 	at com.xiaomi.gamecenter.service.GlobalService.action_filter(GlobalService.java:222)
03-24 00:37:39.241  6490  6525 W         : 	at com.xiaomi.gamecenter.service.GlobalService.onHandleIntent(GlobalService.java:138)
03-24 00:37:39.241  6490  6525 W         : 	at com.xiaomi.gamecenter.service.GameCenterIntentService$ServiceHandler.handleMessage(GameCenterIntentService.java:31)
03-24 00:37:39.241  6490  6525 W         : 	at android.os.Handler.dispatchMessage(Handler.java:102)
03-24 00:37:39.241  6490  6525 W         : 	at android.os.Looper.loop(Looper.java:148)
03-24 00:37:39.241  6490  6525 W         : 	at android.os.HandlerThread.run(HandlerThread.java:61)
03-24 00:37:39.303  6490  6525 W         : 
03-24 00:37:39.303  6490  6525 W         : com.xiaomi.gamecenter.util.CTANetworkException: Cannot use network if user never use gamecenter
03-24 00:37:39.303  6490  6525 W         : 	at com.xiaomi.gamecenter.protocol.Protocol_Base.request(Protocol_Base.java:141)
03-24 00:37:39.303  6490  6525 W         : 	at com.xiaomi.gamecenter.protocol.Protocol_Base.execute(Protocol_Base.java:78)
03-24 00:37:39.303  6490  6525 W         : 	at com.xiaomi.gamecenter.protocol.Protocol_3rdApp_Upgrade.execute(Protocol_3rdApp_Upgrade.java:16)
03-24 00:37:39.303  6490  6525 W         : 	at com.xiaomi.gamecenter.protocol.Protocol_Base.execute(Protocol_Base.java:72)
03-24 00:37:39.303  6490  6525 W         : 	at com.xiaomi.gamecenter.protocol.Protocol_3rdApp_Upgrade.execute(Protocol_3rdApp_Upgrade.java:16)
03-24 00:37:39.303  6490  6525 W         : 	at com.xiaomi.gamecenter.protocol.ProtocolFactory.protocol_3rdApp_Upgrade(ProtocolFactory.java:141)
03-24 00:37:39.303  6490  6525 W         : 	at com.xiaomi.gamecenter.service.AppUpdateService.update3rdApp(AppUpdateService.java:52)
03-24 00:37:39.303  6490  6525 W         : 	at com.xiaomi.gamecenter.service.AppUpdateService.run(AppUpdateService.java:26)
03-24 00:37:39.303  6490  6525 W         : 	at com.xiaomi.gamecenter.service.GlobalService.action_filter(GlobalService.java:223)
03-24 00:37:39.303  6490  6525 W         : 	at com.xiaomi.gamecenter.service.GlobalService.onHandleIntent(GlobalService.java:138)
03-24 00:37:39.303  6490  6525 W         : 	at com.xiaomi.gamecenter.service.GameCenterIntentService$ServiceHandler.handleMessage(GameCenterIntentService.java:31)
03-24 00:37:39.303  6490  6525 W         : 	at android.os.Handler.dispatchMessage(Handler.java:102)
03-24 00:37:39.303  6490  6525 W         : 	at android.os.Looper.loop(Looper.java:148)
03-24 00:37:39.303  6490  6525 W         : 	at android.os.HandlerThread.run(HandlerThread.java:61)
03-24 00:37:39.394  6490  6525 W         : 
03-24 00:37:39.394  6490  6525 W         : com.xiaomi.gamecenter.util.CTANetworkException: Cannot use network if user never use gamecenter
03-24 00:37:39.394  6490  6525 W         : 	at com.xiaomi.gamecenter.protocol.Protocol_Base.request(Protocol_Base.java:141)
03-24 00:37:39.394  6490  6525 W         : 	at com.xiaomi.gamecenter.protocol.Protocol_Base.execute(Protocol_Base.java:78)
03-24 00:37:39.394  6490  6525 W         : 	at com.xiaomi.gamecenter.protocol.Protocol_3rdApp_Upgrade.execute(Protocol_3rdApp_Upgrade.java:16)
03-24 00:37:39.394  6490  6525 W         : 	at com.xiaomi.gamecenter.protocol.Protocol_Base.execute(Protocol_Base.java:72)
03-24 00:37:39.394  6490  6525 W         : 	at com.xiaomi.gamecenter.protocol.Protocol_3rdApp_Upgrade.execute(Protocol_3rdApp_Upgrade.java:16)
03-24 00:37:39.394  6490  6525 W         : 	at com.xiaomi.gamecenter.protocol.ProtocolFactory.protocol_3rdApp_Upgrade(ProtocolFactory.java:141)
03-24 00:37:39.394  6490  6525 W         : 	at com.xiaomi.gamecenter.service.AppUpdateService.update3rdApp(AppUpdateService.java:52)
03-24 00:37:39.394  6490  6525 W         : 	at com.xiaomi.gamecenter.service.AppUpdateService.run(AppUpdateService.java:27)
03-24 00:37:39.394  6490  6525 W         : 	at com.xiaomi.gamecenter.service.GlobalService.action_filter(GlobalService.java:223)
03-24 00:37:39.394  6490  6525 W         : 	at com.xiaomi.gamecenter.service.GlobalService.onHandleIntent(GlobalService.java:138)
03-24 00:37:39.394  6490  6525 W         : 	at com.xiaomi.gamecenter.service.GameCenterIntentService$ServiceHandler.handleMessage(GameCenterIntentService.java:31)
03-24 00:37:39.394  6490  6525 W         : 	at android.os.Handler.dispatchMessage(Handler.java:102)
03-24 00:37:39.394  6490  6525 W         : 	at android.os.Looper.loop(Looper.java:148)
03-24 00:37:39.394  6490  6525 W         : 	at android.os.HandlerThread.run(HandlerThread.java:61)
03-24 00:37:39.396  6708  6708 W System  : ClassLoader referenced unknown path: /system/priv-app/Mms/lib/arm64
03-24 00:37:39.437  3954  3954 W SystemUI.toggleContainer: view is null:null null null
03-24 00:37:39.440  6490  6525 W         : 
03-24 00:37:39.440  6490  6525 W         : com.xiaomi.gamecenter.util.CTANetworkException: Cannot use network if user never use gamecenter
03-24 00:37:39.440  6490  6525 W         : 	at com.xiaomi.gamecenter.protocol.Protocol_Base.request(Protocol_Base.java:141)
03-24 00:37:39.440  6490  6525 W         : 	at com.xiaomi.gamecenter.protocol.Protocol_Base.execute(Protocol_Base.java:78)
03-24 00:37:39.440  6490  6525 W         : 	at com.xiaomi.gamecenter.protocol.Protocol_ReplaceGameConfig.execute(Protocol_ReplaceGameConfig.java:35)
03-24 00:37:39.440  6490  6525 W         : 	at com.xiaomi.gamecenter.protocol.ProtocolFactory.protocol_getReplaceGameConfig(ProtocolFactory.java:274)
03-24 00:37:39.440  6490  6525 W         : 	at com.xiaomi.gamecenter.service.ReplaceGameConfigEntry.run(ReplaceGameConfigEntry.java:40)
03-24 00:37:39.440  6490  6525 W         : 	at com.xiaomi.gamecenter.service.GlobalService.action_filter(GlobalService.java:224)
03-24 00:37:39.440  6490  6525 W         : 	at com.xiaomi.gamecenter.service.GlobalService.onHandleIntent(GlobalService.java:138)
03-24 00:37:39.440  6490  6525 W         : 	at com.xiaomi.gamecenter.service.GameCenterIntentService$ServiceHandler.handleMessage(GameCenterIntentService.java:31)
03-24 00:37:39.440  6490  6525 W         : 	at android.os.Handler.dispatchMessage(Handler.java:102)
03-24 00:37:39.440  6490  6525 W         : 	at android.os.Looper.loop(Looper.java:148)
03-24 00:37:39.440  6490  6525 W         : 	at android.os.HandlerThread.run(HandlerThread.java:61)
03-24 00:37:39.595  3947  4480 W MediaScanner: Error opening directory '/storage/emulated/0/netease/cloudmusic/Ad/Image/', skipping: Permission denied.
03-24 00:37:39.596  3947  4480 W MediaScanner: Error opening directory '/storage/emulated/0/netease/cloudmusic/Ad/Video/', skipping: Permission denied.
03-24 00:37:39.730  6662  6701 E SQLiteLog: (1) no such table: _sync_state_metadata
03-24 00:37:39.795  6490  6525 W         : 
03-24 00:37:39.795  6490  6525 W         : com.xiaomi.gamecenter.util.CTANetworkException: Cannot use network if user never use gamecenter
03-24 00:37:39.795  6490  6525 W         : 	at com.xiaomi.gamecenter.protocol.Protocol_Base.request(Protocol_Base.java:141)
03-24 00:37:39.795  6490  6525 W         : 	at com.xiaomi.gamecenter.protocol.Protocol_Base.execute(Protocol_Base.java:78)
03-24 00:37:39.795  6490  6525 W         : 	at com.xiaomi.gamecenter.protocol.Protocol_H5CacheUpdate.execute(Protocol_H5CacheUpdate.java:16)
03-24 00:37:39.795  6490  6525 W         : 	at com.xiaomi.gamecenter.protocol.Protocol_Base.execute(Protocol_Base.java:72)
03-24 00:37:39.795  6490  6525 W         : 	at com.xiaomi.gamecenter.protocol.Protocol_H5CacheUpdate.execute(Protocol_H5CacheUpdate.java:16)
03-24 00:37:39.795  6490  6525 W         : 	at com.xiaomi.gamecenter.protocol.ProtocolFactory.protocol_H5CacheUpdate(ProtocolFactory.java:285)
03-24 00:37:39.795  6490  6525 W         : 	at com.xiaomi.gamecenter.service.H5CacheUpdateEntry.run(H5CacheUpdateEntry.java:60)
03-24 00:37:39.795  6490  6525 W         : 	at com.xiaomi.gamecenter.service.GlobalService.action_filter(GlobalService.java:231)
03-24 00:37:39.795  6490  6525 W         : 	at com.xiaomi.gamecenter.service.GlobalService.onHandleIntent(GlobalService.java:138)
03-24 00:37:39.795  6490  6525 W         : 	at com.xiaomi.gamecenter.service.GameCenterIntentService$ServiceHandler.handleMessage(GameCenterIntentService.java:31)
03-24 00:37:39.795  6490  6525 W         : 	at android.os.Handler.dispatchMessage(Handler.java:102)
03-24 00:37:39.795  6490  6525 W         : 	at android.os.Looper.loop(Looper.java:148)
03-24 00:37:39.795  6490  6525 W         : 	at android.os.HandlerThread.run(HandlerThread.java:61)
03-24 00:37:39.917  6490  6525 W System.err: com.xiaomi.gamecenter.util.CTANetworkException: Cannot use network if user never use gamecenter
03-24 00:37:39.917  6490  6525 W System.err: 	at com.xiaomi.gamecenter.model.Connection.request(Connection.java:496)
03-24 00:37:39.917  6490  6525 W System.err: 	at com.xiaomi.gamecenter.model.Connection.requestJSON(Connection.java:276)
03-24 00:37:39.917  6490  6525 W System.err: 	at com.xiaomi.gamecenter.service.ConfigEntry.pullConfig(ConfigEntry.java:73)
03-24 00:37:39.917  6490  6525 W System.err: 	at com.xiaomi.gamecenter.service.ConfigEntry.run(ConfigEntry.java:42)
03-24 00:37:39.917  6490  6525 W System.err: 	at com.xiaomi.gamecenter.service.GlobalService.action_filter(GlobalService.java:242)
03-24 00:37:39.917  6490  6525 W System.err: 	at com.xiaomi.gamecenter.service.GlobalService.onHandleIntent(GlobalService.java:138)
03-24 00:37:39.917  6490  6525 W System.err: 	at com.xiaomi.gamecenter.service.GameCenterIntentService$ServiceHandler.handleMessage(GameCenterIntentService.java:31)
03-24 00:37:39.917  6490  6525 W System.err: 	at android.os.Handler.dispatchMessage(Handler.java:102)
03-24 00:37:39.917  6490  6525 W System.err: 	at android.os.Looper.loop(Looper.java:148)
03-24 00:37:39.917  6490  6525 W System.err: 	at android.os.HandlerThread.run(HandlerThread.java:61)
03-24 00:37:40.155  6708  6708 E FeatureParser: both assets/device_features/ and /system/etc/device_features don't exist hi6210sft.xml
03-24 00:37:40.371  6708  6774 W UnderstandFactory: cannot find /data/user/0/com.android.mms/app_understand/smsYellowpageDic/ypInfo2
03-24 00:37:40.737  5920  6775 W CloudServiceSync.ContactsSyncAdapter: parseSyncKey(): JSONException
03-24 00:37:40.737  5920  6775 W CloudServiceSync.ContactsSyncAdapter: org.json.JSONException: Value 0 of type java.lang.Integer cannot be converted to JSONObject
03-24 00:37:40.737  5920  6775 W CloudServiceSync.ContactsSyncAdapter: 	at org.json.JSON.typeMismatch(JSON.java:111)
03-24 00:37:40.737  5920  6775 W CloudServiceSync.ContactsSyncAdapter: 	at org.json.JSONObject.<init>(JSONObject.java:160)
03-24 00:37:40.737  5920  6775 W CloudServiceSync.ContactsSyncAdapter: 	at org.json.JSONObject.<init>(JSONObject.java:173)
03-24 00:37:40.737  5920  6775 W CloudServiceSync.ContactsSyncAdapter: 	at com.miui.cloudservice.contacts.d.L(SourceFile:755)
03-24 00:37:40.737  5920  6775 W CloudServiceSync.ContactsSyncAdapter: 	at com.miui.cloudservice.contacts.d.a(SourceFile:728)
03-24 00:37:40.737  5920  6775 W CloudServiceSync.ContactsSyncAdapter: 	at com.miui.cloudservice.contacts.d.g(SourceFile:717)
03-24 00:37:40.737  5920  6775 W CloudServiceSync.ContactsSyncAdapter: 	at com.miui.cloudservice.push.MicloudPushProviderImpl.m(SourceFile:145)
03-24 00:37:40.737  5920  6775 W CloudServiceSync.ContactsSyncAdapter: 	at com.miui.cloudservice.push.MicloudPushProviderImpl.getWatermarkList(SourceFile:114)
03-24 00:37:40.737  5920  6775 W CloudServiceSync.ContactsSyncAdapter: 	at miui.provider.CloudPushProvider.getWatermarkListCursor(CloudPushProvider.java:86)
03-24 00:37:40.737  5920  6775 W CloudServiceSync.ContactsSyncAdapter: 	at miui.provider.CloudPushProvider.query(CloudPushProvider.java:54)
03-24 00:37:40.737  5920  6775 W CloudServiceSync.ContactsSyncAdapter: 	at android.content.ContentProvider.query(ContentProvider.java:1017)
03-24 00:37:40.737  5920  6775 W CloudServiceSync.ContactsSyncAdapter: 	at android.content.ContentProvider$Transport.query(ContentProvider.java:238)
03-24 00:37:40.737  5920  6775 W CloudServiceSync.ContactsSyncAdapter: 	at android.content.ContentResolver.query(ContentResolver.java:491)
03-24 00:37:40.737  5920  6775 W CloudServiceSync.ContactsSyncAdapter: 	at android.content.ContentResolver.query(ContentResolver.java:434)
03-24 00:37:40.737  5920  6775 W CloudServiceSync.ContactsSyncAdapter: 	at com.miui.cloudservice.push.MicloudPushService.ae(SourceFile:649)
03-24 00:37:40.737  5920  6775 W CloudServiceSync.ContactsSyncAdapter: 	at com.miui.cloudservice.push.MicloudPushService.a(SourceFile:613)
03-24 00:37:40.737  5920  6775 W CloudServiceSync.ContactsSyncAdapter: 	at com.miui.cloudservice.push.MicloudPushService.ep(SourceFile:529)
03-24 00:37:40.737  5920  6775 W CloudServiceSync.ContactsSyncAdapter: 	at com.miui.cloudservice.push.MicloudPushService.eo(SourceFile:497)
03-24 00:37:40.737  5920  6775 W CloudServiceSync.ContactsSyncAdapter: 	at com.miui.cloudservice.push.MicloudPushService.er(SourceFile:706)
03-24 00:37:40.737  5920  6775 W CloudServiceSync.ContactsSyncAdapter: 	at com.miui.cloudservice.push.MicloudPushService.eq(SourceFile:678)
03-24 00:37:40.737  5920  6775 W CloudServiceSync.ContactsSyncAdapter: 	at com.miui.cloudservice.push.MicloudPushService.el(SourceFile:297)
03-24 00:37:40.737  5920  6775 W CloudServiceSync.ContactsSyncAdapter: 	at com.miui.cloudservice.push.MicloudPushService.onHandleIntent(SourceFile:174)
03-24 00:37:40.737  5920  6775 W CloudServiceSync.ContactsSyncAdapter: 	at android.app.IntentService$ServiceHandler.handleMessage(IntentService.java:66)
03-24 00:37:40.737  5920  6775 W CloudServiceSync.ContactsSyncAdapter: 	at android.os.Handler.dispatchMessage(Handler.java:102)
03-24 00:37:40.737  5920  6775 W CloudServiceSync.ContactsSyncAdapter: 	at android.os.Looper.loop(Looper.java:148)
03-24 00:37:40.737  5920  6775 W CloudServiceSync.ContactsSyncAdapter: 	at android.os.HandlerThread.run(HandlerThread.java:61)
03-24 00:37:40.739  3736  4373 E VoldConnector: NDC Command {8 volume mkdirs /storage/415B-1BEA/Android/data/com.xiaomi.xmsf/files/} took too long (3238ms)
03-24 00:37:40.761  3736  3749 W art     : Long monitor contention event with owner method=void com.android.server.accounts.AccountManagerService.setUserdataInternal(com.android.server.accounts.AccountManagerService$UserAccounts, android.accounts.Account, java.lang.String, java.lang.String) from AccountManagerService.java:1711 waiters=3 for 142ms
03-24 00:37:40.774  5920  6775 W CloudServiceSync.ContactsSyncAdapter: parseSyncKey(): JSONException
03-24 00:37:40.774  5920  6775 W CloudServiceSync.ContactsSyncAdapter: org.json.JSONException: Value 0 of type java.lang.Integer cannot be converted to JSONObject
03-24 00:37:40.774  5920  6775 W CloudServiceSync.ContactsSyncAdapter: 	at org.json.JSON.typeMismatch(JSON.java:111)
03-24 00:37:40.774  5920  6775 W CloudServiceSync.ContactsSyncAdapter: 	at org.json.JSONObject.<init>(JSONObject.java:160)
03-24 00:37:40.774  5920  6775 W CloudServiceSync.ContactsSyncAdapter: 	at org.json.JSONObject.<init>(JSONObject.java:173)
03-24 00:37:40.774  5920  6775 W CloudServiceSync.ContactsSyncAdapter: 	at com.miui.cloudservice.contacts.d.L(SourceFile:755)
03-24 00:37:40.774  5920  6775 W CloudServiceSync.ContactsSyncAdapter: 	at com.miui.cloudservice.contacts.d.a(SourceFile:728)
03-24 00:37:40.774  5920  6775 W CloudServiceSync.ContactsSyncAdapter: 	at com.miui.cloudservice.contacts.i.i(SourceFile:160)
03-24 00:37:40.774  5920  6775 W CloudServiceSync.ContactsSyncAdapter: 	at com.miui.cloudservice.push.MicloudPushProviderImpl.n(SourceFile:155)
03-24 00:37:40.774  5920  6775 W CloudServiceSync.ContactsSyncAdapter: 	at com.miui.cloudservice.push.MicloudPushProviderImpl.getWatermarkList(SourceFile:116)
03-24 00:37:40.774  5920  6775 W CloudServiceSync.ContactsSyncAdapter: 	at miui.provider.CloudPushProvider.getWatermarkListCursor(CloudPushProvider.java:86)
03-24 00:37:40.774  5920  6775 W CloudServiceSync.ContactsSyncAdapter: 	at miui.provider.CloudPushProvider.query(CloudPushProvider.java:54)
03-24 00:37:40.774  5920  6775 W CloudServiceSync.ContactsSyncAdapter: 	at android.content.ContentProvider.query(ContentProvider.java:1017)
03-24 00:37:40.774  5920  6775 W CloudServiceSync.ContactsSyncAdapter: 	at android.content.ContentProvider$Transport.query(ContentProvider.java:238)
03-24 00:37:40.774  5920  6775 W CloudServiceSync.ContactsSyncAdapter: 	at android.content.ContentResolver.query(ContentResolver.java:491)
03-24 00:37:40.774  5920  6775 W CloudServiceSync.ContactsSyncAdapter: 	at android.content.ContentResolver.query(ContentResolver.java:434)
03-24 00:37:40.774  5920  6775 W CloudServiceSync.ContactsSyncAdapter: 	at com.miui.cloudservice.push.MicloudPushService.ae(SourceFile:649)
03-24 00:37:40.774  5920  6775 W CloudServiceSync.ContactsSyncAdapter: 	at com.miui.cloudservice.push.MicloudPushService.a(SourceFile:613)
03-24 00:37:40.774  5920  6775 W CloudServiceSync.ContactsSyncAdapter: 	at com.miui.cloudservice.push.MicloudPushService.ep(SourceFile:529)
03-24 00:37:40.774  5920  6775 W CloudServiceSync.ContactsSyncAdapter: 	at com.miui.cloudservice.push.MicloudPushService.eo(SourceFile:497)
03-24 00:37:40.774  5920  6775 W CloudServiceSync.ContactsSyncAdapter: 	at com.miui.cloudservice.push.MicloudPushService.er(SourceFile:706)
03-24 00:37:40.774  5920  6775 W CloudServiceSync.ContactsSyncAdapter: 	at com.miui.cloudservice.push.MicloudPushService.eq(SourceFile:678)
03-24 00:37:40.774  5920  6775 W CloudServiceSync.ContactsSyncAdapter: 	at com.miui.cloudservice.push.MicloudPushService.el(SourceFile:297)
03-24 00:37:40.774  5920  6775 W CloudServiceSync.ContactsSyncAdapter: 	at com.miui.cloudservice.push.MicloudPushService.onHandleIntent(SourceFile:174)
03-24 00:37:40.774  5920  6775 W CloudServiceSync.ContactsSyncAdapter: 	at android.app.IntentService$ServiceHandler.handleMessage(IntentService.java:66)
03-24 00:37:40.774  5920  6775 W CloudServiceSync.ContactsSyncAdapter: 	at android.os.Handler.dispatchMessage(Handler.java:102)
03-24 00:37:40.774  5920  6775 W CloudServiceSync.ContactsSyncAdapter: 	at android.os.Looper.loop(Looper.java:148)
03-24 00:37:40.774  5920  6775 W CloudServiceSync.ContactsSyncAdapter: 	at android.os.HandlerThread.run(HandlerThread.java:61)
03-24 00:37:40.869  6791  6791 W System  : ClassLoader referenced unknown path: /system/app/Notes/lib/arm64
03-24 00:37:40.956  3736  4420 W art     : Long monitor contention event with owner method=boolean com.android.server.accounts.AccountManagerService.saveAuthTokenToDatabase(com.android.server.accounts.AccountManagerService$UserAccounts, android.accounts.Account, java.lang.String, java.lang.String) from AccountManagerService.java:1505 waiters=3 for 113ms
03-24 00:37:40.977  3736  4418 W art     : Long monitor contention event with owner method=boolean com.android.server.accounts.AccountManagerService.saveAuthTokenToDatabase(com.android.server.accounts.AccountManagerService$UserAccounts, android.accounts.Account, java.lang.String, java.lang.String) from AccountManagerService.java:1505 waiters=4 for 132ms
03-24 00:37:40.978  3736  3749 W art     : Long monitor contention event with owner method=boolean com.android.server.accounts.AccountManagerService.saveAuthTokenToDatabase(com.android.server.accounts.AccountManagerService$UserAccounts, android.accounts.Account, java.lang.String, java.lang.String) from AccountManagerService.java:1505 waiters=5 for 120ms
03-24 00:37:41.468  3736  4261 W art     : Long monitor contention event with owner method=void com.android.server.accounts.AccountManagerService.setUserdataInternal(com.android.server.accounts.AccountManagerService$UserAccounts, android.accounts.Account, java.lang.String, java.lang.String) from AccountManagerService.java:1711 waiters=1 for 136ms
03-24 00:37:41.749  6814  6814 W System  : ClassLoader referenced unknown path: /system/app/CloudService/lib/arm64
03-24 00:37:41.809  3736  4160 W art     : Long monitor contention event with owner method=void com.android.server.accounts.AccountManagerService.setUserdataInternal(com.android.server.accounts.AccountManagerService$UserAccounts, android.accounts.Account, java.lang.String, java.lang.String) from AccountManagerService.java:1711 waiters=0 for 134ms
03-24 00:37:41.815  6562  6586 W System.err: org.json.JSONException: End of input at character 0 of 
03-24 00:37:41.815  6562  6586 W System.err: 	at org.json.JSONTokener.syntaxError(JSONTokener.java:449)
03-24 00:37:41.815  6562  6586 W System.err: 	at org.json.JSONTokener.nextValue(JSONTokener.java:97)
03-24 00:37:41.815  6562  6586 W System.err: 	at org.json.JSONObject.<init>(JSONObject.java:156)
03-24 00:37:41.815  6562  6586 W System.err: 	at org.json.JSONObject.<init>(JSONObject.java:173)
03-24 00:37:41.815  6562  6586 W System.err: 	at com.android.updater.UpdateInfo.<init>(Unknown Source)
03-24 00:37:41.815  6562  6586 W System.err: 	at com.android.updater.aJ.al(Unknown Source)
03-24 00:37:41.815  6562  6586 W System.err: 	at com.android.updater.aJ.run(Unknown Source)
03-24 00:37:41.854  3736  4381 W ActivityManager: Unable to start service Intent { act=com.xiaomi.action.MICLOUD_ANALYTICS pkg=com.miui.cloudservice (has extras) } U=0: not found
03-24 00:37:41.869  3266  3266 E lowmemorykiller: Error writing /proc/6562/oom_score_adj; errno=22
03-24 00:37:41.870  3736  4371 E JavaBinder: !!! FAILED BINDER TRANSACTION !!!  (parcel size = 76)
03-24 00:37:41.872  3954  3954 W SystemUI.toggleContainer: view is null:null null null
03-24 00:37:41.875  3736  3749 W InputMethodManagerService: Window already focused, ignoring focus gain of: com.android.internal.view.IInputMethodClient$Stub$Proxy@d45abf7 attribute=null, token = android.os.BinderProxy@da7884
03-24 00:37:41.938  6708  6715 E System  : Uncaught exception thrown by finalizer
03-24 00:37:41.938  6708  6715 E System  : java.lang.NullPointerException: Attempt to invoke virtual method 'void dalvik.system.CloseGuard.close()' on a null object reference
03-24 00:37:41.938  6708  6715 E System  : 	at java.io.FileInputStream.close(FileInputStream.java:113)
03-24 00:37:41.938  6708  6715 E System  : 	at java.io.FileInputStream.finalize(FileInputStream.java:140)
03-24 00:37:41.938  6708  6715 E System  : 	at java.lang.Daemons$FinalizerDaemon.doFinalize(Daemons.java:202)
03-24 00:37:41.938  6708  6715 E System  : 	at java.lang.Daemons$FinalizerDaemon.run(Daemons.java:185)
03-24 00:37:41.938  6708  6715 E System  : 	at java.lang.Thread.run(Thread.java:818)
03-24 00:37:42.082  3736  3833 W art     : Long monitor contention event with owner method=void com.android.server.am.ActivityManagerService.removeContentProvider(android.os.IBinder, boolean) from ActivityManagerService.java:9913 waiters=0 for 211ms
03-24 00:37:42.083  3736  4261 W art     : Long monitor contention event with owner method=void com.android.server.am.ActivityManagerService.removeContentProvider(android.os.IBinder, boolean) from ActivityManagerService.java:9913 waiters=2 for 207ms
03-24 00:37:42.092  3736  4023 W art     : Long monitor contention event with owner method=void com.android.server.am.ActivityManagerService.removeContentProvider(android.os.IBinder, boolean) from ActivityManagerService.java:9913 waiters=7 for 128ms
03-24 00:37:42.092  4170  4170 W PushService: 2018-03-24 00:37:42,092 - [WARN::PushService] - [Thread:1] onStart() with intent.Action = com.xiaomi.push.OPEN_CHANNEL, chid = 8
03-24 00:37:42.093  4170  6606 W PushService: 2018-03-24 00:37:42,093 - [WARN::PushService] - [Thread:71] JOB: Handle intent action = com.xiaomi.push.OPEN_CHANNEL
03-24 00:37:42.114  4170  6606 W PushService: 2018-03-24 00:37:42,113 - [WARN::PushService] - [Thread:71] register timer 1521823285676
03-24 00:37:42.116  4170  6606 W PushService: 2018-03-24 00:37:42,115 - [WARN::PushService] - [Thread:71] JOB: do reconnect..
03-24 00:37:42.119  4170  6606 W PushService: 2018-03-24 00:37:42,119 - [WARN::PushService] - [Thread:71] update the connection status. disconnected -> connecting : ERROR_OK 
03-24 00:37:42.129  4170  6606 W PushService: 2018-03-24 00:37:42,120 - [WARN::PushService] - [Thread:71] begin to connect...
03-24 00:37:42.132  4170  6606 W PushService: 2018-03-24 00:37:42,132 - [WARN::PushService] - get bucket for host : app.chat.xiaomi.net starts
03-24 00:37:42.142  4170  6606 W PushService: 2018-03-24 00:37:42,141 - [WARN::PushService] - get bucket for host : app.chat.xiaomi.net ends in 9 ms
03-24 00:37:42.145  4170  6609 W PushService: 2018-03-24 00:37:42,144 - [WARN::PushService] - [Thread:72] fetch bucket from : http://resolver.msg.xiaomi.net:80/gslb/?ver=3.0&type=wifi&uuid=0&list=app.chat.xiaomi.net%2Cresolver.msg.xiaomi.net&sdkver=26&osver=23&os=HUAWEI-P8Lite%3A02.20180109.180756&mi=2
03-24 00:37:42.147  4170  6606 W PushService: 2018-03-24 00:37:42,146 - [WARN::PushService] - [Thread:71] begin to connect to 42.62.94.2:443
03-24 00:37:42.209  4170  6606 W PushService: 2018-03-24 00:37:42,208 - [WARN::PushService] - [Thread:71] tcp connected
03-24 00:37:42.285  4170  6606 W PushService: 2018-03-24 00:37:42,285 - [WARN::PushService] - [Thread:71] load config failure: /data/user/0/com.xiaomi.xmsf/files/XMCloudCfg: open failed: ENOENT (No such file or directory)
03-24 00:37:42.290  4170  6606 W PushService: 2018-03-24 00:37:42,289 - [WARN::PushService] - [Thread:71] [Slim] Wrote {cmd=CONN;chid=0;len=132}
03-24 00:37:42.291  4170  6609 W PushService: 2018-03-24 00:37:42,291 - [WARN::PushService] - [Thread:72] HTTP len=2616 url=http://resolver.msg.xiaomi.net:80/gslb/
03-24 00:37:42.298  4170  6606 W PushService: 2018-03-24 00:37:42,291 - [WARN::PushService] - [Thread:71] [slim] open conn: andver=23 sdk=26 hash=ZJM7tECUSwf1sGdx tz=8:0 Model=HUAWEI-P8Lite os=02.20180109.180756
03-24 00:37:42.300  4170  6606 W PushService: 2018-03-24 00:37:42,299 - [WARN::PushService] - [Thread:71] connected to 42.62.94.2:443 in 153
03-24 00:37:42.305  4170  6609 W PushService: 2018-03-24 00:37:42,304 - [WARN::PushService] - [Thread:72] get bucket: ip = 223.74.235.111 net = wifi hosts = {"app.chat.xiaomi.net":["183.84.5.202:5222","183.84.5.54:5222","111.13.142.134:443","111.13.142.134:5222","120.92.96.2:443","111.13.142.2:443","120.92.96.2:5222","120.92.98.2:80"],"resolver.msg.xiaomi.net":["111.13.142.153:5222","120.92.96.13:5222","203.100.92.28:5222","123.125.102.48:5222","203.100.92.28:80","123.125.102.48:80","111.13.142.153:80","120.92.96.13:80","114.54.23.75:5222","111.206.200.71:5222","111.13.142.27:5222","42.62.94.234:5222","114.54.23.75:80","111.206.200.71:80","111.13.142.27:80","42.62.94.234:80"]}
03-24 00:37:42.344  4170  6843 W PushService: 2018-03-24 00:37:42,343 - [WARN::PushService] - [Thread:74] [Slim] Read {cmd=CONN;chid=0;len=58}
03-24 00:37:42.345  4170  6843 W PushService: 2018-03-24 00:37:42,345 - [WARN::PushService] - [Thread:74] setChallenge hash = 4091bebd
03-24 00:37:42.345  4170  6843 W PushService: 2018-03-24 00:37:42,345 - [WARN::PushService] - [Thread:74] update the connection status. connecting -> connected : ERROR_OK 
03-24 00:37:42.352  4170  6606 W PushService: 2018-03-24 00:37:42,352 - [WARN::PushService] - [Thread:71] JOB: bind the client. 8
03-24 00:37:42.352  4170  6843 W PushService: 2018-03-24 00:37:42,352 - [WARN::PushService] - [Thread:74] [Slim] 12:37:42  RCV  Blob [SYNC,0,GC4ik-0]
03-24 00:37:42.353  4170  6606 W PushService: 2018-03-24 00:37:42,352 - [WARN::PushService] - [Thread:71] update the client 8 status. unbind->binding unknown ERROR_OK null null
03-24 00:37:42.353  4170  6843 W PushService: 2018-03-24 00:37:42,352 - [WARN::PushService] - [Thread:74] [Slim] CONN: host = b8c0
03-24 00:37:42.353  4170  6606 W PushService: 2018-03-24 00:37:42,353 - [WARN::PushService] - [Thread:71] [Slim]: bind id=GC4ik-1
03-24 00:37:42.355  4170  6606 W PushService: 2018-03-24 00:37:42,355 - [WARN::PushService] - [Thread:71] [Slim] Wrote {cmd=BIND;chid=8;len=388}
03-24 00:37:42.356  4170  6606 W PushService: 2018-03-24 00:37:42,356 - [WARN::PushService] - [Thread:71] [Slim] 12:37:42  Sent  Blob [BIND,8,GC4ik-1]
03-24 00:37:42.412  4170  6843 W PushService: 2018-03-24 00:37:42,412 - [WARN::PushService] - [Thread:74] [Slim] Read {cmd=BIND;chid=8;len=77}
03-24 00:37:42.413  4170  6843 W PushService: 2018-03-24 00:37:42,413 - [WARN::PushService] - [Thread:74] [Slim] 12:37:42  RCV  Blob [BIND,8,GC4ik-1]
03-24 00:37:42.413  4170  6606 W PushService: 2018-03-24 00:37:42,413 - [WARN::PushService] - [Thread:71] SMACK: channel bind succeeded, chid=8
03-24 00:37:42.414  4170  6606 W PushService: 2018-03-24 00:37:42,414 - [WARN::PushService] - [Thread:71] update the client 8 status. binding->binded OPEN ERROR_OK null null
03-24 00:37:42.491  4170  4170 W PushService: 2018-03-24 00:37:42,491 - [WARN::PushService] - [Thread:1] onStart() with intent.Action = com.xiaomi.push.OPEN_CHANNEL, chid = 2
03-24 00:37:42.492  4170  6606 W PushService: 2018-03-24 00:37:42,491 - [WARN::PushService] - [Thread:71] JOB: Handle intent action = com.xiaomi.push.OPEN_CHANNEL
03-24 00:37:42.494  4170  6606 W PushService: 2018-03-24 00:37:42,493 - [WARN::PushService] - [Thread:71] JOB: bind the client. 2
03-24 00:37:42.494  4170  6606 W PushService: 2018-03-24 00:37:42,494 - [WARN::PushService] - [Thread:71] update the client 2 status. unbind->binding unknown ERROR_OK null null
03-24 00:37:42.494  4170  6606 W PushService: 2018-03-24 00:37:42,494 - [WARN::PushService] - [Thread:71] [Slim]: bind id=GC4ik-2
03-24 00:37:42.495  4170  6606 W PushService: 2018-03-24 00:37:42,495 - [WARN::PushService] - [Thread:71] [Slim] Wrote {cmd=BIND;chid=2;len=403}
03-24 00:37:42.496  4170  6606 W PushService: 2018-03-24 00:37:42,495 - [WARN::PushService] - [Thread:71] [Slim] 12:37:42  Sent  Blob [BIND,2,GC4ik-2]
03-24 00:37:42.557  4170  6843 W PushService: 2018-03-24 00:37:42,556 - [WARN::PushService] - [Thread:74] [Slim] Read {cmd=BIND;chid=2;len=77}
03-24 00:37:42.557  4170  6606 W PushService: 2018-03-24 00:37:42,557 - [WARN::PushService] - [Thread:71] SMACK: channel bind succeeded, chid=2
03-24 00:37:42.557  4170  6606 W PushService: 2018-03-24 00:37:42,557 - [WARN::PushService] - [Thread:71] update the client 2 status. binding->binded OPEN ERROR_OK null null
03-24 00:37:42.558  4170  6843 W PushService: 2018-03-24 00:37:42,557 - [WARN::PushService] - [Thread:74] [Slim] 12:37:42  RCV  Blob [BIND,2,GC4ik-2]
03-24 00:37:42.678  4170  6843 W PushService: 2018-03-24 00:37:42,667 - [WARN::PushService] - [Thread:74] [Slim] Read {cmd=SECMSG;chid=2;len=650}
03-24 00:37:42.683  4170  6843 W PushService: 2018-03-24 00:37:42,682 - [WARN::PushService] - [Thread:74] [Slim] 12:37:42  RCV  PKT [2,A11iU7kdZ/la]
03-24 00:37:42.800  6338  6810 W System  : ClassLoader referenced unknown path: /system/app/webview/lib/arm64
03-24 00:37:42.970  6708  6866 W MxActivateService: Unactivated, bail.
03-24 00:37:43.053  6338  6810 W art     : Verification of void com.android.webview.chromium.WebViewChromiumFactoryProvider.initNetworkChangeNotifier(android.content.Context) took 114.635ms
03-24 00:37:43.068  3947  4480 W MediaScanner: Error opening directory '/storage/415B-1BEA/.android_secure/', skipping: Permission denied.
03-24 00:37:43.114  3954  6889 W ContextImpl: Calling a method in the system process without a qualified user: android.app.ContextImpl.bindService:1285 android.content.ContextWrapper.bindService:604 miui.content.res.ThemeRuntimeManager.bindService:131 miui.content.res.ThemeRuntimeManager.access$300:36 miui.content.res.ThemeRuntimeManager$ThemeServiceThread.run:193 
03-24 00:37:43.175  3954  3954 W ProgressBarDelegate: Unknown Drawable subclass, src=android.graphics.drawable.ScaleDrawable@e9e9d06
03-24 00:37:43.175  3954  3954 W ProgressBarDelegate: Unknown Drawable subclass, src=android.graphics.drawable.ScaleDrawable@604dfc7
03-24 00:37:43.227  3282  3282 E ShellService: move /data/user/0/com.android.thememanager/cache/com.miui.cloudbackup.png /data/system/theme_magic/customized_icons/com.miui.cloudbackup.png failed: No such file or directory
03-24 00:37:43.230  3282  3506 E ShellService: move /data/user/0/com.android.thememanager/files/customized_icons_version /data/system/theme_magic/customized_icons/miui_version failed: No such file or directory
03-24 00:37:43.287  6877  6877 W System  : ClassLoader referenced unknown path: /system/app/SoundRecorder/lib/arm64
03-24 00:37:43.297  6891  6891 W System  : ClassLoader referenced unknown path: /system/priv-app/MiuiHome/lib/arm64
03-24 00:37:43.638  6891  6891 E FeatureParser: both assets/device_features/ and /system/etc/device_features don't exist hi6210sft.xml
03-24 00:37:44.408  3991  3991 W ContextImpl: Calling a method in the system process without a qualified user: android.app.ContextImpl.startService:1221 android.content.ContextWrapper.startService:581 android.content.ContextWrapper.startService:581 com.android.settings.AnalyticsReceiver.onReceive:24 android.app.ActivityThread.handleReceiver:2725 
03-24 00:37:44.444  3991  6919 W ContextImpl: Calling a method in the system process without a qualified user: android.app.ContextImpl.bindService:1285 android.content.ContextWrapper.bindService:604 miui.analytics.Analytics.endSession:120 com.android.settings.analytics.AnalyticService.onHandleIntent:106 android.app.IntentService$ServiceHandler.handleMessage:66 
03-24 00:37:44.605  6776  6876 E MiuiGallery2_ApplicationHelper: java.lang.ClassNotFoundException: com.miui.gallery.util.deviceprovider.PhoneApplicationHelper
03-24 00:37:44.686  6921  6931 W art     : Suspending all threads took: 8.844ms
03-24 00:37:45.072  3947  4480 W MediaScanner: Error opening directory '/oem/media/', skipping: No such file or directory.
03-24 00:37:45.174  3736  3749 W ActivityManager: Unable to start service Intent { act=com.xiaomi.action.MICLOUD_ANALYTICS pkg=com.miui.cloudservice (has extras) } U=0: not found
03-24 00:37:45.263  3736  4262 W InputMethodManagerService: Window already focused, ignoring focus gain of: com.android.internal.view.IInputMethodClient$Stub$Proxy@acdbf6d attribute=null, token = android.os.BinderProxy@ccec460
03-24 00:37:45.453  3954  3954 W SystemUI.toggleContainer: view is null:null null null
03-24 00:37:45.856  6940  6946 W dex2oat : Verification of void com.alipay.sdk.app.H5AuthActivity.onCreate(android.os.Bundle) took 112.324ms
03-24 00:37:46.006  6940  6940 W dex2oat : Verification of void com.iflytek.blc.push.PushManagerImpl.resumePush(android.content.Context) took 110.179ms
03-24 00:37:46.016  6940  6949 W dex2oat : Verification of void com.iflytek.blc.push.dao.impl.NoticeItemDaoImpl.reduceDisplayCount(java.util.List, java.util.List) took 110.245ms
03-24 00:37:46.118  6940  6944 W dex2oat : Verification of void com.iflytek.recinbox.sdk.blc.operation.http.HttpClients.run() took 133.797ms
03-24 00:37:46.150  6940  6948 W dex2oat : Verification of void com.iflytek.recinbox.sdk.net.HttpClients.run() took 114.790ms
03-24 00:37:46.236  6940  6944 W dex2oat : Verification of java.lang.String[] com.iflytek.recinbox.sdk.system.RSAUtils.testCreateKey() took 110.845ms
03-24 00:37:46.436  6940  6949 W dex2oat : Compilation of java.lang.String com.alipay.mobilesecuritysdk.deviceID.CollectDeviceInfo.getNetworkType(android.content.Context) took 121.803ms
03-24 00:37:46.517  6940  6948 W dex2oat : Compilation of java.lang.String com.alipay.mobilesecuritysdk.deviceID.DeviceIdModel.getCheckCodeString() took 180.130ms
03-24 00:37:46.736  6940  6940 W dex2oat : Compilation of java.lang.String com.alipay.sdk.data.FrameUtils.a(java.lang.String) took 100.740ms
03-24 00:37:46.758  6940  6947 W dex2oat : Compilation of void com.alipay.sdk.app.PayTask.c() took 112.589ms
03-24 00:37:46.766  6940  6950 W dex2oat : Compilation of void com.alipay.sdk.auth.AuthActivity.c() took 110.663ms
03-24 00:37:46.787  6940  6944 W dex2oat : Compilation of byte[] com.alipay.sdk.encrypt.Base64.a(java.lang.String) took 114.320ms
03-24 00:37:46.798  6940  6945 W dex2oat : Compilation of java.lang.String com.alipay.sdk.encrypt.Rsa.a(java.lang.String, java.lang.String) took 102.708ms
03-24 00:37:46.817  6940  6948 W dex2oat : Compilation of java.lang.String com.alipay.mobilesecuritysdk.deviceID.DeviceIdModel.readDataFromSdCard() took 112.320ms
03-24 00:37:46.826  6940  6949 W dex2oat : Compilation of void com.alipay.sdk.exception.UnZipException.<init>(java.lang.String) took 110.710ms
03-24 00:37:46.852  6776  6787 W art     : Suspending all threads took: 77.128ms
03-24 00:37:46.897  6940  6944 W dex2oat : Compilation of org.json.JSONObject com.alipay.sdk.net.RequestWrapper.a(android.content.Context, com.alipay.sdk.data.Request, com.alipay.sdk.data.Response) took 102.105ms
03-24 00:37:46.906  6940  6950 W dex2oat : Compilation of java.lang.Object com.alipay.sdk.net.MspHttpClient.a(org.apache.http.HttpHost, org.apache.http.HttpRequest, org.apache.http.client.ResponseHandler, org.apache.http.protocol.HttpContext) took 130.637ms
03-24 00:37:46.916  6940  6946 W dex2oat : Compilation of void com.alipay.sdk.data.MspConfig.a(java.lang.String) took 101.239ms
03-24 00:37:46.936  6940  6948 W dex2oat : Compilation of org.json.JSONObject com.alipay.sdk.protocol.ElementAction.h() took 110.864ms
03-24 00:37:46.947  6940  6949 W dex2oat : Compilation of com.alipay.sdk.protocol.MiniStatus com.alipay.sdk.protocol.MiniStatus.a(java.lang.String) took 111.122ms
03-24 00:37:46.955  6940  6940 W dex2oat : Compilation of boolean com.alipay.sdk.sys.GlobalContext.e() took 110.955ms
03-24 00:37:47.016  6940  6950 W dex2oat : Compilation of java.lang.String com.alipay.sdk.util.AuthHelper.b(android.app.Activity, java.lang.String) took 101.070ms
03-24 00:37:47.043  6940  6944 W dex2oat : Compilation of com.alipay.sdk.tid.TidInfo com.alipay.sdk.tid.TidInfo.c() took 138.815ms
03-24 00:37:47.046  6940  6946 W dex2oat : Compilation of boolean com.alipay.sdk.util.FileDownloader$ProgressOutput.a(com.alipay.sdk.util.FileDownloader$ProgressOutput) took 120.698ms
03-24 00:37:47.054  6940  6949 W dex2oat : Compilation of java.lang.String com.alipay.sdk.util.PayHelper.a(java.lang.String, android.content.Intent) took 100.628ms
03-24 00:37:47.067  6940  6948 W dex2oat : Compilation of org.json.JSONObject com.alipay.sdk.util.JsonUtils.a(org.json.JSONObject, org.json.JSONObject) took 121.722ms
03-24 00:37:47.107  6940  6940 W dex2oat : Compilation of int com.alipay.sdk.util.Utils.b(java.lang.String, java.lang.String) took 102.195ms
03-24 00:37:47.126  6940  6950 W dex2oat : Compilation of int com.iflytek.base.aitalk.Aitalk5.onCallResult() took 100.560ms
03-24 00:37:47.186  6940  6947 W dex2oat : Compilation of void com.iflytek.base.speech.impl.MscRecognizer.beginRecognize(android.os.Bundle) took 121.098ms
03-24 00:37:47.199  6940  6948 W dex2oat : Compilation of java.lang.String com.iflytek.blc.orm.dao.impl.BaseDaoImpl.a(java.lang.Object, android.content.ContentValues, int, int) took 124.942ms
03-24 00:37:47.209  6940  6945 W dex2oat : Compilation of com.iflytek.blc.cache.CacheItem com.iflytek.blc.cache.DownloadTask.a() took 114.885ms
03-24 00:37:47.217  6940  6944 W dex2oat : Compilation of void com.iflytek.blc.cache.CacheManagerImpl.initialize(android.content.Context) took 131.573ms
03-24 00:37:47.237  6940  6940 W dex2oat : Compilation of android.util.DisplayMetrics com.alipay.sdk.util.Utils.h(android.content.Context) took 121.388ms
03-24 00:37:47.257  6940  6946 W dex2oat : Compilation of void com.iflytek.blc.core.PlatformInfoProvider.a() took 102.726ms
03-24 00:37:47.366  6940  6946 W dex2oat : Compilation of void com.iflytek.blc.push.AlarmRequestManager.cancelNextAlarm(android.content.Context) took 101.470ms
03-24 00:37:47.449  6940  6945 W dex2oat : Compilation of void com.iflytek.blc.push.dao.impl.ClientNoticeDaoImpl.<init>(android.database.sqlite.SQLiteOpenHelper) took 132.970ms
03-24 00:37:47.454  6940  6947 W dex2oat : Compilation of void com.iflytek.blc.push.PushManagerImpl.a(com.iflytek.blc.push.PushManagerImpl, android.content.Context, int, java.lang.String) took 158.447ms
03-24 00:37:47.462  6940  6944 W dex2oat : Compilation of com.iflytek.blc.page.Pagination com.iflytek.blc.push.dao.impl.NoticeItemDaoImpl.a(java.lang.String, int, int, com.iflytek.blc.page.OrderBy[]) took 137.750ms
03-24 00:37:47.466  6940  6949 W dex2oat : Compilation of void com.iflytek.blc.push.entity.ClientNotice.setCloseFlag(int) took 130.305ms
03-24 00:37:47.494  6940  6940 W dex2oat : Compilation of void com.iflytek.blc.push.entity.NoticeItem.<init>(java.lang.String, java.lang.String, java.lang.String, java.lang.String, java.lang.String, long, long, java.lang.String, int, int, long, int, java.lang.String, java.lang.String) took 148.678ms
03-24 00:37:47.576  6940  6950 W dex2oat : Compilation of java.lang.String com.iflytek.blc.system.SimInfoManager.getMCCNumber() took 100.880ms
03-24 00:37:47.586  6940  6944 W dex2oat : Compilation of java.util.List com.iflytek.blc.push.dao.impl.NoticeItemDaoImpl.a(java.lang.String, java.lang.String[], java.lang.String, java.lang.String) took 116.130ms
03-24 00:37:47.606  6940  6949 W dex2oat : Compilation of int com.iflytek.blc.util.Logger.w(java.lang.String, java.lang.String, java.lang.Throwable) took 100.966ms
03-24 00:37:47.616  6940  6945 W dex2oat : Compilation of java.lang.String com.iflytek.blc.util.DateFormat.getAddDay(java.lang.String, java.lang.String, int, java.lang.String) took 122.351ms
03-24 00:37:47.626  6940  6940 W dex2oat : Compilation of java.lang.String com.iflytek.blc.util.StringUtil.trimToEmpty(java.lang.String) took 110.388ms
03-24 00:37:47.637  6940  6946 W dex2oat : Compilation of java.lang.String com.iflytek.blc.version.ClientUpdateInfo.toString() took 111.427ms
03-24 00:37:47.646  6940  6947 W dex2oat : Compilation of void com.iflytek.blc.push.PushManagerImpl.setSaveNotice(boolean) took 110.625ms
03-24 00:37:47.656  6940  6948 W dex2oat : Compilation of void com.iflytek.blc.orm.dao.impl.BaseDaoImpl.update(java.lang.Object) took 172.639ms
03-24 00:37:47.817  4218  4544 W WtProcessController: do not trim { PackageName :com.miui.cloudservice Pid: 5920 Uid: 10038 Start by: broadcast Score:50 Old score:50 state:0 mBackgroundTimeInMillis:1521823067685 WakelockCount:0 wakelogsize:0  ActivityDestroied:false Activity size: 2 PackageInfo:{WhetstonePackageInfo#PacakgeName:com.miui.cloudservice uid:10038 uiMemoryThresold:0 nonUiMemoryThresold:0 Flag:-2147482624,0x80000400 [,SOFT_RESET,APP_SYSTEM] Type:0[] } tasknum:0}
