03-24 07:02:33.686  6686  7492 E com_miui_internal_os_Native-JNI: stat /storage/emulated/0/MIUI/theme/.temp/precust/meta/icons/86e303fa-cbef-4ffe-b9bd-916bb0d65ec2.mrm failed: No such file or directory
03-24 07:02:33.690  6686  7492 E com_miui_internal_os_Native-JNI: chmod /storage/emulated/0/MIUI/theme/.temp/precust/meta/icons/86e303fa-cbef-4ffe-b9bd-916bb0d65ec2.mrm failed: Operation not permitted
03-24 07:02:33.691  6686  7492 E com_miui_internal_os_Native-JNI: stat /storage/emulated/0/MIUI/theme/.temp/precust/meta/icons/d2c0a825-9b9f-4733-b15c-a98a69cb50a6.mrm failed: No such file or directory
03-24 07:02:33.695  6686  7492 E com_miui_internal_os_Native-JNI: chmod /storage/emulated/0/MIUI/theme/.temp/precust/meta/icons/d2c0a825-9b9f-4733-b15c-a98a69cb50a6.mrm failed: Operation not permitted
03-24 07:02:33.696  6686  7492 E com_miui_internal_os_Native-JNI: stat /storage/emulated/0/MIUI/theme/.temp/precust/meta/icons/e5973b90-a27f-4451-8fcf-8c03f8e67555.mrm failed: No such file or directory
03-24 07:02:33.701  6686  7492 E com_miui_internal_os_Native-JNI: chmod /storage/emulated/0/MIUI/theme/.temp/precust/meta/icons/e5973b90-a27f-4451-8fcf-8c03f8e67555.mrm failed: Operation not permitted
03-24 07:02:33.702  6686  7492 E com_miui_internal_os_Native-JNI: stat /storage/emulated/0/MIUI/theme/.temp/precust/meta/launcher/085fb6d3-79bb-4dbc-a653-1ed2bfca762e.mrm failed: No such file or directory
03-24 07:02:33.706  6686  7492 E com_miui_internal_os_Native-JNI: chmod /storage/emulated/0/MIUI/theme/.temp/precust/meta/launcher/085fb6d3-79bb-4dbc-a653-1ed2bfca762e.mrm failed: Operation not permitted
03-24 07:02:33.707  6686  7492 E com_miui_internal_os_Native-JNI: stat /storage/emulated/0/MIUI/theme/.temp/precust/meta/launcher/1914afcd-66ab-4c3f-942d-696b7d654928.mrm failed: No such file or directory
03-24 07:02:33.711  6686  7492 E com_miui_internal_os_Native-JNI: chmod /storage/emulated/0/MIUI/theme/.temp/precust/meta/launcher/1914afcd-66ab-4c3f-942d-696b7d654928.mrm failed: Operation not permitted
03-24 07:02:33.712  6686  7492 E com_miui_internal_os_Native-JNI: stat /storage/emulated/0/MIUI/theme/.temp/precust/meta/launcher/66eb9591-2f0d-47dd-906d-7f0636cd478b.mrm failed: No such file or directory
03-24 07:02:33.716  6686  7492 E com_miui_internal_os_Native-JNI: chmod /storage/emulated/0/MIUI/theme/.temp/precust/meta/launcher/66eb9591-2f0d-47dd-906d-7f0636cd478b.mrm failed: Operation not permitted
03-24 07:02:33.717  6686  7492 E com_miui_internal_os_Native-JNI: stat /storage/emulated/0/MIUI/theme/.temp/precust/meta/launcher/a3958749-a4ff-47d5-bfca-3526b2c18730.mrm failed: No such file or directory
03-24 07:02:33.721  6686  7492 E com_miui_internal_os_Native-JNI: chmod /storage/emulated/0/MIUI/theme/.temp/precust/meta/launcher/a3958749-a4ff-47d5-bfca-3526b2c18730.mrm failed: Operation not permitted
03-24 07:02:33.723  6686  7492 E com_miui_internal_os_Native-JNI: stat /storage/emulated/0/MIUI/theme/.temp/precust/meta/lockscreen/3868236b-a97c-4a8e-86f3-e0a44a762325.mrm failed: No such file or directory
03-24 07:02:33.727  6686  7492 E com_miui_internal_os_Native-JNI: chmod /storage/emulated/0/MIUI/theme/.temp/precust/meta/lockscreen/3868236b-a97c-4a8e-86f3-e0a44a762325.mrm failed: Operation not permitted
03-24 07:02:33.728  6686  7492 E com_miui_internal_os_Native-JNI: stat /storage/emulated/0/MIUI/theme/.temp/precust/meta/lockscreen/4f9b0fb9-7c8a-49cd-a48a-fade73c03d51.mrm failed: No such file or directory
03-24 07:02:33.732  6686  7492 E com_miui_internal_os_Native-JNI: chmod /storage/emulated/0/MIUI/theme/.temp/precust/meta/lockscreen/4f9b0fb9-7c8a-49cd-a48a-fade73c03d51.mrm failed: Operation not permitted
03-24 07:02:33.733  6686  7492 E com_miui_internal_os_Native-JNI: stat /storage/emulated/0/MIUI/theme/.temp/precust/meta/lockscreen/787c96f2-5dd1-4708-94b5-dbf15fa4dee8.mrm failed: No such file or directory
03-24 07:02:33.737  6686  7492 E com_miui_internal_os_Native-JNI: chmod /storage/emulated/0/MIUI/theme/.temp/precust/meta/lockscreen/787c96f2-5dd1-4708-94b5-dbf15fa4dee8.mrm failed: Operation not permitted
03-24 07:02:33.737  6686  7492 E com_miui_internal_os_Native-JNI: stat /storage/emulated/0/MIUI/theme/.temp/precust/meta/lockscreen/7aba81d0-3ad3-49d1-bc52-f2485c1c42eb.mrm failed: No such file or directory
03-24 07:02:33.742  6686  7492 E com_miui_internal_os_Native-JNI: chmod /storage/emulated/0/MIUI/theme/.temp/precust/meta/lockscreen/7aba81d0-3ad3-49d1-bc52-f2485c1c42eb.mrm failed: Operation not permitted
03-24 07:02:33.743  6686  7492 E com_miui_internal_os_Native-JNI: stat /storage/emulated/0/MIUI/theme/.temp/precust/meta/mms/7edb9f62-cea3-4a7b-9dd5-a2ce78f644fa.mrm failed: No such file or directory
03-24 07:02:33.746  3395  6178 W art     : Long monitor contention event with owner method=void com.android.server.am.ActivityManagerService.removeContentProvider(android.os.IBinder, boolean) from ActivityManagerService.java:9913 waiters=1 for 108ms
03-24 07:02:33.752  6686  7492 E com_miui_internal_os_Native-JNI: chmod /storage/emulated/0/MIUI/theme/.temp/precust/meta/mms/7edb9f62-cea3-4a7b-9dd5-a2ce78f644fa.mrm failed: Operation not permitted
03-24 07:02:33.755  6686  7492 E com_miui_internal_os_Native-JNI: stat /storage/emulated/0/MIUI/theme/.temp/precust/meta/mms/a2fe1bb8-6993-4656-9f5f-5b2671d41508.mrm failed: No such file or directory
03-24 07:02:33.766  6686  7492 E com_miui_internal_os_Native-JNI: chmod /storage/emulated/0/MIUI/theme/.temp/precust/meta/mms/a2fe1bb8-6993-4656-9f5f-5b2671d41508.mrm failed: Operation not permitted
03-24 07:02:33.766  6686  7492 E com_miui_internal_os_Native-JNI: stat /storage/emulated/0/MIUI/theme/.temp/precust/meta/mms/ba34cb74-9eda-4ddf-bdc4-fef0c69aea35.mrm failed: No such file or directory
03-24 07:02:33.772  6686  7492 E com_miui_internal_os_Native-JNI: chmod /storage/emulated/0/MIUI/theme/.temp/precust/meta/mms/ba34cb74-9eda-4ddf-bdc4-fef0c69aea35.mrm failed: Operation not permitted
03-24 07:02:33.773  6686  7492 E com_miui_internal_os_Native-JNI: stat /storage/emulated/0/MIUI/theme/.temp/precust/meta/mms/eea382d7-ce81-4319-b465-eab693b43a9e.mrm failed: No such file or directory
03-24 07:02:33.787  6217  7668 W ContextImpl: Calling a method in the system process without a qualified user: android.app.ContextImpl.bindService:1285 android.content.ContextWrapper.bindService:604 miui.content.res.ThemeRuntimeManager.bindService:131 miui.content.res.ThemeRuntimeManager.access$300:36 miui.content.res.ThemeRuntimeManager$ThemeServiceThread.run:193 
03-24 07:02:33.799  6686  7492 E com_miui_internal_os_Native-JNI: chmod /storage/emulated/0/MIUI/theme/.temp/precust/meta/mms/eea382d7-ce81-4319-b465-eab693b43a9e.mrm failed: Operation not permitted
03-24 07:02:33.801  6686  7492 E com_miui_internal_os_Native-JNI: stat /storage/emulated/0/MIUI/theme/.temp/precust/meta/statusbar/0c3050cf-9324-4417-b093-c20d79c04787.mrm failed: No such file or directory
03-24 07:02:33.809  6686  7492 E com_miui_internal_os_Native-JNI: chmod /storage/emulated/0/MIUI/theme/.temp/precust/meta/statusbar/0c3050cf-9324-4417-b093-c20d79c04787.mrm failed: Operation not permitted
03-24 07:02:33.810  6686  7492 E com_miui_internal_os_Native-JNI: stat /storage/emulated/0/MIUI/theme/.temp/precust/meta/statusbar/286a1ef9-7cfb-41dd-b860-185900d832ed.mrm failed: No such file or directory
03-24 07:02:33.822  6217  6217 W ProgressBarDelegate: Unknown Drawable subclass, src=android.graphics.drawable.ScaleDrawable@bfff0a8
03-24 07:02:33.822  6217  6217 W ProgressBarDelegate: Unknown Drawable subclass, src=android.graphics.drawable.ScaleDrawable@13cd7c1
03-24 07:02:33.822  6686  7492 E com_miui_internal_os_Native-JNI: chmod /storage/emulated/0/MIUI/theme/.temp/precust/meta/statusbar/286a1ef9-7cfb-41dd-b860-185900d832ed.mrm failed: Operation not permitted
03-24 07:02:33.822  6686  7492 E com_miui_internal_os_Native-JNI: stat /storage/emulated/0/MIUI/theme/.temp/precust/meta/statusbar/54ec5836-aad1-4f2d-b200-e2920fc6e8fe.mrm failed: No such file or directory
03-24 07:02:33.830  6686  7492 E com_miui_internal_os_Native-JNI: chmod /storage/emulated/0/MIUI/theme/.temp/precust/meta/statusbar/54ec5836-aad1-4f2d-b200-e2920fc6e8fe.mrm failed: Operation not permitted
03-24 07:02:33.831  6686  7492 E com_miui_internal_os_Native-JNI: stat /storage/emulated/0/MIUI/theme/.temp/precust/meta/statusbar/c20919c8-b32a-4659-8343-02d6f007c0fe.mrm failed: No such file or directory
03-24 07:02:33.850  6686  7492 E com_miui_internal_os_Native-JNI: chmod /storage/emulated/0/MIUI/theme/.temp/precust/meta/statusbar/c20919c8-b32a-4659-8343-02d6f007c0fe.mrm failed: Operation not permitted
03-24 07:02:33.853  6686  7492 E com_miui_internal_os_Native-JNI: stat /storage/emulated/0/MIUI/theme/.temp/precust/meta/theme/5b3447fc-a4f6-42d1-805d-93ab6c389c1e.mrm failed: No such file or directory
03-24 07:02:33.860  3395  6055 W SecurityManagerService: There is no corresponding feature!
03-24 07:02:33.892  6686  7492 E com_miui_internal_os_Native-JNI: chmod /storage/emulated/0/MIUI/theme/.temp/precust/meta/theme/5b3447fc-a4f6-42d1-805d-93ab6c389c1e.mrm failed: Operation not permitted
03-24 07:02:33.893  6686  7492 E com_miui_internal_os_Native-JNI: stat /storage/emulated/0/MIUI/theme/.temp/precust/meta/theme/6b8971d0-853f-4eaa-b585-7bd6e6fccfed.mrm failed: No such file or directory
03-24 07:02:33.894  3395  6055 W SecurityManagerService: There is no corresponding feature!
03-24 07:02:33.902  6686  7492 E com_miui_internal_os_Native-JNI: chmod /storage/emulated/0/MIUI/theme/.temp/precust/meta/theme/6b8971d0-853f-4eaa-b585-7bd6e6fccfed.mrm failed: Operation not permitted
03-24 07:02:33.903  6686  7492 E com_miui_internal_os_Native-JNI: stat /storage/emulated/0/MIUI/theme/.temp/precust/meta/theme/c8701ec0-5b68-4291-96a6-933b921c2db4.mrm failed: No such file or directory
03-24 07:02:33.906  6686  7492 E com_miui_internal_os_Native-JNI: chmod /storage/emulated/0/MIUI/theme/.temp/precust/meta/theme/c8701ec0-5b68-4291-96a6-933b921c2db4.mrm failed: Operation not permitted
03-24 07:02:33.907  6686  7492 E com_miui_internal_os_Native-JNI: stat /storage/emulated/0/MIUI/theme/.temp/precust/meta/theme/e75f2b02-8ac5-486f-a9a0-4f19d872d6a5.mrm failed: No such file or directory
03-24 07:02:33.911  6686  7492 E com_miui_internal_os_Native-JNI: chmod /storage/emulated/0/MIUI/theme/.temp/precust/meta/theme/e75f2b02-8ac5-486f-a9a0-4f19d872d6a5.mrm failed: Operation not permitted
03-24 07:02:33.912  6686  7492 E com_miui_internal_os_Native-JNI: stat /storage/emulated/0/MIUI/theme/.temp/precust/meta/wallpaper/23501b82-2def-4271-9845-89776a0ef57b.mrm failed: No such file or directory
03-24 07:02:33.916  6686  7492 E com_miui_internal_os_Native-JNI: chmod /storage/emulated/0/MIUI/theme/.temp/precust/meta/wallpaper/23501b82-2def-4271-9845-89776a0ef57b.mrm failed: Operation not permitted
03-24 07:02:33.917  6686  7492 E com_miui_internal_os_Native-JNI: stat /storage/emulated/0/MIUI/theme/.temp/precust/meta/wallpaper/4a724c86-90ec-404a-8b0b-1899c22b39a7.mrm failed: No such file or directory
03-24 07:02:33.929  6686  7492 E com_miui_internal_os_Native-JNI: chmod /storage/emulated/0/MIUI/theme/.temp/precust/meta/wallpaper/4a724c86-90ec-404a-8b0b-1899c22b39a7.mrm failed: Operation not permitted
03-24 07:02:33.930  6686  7492 E com_miui_internal_os_Native-JNI: stat /storage/emulated/0/MIUI/theme/.temp/precust/meta/wallpaper/6abd802f-c29a-4326-ab77-b55ef9a01603.mrm failed: No such file or directory
03-24 07:02:33.933  6686  7492 E com_miui_internal_os_Native-JNI: chmod /storage/emulated/0/MIUI/theme/.temp/precust/meta/wallpaper/6abd802f-c29a-4326-ab77-b55ef9a01603.mrm failed: Operation not permitted
03-24 07:02:33.934  6686  7492 E com_miui_internal_os_Native-JNI: stat /storage/emulated/0/MIUI/theme/.temp/precust/meta/wallpaper/6d13e558-068e-4143-a6a3-5fc6c78b28e8.mrm failed: No such file or directory
03-24 07:02:33.938  6686  7492 E com_miui_internal_os_Native-JNI: chmod /storage/emulated/0/MIUI/theme/.temp/precust/meta/wallpaper/6d13e558-068e-4143-a6a3-5fc6c78b28e8.mrm failed: Operation not permitted
03-24 07:02:33.940  6686  7492 E com_miui_internal_os_Native-JNI: stat /storage/emulated/0/MIUI/theme/.temp/precust/preview/theme/5b3447fc-a4f6-42d1-805d-93ab6c389c1e/en_US_clock_2x4_0.png failed: No such file or directory
03-24 07:02:33.945  6686  7492 E com_miui_internal_os_Native-JNI: chmod /storage/emulated/0/MIUI/theme/.temp/precust/preview/theme/5b3447fc-a4f6-42d1-805d-93ab6c389c1e/en_US_clock_2x4_0.png failed: Operation not permitted
03-24 07:02:33.946  6686  7492 E com_miui_internal_os_Native-JNI: stat /storage/emulated/0/MIUI/theme/.temp/precust/preview/theme/5b3447fc-a4f6-42d1-805d-93ab6c389c1e/en_US_contact_0.jpg failed: No such file or directory
03-24 07:02:33.952  6686  7492 E com_miui_internal_os_Native-JNI: chmod /storage/emulated/0/MIUI/theme/.temp/precust/preview/theme/5b3447fc-a4f6-42d1-805d-93ab6c389c1e/en_US_contact_0.jpg failed: Operation not permitted
03-24 07:02:33.953  6686  7492 E com_miui_internal_os_Native-JNI: stat /storage/emulated/0/MIUI/theme/.temp/precust/preview/theme/5b3447fc-a4f6-42d1-805d-93ab6c389c1e/en_US_launcher_0.jpg failed: No such file or directory
03-24 07:02:33.974  2524  2524 E ShellService: move /data/user/0/com.android.thememanager/cache/com.android.providers.calendar.png /data/system/theme_magic/customized_icons/com.android.providers.calendar.png failed: No such file or directory
03-24 07:02:33.977  2524  2720 E ShellService: move /data/user/0/com.android.thememanager/files/customized_icons_version /data/system/theme_magic/customized_icons/miui_version failed: No such file or directory
03-24 07:02:33.978  6686  7492 E com_miui_internal_os_Native-JNI: chmod /storage/emulated/0/MIUI/theme/.temp/precust/preview/theme/5b3447fc-a4f6-42d1-805d-93ab6c389c1e/en_US_launcher_0.jpg failed: Operation not permitted
03-24 07:02:33.979  6686  7492 E com_miui_internal_os_Native-JNI: stat /storage/emulated/0/MIUI/theme/.temp/precust/preview/theme/5b3447fc-a4f6-42d1-805d-93ab6c389c1e/en_US_launcher_1.jpg failed: No such file or directory
03-24 07:02:34.004  6686  7492 E com_miui_internal_os_Native-JNI: chmod /storage/emulated/0/MIUI/theme/.temp/precust/preview/theme/5b3447fc-a4f6-42d1-805d-93ab6c389c1e/en_US_launcher_1.jpg failed: Operation not permitted
03-24 07:02:34.005  6686  7492 E com_miui_internal_os_Native-JNI: stat /storage/emulated/0/MIUI/theme/.temp/precust/preview/theme/5b3447fc-a4f6-42d1-805d-93ab6c389c1e/en_US_lockscreen_0.jpg failed: No such file or directory
03-24 07:02:34.023  6686  7492 E com_miui_internal_os_Native-JNI: chmod /storage/emulated/0/MIUI/theme/.temp/precust/preview/theme/5b3447fc-a4f6-42d1-805d-93ab6c389c1e/en_US_lockscreen_0.jpg failed: Operation not permitted
03-24 07:02:34.024  6686  7492 E com_miui_internal_os_Native-JNI: stat /storage/emulated/0/MIUI/theme/.temp/precust/preview/theme/5b3447fc-a4f6-42d1-805d-93ab6c389c1e/en_US_mms_0.jpg failed: No such file or directory
03-24 07:02:34.042  6686  7492 E com_miui_internal_os_Native-JNI: chmod /storage/emulated/0/MIUI/theme/.temp/precust/preview/theme/5b3447fc-a4f6-42d1-805d-93ab6c389c1e/en_US_mms_0.jpg failed: Operation not permitted
03-24 07:02:34.043  6686  7492 E com_miui_internal_os_Native-JNI: stat /storage/emulated/0/MIUI/theme/.temp/precust/preview/theme/5b3447fc-a4f6-42d1-805d-93ab6c389c1e/en_US_mms_1.jpg failed: No such file or directory
03-24 07:02:34.072  6686  7492 E com_miui_internal_os_Native-JNI: chmod /storage/emulated/0/MIUI/theme/.temp/precust/preview/theme/5b3447fc-a4f6-42d1-805d-93ab6c389c1e/en_US_mms_1.jpg failed: Operation not permitted
03-24 07:02:34.073  6686  7492 E com_miui_internal_os_Native-JNI: stat /storage/emulated/0/MIUI/theme/.temp/precust/preview/theme/5b3447fc-a4f6-42d1-805d-93ab6c389c1e/en_US_statusbar_0.jpg failed: No such file or directory
03-24 07:02:34.083  6686  7492 E com_miui_internal_os_Native-JNI: chmod /storage/emulated/0/MIUI/theme/.temp/precust/preview/theme/5b3447fc-a4f6-42d1-805d-93ab6c389c1e/en_US_statusbar_0.jpg failed: Operation not permitted
03-24 07:02:34.084  6686  7492 E com_miui_internal_os_Native-JNI: stat /storage/emulated/0/MIUI/theme/.temp/precust/preview/theme/5b3447fc-a4f6-42d1-805d-93ab6c389c1e/preview_clock_2x4_0.png failed: No such file or directory
03-24 07:02:34.100  6686  7492 E com_miui_internal_os_Native-JNI: chmod /storage/emulated/0/MIUI/theme/.temp/precust/preview/theme/5b3447fc-a4f6-42d1-805d-93ab6c389c1e/preview_clock_2x4_0.png failed: Operation not permitted
03-24 07:02:34.101  6686  7492 E com_miui_internal_os_Native-JNI: stat /storage/emulated/0/MIUI/theme/.temp/precust/preview/theme/5b3447fc-a4f6-42d1-805d-93ab6c389c1e/preview_contact_0.jpg failed: No such file or directory
03-24 07:02:34.110  6686  7492 E com_miui_internal_os_Native-JNI: chmod /storage/emulated/0/MIUI/theme/.temp/precust/preview/theme/5b3447fc-a4f6-42d1-805d-93ab6c389c1e/preview_contact_0.jpg failed: Operation not permitted
03-24 07:02:34.111  6686  7492 E com_miui_internal_os_Native-JNI: stat /storage/emulated/0/MIUI/theme/.temp/precust/preview/theme/5b3447fc-a4f6-42d1-805d-93ab6c389c1e/preview_icons_0.jpg failed: No such file or directory
03-24 07:02:34.120  6686  7492 E com_miui_internal_os_Native-JNI: chmod /storage/emulated/0/MIUI/theme/.temp/precust/preview/theme/5b3447fc-a4f6-42d1-805d-93ab6c389c1e/preview_icons_0.jpg failed: Operation not permitted
03-24 07:02:34.121  6686  7492 E com_miui_internal_os_Native-JNI: stat /storage/emulated/0/MIUI/theme/.temp/precust/preview/theme/5b3447fc-a4f6-42d1-805d-93ab6c389c1e/preview_icons_small_0.jpg failed: No such file or directory
03-24 07:02:34.130  6686  7492 E com_miui_internal_os_Native-JNI: chmod /storage/emulated/0/MIUI/theme/.temp/precust/preview/theme/5b3447fc-a4f6-42d1-805d-93ab6c389c1e/preview_icons_small_0.jpg failed: Operation not permitted
03-24 07:02:34.131  6686  7492 E com_miui_internal_os_Native-JNI: stat /storage/emulated/0/MIUI/theme/.temp/precust/preview/theme/5b3447fc-a4f6-42d1-805d-93ab6c389c1e/preview_launcher_0.jpg failed: No such file or directory
03-24 07:02:34.155  6686  7492 E com_miui_internal_os_Native-JNI: chmod /storage/emulated/0/MIUI/theme/.temp/precust/preview/theme/5b3447fc-a4f6-42d1-805d-93ab6c389c1e/preview_launcher_0.jpg failed: Operation not permitted
03-24 07:02:34.155  6686  7492 E com_miui_internal_os_Native-JNI: stat /storage/emulated/0/MIUI/theme/.temp/precust/preview/theme/5b3447fc-a4f6-42d1-805d-93ab6c389c1e/preview_launcher_1.jpg failed: No such file or directory
03-24 07:02:34.193  6686  7492 E com_miui_internal_os_Native-JNI: chmod /storage/emulated/0/MIUI/theme/.temp/precust/preview/theme/5b3447fc-a4f6-42d1-805d-93ab6c389c1e/preview_launcher_1.jpg failed: Operation not permitted
03-24 07:02:34.194  6686  7492 E com_miui_internal_os_Native-JNI: stat /storage/emulated/0/MIUI/theme/.temp/precust/preview/theme/5b3447fc-a4f6-42d1-805d-93ab6c389c1e/preview_lockscreen_0.jpg failed: No such file or directory
03-24 07:02:34.216  6686  7492 E com_miui_internal_os_Native-JNI: chmod /storage/emulated/0/MIUI/theme/.temp/precust/preview/theme/5b3447fc-a4f6-42d1-805d-93ab6c389c1e/preview_lockscreen_0.jpg failed: Operation not permitted
03-24 07:02:34.217  6686  7492 E com_miui_internal_os_Native-JNI: stat /storage/emulated/0/MIUI/theme/.temp/precust/preview/theme/5b3447fc-a4f6-42d1-805d-93ab6c389c1e/preview_mms_0.jpg failed: No such file or directory
03-24 07:02:34.245  6686  7492 E com_miui_internal_os_Native-JNI: chmod /storage/emulated/0/MIUI/theme/.temp/precust/preview/theme/5b3447fc-a4f6-42d1-805d-93ab6c389c1e/preview_mms_0.jpg failed: Operation not permitted
03-24 07:02:34.245  6686  7492 E com_miui_internal_os_Native-JNI: stat /storage/emulated/0/MIUI/theme/.temp/precust/preview/theme/5b3447fc-a4f6-42d1-805d-93ab6c389c1e/preview_mms_1.jpg failed: No such file or directory
03-24 07:02:34.258  6686  7492 E com_miui_internal_os_Native-JNI: chmod /storage/emulated/0/MIUI/theme/.temp/precust/preview/theme/5b3447fc-a4f6-42d1-805d-93ab6c389c1e/preview_mms_1.jpg failed: Operation not permitted
03-24 07:02:34.259  6686  7492 E com_miui_internal_os_Native-JNI: stat /storage/emulated/0/MIUI/theme/.temp/precust/preview/theme/5b3447fc-a4f6-42d1-805d-93ab6c389c1e/preview_statusbar_0.jpg failed: No such file or directory
03-24 07:02:34.270  6686  7492 E com_miui_internal_os_Native-JNI: chmod /storage/emulated/0/MIUI/theme/.temp/precust/preview/theme/5b3447fc-a4f6-42d1-805d-93ab6c389c1e/preview_statusbar_0.jpg failed: Operation not permitted
03-24 07:02:34.273  6686  7492 E com_miui_internal_os_Native-JNI: stat /storage/emulated/0/MIUI/theme/.temp/precust/preview/theme/6b8971d0-853f-4eaa-b585-7bd6e6fccfed/en_US_clock_2x4_0.png failed: No such file or directory
03-24 07:02:34.280  6686  7492 E com_miui_internal_os_Native-JNI: chmod /storage/emulated/0/MIUI/theme/.temp/precust/preview/theme/6b8971d0-853f-4eaa-b585-7bd6e6fccfed/en_US_clock_2x4_0.png failed: Operation not permitted
03-24 07:02:34.281  6686  7492 E com_miui_internal_os_Native-JNI: stat /storage/emulated/0/MIUI/theme/.temp/precust/preview/theme/6b8971d0-853f-4eaa-b585-7bd6e6fccfed/en_US_contact_0.jpg failed: No such file or directory
03-24 07:02:34.296  6686  7492 E com_miui_internal_os_Native-JNI: chmod /storage/emulated/0/MIUI/theme/.temp/precust/preview/theme/6b8971d0-853f-4eaa-b585-7bd6e6fccfed/en_US_contact_0.jpg failed: Operation not permitted
03-24 07:02:34.297  6686  7492 E com_miui_internal_os_Native-JNI: stat /storage/emulated/0/MIUI/theme/.temp/precust/preview/theme/6b8971d0-853f-4eaa-b585-7bd6e6fccfed/en_US_launcher_0.jpg failed: No such file or directory
03-24 07:02:34.313  6686  7492 E com_miui_internal_os_Native-JNI: chmod /storage/emulated/0/MIUI/theme/.temp/precust/preview/theme/6b8971d0-853f-4eaa-b585-7bd6e6fccfed/en_US_launcher_0.jpg failed: Operation not permitted
03-24 07:02:34.315  6686  7492 E com_miui_internal_os_Native-JNI: stat /storage/emulated/0/MIUI/theme/.temp/precust/preview/theme/6b8971d0-853f-4eaa-b585-7bd6e6fccfed/en_US_launcher_1.jpg failed: No such file or directory
03-24 07:02:34.320  6349  7679 E DcSwitchStateMachine-0: DctController is not ready
03-24 07:02:34.339  6686  7492 E com_miui_internal_os_Native-JNI: chmod /storage/emulated/0/MIUI/theme/.temp/precust/preview/theme/6b8971d0-853f-4eaa-b585-7bd6e6fccfed/en_US_launcher_1.jpg failed: Operation not permitted
03-24 07:02:34.340  6686  7492 E com_miui_internal_os_Native-JNI: stat /storage/emulated/0/MIUI/theme/.temp/precust/preview/theme/6b8971d0-853f-4eaa-b585-7bd6e6fccfed/en_US_lockscreen_0.jpg failed: No such file or directory
03-24 07:02:34.341  3395  6045 E ConnectivityService: Failed to find Messenger in unregisterNetworkFactory
03-24 07:02:34.358  6686  7492 E com_miui_internal_os_Native-JNI: chmod /storage/emulated/0/MIUI/theme/.temp/precust/preview/theme/6b8971d0-853f-4eaa-b585-7bd6e6fccfed/en_US_lockscreen_0.jpg failed: Operation not permitted
03-24 07:02:34.359  6686  7492 E com_miui_internal_os_Native-JNI: stat /storage/emulated/0/MIUI/theme/.temp/precust/preview/theme/6b8971d0-853f-4eaa-b585-7bd6e6fccfed/en_US_mms_0.jpg failed: No such file or directory
03-24 07:02:34.372  6686  7492 E com_miui_internal_os_Native-JNI: chmod /storage/emulated/0/MIUI/theme/.temp/precust/preview/theme/6b8971d0-853f-4eaa-b585-7bd6e6fccfed/en_US_mms_0.jpg failed: Operation not permitted
03-24 07:02:34.373  6686  7492 E com_miui_internal_os_Native-JNI: stat /storage/emulated/0/MIUI/theme/.temp/precust/preview/theme/6b8971d0-853f-4eaa-b585-7bd6e6fccfed/en_US_mms_1.jpg failed: No such file or directory
03-24 07:02:34.386  6686  7492 E com_miui_internal_os_Native-JNI: chmod /storage/emulated/0/MIUI/theme/.temp/precust/preview/theme/6b8971d0-853f-4eaa-b585-7bd6e6fccfed/en_US_mms_1.jpg failed: Operation not permitted
03-24 07:02:34.386  6686  7492 E com_miui_internal_os_Native-JNI: stat /storage/emulated/0/MIUI/theme/.temp/precust/preview/theme/6b8971d0-853f-4eaa-b585-7bd6e6fccfed/en_US_statusbar_0.jpg failed: No such file or directory
03-24 07:02:34.424  6686  7492 E com_miui_internal_os_Native-JNI: chmod /storage/emulated/0/MIUI/theme/.temp/precust/preview/theme/6b8971d0-853f-4eaa-b585-7bd6e6fccfed/en_US_statusbar_0.jpg failed: Operation not permitted
03-24 07:02:34.425  6686  7492 E com_miui_internal_os_Native-JNI: stat /storage/emulated/0/MIUI/theme/.temp/precust/preview/theme/6b8971d0-853f-4eaa-b585-7bd6e6fccfed/preview_clock_2x4_0.png failed: No such file or directory
03-24 07:02:34.436  6686  7492 E com_miui_internal_os_Native-JNI: chmod /storage/emulated/0/MIUI/theme/.temp/precust/preview/theme/6b8971d0-853f-4eaa-b585-7bd6e6fccfed/preview_clock_2x4_0.png failed: Operation not permitted
03-24 07:02:34.437  6686  7492 E com_miui_internal_os_Native-JNI: stat /storage/emulated/0/MIUI/theme/.temp/precust/preview/theme/6b8971d0-853f-4eaa-b585-7bd6e6fccfed/preview_contact_0.jpg failed: No such file or directory
03-24 07:02:34.447  6686  7492 E com_miui_internal_os_Native-JNI: chmod /storage/emulated/0/MIUI/theme/.temp/precust/preview/theme/6b8971d0-853f-4eaa-b585-7bd6e6fccfed/preview_contact_0.jpg failed: Operation not permitted
03-24 07:02:34.448  6686  7492 E com_miui_internal_os_Native-JNI: stat /storage/emulated/0/MIUI/theme/.temp/precust/preview/theme/6b8971d0-853f-4eaa-b585-7bd6e6fccfed/preview_icons_0.jpg failed: No such file or directory
03-24 07:02:34.448  6349  6349 E FeatureParser: both assets/device_features/ and /system/etc/device_features don't exist hi6210sft.xml
03-24 07:02:34.458  6686  7492 E com_miui_internal_os_Native-JNI: chmod /storage/emulated/0/MIUI/theme/.temp/precust/preview/theme/6b8971d0-853f-4eaa-b585-7bd6e6fccfed/preview_icons_0.jpg failed: Operation not permitted
03-24 07:02:34.459  6686  7492 E com_miui_internal_os_Native-JNI: stat /storage/emulated/0/MIUI/theme/.temp/precust/preview/theme/6b8971d0-853f-4eaa-b585-7bd6e6fccfed/preview_icons_small_0.jpg failed: No such file or directory
03-24 07:02:34.468  6686  7492 E com_miui_internal_os_Native-JNI: chmod /storage/emulated/0/MIUI/theme/.temp/precust/preview/theme/6b8971d0-853f-4eaa-b585-7bd6e6fccfed/preview_icons_small_0.jpg failed: Operation not permitted
03-24 07:02:34.469  6686  7492 E com_miui_internal_os_Native-JNI: stat /storage/emulated/0/MIUI/theme/.temp/precust/preview/theme/6b8971d0-853f-4eaa-b585-7bd6e6fccfed/preview_launcher_0.jpg failed: No such file or directory
03-24 07:02:34.489  6686  7492 E com_miui_internal_os_Native-JNI: chmod /storage/emulated/0/MIUI/theme/.temp/precust/preview/theme/6b8971d0-853f-4eaa-b585-7bd6e6fccfed/preview_launcher_0.jpg failed: Operation not permitted
03-24 07:02:34.491  6686  7492 E com_miui_internal_os_Native-JNI: stat /storage/emulated/0/MIUI/theme/.temp/precust/preview/theme/6b8971d0-853f-4eaa-b585-7bd6e6fccfed/preview_launcher_1.jpg failed: No such file or directory
03-24 07:02:34.508  6686  7492 E com_miui_internal_os_Native-JNI: chmod /storage/emulated/0/MIUI/theme/.temp/precust/preview/theme/6b8971d0-853f-4eaa-b585-7bd6e6fccfed/preview_launcher_1.jpg failed: Operation not permitted
03-24 07:02:34.509  6686  7492 E com_miui_internal_os_Native-JNI: stat /storage/emulated/0/MIUI/theme/.temp/precust/preview/theme/6b8971d0-853f-4eaa-b585-7bd6e6fccfed/preview_lockscreen_0.jpg failed: No such file or directory
03-24 07:02:34.552  6686  7492 E com_miui_internal_os_Native-JNI: chmod /storage/emulated/0/MIUI/theme/.temp/precust/preview/theme/6b8971d0-853f-4eaa-b585-7bd6e6fccfed/preview_lockscreen_0.jpg failed: Operation not permitted
03-24 07:02:34.553  6686  7492 E com_miui_internal_os_Native-JNI: stat /storage/emulated/0/MIUI/theme/.temp/precust/preview/theme/6b8971d0-853f-4eaa-b585-7bd6e6fccfed/preview_mms_0.jpg failed: No such file or directory
03-24 07:02:34.567  6686  7492 E com_miui_internal_os_Native-JNI: chmod /storage/emulated/0/MIUI/theme/.temp/precust/preview/theme/6b8971d0-853f-4eaa-b585-7bd6e6fccfed/preview_mms_0.jpg failed: Operation not permitted
03-24 07:02:34.568  6686  7492 E com_miui_internal_os_Native-JNI: stat /storage/emulated/0/MIUI/theme/.temp/precust/preview/theme/6b8971d0-853f-4eaa-b585-7bd6e6fccfed/preview_mms_1.jpg failed: No such file or directory
03-24 07:02:34.602  6686  7492 E com_miui_internal_os_Native-JNI: chmod /storage/emulated/0/MIUI/theme/.temp/precust/preview/theme/6b8971d0-853f-4eaa-b585-7bd6e6fccfed/preview_mms_1.jpg failed: Operation not permitted
03-24 07:02:34.603  6686  7492 E com_miui_internal_os_Native-JNI: stat /storage/emulated/0/MIUI/theme/.temp/precust/preview/theme/6b8971d0-853f-4eaa-b585-7bd6e6fccfed/preview_statusbar_0.jpg failed: No such file or directory
03-24 07:02:34.629  6686  7492 E com_miui_internal_os_Native-JNI: chmod /storage/emulated/0/MIUI/theme/.temp/precust/preview/theme/6b8971d0-853f-4eaa-b585-7bd6e6fccfed/preview_statusbar_0.jpg failed: Operation not permitted
03-24 07:02:34.632  6686  7492 E com_miui_internal_os_Native-JNI: stat /storage/emulated/0/MIUI/theme/.temp/precust/preview/theme/c8701ec0-5b68-4291-96a6-933b921c2db4/en_US_clock_2x4_0.png failed: No such file or directory
03-24 07:02:34.640  6686  7492 E com_miui_internal_os_Native-JNI: chmod /storage/emulated/0/MIUI/theme/.temp/precust/preview/theme/c8701ec0-5b68-4291-96a6-933b921c2db4/en_US_clock_2x4_0.png failed: Operation not permitted
03-24 07:02:34.641  6686  7492 E com_miui_internal_os_Native-JNI: stat /storage/emulated/0/MIUI/theme/.temp/precust/preview/theme/c8701ec0-5b68-4291-96a6-933b921c2db4/en_US_contact_0.jpg failed: No such file or directory
03-24 07:02:34.649  6686  7492 E com_miui_internal_os_Native-JNI: chmod /storage/emulated/0/MIUI/theme/.temp/precust/preview/theme/c8701ec0-5b68-4291-96a6-933b921c2db4/en_US_contact_0.jpg failed: Operation not permitted
03-24 07:02:34.650  6686  7492 E com_miui_internal_os_Native-JNI: stat /storage/emulated/0/MIUI/theme/.temp/precust/preview/theme/c8701ec0-5b68-4291-96a6-933b921c2db4/en_US_launcher_0.jpg failed: No such file or directory
03-24 07:02:34.676  6686  7492 E com_miui_internal_os_Native-JNI: chmod /storage/emulated/0/MIUI/theme/.temp/precust/preview/theme/c8701ec0-5b68-4291-96a6-933b921c2db4/en_US_launcher_0.jpg failed: Operation not permitted
03-24 07:02:34.677  6686  7492 E com_miui_internal_os_Native-JNI: stat /storage/emulated/0/MIUI/theme/.temp/precust/preview/theme/c8701ec0-5b68-4291-96a6-933b921c2db4/en_US_launcher_1.jpg failed: No such file or directory
03-24 07:02:34.695  6686  7492 E com_miui_internal_os_Native-JNI: chmod /storage/emulated/0/MIUI/theme/.temp/precust/preview/theme/c8701ec0-5b68-4291-96a6-933b921c2db4/en_US_launcher_1.jpg failed: Operation not permitted
03-24 07:02:34.696  6686  7492 E com_miui_internal_os_Native-JNI: stat /storage/emulated/0/MIUI/theme/.temp/precust/preview/theme/c8701ec0-5b68-4291-96a6-933b921c2db4/en_US_lockscreen_0.jpg failed: No such file or directory
03-24 07:02:34.714  6686  7492 E com_miui_internal_os_Native-JNI: chmod /storage/emulated/0/MIUI/theme/.temp/precust/preview/theme/c8701ec0-5b68-4291-96a6-933b921c2db4/en_US_lockscreen_0.jpg failed: Operation not permitted
03-24 07:02:34.715  6686  7492 E com_miui_internal_os_Native-JNI: stat /storage/emulated/0/MIUI/theme/.temp/precust/preview/theme/c8701ec0-5b68-4291-96a6-933b921c2db4/en_US_mms_0.jpg failed: No such file or directory
03-24 07:02:34.732  6349  6429 E PhoneInterfaceManager: [PhoneIntfMgr] getDataEnabled: no phone subId=-1 retVal=false
03-24 07:02:34.739  6349  6361 E PhoneInterfaceManager: [PhoneIntfMgr] getDataEnabled: no phone subId=-1 retVal=false
03-24 07:02:34.742  6686  7492 E com_miui_internal_os_Native-JNI: chmod /storage/emulated/0/MIUI/theme/.temp/precust/preview/theme/c8701ec0-5b68-4291-96a6-933b921c2db4/en_US_mms_0.jpg failed: Operation not permitted
03-24 07:02:34.743  6686  7492 E com_miui_internal_os_Native-JNI: stat /storage/emulated/0/MIUI/theme/.temp/precust/preview/theme/c8701ec0-5b68-4291-96a6-933b921c2db4/en_US_mms_1.jpg failed: No such file or directory
03-24 07:02:34.759  7693  7693 W System  : ClassLoader referenced unknown path: /system/priv-app/Backup/lib/arm64
03-24 07:02:34.765  6686  7492 E com_miui_internal_os_Native-JNI: chmod /storage/emulated/0/MIUI/theme/.temp/precust/preview/theme/c8701ec0-5b68-4291-96a6-933b921c2db4/en_US_mms_1.jpg failed: Operation not permitted
03-24 07:02:34.766  6686  7492 E com_miui_internal_os_Native-JNI: stat /storage/emulated/0/MIUI/theme/.temp/precust/preview/theme/c8701ec0-5b68-4291-96a6-933b921c2db4/en_US_statusbar_0.jpg failed: No such file or directory
03-24 07:02:34.780  6686  7492 E com_miui_internal_os_Native-JNI: chmod /storage/emulated/0/MIUI/theme/.temp/precust/preview/theme/c8701ec0-5b68-4291-96a6-933b921c2db4/en_US_statusbar_0.jpg failed: Operation not permitted
03-24 07:02:34.781  6686  7492 E com_miui_internal_os_Native-JNI: stat /storage/emulated/0/MIUI/theme/.temp/precust/preview/theme/c8701ec0-5b68-4291-96a6-933b921c2db4/preview_clock_2x4_0.png failed: No such file or directory
03-24 07:02:34.791  6686  7492 E com_miui_internal_os_Native-JNI: chmod /storage/emulated/0/MIUI/theme/.temp/precust/preview/theme/c8701ec0-5b68-4291-96a6-933b921c2db4/preview_clock_2x4_0.png failed: Operation not permitted
03-24 07:02:34.792  6686  7492 E com_miui_internal_os_Native-JNI: stat /storage/emulated/0/MIUI/theme/.temp/precust/preview/theme/c8701ec0-5b68-4291-96a6-933b921c2db4/preview_contact_0.jpg failed: No such file or directory
03-24 07:02:34.804  6686  7492 E com_miui_internal_os_Native-JNI: chmod /storage/emulated/0/MIUI/theme/.temp/precust/preview/theme/c8701ec0-5b68-4291-96a6-933b921c2db4/preview_contact_0.jpg failed: Operation not permitted
03-24 07:02:34.805  6686  7492 E com_miui_internal_os_Native-JNI: stat /storage/emulated/0/MIUI/theme/.temp/precust/preview/theme/c8701ec0-5b68-4291-96a6-933b921c2db4/preview_icons_0.jpg failed: No such file or directory
03-24 07:02:34.818  6686  7492 E com_miui_internal_os_Native-JNI: chmod /storage/emulated/0/MIUI/theme/.temp/precust/preview/theme/c8701ec0-5b68-4291-96a6-933b921c2db4/preview_icons_0.jpg failed: Operation not permitted
03-24 07:02:34.819  6686  7492 E com_miui_internal_os_Native-JNI: stat /storage/emulated/0/MIUI/theme/.temp/precust/preview/theme/c8701ec0-5b68-4291-96a6-933b921c2db4/preview_icons_small_0.jpg failed: No such file or directory
03-24 07:02:34.827  6686  7492 E com_miui_internal_os_Native-JNI: chmod /storage/emulated/0/MIUI/theme/.temp/precust/preview/theme/c8701ec0-5b68-4291-96a6-933b921c2db4/preview_icons_small_0.jpg failed: Operation not permitted
03-24 07:02:34.828  6686  7492 E com_miui_internal_os_Native-JNI: stat /storage/emulated/0/MIUI/theme/.temp/precust/preview/theme/c8701ec0-5b68-4291-96a6-933b921c2db4/preview_launcher_0.jpg failed: No such file or directory
03-24 07:02:34.842  6686  7492 E com_miui_internal_os_Native-JNI: chmod /storage/emulated/0/MIUI/theme/.temp/precust/preview/theme/c8701ec0-5b68-4291-96a6-933b921c2db4/preview_launcher_0.jpg failed: Operation not permitted
03-24 07:02:34.843  6686  7492 E com_miui_internal_os_Native-JNI: stat /storage/emulated/0/MIUI/theme/.temp/precust/preview/theme/c8701ec0-5b68-4291-96a6-933b921c2db4/preview_launcher_1.jpg failed: No such file or directory
03-24 07:02:34.869  6686  7492 E com_miui_internal_os_Native-JNI: chmod /storage/emulated/0/MIUI/theme/.temp/precust/preview/theme/c8701ec0-5b68-4291-96a6-933b921c2db4/preview_launcher_1.jpg failed: Operation not permitted
03-24 07:02:34.870  6686  7492 E com_miui_internal_os_Native-JNI: stat /storage/emulated/0/MIUI/theme/.temp/precust/preview/theme/c8701ec0-5b68-4291-96a6-933b921c2db4/preview_lockscreen_0.jpg failed: No such file or directory
03-24 07:02:34.883  6686  7492 E com_miui_internal_os_Native-JNI: chmod /storage/emulated/0/MIUI/theme/.temp/precust/preview/theme/c8701ec0-5b68-4291-96a6-933b921c2db4/preview_lockscreen_0.jpg failed: Operation not permitted
03-24 07:02:34.883  6686  7492 E com_miui_internal_os_Native-JNI: stat /storage/emulated/0/MIUI/theme/.temp/precust/preview/theme/c8701ec0-5b68-4291-96a6-933b921c2db4/preview_mms_0.jpg failed: No such file or directory
03-24 07:02:34.901  6686  7492 E com_miui_internal_os_Native-JNI: chmod /storage/emulated/0/MIUI/theme/.temp/precust/preview/theme/c8701ec0-5b68-4291-96a6-933b921c2db4/preview_mms_0.jpg failed: Operation not permitted
03-24 07:02:34.902  6686  7492 E com_miui_internal_os_Native-JNI: stat /storage/emulated/0/MIUI/theme/.temp/precust/preview/theme/c8701ec0-5b68-4291-96a6-933b921c2db4/preview_mms_1.jpg failed: No such file or directory
03-24 07:02:34.910  6349  6349 E PhoneInterfaceManager: [PhoneIntfMgr] getIccId: No UICC
03-24 07:02:34.926  6686  7492 E com_miui_internal_os_Native-JNI: chmod /storage/emulated/0/MIUI/theme/.temp/precust/preview/theme/c8701ec0-5b68-4291-96a6-933b921c2db4/preview_mms_1.jpg failed: Operation not permitted
03-24 07:02:34.927  6686  7492 E com_miui_internal_os_Native-JNI: stat /storage/emulated/0/MIUI/theme/.temp/precust/preview/theme/c8701ec0-5b68-4291-96a6-933b921c2db4/preview_statusbar_0.jpg failed: No such file or directory
03-24 07:02:34.938  6686  7492 E com_miui_internal_os_Native-JNI: chmod /storage/emulated/0/MIUI/theme/.temp/precust/preview/theme/c8701ec0-5b68-4291-96a6-933b921c2db4/preview_statusbar_0.jpg failed: Operation not permitted
03-24 07:02:34.940  6686  7492 E com_miui_internal_os_Native-JNI: stat /storage/emulated/0/MIUI/theme/.temp/precust/preview/theme/e75f2b02-8ac5-486f-a9a0-4f19d872d6a5/en_US_contact_0.jpg failed: No such file or directory
03-24 07:02:34.947  6686  7492 E com_miui_internal_os_Native-JNI: chmod /storage/emulated/0/MIUI/theme/.temp/precust/preview/theme/e75f2b02-8ac5-486f-a9a0-4f19d872d6a5/en_US_contact_0.jpg failed: Operation not permitted
03-24 07:02:34.948  6686  7492 E com_miui_internal_os_Native-JNI: stat /storage/emulated/0/MIUI/theme/.temp/precust/preview/theme/e75f2b02-8ac5-486f-a9a0-4f19d872d6a5/en_US_launcher_0.jpg failed: No such file or directory
03-24 07:02:34.964  7693  7693 W Backup:AutoBackupReceiver: auto backup is disable!
03-24 07:02:34.969  7693  7693 W ContextImpl: Calling a method in the system process without a qualified user: android.app.ContextImpl.startService:1221 android.content.ContextWrapper.startService:581 miui.core.SdkManager$1.run:189 android.os.Handler.handleCallback:739 android.os.Handler.dispatchMessage:95 
03-24 07:02:34.990  3395  6620 W Telecom : : No account found for the calling user
03-24 07:02:34.999  6686  7492 E com_miui_internal_os_Native-JNI: chmod /storage/emulated/0/MIUI/theme/.temp/precust/preview/theme/e75f2b02-8ac5-486f-a9a0-4f19d872d6a5/en_US_launcher_0.jpg failed: Operation not permitted
03-24 07:02:35.000  6686  7492 E com_miui_internal_os_Native-JNI: stat /storage/emulated/0/MIUI/theme/.temp/precust/preview/theme/e75f2b02-8ac5-486f-a9a0-4f19d872d6a5/en_US_launcher_1.jpg failed: No such file or directory
03-24 07:02:35.035  6686  7492 E com_miui_internal_os_Native-JNI: chmod /storage/emulated/0/MIUI/theme/.temp/precust/preview/theme/e75f2b02-8ac5-486f-a9a0-4f19d872d6a5/en_US_launcher_1.jpg failed: Operation not permitted
03-24 07:02:35.036  6686  7492 E com_miui_internal_os_Native-JNI: stat /storage/emulated/0/MIUI/theme/.temp/precust/preview/theme/e75f2b02-8ac5-486f-a9a0-4f19d872d6a5/en_US_lockscreen_0.jpg failed: No such file or directory
03-24 07:02:35.073  6686  7492 E com_miui_internal_os_Native-JNI: chmod /storage/emulated/0/MIUI/theme/.temp/precust/preview/theme/e75f2b02-8ac5-486f-a9a0-4f19d872d6a5/en_US_lockscreen_0.jpg failed: Operation not permitted
03-24 07:02:35.074  6686  7492 E com_miui_internal_os_Native-JNI: stat /storage/emulated/0/MIUI/theme/.temp/precust/preview/theme/e75f2b02-8ac5-486f-a9a0-4f19d872d6a5/en_US_mms_0.jpg failed: No such file or directory
03-24 07:02:35.084  6686  7492 E com_miui_internal_os_Native-JNI: chmod /storage/emulated/0/MIUI/theme/.temp/precust/preview/theme/e75f2b02-8ac5-486f-a9a0-4f19d872d6a5/en_US_mms_0.jpg failed: Operation not permitted
03-24 07:02:35.086  6686  7492 E com_miui_internal_os_Native-JNI: stat /storage/emulated/0/MIUI/theme/.temp/precust/preview/theme/e75f2b02-8ac5-486f-a9a0-4f19d872d6a5/en_US_mms_1.jpg failed: No such file or directory
03-24 07:02:35.114  6686  7492 E com_miui_internal_os_Native-JNI: chmod /storage/emulated/0/MIUI/theme/.temp/precust/preview/theme/e75f2b02-8ac5-486f-a9a0-4f19d872d6a5/en_US_mms_1.jpg failed: Operation not permitted
03-24 07:02:35.114  6686  7492 E com_miui_internal_os_Native-JNI: stat /storage/emulated/0/MIUI/theme/.temp/precust/preview/theme/e75f2b02-8ac5-486f-a9a0-4f19d872d6a5/en_US_statusbar_0.jpg failed: No such file or directory
03-24 07:02:35.125  6579  7721 W ContextImpl: Calling a method in the system process without a qualified user: android.app.ContextImpl.startService:1221 android.content.ContextWrapper.startService:581 com.xiaomi.accountsdk.activate.ActivateManager$AmTask.bindToCloudService:502 com.xiaomi.accountsdk.activate.ActivateManager$AmTask.bind:481 com.xiaomi.accountsdk.activate.ActivateManager$AmTask.start:474 
03-24 07:02:35.126  6579  7721 W ContextImpl: Calling a method in the system process without a qualified user: android.app.ContextImpl.bindService:1285 android.content.ContextWrapper.bindService:604 com.xiaomi.accountsdk.activate.ActivateManager$AmTask.bindToCloudService:503 com.xiaomi.accountsdk.activate.ActivateManager$AmTask.bind:481 com.xiaomi.accountsdk.activate.ActivateManager$AmTask.start:474 
03-24 07:02:35.127  7256  7418 E FeatureParser: both assets/device_features/ and /system/etc/device_features don't exist hi6210sft.xml
03-24 07:02:35.133  6686  7492 E com_miui_internal_os_Native-JNI: chmod /storage/emulated/0/MIUI/theme/.temp/precust/preview/theme/e75f2b02-8ac5-486f-a9a0-4f19d872d6a5/en_US_statusbar_0.jpg failed: Operation not permitted
03-24 07:02:35.136  6686  7492 E com_miui_internal_os_Native-JNI: stat /storage/emulated/0/MIUI/theme/.temp/precust/preview/theme/e75f2b02-8ac5-486f-a9a0-4f19d872d6a5/preview_contact_0.jpg failed: No such file or directory
03-24 07:02:35.156  6686  7492 E com_miui_internal_os_Native-JNI: chmod /storage/emulated/0/MIUI/theme/.temp/precust/preview/theme/e75f2b02-8ac5-486f-a9a0-4f19d872d6a5/preview_contact_0.jpg failed: Operation not permitted
03-24 07:02:35.157  6686  7492 E com_miui_internal_os_Native-JNI: stat /storage/emulated/0/MIUI/theme/.temp/precust/preview/theme/e75f2b02-8ac5-486f-a9a0-4f19d872d6a5/preview_icons_0.jpg failed: No such file or directory
03-24 07:02:35.168  6686  7492 E com_miui_internal_os_Native-JNI: chmod /storage/emulated/0/MIUI/theme/.temp/precust/preview/theme/e75f2b02-8ac5-486f-a9a0-4f19d872d6a5/preview_icons_0.jpg failed: Operation not permitted
03-24 07:02:35.168  6686  7492 E com_miui_internal_os_Native-JNI: stat /storage/emulated/0/MIUI/theme/.temp/precust/preview/theme/e75f2b02-8ac5-486f-a9a0-4f19d872d6a5/preview_icons_small_0.jpg failed: No such file or directory
03-24 07:02:35.178  6686  7492 E com_miui_internal_os_Native-JNI: chmod /storage/emulated/0/MIUI/theme/.temp/precust/preview/theme/e75f2b02-8ac5-486f-a9a0-4f19d872d6a5/preview_icons_small_0.jpg failed: Operation not permitted
03-24 07:02:35.179  6686  7492 E com_miui_internal_os_Native-JNI: stat /storage/emulated/0/MIUI/theme/.temp/precust/preview/theme/e75f2b02-8ac5-486f-a9a0-4f19d872d6a5/preview_launcher_0.jpg failed: No such file or directory
03-24 07:02:35.194  6686  7492 E com_miui_internal_os_Native-JNI: chmod /storage/emulated/0/MIUI/theme/.temp/precust/preview/theme/e75f2b02-8ac5-486f-a9a0-4f19d872d6a5/preview_launcher_0.jpg failed: Operation not permitted
03-24 07:02:35.195  6686  7492 E com_miui_internal_os_Native-JNI: stat /storage/emulated/0/MIUI/theme/.temp/precust/preview/theme/e75f2b02-8ac5-486f-a9a0-4f19d872d6a5/preview_launcher_1.jpg failed: No such file or directory
03-24 07:02:35.219  6686  7492 E com_miui_internal_os_Native-JNI: chmod /storage/emulated/0/MIUI/theme/.temp/precust/preview/theme/e75f2b02-8ac5-486f-a9a0-4f19d872d6a5/preview_launcher_1.jpg failed: Operation not permitted
03-24 07:02:35.220  6686  7492 E com_miui_internal_os_Native-JNI: stat /storage/emulated/0/MIUI/theme/.temp/precust/preview/theme/e75f2b02-8ac5-486f-a9a0-4f19d872d6a5/preview_lockscreen_0.jpg failed: No such file or directory
03-24 07:02:35.237  6686  7492 E com_miui_internal_os_Native-JNI: chmod /storage/emulated/0/MIUI/theme/.temp/precust/preview/theme/e75f2b02-8ac5-486f-a9a0-4f19d872d6a5/preview_lockscreen_0.jpg failed: Operation not permitted
03-24 07:02:35.238  6686  7492 E com_miui_internal_os_Native-JNI: stat /storage/emulated/0/MIUI/theme/.temp/precust/preview/theme/e75f2b02-8ac5-486f-a9a0-4f19d872d6a5/preview_mms_0.jpg failed: No such file or directory
03-24 07:02:35.251  6686  7492 E com_miui_internal_os_Native-JNI: chmod /storage/emulated/0/MIUI/theme/.temp/precust/preview/theme/e75f2b02-8ac5-486f-a9a0-4f19d872d6a5/preview_mms_0.jpg failed: Operation not permitted
03-24 07:02:35.252  6686  7492 E com_miui_internal_os_Native-JNI: stat /storage/emulated/0/MIUI/theme/.temp/precust/preview/theme/e75f2b02-8ac5-486f-a9a0-4f19d872d6a5/preview_mms_1.jpg failed: No such file or directory
03-24 07:02:35.275  6579  7722 W Settings: Setting device_provisioned has moved from android.provider.Settings.Secure to android.provider.Settings.Global.
03-24 07:02:35.280  6686  7492 E com_miui_internal_os_Native-JNI: chmod /storage/emulated/0/MIUI/theme/.temp/precust/preview/theme/e75f2b02-8ac5-486f-a9a0-4f19d872d6a5/preview_mms_1.jpg failed: Operation not permitted
03-24 07:02:35.282  6686  7492 E com_miui_internal_os_Native-JNI: stat /storage/emulated/0/MIUI/theme/.temp/precust/preview/theme/e75f2b02-8ac5-486f-a9a0-4f19d872d6a5/preview_statusbar_0.jpg failed: No such file or directory
03-24 07:02:35.314  6686  7492 E com_miui_internal_os_Native-JNI: chmod /storage/emulated/0/MIUI/theme/.temp/precust/preview/theme/e75f2b02-8ac5-486f-a9a0-4f19d872d6a5/preview_statusbar_0.jpg failed: Operation not permitted
03-24 07:02:35.321  6686  7492 E com_miui_internal_os_Native-JNI: stat /storage/emulated/0/MIUI/theme/.temp/precust/rights/theme/5ae54bfc7f6bcdae241f5598f87dbf3827939290.mra failed: No such file or directory
03-24 07:02:35.330  6686  7492 E com_miui_internal_os_Native-JNI: chmod /storage/emulated/0/MIUI/theme/.temp/precust/rights/theme/5ae54bfc7f6bcdae241f5598f87dbf3827939290.mra failed: Operation not permitted
03-24 07:02:35.331  6686  7492 E com_miui_internal_os_Native-JNI: stat /storage/emulated/0/MIUI/theme/.temp/precust/rights/theme/8e93cf6413bf2a0f9442790279167b863c9754a3.mra failed: No such file or directory
03-24 07:02:35.337  6686  7492 E com_miui_internal_os_Native-JNI: chmod /storage/emulated/0/MIUI/theme/.temp/precust/rights/theme/8e93cf6413bf2a0f9442790279167b863c9754a3.mra failed: Operation not permitted
03-24 07:02:35.339  6686  7492 E com_miui_internal_os_Native-JNI: stat /storage/emulated/0/MIUI/theme/.temp/precust/rights/theme/be6acb8288bfa0e9dc1e1882964450bf3c855dd1.mra failed: No such file or directory
03-24 07:02:35.345  6686  7492 E com_miui_internal_os_Native-JNI: chmod /storage/emulated/0/MIUI/theme/.temp/precust/rights/theme/be6acb8288bfa0e9dc1e1882964450bf3c855dd1.mra failed: Operation not permitted
03-24 07:02:35.346  6686  7492 E com_miui_internal_os_Native-JNI: stat /storage/emulated/0/MIUI/theme/.temp/precust/rights/theme/c4fddd698f5eb690e0efe271d57de45dc9d878b0.mra failed: No such file or directory
03-24 07:02:35.359  6686  7492 E com_miui_internal_os_Native-JNI: chmod /storage/emulated/0/MIUI/theme/.temp/precust/rights/theme/c4fddd698f5eb690e0efe271d57de45dc9d878b0.mra failed: Operation not permitted
03-24 07:02:35.361  6579  7722 W Settings: Setting device_provisioned has moved from android.provider.Settings.Secure to android.provider.Settings.Global.
03-24 07:02:35.362  6686  7492 E ThemeDataManager: rename precustTheme fail
03-24 07:02:35.371  6686  7492 E com_miui_internal_os_Native-JNI: stat /storage/emulated/0/MIUI/theme/.temp/precust/ failed: No such file or directory
03-24 07:02:35.439  6686  7724 W System.err: java.io.IOException: User has not allowed to connect network.
03-24 07:02:35.439  6686  7724 W System.err: 	at com.android.thememanager.controller.online.NetworkHelper.connectByHttpRequest(NetworkHelper.java:30)
03-24 07:02:35.439  6686  7724 W System.err: 	at com.android.thememanager.controller.online.NetworkHelper.connectByHttpRequest(NetworkHelper.java:67)
03-24 07:02:35.439  6686  7724 W System.err: 	at com.android.thememanager.controller.online.NetworkHelper.requestFile(NetworkHelper.java:101)
03-24 07:02:35.439  6686  7724 W System.err: 	at com.android.thememanager.controller.online.DownloadFileTask.writeToFile(DownloadFileTask.java:109)
03-24 07:02:35.439  6686  7724 W System.err: 	at com.android.thememanager.controller.online.DownloadFileTask.downloadFile(DownloadFileTask.java:90)
03-24 07:02:35.439  6686  7724 W System.err: 	at com.android.thememanager.controller.MemoryDataManager.refreshOnlineFileCache(MemoryDataManager.java:575)
03-24 07:02:35.439  6686  7724 W System.err: 	at com.android.thememanager.controller.MemoryDataManager.checkAssociableResources(MemoryDataManager.java:762)
03-24 07:02:35.439  6686  7724 W System.err: 	at com.android.thememanager.controller.MemoryDataManager.checkAssociableResources(MemoryDataManager.java:751)
03-24 07:02:35.439  6686  7724 W System.err: 	at com.android.thememanager.controller.MemoryDataManager.fetchAdditionalInformation(MemoryDataManager.java:722)
03-24 07:02:35.440  6686  7724 W System.err: 	at com.android.thememanager.controller.MemoryDataManager.access$000(MemoryDataManager.java:50)
03-24 07:02:35.440  6686  7724 W System.err: 	at com.android.thememanager.controller.MemoryDataManager$1.run(MemoryDataManager.java:390)
