03-24 15:02:50.997  6924  7093 E CursorWindow: Failed to read row 27, column -1 from a CursorWindow which has 83 rows, 6 columns.
03-24 15:02:50.998  6924  7093 E CursorWindow: Failed to read row 28, column -1 from a CursorWindow which has 83 rows, 6 columns.
03-24 15:02:50.999  6924  7093 E CursorWindow: Failed to read row 29, column -1 from a CursorWindow which has 83 rows, 6 columns.
03-24 15:02:51.000  6924  7093 E CursorWindow: Failed to read row 30, column -1 from a CursorWindow which has 83 rows, 6 columns.
03-24 15:02:51.001  6924  7093 E CursorWindow: Failed to read row 31, column -1 from a CursorWindow which has 83 rows, 6 columns.
03-24 15:02:51.002  6924  7093 E CursorWindow: Failed to read row 32, column -1 from a CursorWindow which has 83 rows, 6 columns.
03-24 15:02:51.003  6924  7093 E CursorWindow: Failed to read row 33, column -1 from a CursorWindow which has 83 rows, 6 columns.
03-24 15:02:51.004  6924  7093 E CursorWindow: Failed to read row 34, column -1 from a CursorWindow which has 83 rows, 6 columns.
03-24 15:02:51.004  6924  7093 E CursorWindow: Failed to read row 35, column -1 from a CursorWindow which has 83 rows, 6 columns.
03-24 15:02:51.005  6924  7093 E CursorWindow: Failed to read row 36, column -1 from a CursorWindow which has 83 rows, 6 columns.
03-24 15:02:51.006  6924  7093 E CursorWindow: Failed to read row 37, column -1 from a CursorWindow which has 83 rows, 6 columns.
03-24 15:02:51.007  6924  7093 E CursorWindow: Failed to read row 38, column -1 from a CursorWindow which has 83 rows, 6 columns.
03-24 15:02:51.008  6924  7093 E CursorWindow: Failed to read row 39, column -1 from a CursorWindow which has 83 rows, 6 columns.
03-24 15:02:51.009  6924  7093 E CursorWindow: Failed to read row 40, column -1 from a CursorWindow which has 83 rows, 6 columns.
03-24 15:02:51.010  6924  7093 E CursorWindow: Failed to read row 41, column -1 from a CursorWindow which has 83 rows, 6 columns.
03-24 15:02:51.012  6924  7093 E CursorWindow: Failed to read row 42, column -1 from a CursorWindow which has 83 rows, 6 columns.
03-24 15:02:51.013  6924  7093 E CursorWindow: Failed to read row 43, column -1 from a CursorWindow which has 83 rows, 6 columns.
03-24 15:02:51.013  6924  7093 E CursorWindow: Failed to read row 44, column -1 from a CursorWindow which has 83 rows, 6 columns.
03-24 15:02:51.014  6924  7093 E CursorWindow: Failed to read row 45, column -1 from a CursorWindow which has 83 rows, 6 columns.
03-24 15:02:51.015  6924  7093 E CursorWindow: Failed to read row 46, column -1 from a CursorWindow which has 83 rows, 6 columns.
03-24 15:02:51.016  6924  7093 E CursorWindow: Failed to read row 47, column -1 from a CursorWindow which has 83 rows, 6 columns.
03-24 15:02:51.017  6924  7093 E CursorWindow: Failed to read row 48, column -1 from a CursorWindow which has 83 rows, 6 columns.
03-24 15:02:51.018  6924  7093 E CursorWindow: Failed to read row 49, column -1 from a CursorWindow which has 83 rows, 6 columns.
03-24 15:02:51.019  6924  7093 E CursorWindow: Failed to read row 50, column -1 from a CursorWindow which has 83 rows, 6 columns.
03-24 15:02:51.020  6924  7093 E CursorWindow: Failed to read row 51, column -1 from a CursorWindow which has 83 rows, 6 columns.
03-24 15:02:51.021  6924  7093 E CursorWindow: Failed to read row 52, column -1 from a CursorWindow which has 83 rows, 6 columns.
03-24 15:02:51.021  6924  7093 E CursorWindow: Failed to read row 53, column -1 from a CursorWindow which has 83 rows, 6 columns.
03-24 15:02:51.022  6924  7093 E CursorWindow: Failed to read row 54, column -1 from a CursorWindow which has 83 rows, 6 columns.
03-24 15:02:51.023  6924  7093 E CursorWindow: Failed to read row 55, column -1 from a CursorWindow which has 83 rows, 6 columns.
03-24 15:02:51.023  6924  7093 E CursorWindow: Failed to read row 56, column -1 from a CursorWindow which has 83 rows, 6 columns.
03-24 15:02:51.025  6924  7093 E CursorWindow: Failed to read row 57, column -1 from a CursorWindow which has 83 rows, 6 columns.
03-24 15:02:51.026  6924  7093 E CursorWindow: Failed to read row 58, column -1 from a CursorWindow which has 83 rows, 6 columns.
03-24 15:02:51.027  6924  7093 E CursorWindow: Failed to read row 59, column -1 from a CursorWindow which has 83 rows, 6 columns.
03-24 15:02:51.027  6924  7093 E CursorWindow: Failed to read row 60, column -1 from a CursorWindow which has 83 rows, 6 columns.
03-24 15:02:51.028  6924  7093 E CursorWindow: Failed to read row 61, column -1 from a CursorWindow which has 83 rows, 6 columns.
03-24 15:02:51.029  6924  7093 E CursorWindow: Failed to read row 62, column -1 from a CursorWindow which has 83 rows, 6 columns.
03-24 15:02:51.029  6924  7093 E CursorWindow: Failed to read row 63, column -1 from a CursorWindow which has 83 rows, 6 columns.
03-24 15:02:51.030  6924  7093 E CursorWindow: Failed to read row 64, column -1 from a CursorWindow which has 83 rows, 6 columns.
03-24 15:02:51.032  6924  7093 E CursorWindow: Failed to read row 65, column -1 from a CursorWindow which has 83 rows, 6 columns.
03-24 15:02:51.033  6924  7093 E CursorWindow: Failed to read row 66, column -1 from a CursorWindow which has 83 rows, 6 columns.
03-24 15:02:51.033  6924  7093 E CursorWindow: Failed to read row 67, column -1 from a CursorWindow which has 83 rows, 6 columns.
03-24 15:02:51.035  6924  7093 E CursorWindow: Failed to read row 68, column -1 from a CursorWindow which has 83 rows, 6 columns.
03-24 15:02:51.037  6924  7093 E CursorWindow: Failed to read row 69, column -1 from a CursorWindow which has 83 rows, 6 columns.
03-24 15:02:51.038  6924  7093 E CursorWindow: Failed to read row 70, column -1 from a CursorWindow which has 83 rows, 6 columns.
03-24 15:02:51.038  6924  7093 E CursorWindow: Failed to read row 71, column -1 from a CursorWindow which has 83 rows, 6 columns.
03-24 15:02:51.039  6924  7093 E CursorWindow: Failed to read row 72, column -1 from a CursorWindow which has 83 rows, 6 columns.
03-24 15:02:51.039  6924  7093 E CursorWindow: Failed to read row 73, column -1 from a CursorWindow which has 83 rows, 6 columns.
03-24 15:02:51.040  6924  7093 E CursorWindow: Failed to read row 74, column -1 from a CursorWindow which has 83 rows, 6 columns.
03-24 15:02:51.041  6924  7093 E CursorWindow: Failed to read row 75, column -1 from a CursorWindow which has 83 rows, 6 columns.
03-24 15:02:51.042  6924  7093 E CursorWindow: Failed to read row 76, column -1 from a CursorWindow which has 83 rows, 6 columns.
03-24 15:02:51.043  6924  7093 E CursorWindow: Failed to read row 77, column -1 from a CursorWindow which has 83 rows, 6 columns.
03-24 15:02:51.043  6924  7093 E CursorWindow: Failed to read row 78, column -1 from a CursorWindow which has 83 rows, 6 columns.
03-24 15:02:51.044  6924  7093 E CursorWindow: Failed to read row 79, column -1 from a CursorWindow which has 83 rows, 6 columns.
03-24 15:02:51.045  3395  6177 W BroadcastQueue: Permission Denial: receiving Intent { act=android.intent.action.BOOT_COMPLETED flg=0x8000010 (has extras) } to com.sohu.inputmethod.sogou.xiaomi/com.sohu.inputmethod.settings.status.BootCompletedReceiver requires android.permission.RECEIVE_BOOT_COMPLETED due to sender null (uid 1000)
03-24 15:02:51.046  6924  7093 E CursorWindow: Failed to read row 80, column -1 from a CursorWindow which has 83 rows, 6 columns.
03-24 15:02:51.047  6924  7093 E CursorWindow: Failed to read row 81, column -1 from a CursorWindow which has 83 rows, 6 columns.
03-24 15:02:51.048  6924  7093 E CursorWindow: Failed to read row 82, column -1 from a CursorWindow which has 83 rows, 6 columns.
03-24 15:02:51.078  6814  7780 W ExifInterface: Invalid image.
03-24 15:02:51.078  6814  7780 W ExifInterface: java.io.IOException: Invalid marker: 89
03-24 15:02:51.078  6814  7780 W ExifInterface: 	at android.media.ExifInterface.getJpegAttributes(ExifInterface.java:1608)
03-24 15:02:51.078  6814  7780 W ExifInterface: 	at android.media.ExifInterface.loadAttributes(ExifInterface.java:1341)
03-24 15:02:51.078  6814  7780 W ExifInterface: 	at android.media.ExifInterface.<init>(ExifInterface.java:1058)
03-24 15:02:51.078  6814  7780 W ExifInterface: 	at android.media.MediaScanner$MyMediaScannerClient.endFile(MediaScanner.java:855)
03-24 15:02:51.078  6814  7780 W ExifInterface: 	at android.media.MediaScanner$MyMediaScannerClient.doScanFile(MediaScanner.java:569)
03-24 15:02:51.078  6814  7780 W ExifInterface: 	at android.media.MediaScanner$MyMediaScannerClient.scanFile(MediaScanner.java:521)
03-24 15:02:51.078  6814  7780 W ExifInterface: 	at android.media.MediaScanner.processDirectory(Native Method)
03-24 15:02:51.078  6814  7780 W ExifInterface: 	at android.media.MediaScanner.scanDirectories(MediaScanner.java:1319)
03-24 15:02:51.078  6814  7780 W ExifInterface: 	at com.android.providers.media.MediaScannerService.scan(MediaScannerService.java:105)
03-24 15:02:51.078  6814  7780 W ExifInterface: 	at com.android.providers.media.MediaScannerService.access$100(MediaScannerService.java:49)
03-24 15:02:51.078  6814  7780 W ExifInterface: 	at com.android.providers.media.MediaScannerService$ServiceHandler.handleMessage(MediaScannerService.java:328)
03-24 15:02:51.078  6814  7780 W ExifInterface: 	at android.os.Handler.dispatchMessage(Handler.java:102)
03-24 15:02:51.078  6814  7780 W ExifInterface: 	at android.os.Looper.loop(Looper.java:148)
03-24 15:02:51.078  6814  7780 W ExifInterface: 	at com.android.providers.media.MediaScannerService.run(MediaScannerService.java:186)
03-24 15:02:51.078  6814  7780 W ExifInterface: 	at java.lang.Thread.run(Thread.java:818)
03-24 15:02:51.142  6440  6440 W ContextImpl: Calling a method in the system process without a qualified user: android.app.ContextImpl.startService:1221 android.content.ContextWrapper.startService:581 android.content.ContextWrapper.startService:581 com.miui.sysbase.BootReceiver.onReceive:20 android.app.ActivityThread.handleReceiver:2725 
03-24 15:02:51.174  8194  8194 E FeatureParser: both assets/device_features/ and /system/etc/device_features don't exist hi6210sft.xml
03-24 15:02:51.177  8194  8194 W ContextImpl: Calling a method in the system process without a qualified user: android.app.ContextImpl.startService:1221 android.content.ContextWrapper.startService:581 android.content.ContextWrapper.startService:581 com.android.updater.BootCompletedReceiver.c:-1 com.android.updater.BootCompletedReceiver.onReceive:-1 
03-24 15:02:51.189  8194  8194 W ContextImpl: Calling a method in the system process without a qualified user: android.app.ContextImpl.startService:1221 android.content.ContextWrapper.startService:581 android.content.ContextWrapper.startService:581 com.android.updater.BootCompletedReceiver.f:-1 com.android.updater.BootCompletedReceiver.onReceive:-1 
03-24 15:02:51.197  8194  8194 W ContextImpl: Calling a method in the system process without a qualified user: android.app.ContextImpl.startService:1221 android.content.ContextWrapper.startService:581 android.content.ContextWrapper.startService:581 com.android.updater.BootCompletedReceiver.a:-1 com.android.updater.BootCompletedReceiver.onReceive:-1 
03-24 15:02:51.199  8194  8194 W ContextImpl: Calling a method in the system process without a qualified user: android.app.ContextImpl.startService:1221 android.content.ContextWrapper.startService:581 android.content.ContextWrapper.startService:581 com.android.updater.BootCompletedReceiver.d:-1 com.android.updater.BootCompletedReceiver.onReceive:-1 
03-24 15:02:51.312  8414  8414 W System  : ClassLoader referenced unknown path: /system/app/XiaomiVip/lib/arm64
03-24 15:02:51.325  6217  8432 W ContextImpl: Calling a method in the system process without a qualified user: android.app.ContextImpl.bindService:1285 android.content.ContextWrapper.bindService:604 miui.content.res.ThemeRuntimeManager.bindService:131 miui.content.res.ThemeRuntimeManager.access$300:36 miui.content.res.ThemeRuntimeManager$ThemeServiceThread.run:193 
03-24 15:02:51.340  6217  6217 W ProgressBarDelegate: Unknown Drawable subclass, src=android.graphics.drawable.ScaleDrawable@66cfe3b
03-24 15:02:51.340  6217  6217 W ProgressBarDelegate: Unknown Drawable subclass, src=android.graphics.drawable.ScaleDrawable@e806958
03-24 15:02:51.375  2524  8159 E ShellService: move /data/user/0/com.android.thememanager/cache/com.android.updater.png /data/system/theme_magic/customized_icons/com.android.updater.png failed: No such file or directory
03-24 15:02:51.376  2524  2720 E ShellService: move /data/user/0/com.android.thememanager/files/customized_icons_version /data/system/theme_magic/customized_icons/miui_version failed: No such file or directory
03-24 15:02:51.408  6814  7780 W ExifInterface: Skip the tag entry since tag number is not defined: 41987
03-24 15:02:51.408  6814  7780 W ExifInterface: Skip the tag entry since tag number is not defined: 37385
03-24 15:02:51.408  6814  7780 W ExifInterface: Skip the tag entry since tag number is not defined: 37384
03-24 15:02:51.408  6814  7780 W ExifInterface: Skip the tag entry since tag number is not defined: 37383
03-24 15:02:51.408  6814  7780 W ExifInterface: Skip the tag entry since tag number is not defined: 513
03-24 15:02:51.408  6814  7780 W ExifInterface: Skip the tag entry since tag number is not defined: 514
03-24 15:02:51.413  6814  7780 W ExifInterface: Skip the tag entry since tag number is not defined: 37384
03-24 15:02:51.413  6814  7780 W ExifInterface: Skip the tag entry since tag number is not defined: 37383
03-24 15:02:51.413  6814  7780 W ExifInterface: Skip the tag entry since tag number is not defined: 513
03-24 15:02:51.413  6814  7780 W ExifInterface: Skip the tag entry since tag number is not defined: 514
03-24 15:02:51.439  3395  3488 E libgps  : LIBGPS: Cannot communicate (write) with a GPSD
03-24 15:02:51.439  3395  3488 E libgps  : IPC Communication Error 1, ../../../../tmp/14477502_250069/proprietary/deliverables/android/gps_interface/gpsi_client/GpsiClient.cpp:2213 configuration_update
03-24 15:02:51.445  6814  7780 W ExifInterface: Skip the tag entry since tag number is not defined: 513
03-24 15:02:51.445  6814  7780 W ExifInterface: Skip the tag entry since tag number is not defined: 514
03-24 15:02:51.445  6814  7780 W ExifInterface: Skip the tag entry since tag number is not defined: 37383
03-24 15:02:51.445  6814  7780 W ExifInterface: Skip the tag entry since tag number is not defined: 37384
03-24 15:02:51.466  6814  7780 W ExifInterface: Skip the tag entry since tag number is not defined: 37384
03-24 15:02:51.467  6814  7780 W ExifInterface: Skip the tag entry since tag number is not defined: 37383
03-24 15:02:51.467  6814  7780 W ExifInterface: Skip the tag entry since tag number is not defined: 513
03-24 15:02:51.467  6814  7780 W ExifInterface: Skip the tag entry since tag number is not defined: 514
03-24 15:02:51.489  8194  8428 W ActivityThread: ClassLoader.loadClass: The class loader returned by Thread.getContextClassLoader() may fail for processes that host multiple applications. You should explicitly specify a context class loader. For example: Thread.setContextClassLoader(getClass().getClassLoader());
03-24 15:02:51.516  6814  7780 W ExifInterface: Skip the tag entry since tag number is not defined: 37384
03-24 15:02:51.516  6814  7780 W ExifInterface: Skip the tag entry since tag number is not defined: 37383
03-24 15:02:51.517  6814  7780 W ExifInterface: Skip the tag entry since tag number is not defined: 513
03-24 15:02:51.517  6814  7780 W ExifInterface: Skip the tag entry since tag number is not defined: 514
03-24 15:02:51.548  6814  7780 W ExifInterface: Skip the tag entry since tag number is not defined: 37384
03-24 15:02:51.548  6814  7780 W ExifInterface: Skip the tag entry since tag number is not defined: 37383
03-24 15:02:51.548  6814  7780 W ExifInterface: Skip the tag entry since tag number is not defined: 513
03-24 15:02:51.548  6814  7780 W ExifInterface: Skip the tag entry since tag number is not defined: 514
03-24 15:02:51.558  6814  7780 W ExifInterface: Skip the tag entry since tag number is not defined: 37384
03-24 15:02:51.558  6814  7780 W ExifInterface: Skip the tag entry since tag number is not defined: 37383
03-24 15:02:51.558  6814  7780 W ExifInterface: Skip the tag entry since tag number is not defined: 513
03-24 15:02:51.558  6814  7780 W ExifInterface: Skip the tag entry since tag number is not defined: 514
03-24 15:02:51.601  8414  8414 W XiaomiVip: failed to mkdirs /storage/emulated/0/MIUI/debug_log/XiaomiVip
03-24 15:02:51.619  3395  6112 W BroadcastQueue: Permission Denial: receiving Intent { act=android.intent.action.BOOT_COMPLETED flg=0x8000010 (has extras) } to com.xiaomi.ab/com.xiaomi.mishopsdk.account.shop.LoginObserverReceiver requires android.permission.RECEIVE_BOOT_COMPLETED due to sender null (uid 1000)
03-24 15:02:51.668  6814  7780 W ExifInterface: Skip the tag entry since tag number is not defined: 513
03-24 15:02:51.668  6814  7780 W ExifInterface: Skip the tag entry since tag number is not defined: 514
03-24 15:02:51.668  6814  7780 W ExifInterface: Skip the tag entry since tag number is not defined: 37383
03-24 15:02:51.668  6814  7780 W ExifInterface: Skip the tag entry since tag number is not defined: 37384
03-24 15:02:51.683  6814  7780 W ExifInterface: Skip the tag entry since tag number is not defined: 37384
03-24 15:02:51.683  6814  7780 W ExifInterface: Skip the tag entry since tag number is not defined: 37383
03-24 15:02:51.683  6814  7780 W ExifInterface: Skip the tag entry since tag number is not defined: 513
03-24 15:02:51.683  6814  7780 W ExifInterface: Skip the tag entry since tag number is not defined: 514
03-24 15:02:51.687  7191  7295 W ContextImpl: Calling a method in the system process without a qualified user: android.app.ContextImpl.sendBroadcast:763 android.content.ContextWrapper.sendBroadcast:396 com.miui.networkassistant.service.tm.TrafficManageService.broadCastDataUsageUpdated:-1 com.miui.networkassistant.service.tm.TrafficManageService$1.handleMessage:-1 android.os.Handler.dispatchMessage:98 
03-24 15:02:51.736  6814  7780 W ExifInterface: Skip the tag entry since tag number is not defined: 513
03-24 15:02:51.736  6814  7780 W ExifInterface: Skip the tag entry since tag number is not defined: 514
03-24 15:02:51.736  6814  7780 W ExifInterface: Skip the tag entry since tag number is not defined: 37383
03-24 15:02:51.736  6814  7780 W ExifInterface: Skip the tag entry since tag number is not defined: 37384
03-24 15:02:51.737  6814  7780 W ExifInterface: Skip the tag entry since tag number is not defined: 37385
03-24 15:02:51.737  6814  7780 W ExifInterface: Skip the tag entry since tag number is not defined: 41987
03-24 15:02:51.777  6814  7780 W ExifInterface: Skip the tag entry since tag number is not defined: 37384
03-24 15:02:51.778  6814  7780 W ExifInterface: Skip the tag entry since tag number is not defined: 37383
03-24 15:02:51.778  6814  7780 W ExifInterface: Skip the tag entry since tag number is not defined: 513
03-24 15:02:51.778  6814  7780 W ExifInterface: Skip the tag entry since tag number is not defined: 514
03-24 15:02:51.786  6814  7780 W ExifInterface: Skip the tag entry since tag number is not defined: 37384
03-24 15:02:51.787  6814  7780 W ExifInterface: Skip the tag entry since tag number is not defined: 37383
03-24 15:02:51.787  6814  7780 W ExifInterface: Skip the tag entry since tag number is not defined: 513
03-24 15:02:51.787  6814  7780 W ExifInterface: Skip the tag entry since tag number is not defined: 514
03-24 15:02:51.787  8450  8450 W System  : ClassLoader referenced unknown path: /system/app/SecurityCoreAdd/lib/arm64
03-24 15:02:51.787  8414  8424 W art     : Suspending all threads took: 11.588ms
03-24 15:02:51.799  7191  7295 W ContextImpl: Calling a method in the system process without a qualified user: android.app.ContextImpl.sendBroadcast:763 android.content.ContextWrapper.sendBroadcast:396 com.miui.networkassistant.service.tm.TrafficManageService.broadCastDataUsageUpdated:-1 com.miui.networkassistant.service.tm.TrafficManageService$8.onReceive:-1 android.app.LoadedApk$ReceiverDispatcher$Args.run:881 
03-24 15:02:51.846  6814  7780 W ExifInterface: Skip the tag entry since tag number is not defined: 37384
03-24 15:02:51.847  6814  7780 W ExifInterface: Skip the tag entry since tag number is not defined: 37383
03-24 15:02:51.847  6814  7780 W ExifInterface: Skip the tag entry since tag number is not defined: 513
03-24 15:02:51.847  6814  7780 W ExifInterface: Skip the tag entry since tag number is not defined: 514
03-24 15:02:51.911  6814  7780 W ExifInterface: Skip the tag entry since tag number is not defined: 37384
03-24 15:02:51.911  6814  7780 W ExifInterface: Skip the tag entry since tag number is not defined: 37383
03-24 15:02:51.911  6814  7780 W ExifInterface: Skip the tag entry since tag number is not defined: 41987
03-24 15:02:51.911  6814  7780 W ExifInterface: Skip the tag entry since tag number is not defined: 37385
03-24 15:02:51.911  6814  7780 W ExifInterface: Skip the tag entry since tag number is not defined: 513
03-24 15:02:51.911  6814  7780 W ExifInterface: Skip the tag entry since tag number is not defined: 514
03-24 15:02:51.955  8450  8450 E FeatureParser: both assets/device_features/ and /system/etc/device_features don't exist hi6210sft.xml
03-24 15:02:52.058  6814  7780 W ExifInterface: Skip the tag entry since tag number is not defined: 513
03-24 15:02:52.058  6814  7780 W ExifInterface: Skip the tag entry since tag number is not defined: 514
03-24 15:02:52.058  6814  7780 W ExifInterface: Skip the tag entry since tag number is not defined: 37383
03-24 15:02:52.058  6814  7780 W ExifInterface: Skip the tag entry since tag number is not defined: 37384
03-24 15:02:52.072  6814  7780 W ExifInterface: Invalid image.
03-24 15:02:52.072  6814  7780 W ExifInterface: java.io.IOException: Invalid exif
03-24 15:02:52.072  6814  7780 W ExifInterface: 	at android.media.ExifInterface.getJpegAttributes(ExifInterface.java:1661)
03-24 15:02:52.072  6814  7780 W ExifInterface: 	at android.media.ExifInterface.loadAttributes(ExifInterface.java:1341)
03-24 15:02:52.072  6814  7780 W ExifInterface: 	at android.media.ExifInterface.<init>(ExifInterface.java:1058)
03-24 15:02:52.072  6814  7780 W ExifInterface: 	at android.media.MediaScanner$MyMediaScannerClient.endFile(MediaScanner.java:855)
03-24 15:02:52.072  6814  7780 W ExifInterface: 	at android.media.MediaScanner$MyMediaScannerClient.doScanFile(MediaScanner.java:569)
03-24 15:02:52.072  6814  7780 W ExifInterface: 	at android.media.MediaScanner$MyMediaScannerClient.scanFile(MediaScanner.java:521)
03-24 15:02:52.072  6814  7780 W ExifInterface: 	at android.media.MediaScanner.processDirectory(Native Method)
03-24 15:02:52.072  6814  7780 W ExifInterface: 	at android.media.MediaScanner.scanDirectories(MediaScanner.java:1319)
03-24 15:02:52.072  6814  7780 W ExifInterface: 	at com.android.providers.media.MediaScannerService.scan(MediaScannerService.java:105)
03-24 15:02:52.072  6814  7780 W ExifInterface: 	at com.android.providers.media.MediaScannerService.access$100(MediaScannerService.java:49)
03-24 15:02:52.072  6814  7780 W ExifInterface: 	at com.android.providers.media.MediaScannerService$ServiceHandler.handleMessage(MediaScannerService.java:328)
03-24 15:02:52.072  6814  7780 W ExifInterface: 	at android.os.Handler.dispatchMessage(Handler.java:102)
03-24 15:02:52.072  6814  7780 W ExifInterface: 	at android.os.Looper.loop(Looper.java:148)
03-24 15:02:52.072  6814  7780 W ExifInterface: 	at com.android.providers.media.MediaScannerService.run(MediaScannerService.java:186)
03-24 15:02:52.072  6814  7780 W ExifInterface: 	at java.lang.Thread.run(Thread.java:818)
03-24 15:02:52.111  8450  8450 W ContextImpl: Calling a method in the system process without a qualified user: android.app.ContextImpl.startService:1221 android.content.ContextWrapper.startService:581 miui.core.SdkManager$1.run:189 android.os.Handler.handleCallback:739 android.os.Handler.dispatchMessage:95 
03-24 15:02:52.120  6814  7780 W ExifInterface: Skip the tag entry since tag number is not defined: 37384
03-24 15:02:52.120  6814  7780 W ExifInterface: Skip the tag entry since tag number is not defined: 37383
03-24 15:02:52.120  6814  7780 W ExifInterface: Skip the tag entry since tag number is not defined: 513
03-24 15:02:52.120  6814  7780 W ExifInterface: Skip the tag entry since tag number is not defined: 514
03-24 15:02:52.127  3395  3488 E         : open /proc/8194/smaps fail errno 2
03-24 15:02:52.221  3395  3490 W art     : Long monitor contention event with owner method=void com.android.server.am.BroadcastQueue.processNextBroadcast(boolean) from BroadcastQueue.java:645 waiters=3 for 108ms
03-24 15:02:52.221  6814  7780 W ExifInterface: Skip the tag entry since tag number is not defined: 37384
03-24 15:02:52.221  6814  7780 W ExifInterface: Skip the tag entry since tag number is not defined: 37383
03-24 15:02:52.221  6814  7780 W ExifInterface: Skip the tag entry since tag number is not defined: 513
03-24 15:02:52.221  6814  7780 W ExifInterface: Skip the tag entry since tag number is not defined: 514
03-24 15:02:52.231  6814  7780 W ExifInterface: Skip the tag entry since tag number is not defined: 37384
03-24 15:02:52.231  6814  7780 W ExifInterface: Skip the tag entry since tag number is not defined: 37383
03-24 15:02:52.231  6814  7780 W ExifInterface: Skip the tag entry since tag number is not defined: 513
03-24 15:02:52.231  6814  7780 W ExifInterface: Skip the tag entry since tag number is not defined: 514
03-24 15:02:52.240  6814  7780 W ExifInterface: Skip the tag entry since tag number is not defined: 513
03-24 15:02:52.241  6814  7780 W ExifInterface: Skip the tag entry since tag number is not defined: 514
03-24 15:02:52.241  6814  7780 W ExifInterface: Skip the tag entry since tag number is not defined: 37383
03-24 15:02:52.241  6814  7780 W ExifInterface: Skip the tag entry since tag number is not defined: 37384
03-24 15:02:52.241  6814  7780 W ExifInterface: Skip the tag entry since tag number is not defined: 37385
03-24 15:02:52.241  6814  7780 W ExifInterface: Skip the tag entry since tag number is not defined: 41987
03-24 15:02:52.247  6814  7780 W ExifInterface: Skip the tag entry since tag number is not defined: 37384
03-24 15:02:52.247  6814  7780 W ExifInterface: Skip the tag entry since tag number is not defined: 37383
03-24 15:02:52.247  6814  7780 W ExifInterface: Skip the tag entry since tag number is not defined: 513
03-24 15:02:52.247  6814  7780 W ExifInterface: Skip the tag entry since tag number is not defined: 514
03-24 15:02:52.257  6814  7780 W ExifInterface: Skip the tag entry since tag number is not defined: 513
03-24 15:02:52.257  6814  7780 W ExifInterface: Skip the tag entry since tag number is not defined: 514
03-24 15:02:52.257  6814  7780 W ExifInterface: Skip the tag entry since tag number is not defined: 37383
03-24 15:02:52.257  6814  7780 W ExifInterface: Skip the tag entry since tag number is not defined: 37384
03-24 15:02:52.294  6814  7780 W ExifInterface: Skip the tag entry since tag number is not defined: 37384
03-24 15:02:52.294  6814  7780 W ExifInterface: Skip the tag entry since tag number is not defined: 37383
03-24 15:02:52.294  6814  7780 W ExifInterface: Skip the tag entry since tag number is not defined: 41987
03-24 15:02:52.294  6814  7780 W ExifInterface: Skip the tag entry since tag number is not defined: 37385
03-24 15:02:52.294  6814  7780 W ExifInterface: Skip the tag entry since tag number is not defined: 513
03-24 15:02:52.294  6814  7780 W ExifInterface: Skip the tag entry since tag number is not defined: 514
03-24 15:02:52.325  6814  7780 W ExifInterface: Skip the tag entry since tag number is not defined: 37385
03-24 15:02:52.325  6814  7780 W ExifInterface: Skip the tag entry since tag number is not defined: 37384
03-24 15:02:52.325  6814  7780 W ExifInterface: Skip the tag entry since tag number is not defined: 41987
03-24 15:02:52.325  6814  7780 W ExifInterface: Skip the tag entry since tag number is not defined: 37383
03-24 15:02:52.325  6814  7780 W ExifInterface: Skip the tag entry since tag number is not defined: 513
03-24 15:02:52.325  6814  7780 W ExifInterface: Skip the tag entry since tag number is not defined: 514
03-24 15:02:52.403  6814  7780 W ExifInterface: Skip the tag entry since tag number is not defined: 37384
03-24 15:02:52.403  6814  7780 W ExifInterface: Skip the tag entry since tag number is not defined: 37383
03-24 15:02:52.403  6814  7780 W ExifInterface: Skip the tag entry since tag number is not defined: 513
03-24 15:02:52.403  6814  7780 W ExifInterface: Skip the tag entry since tag number is not defined: 514
03-24 15:02:52.408  6814  7780 W ExifInterface: Skip the tag entry since tag number is not defined: 513
03-24 15:02:52.408  6814  7780 W ExifInterface: Skip the tag entry since tag number is not defined: 514
03-24 15:02:52.409  6814  7780 W ExifInterface: Skip the tag entry since tag number is not defined: 37383
03-24 15:02:52.409  6814  7780 W ExifInterface: Skip the tag entry since tag number is not defined: 37384
03-24 15:02:52.409  6814  7780 W ExifInterface: Skip the tag entry since tag number is not defined: 37385
03-24 15:02:52.409  6814  7780 W ExifInterface: Skip the tag entry since tag number is not defined: 41987
03-24 15:02:52.440  6814  7780 W ExifInterface: Skip the tag entry since tag number is not defined: 37384
03-24 15:02:52.441  6814  7780 W ExifInterface: Skip the tag entry since tag number is not defined: 37383
03-24 15:02:52.441  6814  7780 W ExifInterface: Skip the tag entry since tag number is not defined: 513
03-24 15:02:52.443  6814  7780 W ExifInterface: Skip the tag entry since tag number is not defined: 514
03-24 15:02:52.479  6814  7780 W ExifInterface: Skip the tag entry since tag number is not defined: 37384
03-24 15:02:52.479  6814  7780 W ExifInterface: Skip the tag entry since tag number is not defined: 37383
03-24 15:02:52.479  6814  7780 W ExifInterface: Skip the tag entry since tag number is not defined: 513
03-24 15:02:52.479  6814  7780 W ExifInterface: Skip the tag entry since tag number is not defined: 514
03-24 15:02:52.549  6814  7780 W ExifInterface: Invalid image.
03-24 15:02:52.549  6814  7780 W ExifInterface: java.io.IOException: Invalid exif
03-24 15:02:52.549  6814  7780 W ExifInterface: 	at android.media.ExifInterface.getJpegAttributes(ExifInterface.java:1661)
03-24 15:02:52.549  6814  7780 W ExifInterface: 	at android.media.ExifInterface.loadAttributes(ExifInterface.java:1341)
03-24 15:02:52.549  6814  7780 W ExifInterface: 	at android.media.ExifInterface.<init>(ExifInterface.java:1058)
03-24 15:02:52.549  6814  7780 W ExifInterface: 	at android.media.MediaScanner$MyMediaScannerClient.endFile(MediaScanner.java:855)
03-24 15:02:52.549  6814  7780 W ExifInterface: 	at android.media.MediaScanner$MyMediaScannerClient.doScanFile(MediaScanner.java:569)
03-24 15:02:52.549  6814  7780 W ExifInterface: 	at android.media.MediaScanner$MyMediaScannerClient.scanFile(MediaScanner.java:521)
03-24 15:02:52.549  6814  7780 W ExifInterface: 	at android.media.MediaScanner.processDirectory(Native Method)
03-24 15:02:52.549  6814  7780 W ExifInterface: 	at android.media.MediaScanner.scanDirectories(MediaScanner.java:1319)
03-24 15:02:52.549  6814  7780 W ExifInterface: 	at com.android.providers.media.MediaScannerService.scan(MediaScannerService.java:105)
03-24 15:02:52.549  6814  7780 W ExifInterface: 	at com.android.providers.media.MediaScannerService.access$100(MediaScannerService.java:49)
03-24 15:02:52.549  6814  7780 W ExifInterface: 	at com.android.providers.media.MediaScannerService$ServiceHandler.handleMessage(MediaScannerService.java:328)
03-24 15:02:52.549  6814  7780 W ExifInterface: 	at android.os.Handler.dispatchMessage(Handler.java:102)
03-24 15:02:52.549  6814  7780 W ExifInterface: 	at android.os.Looper.loop(Looper.java:148)
03-24 15:02:52.549  6814  7780 W ExifInterface: 	at com.android.providers.media.MediaScannerService.run(MediaScannerService.java:186)
03-24 15:02:52.549  6814  7780 W ExifInterface: 	at java.lang.Thread.run(Thread.java:818)
03-24 15:02:52.560  6814  7780 W ExifInterface: Skip the tag entry since tag number is not defined: 37384
03-24 15:02:52.560  6814  7780 W ExifInterface: Skip the tag entry since tag number is not defined: 37383
03-24 15:02:52.560  6814  7780 W ExifInterface: Skip the tag entry since tag number is not defined: 513
03-24 15:02:52.560  6814  7780 W ExifInterface: Skip the tag entry since tag number is not defined: 514
03-24 15:02:52.566  6814  7780 W ExifInterface: Skip the tag entry since tag number is not defined: 37384
03-24 15:02:52.566  6814  7780 W ExifInterface: Skip the tag entry since tag number is not defined: 37383
03-24 15:02:52.566  6814  7780 W ExifInterface: Skip the tag entry since tag number is not defined: 513
03-24 15:02:52.566  6814  7780 W ExifInterface: Skip the tag entry since tag number is not defined: 514
03-24 15:02:52.572  6814  7780 W ExifInterface: Skip the tag entry since tag number is not defined: 37384
03-24 15:02:52.572  6814  7780 W ExifInterface: Skip the tag entry since tag number is not defined: 37383
03-24 15:02:52.572  6814  7780 W ExifInterface: Skip the tag entry since tag number is not defined: 513
03-24 15:02:52.572  6814  7780 W ExifInterface: Skip the tag entry since tag number is not defined: 514
03-24 15:02:52.580  6814  7780 W ExifInterface: Skip the tag entry since tag number is not defined: 37384
03-24 15:02:52.580  6814  7780 W ExifInterface: Skip the tag entry since tag number is not defined: 37383
03-24 15:02:52.580  6814  7780 W ExifInterface: Skip the tag entry since tag number is not defined: 513
03-24 15:02:52.580  6814  7780 W ExifInterface: Skip the tag entry since tag number is not defined: 514
03-24 15:02:52.595  6814  7780 W ExifInterface: Invalid image.
03-24 15:02:52.595  6814  7780 W ExifInterface: java.io.IOException: Invalid exif
03-24 15:02:52.595  6814  7780 W ExifInterface: 	at android.media.ExifInterface.getJpegAttributes(ExifInterface.java:1661)
03-24 15:02:52.595  6814  7780 W ExifInterface: 	at android.media.ExifInterface.loadAttributes(ExifInterface.java:1341)
03-24 15:02:52.595  6814  7780 W ExifInterface: 	at android.media.ExifInterface.<init>(ExifInterface.java:1058)
03-24 15:02:52.595  6814  7780 W ExifInterface: 	at android.media.MediaScanner$MyMediaScannerClient.endFile(MediaScanner.java:855)
03-24 15:02:52.595  6814  7780 W ExifInterface: 	at android.media.MediaScanner$MyMediaScannerClient.doScanFile(MediaScanner.java:569)
03-24 15:02:52.595  6814  7780 W ExifInterface: 	at android.media.MediaScanner$MyMediaScannerClient.scanFile(MediaScanner.java:521)
03-24 15:02:52.595  6814  7780 W ExifInterface: 	at android.media.MediaScanner.processDirectory(Native Method)
03-24 15:02:52.595  6814  7780 W ExifInterface: 	at android.media.MediaScanner.scanDirectories(MediaScanner.java:1319)
03-24 15:02:52.595  6814  7780 W ExifInterface: 	at com.android.providers.media.MediaScannerService.scan(MediaScannerService.java:105)
03-24 15:02:52.595  6814  7780 W ExifInterface: 	at com.android.providers.media.MediaScannerService.access$100(MediaScannerService.java:49)
03-24 15:02:52.595  6814  7780 W ExifInterface: 	at com.android.providers.media.MediaScannerService$ServiceHandler.handleMessage(MediaScannerService.java:328)
03-24 15:02:52.595  6814  7780 W ExifInterface: 	at android.os.Handler.dispatchMessage(Handler.java:102)
03-24 15:02:52.595  6814  7780 W ExifInterface: 	at android.os.Looper.loop(Looper.java:148)
03-24 15:02:52.595  6814  7780 W ExifInterface: 	at com.android.providers.media.MediaScannerService.run(MediaScannerService.java:186)
03-24 15:02:52.595  6814  7780 W ExifInterface: 	at java.lang.Thread.run(Thread.java:818)
03-24 15:02:52.610  6814  7780 W ExifInterface: Skip the tag entry since tag number is not defined: 37384
03-24 15:02:52.610  6814  7780 W ExifInterface: Skip the tag entry since tag number is not defined: 37383
03-24 15:02:52.610  6814  7780 W ExifInterface: Skip the tag entry since tag number is not defined: 41987
03-24 15:02:52.610  6814  7780 W ExifInterface: Skip the tag entry since tag number is not defined: 37385
03-24 15:02:52.610  6814  7780 W ExifInterface: Skip the tag entry since tag number is not defined: 513
03-24 15:02:52.610  6814  7780 W ExifInterface: Skip the tag entry since tag number is not defined: 514
03-24 15:02:52.644  6814  7780 W ExifInterface: Skip the tag entry since tag number is not defined: 513
03-24 15:02:52.644  6814  7780 W ExifInterface: Skip the tag entry since tag number is not defined: 514
03-24 15:02:52.644  6814  7780 W ExifInterface: Skip the tag entry since tag number is not defined: 37383
03-24 15:02:52.644  6814  7780 W ExifInterface: Skip the tag entry since tag number is not defined: 37384
03-24 15:02:52.644  6814  7780 W ExifInterface: Skip the tag entry since tag number is not defined: 37385
03-24 15:02:52.644  6814  7780 W ExifInterface: Skip the tag entry since tag number is not defined: 41987
03-24 15:02:52.658  8472  8472 W System  : ClassLoader referenced unknown path: /system/priv-app/DownloadProviderUi/lib/arm64
03-24 15:02:52.743  3395  6044 E WiFiServiceImpl : SAVE nid=0 uid=1000 name=android.uid.system:1000
03-24 15:02:52.744  3395  6044 E WiFiServiceImpl : CONNECT  nid=-1 uid=1000 name=android.uid.system:1000
03-24 15:02:52.754  3395  6043 E WifiConfigStore: addOrUpdateNetworkNative created netId=0
03-24 15:02:52.798  3395  6043 E WifiConfigStore:  rewrite network history for "Xiaomi_3"WPA_PSK
03-24 15:02:52.826  3395  6043 E WifiConfigStore:  rewrite network history for "Xiaomi_3"WPA_PSK
03-24 15:02:52.882  3395  6043 E WifiConfigStore: saveWifiConfigBSSID Setting BSSID for "Xiaomi_3"WPA_PSK to any
03-24 15:02:52.909  3395  6043 E WifiConfigStore: saveWifiConfigBSSID Setting BSSID for "Xiaomi_3"WPA_PSK to any
03-24 15:02:52.918  8472  8472 W Settings: Setting airplane_mode_on has moved from android.provider.Settings.System to android.provider.Settings.Global, returning read-only value.
03-24 15:02:52.921  3395  6043 E WifiConfigStore:  rewrite network history for "Xiaomi_3"WPA_PSK
03-24 15:02:52.925  3395  6043 E WifiConfigStore: buildPnoList sortedWifiConfigurations size 1
03-24 15:02:52.925  3395  6043 E WifiConfigStore: found sortedWifiConfigurations : "Xiaomi_3"WPA_PSK
03-24 15:02:52.952  3395  6043 E WifiConfigStore:  rewrite network history for "Xiaomi_3"WPA_PSK
03-24 15:02:52.961  8000  8192 E SettingsLib.AccessPoint: loadConfig() ssid:Xiaomi_3  WAPI PSK key type: 0
03-24 15:02:52.971  8000  8192 E SettingsLib.AccessPoint: loadConfig() ssid:Xiaomi_3  WAPI PSK key type: 0
03-24 15:02:52.984  8000  8192 E SettingsLib.AccessPoint: loadConfig() ssid:Xiaomi_3  WAPI PSK key type: 0
03-24 15:02:52.990  8000  8192 E SettingsLib.AccessPoint: loadConfig() ssid:Xiaomi_3  WAPI PSK key type: 0
03-24 15:02:52.997  8000  8192 E SettingsLib.AccessPoint: loadConfig() ssid:Xiaomi_3  WAPI PSK key type: 0
03-24 15:02:53.182  6936  6936 W ContextImpl: Calling a method in the system process without a qualified user: android.app.ContextImpl.bindService:1285 android.content.ContextWrapper.bindService:604 com.miui.guardprovider.a.fn:-1 com.miui.guardprovider.a.a:-1 com.miui.guardprovider.a.b:-1 
03-24 15:02:53.341  8502  8502 W System  : ClassLoader referenced unknown path: /system/app/MiuiSuperMarket/lib/arm64
03-24 15:02:53.566  8000  8192 E SettingsLib.AccessPoint: loadConfig() ssid:Xiaomi_3  WAPI PSK key type: 0
03-24 15:02:53.601  8000  8192 E SettingsLib.AccessPoint: loadConfig() ssid:Xiaomi_3  WAPI PSK key type: 0
03-24 15:02:53.713  8502  8502 E MarketLocalAppManager: getDetailAppInfo null: com.topjohnwu.magisk
03-24 15:02:53.755  8502  8534 E MarketConnection: Connection aborted by user for CTA.
03-24 15:02:53.756  8502  8534 E MarketConnection: Connection failed : CLIENT_ERROR
03-24 15:02:53.787  8502  8539 E MarketConnection: Connection aborted by user for CTA.
03-24 15:02:53.787  8502  8539 E MarketConnection: Connection failed : CLIENT_ERROR
03-24 15:02:53.799  8502  8526 W MarketDatabaseHelper: create database.
03-24 15:02:53.865  3395  6645 W BroadcastQueue: Permission Denial: broadcasting Intent { act=android.intent.action.SIM_STATE_CHANGED flg=0x4000010 (has extras) } from null (pid=6349, uid=1001) requires com.miui.cloudservice.permission.FIND_DEVICE due to receiver com.android.settings/.deviceinfo.LockDeviceReceiver
03-24 15:02:53.899  8000  8192 E SettingsLib.AccessPoint: loadConfig() ssid:Xiaomi_3  WAPI PSK key type: 0
03-24 15:02:53.915  8000  8192 E SettingsLib.AccessPoint: loadConfig() ssid:Xiaomi_3  WAPI PSK key type: 0
03-24 15:02:53.948  6579  7742 W ContextImpl: Calling a method in the system process without a qualified user: android.app.ContextImpl.startService:1221 android.content.ContextWrapper.startService:581 android.content.ContextWrapper.startService:581 miui.cloud.finddevice.FindDeviceKeyguardController.unlock:50 com.xiaomi.finddevice.v2.FindDeviceStatusManagerInternal.performLockUnlockLocked:868 
03-24 15:02:54.023  8561  8561 W System  : ClassLoader referenced unknown path: /system/priv-app/CalendarProvider/lib/arm64
03-24 15:02:54.189  3395  6878 W BroadcastQueue: Permission Denial: broadcasting Intent { act=android.intent.action.SIM_STATE_CHANGED flg=0x4000010 (has extras) } from null (pid=6349, uid=1001) requires com.miui.cloudservice.permission.FIND_DEVICE due to receiver com.android.settings/.deviceinfo.LockDeviceReceiver
03-24 15:02:54.212  3395  6176 W BroadcastQueue: Permission Denial: broadcasting Intent { act=android.intent.action.SIM_STATE_CHANGED flg=0x4000010 (has extras) } from null (pid=6349, uid=1001) requires com.miui.cloudservice.permission.FIND_DEVICE due to receiver com.android.settings/.deviceinfo.LockDeviceReceiver
03-24 15:02:54.332  3395  3490 W art     : Long monitor contention event with owner method=void com.android.server.am.ActivityManagerService.removeContentProvider(android.os.IBinder, boolean) from ActivityManagerService.java:9913 waiters=0 for 105ms
03-24 15:02:54.344  8000  8000 W ContextImpl: Calling a method in the system process without a qualified user: android.app.ContextImpl.startService:1221 android.content.ContextWrapper.startService:581 android.content.ContextWrapper.startService:581 com.android.settings.MiuiSettingsReceiver.onReceive:114 android.app.ActivityThread.handleReceiver:2725 
03-24 15:02:54.418  8580  8580 W System  : ClassLoader referenced unknown path: /system/priv-app/Calendar/lib/arm64
03-24 15:02:54.452  8000  8192 E SettingsLib.AccessPoint: loadConfig() ssid:Xiaomi_3  WAPI PSK key type: 0
03-24 15:02:54.490  3395  6043 E WifiConfigStore: saveWifiConfigBSSID Setting BSSID for "Xiaomi_3"WPA_PSK to any
03-24 15:02:54.513  3395  6043 E WifiConfigStore: saveWifiConfigBSSID Setting BSSID for "Xiaomi_3"WPA_PSK to any
03-24 15:02:54.575  8000  8192 E SettingsLib.AccessPoint: loadConfig() ssid:Xiaomi_3  WAPI PSK key type: 0
03-24 15:02:54.581  8000  8192 E SettingsLib.AccessPoint: loadConfig() ssid:Xiaomi_3  WAPI PSK key type: 0
03-24 15:02:54.586  8000  8192 E SettingsLib.AccessPoint: loadConfig() ssid:Xiaomi_3  WAPI PSK key type: 0
03-24 15:02:54.593  8000  8192 E SettingsLib.AccessPoint: loadConfig() ssid:Xiaomi_3  WAPI PSK key type: 0
03-24 15:02:54.598  8000  8192 E SettingsLib.AccessPoint: loadConfig() ssid:Xiaomi_3  WAPI PSK key type: 0
03-24 15:02:54.604  8000  8192 E SettingsLib.AccessPoint: loadConfig() ssid:Xiaomi_3  WAPI PSK key type: 0
03-24 15:02:54.609  8000  8192 E SettingsLib.AccessPoint: loadConfig() ssid:Xiaomi_3  WAPI PSK key type: 0
03-24 15:02:54.629  3395  6043 E native  : do suspend false
03-24 15:02:54.688  3395  6043 E WifiStateMachine: Did not find remoteAddress {192.168.31.1} in /proc/net/arp
03-24 15:02:54.707  3395  6045 E ConnectivityService: Unexpected mtu value: 0, wlan0
03-24 15:02:54.714  8000  8192 E SettingsLib.AccessPoint: loadConfig() ssid:Xiaomi_3  WAPI PSK key type: 0
03-24 15:02:54.742  7191  7295 W ContextImpl: Calling a method in the system process without a qualified user: android.app.ContextImpl.sendBroadcast:763 android.content.ContextWrapper.sendBroadcast:396 com.miui.networkassistant.service.tm.TrafficManageService.broadCastDataUsageUpdated:-1 com.miui.networkassistant.service.tm.TrafficManageService$8.onReceive:-1 android.app.LoadedApk$ReceiverDispatcher$Args.run:881 
03-24 15:02:54.749  7191  7295 W ContextImpl: Calling a method in the system process without a qualified user: android.app.ContextImpl.sendBroadcast:763 android.content.ContextWrapper.sendBroadcast:396 com.miui.networkassistant.service.tm.TrafficManageService.broadCastDataUsageUpdated:-1 com.miui.networkassistant.service.tm.TrafficManageService$8.onReceive:-1 android.app.LoadedApk$ReceiverDispatcher$Args.run:881 
03-24 15:02:54.757  8000  8192 E SettingsLib.AccessPoint: loadConfig() ssid:Xiaomi_3  WAPI PSK key type: 0
03-24 15:02:54.856  8000  8192 E SettingsLib.AccessPoint: loadConfig() ssid:Xiaomi_3  WAPI PSK key type: 0
03-24 15:02:54.863  3395  3489 W BroadcastQueue: Failure sending broadcast Intent { act=android.net.conn.CONNECTIVITY_CHANGE flg=0x4000010 (has extras) }
03-24 15:02:54.863  3395  3489 W BroadcastQueue: android.os.RemoteException: app.thread must not be null
03-24 15:02:54.863  3395  3489 W BroadcastQueue: 	at com.android.server.am.BroadcastQueue.performReceiveLocked(BroadcastQueue.java:462)
03-24 15:02:54.863  3395  3489 W BroadcastQueue: 	at com.android.server.am.BroadcastQueue.deliverToRegisteredReceiverLocked(BroadcastQueue.java:599)
03-24 15:02:54.863  3395  3489 W BroadcastQueue: 	at com.android.server.am.BroadcastQueue.processNextBroadcast(BroadcastQueue.java:672)
03-24 15:02:54.863  3395  3489 W BroadcastQueue: 	at com.android.server.am.BroadcastQueue$BroadcastHandler.handleMessage(BroadcastQueue.java:168)
03-24 15:02:54.863  3395  3489 W BroadcastQueue: 	at android.os.Handler.dispatchMessage(Handler.java:102)
03-24 15:02:54.863  3395  3489 W BroadcastQueue: 	at android.os.Looper.loop(Looper.java:148)
03-24 15:02:54.863  3395  3489 W BroadcastQueue: 	at android.os.HandlerThread.run(HandlerThread.java:61)
03-24 15:02:54.863  3395  3489 W BroadcastQueue: 	at com.android.server.ServiceThread.run(ServiceThread.java:46)
03-24 15:02:54.889  8000  8192 E SettingsLib.AccessPoint: loadConfig() ssid:Xiaomi_3  WAPI PSK key type: 0
03-24 15:02:54.903  6686  8631 W System.err: java.io.IOException: User has not allowed to connect network.
03-24 15:02:54.903  6686  8631 W System.err: 	at com.android.thememanager.controller.online.NetworkHelper.connectByHttpRequest(NetworkHelper.java:30)
03-24 15:02:54.903  6686  8631 W System.err: 	at com.android.thememanager.controller.online.NetworkHelper.connectByHttpRequest(NetworkHelper.java:67)
03-24 15:02:54.903  6686  8631 W System.err: 	at com.android.thememanager.controller.online.NetworkHelper.requestFile(NetworkHelper.java:101)
03-24 15:02:54.903  6686  8631 W System.err: 	at com.android.thememanager.controller.online.NetworkHelper.requestString(NetworkHelper.java:121)
03-24 15:02:54.903  6686  8631 W System.err: 	at com.android.thememanager.ResourceHostProxyManager.updateHosts(ResourceHostProxyManager.java:142)
03-24 15:02:54.903  6686  8631 W System.err: 	at com.android.thememanager.ResourceHostProxyManager.access$300(ResourceHostProxyManager.java:39)
03-24 15:02:54.903  6686  8631 W System.err: 	at com.android.thememanager.ResourceHostProxyManager$2.run(ResourceHostProxyManager.java:99)
03-24 15:02:54.903  6686  8631 W System.err: 	at java.lang.Thread.run(Thread.java:818)
03-24 15:02:54.905  6686  8631 W System.err: java.io.IOException: User has not allowed to connect network.
03-24 15:02:54.905  6686  8631 W System.err: 	at com.android.thememanager.controller.online.NetworkHelper.connectByHttpRequest(NetworkHelper.java:30)
03-24 15:02:54.905  6686  8631 W System.err: 	at com.android.thememanager.controller.online.NetworkHelper.connectByHttpRequest(NetworkHelper.java:67)
03-24 15:02:54.905  6686  8631 W System.err: 	at com.android.thememanager.controller.online.NetworkHelper.requestFile(NetworkHelper.java:101)
03-24 15:02:54.905  6686  8631 W System.err: 	at com.android.thememanager.controller.online.NetworkHelper.requestString(NetworkHelper.java:121)
03-24 15:02:54.905  6686  8631 W System.err: 	at com.android.thememanager.ResourceHostProxyManager.updateHosts(ResourceHostProxyManager.java:142)
03-24 15:02:54.905  6686  8631 W System.err: 	at com.android.thememanager.ResourceHostProxyManager.access$300(ResourceHostProxyManager.java:39)
03-24 15:02:54.905  6686  8631 W System.err: 	at com.android.thememanager.ResourceHostProxyManager$2.run(ResourceHostProxyManager.java:99)
03-24 15:02:54.905  6686  8631 W System.err: 	at java.lang.Thread.run(Thread.java:818)
03-24 15:02:54.936  6549  6741 W WtProcessController: do not trim { PackageName :com.android.settings Pid: 8000 Uid: 1000 Start by: broadcast Score:90 Old score:90 state:0 mBackgroundTimeInMillis:1521874960717 WakelockCount:0 wakelogsize:0  ActivityDestroied:false Activity size: 1 PackageInfo:{WhetstonePackageInfo#PacakgeName:com.android.settings uid:1000 uiMemoryThresold:0 nonUiMemoryThresold:0 Flag:-2147480764,0x80000b44 [,DestoryActivity,TRIMHEAPS,TRIM_OPENGL,APP_SYSTEM,TRIMPROCESS_BY_ACTIVITY] Type:0[] } tasknum:0}
03-24 15:02:54.947  3395  3488 E GpsLocationProvider: No APN found to select.
