03-24 00:37:23.805  4163  5984 W PackageParser: Ignoring duplicate uses-permissions/uses-permissions-sdk-m: android.permission.READ_CONTACTS in package: com.android.bluetooth at: Binary XML file line #58
03-24 00:37:23.811  4163  5984 W PackageParser: No actions in intent filter at /system/app/Bluetooth/Bluetooth.apk Binary XML file line #215
03-24 00:37:23.851  4163  5984 W PackageParser: Ignoring duplicate uses-permissions/uses-permissions-sdk-m: android.permission.INTERNET in package: com.miui.bugreport at: Binary XML file line #31
03-24 00:37:23.851  4163  5984 W PackageParser: Ignoring duplicate uses-permissions/uses-permissions-sdk-m: android.permission.ACCESS_NETWORK_STATE in package: com.miui.bugreport at: Binary XML file line #32
03-24 00:37:23.852  4163  5984 W PackageParser: Ignoring duplicate uses-permissions/uses-permissions-sdk-m: android.permission.WRITE_EXTERNAL_STORAGE in package: com.miui.bugreport at: Binary XML file line #34
03-24 00:37:23.852  4163  5984 W PackageParser: Ignoring duplicate uses-permissions/uses-permissions-sdk-m: android.permission.ACCESS_WIFI_STATE in package: com.miui.bugreport at: Binary XML file line #36
03-24 00:37:23.889  6010  6010 W System  : ClassLoader referenced unknown path: /system/app/Notes/lib/arm64
03-24 00:37:23.976  4163  5984 W PackageParser: No actions in intent filter at /system/app/CloudService/CloudService.apk Binary XML file line #156
03-24 00:37:23.997  4163  5984 W PackageParser: Ignoring duplicate uses-permissions/uses-permissions-sdk-m: android.permission.INTERACT_ACROSS_USERS in package: com.miui.cloudservice at: Binary XML file line #724
03-24 00:37:24.218  6025  6025 W System  : ClassLoader referenced unknown path: /system/app/SecurityAdd/lib/arm64
03-24 00:37:24.324  3736  3750 W BroadcastQueue: Permission Denial: receiving Intent { act=android.intent.action.BOOT_COMPLETED flg=0x8000010 (has extras) } to com.sohu.inputmethod.sogou.xiaomi/com.sohu.inputmethod.settings.status.BootCompletedReceiver requires android.permission.RECEIVE_BOOT_COMPLETED due to sender null (uid 1000)
03-24 00:37:24.359  4163  5984 W PackageParser: Problem in package /system/app/FileExplorer/FileExplorer.apk:
03-24 00:37:24.359  4163  5984 W PackageParser: Unknown element under <activity>: intentfilter at /system/app/FileExplorer/FileExplorer.apk Binary XML file line #302
03-24 00:37:24.384  3947  4480 W MediaScanner: Error opening directory '/storage/415B-1BEA/.android_secure/', skipping: Permission denied.
03-24 00:37:24.441  3736  3832 W art     : Long monitor contention event with owner method=void com.android.server.am.ActivityManagerService.trimApplications() from ActivityManagerService.java:19536 waiters=1 for 116ms
03-24 00:37:24.449  4191  4191 W ContextImpl: Calling a method in the system process without a qualified user: android.app.ContextImpl.startService:1221 android.content.ContextWrapper.startService:581 android.content.ContextWrapper.startService:581 com.miui.sysbase.BootReceiver.onReceive:20 android.app.ActivityThread.handleReceiver:2725 
03-24 00:37:24.477  5846  5846 E FeatureParser: both assets/device_features/ and /system/etc/device_features don't exist hi6210sft.xml
03-24 00:37:24.479  5846  5846 W ContextImpl: Calling a method in the system process without a qualified user: android.app.ContextImpl.startService:1221 android.content.ContextWrapper.startService:581 android.content.ContextWrapper.startService:581 com.android.updater.BootCompletedReceiver.c:-1 com.android.updater.BootCompletedReceiver.onReceive:-1 
03-24 00:37:24.492  5846  5846 W ContextImpl: Calling a method in the system process without a qualified user: android.app.ContextImpl.startService:1221 android.content.ContextWrapper.startService:581 android.content.ContextWrapper.startService:581 com.android.updater.BootCompletedReceiver.f:-1 com.android.updater.BootCompletedReceiver.onReceive:-1 
03-24 00:37:24.501  5846  5846 W ContextImpl: Calling a method in the system process without a qualified user: android.app.ContextImpl.startService:1221 android.content.ContextWrapper.startService:581 android.content.ContextWrapper.startService:581 com.android.updater.BootCompletedReceiver.a:-1 com.android.updater.BootCompletedReceiver.onReceive:-1 
03-24 00:37:24.503  5846  5846 W ContextImpl: Calling a method in the system process without a qualified user: android.app.ContextImpl.startService:1221 android.content.ContextWrapper.startService:581 android.content.ContextWrapper.startService:581 com.android.updater.BootCompletedReceiver.d:-1 com.android.updater.BootCompletedReceiver.onReceive:-1 
03-24 00:37:24.588  6042  6042 W System  : ClassLoader referenced unknown path: /system/app/XiaomiVip/lib/arm64
03-24 00:37:24.616  5846  6056 W ActivityThread: ClassLoader.loadClass: The class loader returned by Thread.getContextClassLoader() may fail for processes that host multiple applications. You should explicitly specify a context class loader. For example: Thread.setContextClassLoader(getClass().getClassLoader());
03-24 00:37:24.803  4163  5984 W PackageParser: Ignoring duplicate uses-permissions/uses-permissions-sdk-m: android.permission.READ_CONTACTS in package: com.cleanmaster.sdk at: Binary XML file line #25
03-24 00:37:24.814  6042  6042 W XiaomiVip: failed to mkdirs /storage/emulated/0/MIUI/debug_log/XiaomiVip
03-24 00:37:24.837  3736  4262 W BroadcastQueue: Permission Denial: receiving Intent { act=android.intent.action.BOOT_COMPLETED flg=0x8000010 (has extras) } to com.xiaomi.ab/com.xiaomi.mishopsdk.account.shop.LoginObserverReceiver requires android.permission.RECEIVE_BOOT_COMPLETED due to sender null (uid 1000)
03-24 00:37:24.849  4163  5984 W PackageParser: Ignoring duplicate uses-permissions/uses-permissions-sdk-m: android.permission.ACCOUNT_MANAGER in package: com.android.midrive at: Binary XML file line #21
03-24 00:37:24.897  5846  5846 W ContextImpl: Calling a method in the system process without a qualified user: android.app.ContextImpl.startService:1221 android.content.ContextWrapper.startService:581 com.android.updater.DailyCheckJobService.onStartJob:-1 android.app.job.JobService$JobHandler.handleMessage:126 android.os.Handler.dispatchMessage:102 
03-24 00:37:24.934  4163  5984 W PackageParser: Ignoring duplicate uses-permissions/uses-permissions-sdk-m: android.permission.CONTROL_WIFI_DISPLAY in package: com.xiaomi.miplay at: Binary XML file line #24
03-24 00:37:25.040  6065  6065 W System  : ClassLoader referenced unknown path: /system/priv-app/Calendar/lib/arm64
03-24 00:37:25.428  4163  5984 W PackageParser: Ignoring duplicate uses-permissions/uses-permissions-sdk-m: android.permission.CHANGE_WIFI_STATE in package: com.android.nfc at: Binary XML file line #47
03-24 00:37:25.428  4163  5984 W PackageParser: Ignoring duplicate uses-permissions/uses-permissions-sdk-m: android.permission.ACCESS_WIFI_STATE in package: com.android.nfc at: Binary XML file line #48
03-24 00:37:25.429  4334  6095 W ContextImpl: Calling a method in the system process without a qualified user: android.app.ContextImpl.startService:1221 android.content.ContextWrapper.startService:581 com.xiaomi.accountsdk.activate.ActivateManager$AmTask.bindToCloudService:502 com.xiaomi.accountsdk.activate.ActivateManager$AmTask.bind:481 com.xiaomi.accountsdk.activate.ActivateManager$AmTask.start:474 
03-24 00:37:25.440  5846  6080 W System.err: org.json.JSONException: End of input at character 0 of 
03-24 00:37:25.440  5846  6080 W System.err: 	at org.json.JSONTokener.syntaxError(JSONTokener.java:449)
03-24 00:37:25.440  5846  6080 W System.err: 	at org.json.JSONTokener.nextValue(JSONTokener.java:97)
03-24 00:37:25.440  5846  6080 W System.err: 	at org.json.JSONObject.<init>(JSONObject.java:156)
03-24 00:37:25.440  5846  6080 W System.err: 	at org.json.JSONObject.<init>(JSONObject.java:173)
03-24 00:37:25.440  5846  6080 W System.err: 	at com.android.updater.UpdateInfo.<init>(Unknown Source)
03-24 00:37:25.440  5846  6080 W System.err: 	at com.android.updater.aJ.al(Unknown Source)
03-24 00:37:25.440  5846  6080 W System.err: 	at com.android.updater.aJ.run(Unknown Source)
03-24 00:37:25.441  4334  6095 W ContextImpl: Calling a method in the system process without a qualified user: android.app.ContextImpl.bindService:1285 android.content.ContextWrapper.bindService:604 com.xiaomi.accountsdk.activate.ActivateManager$AmTask.bindToCloudService:503 com.xiaomi.accountsdk.activate.ActivateManager$AmTask.bind:481 com.xiaomi.accountsdk.activate.ActivateManager$AmTask.start:474 
03-24 00:37:25.502  6096  6096 W System  : ClassLoader referenced unknown path: /system/priv-app/MiuiVoip/lib/arm64
03-24 00:37:25.584  4163  5984 W PackageParser: Ignoring duplicate uses-permissions/uses-permissions-sdk-m: android.permission.READ_SYNC_SETTINGS in package: com.miui.notes at: Binary XML file line #31
03-24 00:37:25.683  4163  5984 W PackageParser: Service exported request ignored due to singleUser: com.miui.powerkeeper.feedbackcontrol.FeedbackControlService at /system/app/PowerKeeper/PowerKeeper.apk Binary XML file line #71
03-24 00:37:25.683  4163  5984 W PackageParser: Service exported request ignored due to singleUser: com.miui.powerkeeper.powerchecker.PowerCheckerService at /system/app/PowerKeeper/PowerKeeper.apk Binary XML file line #79
03-24 00:37:25.793  4163  5984 W PackageParser: Ignoring duplicate uses-permissions/uses-permissions-sdk-m: android.permission.MANAGE_ACCOUNTS in package: com.miui.securityadd at: Binary XML file line #29
03-24 00:37:25.800  3736  3964 W ActivityManager: Permission Denial: opening provider com.miui.whetstone.provider.WhetstoneProvider from ProcessRecord{254a125 6096:com.miui.voip/1001} (pid=6096, uid=1001) requires com.miui.whetstone.permission.ACCESS_PROVIDER or com.miui.whetstone.permission.ACCESS_PROVIDER
03-24 00:37:25.802  6096  6096 E MiuiVoip: VoipEngine_PersisitServiceUtil, doUnPersisitService
03-24 00:37:25.802  6096  6096 E MiuiVoip: java.lang.SecurityException: Permission Denial: opening provider com.miui.whetstone.provider.WhetstoneProvider from ProcessRecord{254a125 6096:com.miui.voip/1001} (pid=6096, uid=1001) requires com.miui.whetstone.permission.ACCESS_PROVIDER or com.miui.whetstone.permission.ACCESS_PROVIDER
03-24 00:37:25.802  6096  6096 E MiuiVoip: 	at android.os.Parcel.readException(Parcel.java:1620)
03-24 00:37:25.802  6096  6096 E MiuiVoip: 	at android.os.Parcel.readException(Parcel.java:1573)
03-24 00:37:25.802  6096  6096 E MiuiVoip: 	at android.app.ActivityManagerProxy.getContentProvider(ActivityManagerNative.java:3551)
03-24 00:37:25.802  6096  6096 E MiuiVoip: 	at android.app.ActivityThread.acquireProvider(ActivityThread.java:4778)
03-24 00:37:25.802  6096  6096 E MiuiVoip: 	at android.app.ContextImpl$ApplicationContentResolver.acquireProvider(ContextImpl.java:1999)
03-24 00:37:25.802  6096  6096 E MiuiVoip: 	at android.content.ContentResolver.acquireProvider(ContentResolver.java:1421)
03-24 00:37:25.802  6096  6096 E MiuiVoip: 	at android.content.ContentResolver.insert(ContentResolver.java:1225)
03-24 00:37:25.802  6096  6096 E MiuiVoip: 	at com.miui.voip.service.PersisitServiceUtil.doUnPersisitService(PersisitServiceUtil.java:53)
03-24 00:37:25.802  6096  6096 E MiuiVoip: 	at com.miui.voip.service.PersisitServiceUtil.initPersisitStatus(PersisitServiceUtil.java:25)
03-24 00:37:25.802  6096  6096 E MiuiVoip: 	at com.miui.voip.base.MainApp.onCreate(MainApp.java:40)
03-24 00:37:25.802  6096  6096 E MiuiVoip: 	at com.miui.voip.base.VoipApp$VoipAppDelegate.onCreate(VoipApp.java:23)
03-24 00:37:25.802  6096  6096 E MiuiVoip: 	at miui.external.Application.onCreate(SourceFile:181)
03-24 00:37:25.802  6096  6096 E MiuiVoip: 	at android.app.Instrumentation.callApplicationOnCreate(Instrumentation.java:1013)
03-24 00:37:25.802  6096  6096 E MiuiVoip: 	at android.app.ActivityThread.handleBindApplication(ActivityThread.java:4707)
03-24 00:37:25.802  6096  6096 E MiuiVoip: 	at android.app.ActivityThreadHook.handleHandleBindApplication(ActivityThreadHook.java:47)
03-24 00:37:25.802  6096  6096 E MiuiVoip: 	at android.app.ActivityThread.-wrap1(ActivityThread.java)
03-24 00:37:25.802  6096  6096 E MiuiVoip: 	at android.app.ActivityThread$H.handleMessage(ActivityThread.java:1405)
03-24 00:37:25.802  6096  6096 E MiuiVoip: 	at android.os.Handler.dispatchMessage(Handler.java:102)
03-24 00:37:25.802  6096  6096 E MiuiVoip: 	at android.os.Looper.loop(Looper.java:148)
03-24 00:37:25.802  6096  6096 E MiuiVoip: 	at android.app.ActivityThread.main(ActivityThread.java:5417)
03-24 00:37:25.802  6096  6096 E MiuiVoip: 	at android.app.ActivityThreadHook.handleMain(ActivityThreadHook.java:27)
03-24 00:37:25.802  6096  6096 E MiuiVoip: 	at java.lang.reflect.Method.invoke(Native Method)
03-24 00:37:25.802  6096  6096 E MiuiVoip: 	at com.android.internal.os.ZygoteInit$MethodAndArgsCaller.run(ZygoteInit.java:726)
03-24 00:37:25.802  6096  6096 E MiuiVoip: 	at com.android.internal.os.ZygoteInit.main(ZygoteInit.java:616)
03-24 00:37:25.813  4334  6123 W ContextImpl: Calling a method in the system process without a qualified user: android.app.ContextImpl.startService:1221 android.content.ContextWrapper.startService:581 com.xiaomi.accountsdk.activate.ActivateManager$AmTask.bindToCloudService:502 com.xiaomi.accountsdk.activate.ActivateManager$AmTask.bind:481 com.xiaomi.accountsdk.activate.ActivateManager$AmTask.start:474 
03-24 00:37:25.828  4334  6123 W ContextImpl: Calling a method in the system process without a qualified user: android.app.ContextImpl.bindService:1285 android.content.ContextWrapper.bindService:604 com.xiaomi.accountsdk.activate.ActivateManager$AmTask.bindToCloudService:503 com.xiaomi.accountsdk.activate.ActivateManager$AmTask.bind:481 com.xiaomi.accountsdk.activate.ActivateManager$AmTask.start:474 
03-24 00:37:25.830  4163  5984 W PackageParser: Ignoring duplicate uses-permissions/uses-permissions-sdk-m: android.permission.MANAGE_ACCOUNTS in package: com.miui.securitycore at: Binary XML file line #22
03-24 00:37:25.903  6124  6124 W System  : ClassLoader referenced unknown path: /system/priv-app/CalendarProvider/lib/arm64
03-24 00:37:26.035  4163  5984 W PackageParser: No actions in intent filter at /system/app/SogouInput/SogouInput.apk Binary XML file line #334
03-24 00:37:26.038  4163  5984 W PackageParser: No actions in intent filter at /system/app/SogouInput/SogouInput.apk Binary XML file line #639
03-24 00:37:26.039  4163  5984 W PackageParser: No actions in intent filter at /system/app/SogouInput/SogouInput.apk Binary XML file line #717
03-24 00:37:26.098  3736  4291 W art     : Long monitor contention event with owner method=void com.android.server.am.ActivityManagerService.publishService(android.os.IBinder, android.content.Intent, android.os.IBinder) from ActivityManagerService.java:16077 waiters=0 for 143ms
03-24 00:37:26.099  3736  3833 W art     : Long monitor contention event with owner method=void com.android.server.am.ActivityManagerService.publishService(android.os.IBinder, android.content.Intent, android.os.IBinder) from ActivityManagerService.java:16077 waiters=1 for 144ms
03-24 00:37:26.216  6096  6131 W MiuiVoip: yysdk-linkd, cannot connect without cookie.
03-24 00:37:26.266  3991  3991 W ContextImpl: Calling a method in the system process without a qualified user: android.app.ContextImpl.startService:1221 android.content.ContextWrapper.startService:581 android.content.ContextWrapper.startService:581 com.android.settings.MiuiSettingsReceiver.onReceive:166 android.app.ActivityThread.handleReceiver:2725 
03-24 00:37:26.289  4163  5984 W PackageParser: Ignoring duplicate uses-permissions/uses-permissions-sdk-m: android.permission.MODIFY_AUDIO_SETTINGS in package: com.miui.voiceassist at: Binary XML file line #23
03-24 00:37:26.334  6149  6149 W System  : ClassLoader referenced unknown path: /system/app/HTMLViewer/lib/arm64
03-24 00:37:26.535  3991  3991 W ContextImpl: Calling a method in the system process without a qualified user: android.app.ContextImpl.startService:1221 android.content.ContextWrapper.startService:581 android.content.ContextWrapper.startService:581 com.android.settings.MiuiSettingsReceiver.onReceive:166 android.app.ActivityThread.handleReceiver:2725 
03-24 00:37:26.549  3991  3991 W ContextImpl: Calling a method in the system process without a qualified user: android.app.ContextImpl.startService:1221 android.content.ContextWrapper.startService:581 android.content.ContextWrapper.startService:581 com.android.settings.MiuiSettingsReceiver.onReceive:166 android.app.ActivityThread.handleReceiver:2725 
03-24 00:37:26.565  3991  3991 W ContextImpl: Calling a method in the system process without a qualified user: android.app.ContextImpl.startService:1221 android.content.ContextWrapper.startService:581 android.content.ContextWrapper.startService:581 com.android.settings.MiuiSettingsReceiver.onReceive:166 android.app.ActivityThread.handleReceiver:2725 
03-24 00:37:26.578  3991  3991 W ContextImpl: Calling a method in the system process without a qualified user: android.app.ContextImpl.startService:1221 android.content.ContextWrapper.startService:581 android.content.ContextWrapper.startService:581 com.android.settings.MiuiSettingsReceiver.onReceive:166 android.app.ActivityThread.handleReceiver:2725 
03-24 00:37:26.597  3991  3991 W ContextImpl: Calling a method in the system process without a qualified user: android.app.ContextImpl.startService:1221 android.content.ContextWrapper.startService:581 android.content.ContextWrapper.startService:581 com.android.settings.MiuiSettingsReceiver.onReceive:166 android.app.ActivityThread.handleReceiver:2725 
03-24 00:37:26.613  3991  3991 W ContextImpl: Calling a method in the system process without a qualified user: android.app.ContextImpl.startService:1221 android.content.ContextWrapper.startService:581 android.content.ContextWrapper.startService:581 com.android.settings.MiuiSettingsReceiver.onReceive:166 android.app.ActivityThread.handleReceiver:2725 
03-24 00:37:26.616  4127  4715 W ContextImpl: Calling a method in the system process without a qualified user: android.app.ContextImpl.sendBroadcast:763 android.content.ContextWrapper.sendBroadcast:396 com.miui.networkassistant.service.tm.TrafficManageService.broadCastDataUsageUpdated:-1 com.miui.networkassistant.service.tm.TrafficManageService$1.handleMessage:-1 android.os.Handler.dispatchMessage:98 
03-24 00:37:26.617  4127  4715 W ContextImpl: Calling a method in the system process without a qualified user: android.app.ContextImpl.sendBroadcast:763 android.content.ContextWrapper.sendBroadcast:396 com.miui.networkassistant.service.tm.TrafficManageService.broadCastDataUsageUpdated:-1 com.miui.networkassistant.service.tm.TrafficManageService$8.onReceive:-1 android.app.LoadedApk$ReceiverDispatcher$Args.run:881 
03-24 00:37:26.631  3991  3991 W ContextImpl: Calling a method in the system process without a qualified user: android.app.ContextImpl.startService:1221 android.content.ContextWrapper.startService:581 android.content.ContextWrapper.startService:581 com.android.settings.MiuiSettingsReceiver.onReceive:166 android.app.ActivityThread.handleReceiver:2725 
03-24 00:37:26.745  6175  6175 W System  : ClassLoader referenced unknown path: /system/app/SpacesPolicyApp/lib/arm64
03-24 00:37:27.128  4201  4201 W Settings: Setting device_provisioned has moved from android.provider.Settings.Secure to android.provider.Settings.Global.
03-24 00:37:28.509  4341  4341 E ActiveAndroid: the key does not exist
03-24 00:37:29.136  3736  4416 W ActivityManager: Unable to start service Intent { cmp=com.android.systemui/.keyguard.KeyguardService } U=0: not found
03-24 00:37:29.136  4341  4341 E ssm.Keyguard: Failed to bind to keyguard service
03-24 00:37:29.407  4341  4341 W System.err: java.lang.NoSuchMethodException: setAllowedNetwork [int, int, class android.content.Context]
03-24 00:37:29.407  4341  4341 W System.err: 	at java.lang.Class.getMethod(Class.java:624)
03-24 00:37:29.407  4341  4341 W System.err: 	at java.lang.Class.getMethod(Class.java:603)
03-24 00:37:29.407  4341  4341 W System.err: 	at com.securespaces.android.ssm.service.SpacesAPNManager.<init>(Unknown Source)
03-24 00:37:29.407  4341  4341 W System.err: 	at com.securespaces.android.ssm.service.SpacesManagerService.onCreate(Unknown Source)
03-24 00:37:29.407  4341  4341 W System.err: 	at android.app.ActivityThread.handleCreateService(ActivityThread.java:2877)
03-24 00:37:29.407  4341  4341 W System.err: 	at android.app.ActivityThread.-wrap4(ActivityThread.java)
03-24 00:37:29.407  4341  4341 W System.err: 	at android.app.ActivityThread$H.handleMessage(ActivityThread.java:1427)
03-24 00:37:29.408  4341  4341 W System.err: 	at android.os.Handler.dispatchMessage(Handler.java:102)
03-24 00:37:29.408  4341  4341 W System.err: 	at android.os.Looper.loop(Looper.java:148)
03-24 00:37:29.408  4341  4341 W System.err: 	at android.app.ActivityThread.main(ActivityThread.java:5417)
03-24 00:37:29.408  4341  4341 W System.err: 	at android.app.ActivityThreadHook.handleMain(ActivityThreadHook.java:27)
03-24 00:37:29.408  4341  4341 W System.err: 	at java.lang.reflect.Method.invoke(Native Method)
03-24 00:37:29.408  4341  4341 W System.err: 	at com.android.internal.os.ZygoteInit$MethodAndArgsCaller.run(ZygoteInit.java:726)
03-24 00:37:29.408  4341  4341 W System.err: 	at com.android.internal.os.ZygoteInit.main(ZygoteInit.java:616)
03-24 00:37:29.417  4341  4341 W SpacesManagerService: SpacesSharing was not found, this may be intentional.
03-24 00:37:29.439  4341  4341 W SpacesProvider: We have a null icon from UserManager for Space: 0 and hash: 8f855a73-a95a-424e-a1f3-aa93d430ded4
03-24 00:37:29.559  4341  4341 W SpacesManagerService: SpacesSharing was not found, this may be intentional.
03-24 00:37:29.775  4163  5984 W PackageParser: Service exported request ignored due to singleUser: com.xiaomi.finddevice.v2.FindDeviceStatusManagerService at /system/priv-app/FindDevice/FindDevice.apk Binary XML file line #137
03-24 00:37:29.776  4163  5984 W PackageParser: Service exported request ignored due to singleUser: com.xiaomi.finddevice.v2.FindDeviceAsyncControlService at /system/priv-app/FindDevice/FindDevice.apk Binary XML file line #141
03-24 00:37:29.776  4163  5984 W PackageParser: Provider exported request ignored due to singleUser: com.xiaomi.finddevice.v2.FindDeviceStatusManagerProvider at /system/priv-app/FindDevice/FindDevice.apk Binary XML file line #146
03-24 00:37:29.776  4163  5984 W PackageParser: Service exported request ignored due to singleUser: com.xiaomi.finddevice.v2.ui.FindDeviceKeyguardControlReceiver at /system/priv-app/FindDevice/FindDevice.apk Binary XML file line #161
03-24 00:37:29.777  4163  5984 W PackageParser: Service exported request ignored due to singleUser: com.xiaomi.finddevice.v2.ui.FindDeviceNotificationReceiver at /system/priv-app/FindDevice/FindDevice.apk Binary XML file line #177
03-24 00:37:29.893  4163  5984 W PackageParser: No actions in intent filter at /system/priv-app/MediaProvider/MediaProvider.apk Binary XML file line #93
03-24 00:37:30.054  4163  5984 W PackageParser: Ignoring duplicate uses-permissions/uses-permissions-sdk-m: android.permission.WRITE_SETTINGS in package: com.miui.mipub at: Binary XML file line #26
03-24 00:37:30.055  4163  5984 W PackageParser: Ignoring duplicate uses-permissions/uses-permissions-sdk-m: android.permission.GET_ACCOUNTS in package: com.miui.mipub at: Binary XML file line #31
03-24 00:37:30.057  4163  5984 W PackageParser: Ignoring duplicate uses-permissions/uses-permissions-sdk-m: android.permission.USE_CREDENTIALS in package: com.miui.mipub at: Binary XML file line #39
03-24 00:37:30.214  4341  4341 E      : Cached key file not found.
03-24 00:37:30.294  4163  5984 W PackageParser: Ignoring duplicate uses-permissions/uses-permissions-sdk-m: com.xiaomi.permission.SYNC_TAG_DATA in package: com.miui.gallery at: Binary XML file line #42
03-24 00:37:30.348  4163  5984 W PackageParser: Ignoring duplicate uses-permissions/uses-permissions-sdk-m: miui.permission.SHELL in package: com.miui.home at: Binary XML file line #116
03-24 00:37:30.348  4163  5984 W PackageParser: Ignoring duplicate uses-permissions/uses-permissions-sdk-m: com.xiaomi.gallery.permission.CLOUD in package: com.miui.home at: Binary XML file line #121
03-24 00:37:30.376  4341  4341 W ContextImpl: Calling a method in the system process without a qualified user: android.app.ContextImpl.startService:1221 android.content.ContextWrapper.startService:581 com.securespaces.android.ssm.service.SpacesManagerService.onBind:962 android.app.ActivityThread.handleBindService:2904 android.app.ActivityThread.-wrap2:-1 
03-24 00:37:30.406  6175  6175 W SpacesManager: unBind - can not unbind, already unbound.
03-24 00:37:30.425  4163  5984 W PackageParser: Unknown element under <manifest>: uses-library at /system/priv-app/MiuiKeyguard/MiuiKeyguard.apk Binary XML file line #47
03-24 00:37:30.440  4218  4544 W WtProcessController: do not trim { PackageName :com.xiaomi.account Pid: 5800 Uid: 10076 Start by: activity Score:90 Old score:90 state:0 mBackgroundTimeInMillis:1521823040303 WakelockCount:0 wakelogsize:0  ActivityDestroied:false Activity size: 1 PackageInfo:{WhetstonePackageInfo#PacakgeName:com.xiaomi.account uid:10076 uiMemoryThresold:0 nonUiMemoryThresold:0 Flag:-2147482368,0x80000500 [,SOFT_RESET,APP_SYSTEM] Type:0[] } tasknum:0}
03-24 00:37:30.498  4163  5984 W PackageParser: Ignoring duplicate uses-permissions/uses-permissions-sdk-m: miui.permission.USE_INTERNAL_GENERAL_API in package: com.android.systemui at: Binary XML file line #71
03-24 00:37:30.506  6175  6175 W ServiceDataAccess: goGetServiceDataColumn: Table is empty
03-24 00:37:30.556  6237  6237 W System  : ClassLoader referenced unknown path: /system/priv-app/MiGameCenterSDKService/lib/arm64
03-24 00:37:30.613  4341  4341 W ContextImpl: Calling a method in the system process without a qualified user: android.app.ContextImpl.startService:1221 android.content.ContextWrapper.startService:581 android.content.ContextWrapper.startService:581 com.securespaces.android.ssm.service.SpacesManagerReceiver.:49 com.securespaces.android.ssm.service.SpacesManagerReceiver.onReceive:41 
03-24 00:37:30.790  4163  5984 W PackageParser: Ignoring duplicate uses-permissions/uses-permissions-sdk-m: android.permission.GET_ACCOUNTS in package: com.android.mms at: Binary XML file line #59
03-24 00:37:30.792  4163  5984 W PackageParser: Ignoring duplicate uses-permissions/uses-permissions-sdk-m: android.permission.WAKE_LOCK in package: com.android.mms at: Binary XML file line #73
03-24 00:37:31.312  4163  5984 W PackageParser: Ignoring duplicate uses-permissions/uses-permissions-sdk-m: android.permission.WRITE_SECURE_SETTINGS in package: com.miui.securitycenter at: Binary XML file line #129
03-24 00:37:31.318  4163  5984 W PackageParser: No actions in intent filter at /system/priv-app/SecurityCenter/SecurityCenter.apk Binary XML file line #406
03-24 00:37:31.437  6237  6237 W System.err: android.content.pm.PackageManager$NameNotFoundException: com.xiaomi.channel
03-24 00:37:31.437  6237  6237 W System.err: 	at android.app.ApplicationPackageManager.getPackageInfo(ApplicationPackageManager.java:137)
03-24 00:37:31.437  6237  6237 W System.err: 	at com.xiaomi.channel.sdk.VersionManager.isMiliaoInstalled(VersionManager.java:106)
03-24 00:37:31.437  6237  6237 W System.err: 	at com.xiaomi.channel.gamesdk.GameServiceClient.init(GameServiceClient.java:233)
03-24 00:37:31.438  6237  6237 W System.err: 	at com.xiaomi.gamecenter.sdk.MiGameSDKApplication.onCreate(MiGameSDKApplication.java:119)
03-24 00:37:31.438  6237  6237 W System.err: 	at android.app.Instrumentation.callApplicationOnCreate(Instrumentation.java:1013)
03-24 00:37:31.438  6237  6237 W System.err: 	at android.app.ActivityThread.handleBindApplication(ActivityThread.java:4707)
03-24 00:37:31.438  6237  6237 W System.err: 	at android.app.ActivityThreadHook.handleHandleBindApplication(ActivityThreadHook.java:47)
03-24 00:37:31.438  6237  6237 W System.err: 	at android.app.ActivityThread.-wrap1(ActivityThread.java)
03-24 00:37:31.438  6237  6237 W System.err: 	at android.app.ActivityThread$H.handleMessage(ActivityThread.java:1405)
03-24 00:37:31.438  6237  6237 W System.err: 	at android.os.Handler.dispatchMessage(Handler.java:102)
03-24 00:37:31.438  6237  6237 W System.err: 	at android.os.Looper.loop(Looper.java:148)
03-24 00:37:31.438  6237  6237 W System.err: 	at android.app.ActivityThread.main(ActivityThread.java:5417)
03-24 00:37:31.438  6237  6237 W System.err: 	at android.app.ActivityThreadHook.handleMain(ActivityThreadHook.java:27)
03-24 00:37:31.438  6237  6237 W System.err: 	at java.lang.reflect.Method.invoke(Native Method)
03-24 00:37:31.438  6237  6237 W System.err: 	at com.android.internal.os.ZygoteInit$MethodAndArgsCaller.run(ZygoteInit.java:726)
03-24 00:37:31.438  6237  6237 W System.err: 	at com.android.internal.os.ZygoteInit.main(ZygoteInit.java:616)
03-24 00:37:31.840  4163  5984 W PackageParser: Ignoring duplicate uses-permissions/uses-permissions-sdk-m: android.permission.USE_CREDENTIALS in package: com.android.settings at: Binary XML file line #77
03-24 00:37:31.842  4163  5984 W PackageParser: Ignoring duplicate uses-permissions/uses-permissions-sdk-m: android.permission.READ_SYNC_SETTINGS in package: com.android.settings at: Binary XML file line #82
03-24 00:37:31.842  4163  5984 W PackageParser: Ignoring duplicate uses-permissions/uses-permissions-sdk-m: android.permission.WRITE_SYNC_SETTINGS in package: com.android.settings at: Binary XML file line #83
03-24 00:37:31.845  4163  5984 W PackageParser: Ignoring duplicate uses-permissions/uses-permissions-sdk-m: android.permission.RECEIVE_BOOT_COMPLETED in package: com.android.settings at: Binary XML file line #117
03-24 00:37:31.845  4163  5984 W PackageParser: Ignoring duplicate uses-permissions/uses-permissions-sdk-m: android.permission.MODIFY_AUDIO_SETTINGS in package: com.android.settings at: Binary XML file line #122
03-24 00:37:31.949  6252  6252 E ActiveAndroid: the key does not exist
03-24 00:37:31.985  4163  5984 W PackageParser: Provider exported request ignored due to singleUser: com.android.providers.settings.SettingsProvider at /system/priv-app/SettingsProvider/SettingsProvider.apk Binary XML file line #15
03-24 00:37:31.999  4163  5984 W PackageParser: Ignoring duplicate uses-permissions/uses-permissions-sdk-m: android.permission.INSTALL_GRANT_RUNTIME_PERMISSIONS in package: com.android.shell at: Binary XML file line #101
03-24 00:37:32.004  6293  6293 W System  : ClassLoader referenced unknown path: /system/app/MiLivetalk/lib/arm64
03-24 00:37:32.123  4163  5984 W PackageParser: Ignoring duplicate uses-permissions/uses-permissions-sdk-m: android.permission.ACCESS_NETWORK_STATE in package: com.securespaces.android.ssm.service at: Binary XML file line #40
03-24 00:37:32.123  4163  5984 W PackageParser: Ignoring duplicate uses-permissions/uses-permissions-sdk-m: android.permission.CONNECTIVITY_INTERNAL in package: com.securespaces.android.ssm.service at: Binary XML file line #42
03-24 00:37:32.123  4163  5984 W PackageParser: Ignoring duplicate uses-permissions/uses-permissions-sdk-m: android.permission.WRITE_EXTERNAL_STORAGE in package: com.securespaces.android.ssm.service at: Binary XML file line #52
03-24 00:37:32.124  4163  5984 W PackageParser: Service exported request ignored due to singleUser: com.securespaces.android.ssm.service.SpacesManagerService at /system/priv-app/SpacesManagerService/SpacesManagerService.apk Binary XML file line #104
03-24 00:37:32.126  4163  5984 W PackageParser: Provider exported request ignored due to singleUser: com.securespaces.android.ssm.service.SpacesProvider at /system/priv-app/SpacesManagerService/SpacesManagerService.apk Binary XML file line #140
03-24 00:37:32.226  4163  5984 W PackageParser: Provider exported request ignored due to singleUser: com.android.phone.IccProvider at /system/priv-app/TeleService/TeleService.apk Binary XML file line #145
03-24 00:37:32.240  6293  6307 W AccountUtils: getXiaomiAccount account is null
03-24 00:37:32.240  6293  6307 W AccountHandler: acquireAuthToken failed: account is null.
03-24 00:37:32.243  6293  6306 W AccountUtils: getXiaomiAccount account is null
03-24 00:37:32.244  6293  6306 W PushManager: setUserAccount account is null.
03-24 00:37:32.279  4163  5984 W PackageParser: Provider exported request ignored due to singleUser: com.android.providers.telephony.TelephonyProvider at /system/priv-app/TelephonyProvider/TelephonyProvider.apk Binary XML file line #46
03-24 00:37:32.279  4163  5984 W PackageParser: Provider exported request ignored due to singleUser: com.android.providers.telephony.SmsProvider at /system/priv-app/TelephonyProvider/TelephonyProvider.apk Binary XML file line #55
03-24 00:37:32.279  4163  5984 W PackageParser: Provider exported request ignored due to singleUser: com.android.providers.telephony.MmsProvider at /system/priv-app/TelephonyProvider/TelephonyProvider.apk Binary XML file line #70
03-24 00:37:32.280  4163  5984 W PackageParser: Provider exported request ignored due to singleUser: com.android.providers.telephony.MmsSmsProvider at /system/priv-app/TelephonyProvider/TelephonyProvider.apk Binary XML file line #90
03-24 00:37:32.281  4163  5984 W PackageParser: Provider exported request ignored due to singleUser: com.android.providers.telephony.HbpcdLookupProvider at /system/priv-app/TelephonyProvider/TelephonyProvider.apk Binary XML file line #117
03-24 00:37:32.282  4163  5984 W PackageParser: Service exported request ignored due to singleUser: com.android.providers.telephony.MakeMmsPreviewService at /system/priv-app/TelephonyProvider/TelephonyProvider.apk Binary XML file line #137
03-24 00:37:32.372  3736  3749 W art     : Long monitor contention event with owner method=void com.android.server.am.BroadcastQueue.processNextBroadcast(boolean) from BroadcastQueue.java:645 waiters=1 for 112ms
03-24 00:37:32.455  6252  6252 W ContextImpl: Calling a method in the system process without a qualified user: android.app.ContextImpl.startService:1221 android.content.ContextWrapper.startService:581 android.content.ContextWrapper.startService:581 com.securespaces.android.sscm.service.SscmServiceReceiver.onSpaceStart:57 com.securespaces.android.sscm.service.SscmServiceReceiver.onReceive:40 
03-24 00:37:32.485  4163  5984 W ResourceType: Found multiple library tables, ignoring...
03-24 00:37:32.504  4163  5984 W ResourceType: Found multiple library tables, ignoring...
03-24 00:37:32.623  6313  6313 W System  : ClassLoader referenced unknown path: /system/app/Mipay/lib/arm64
03-24 00:37:33.189  6338  6338 W System  : ClassLoader referenced unknown path: /system/app/MiuiSuperMarket/lib/arm64
03-24 00:37:33.565  4163  5984 W PackageParser: Ignoring duplicate uses-permissions/uses-permissions-sdk-m: android.permission.CHANGE_NETWORK_STATE in package: com.xiaomi.smarthome at: Binary XML file line #45
03-24 00:37:33.567  4163  5984 W PackageParser: Ignoring duplicate uses-permissions/uses-permissions-sdk-m: android.permission.GET_ACCOUNTS in package: com.xiaomi.smarthome at: Binary XML file line #82
03-24 00:37:33.787  6338  6356 W MarketDatabaseHelper: create database.
03-24 00:37:33.802  3736  4023 W art     : Long monitor contention event with owner method=void com.android.server.am.BroadcastQueue.processNextBroadcast(boolean) from BroadcastQueue.java:645 waiters=0 for 101ms
03-24 00:37:33.803  3736  3833 W art     : Long monitor contention event with owner method=void com.android.server.am.BroadcastQueue.processNextBroadcast(boolean) from BroadcastQueue.java:645 waiters=1 for 102ms
03-24 00:37:34.564  6391  6406 E ApplicationDelegate: ReflectUtil.callStaticObjectMethod exception
03-24 00:37:34.564  6391  6406 E ApplicationDelegate: java.lang.IllegalArgumentException: method miui.util.NotificationFilterHelper.enableStatusIcon argument 1 has type android.content.Context, got com.miui.optimizecenter.ApplicationDelegate$1
03-24 00:37:34.564  6391  6406 E ApplicationDelegate: 	at java.lang.reflect.Method.invoke(Native Method)
03-24 00:37:34.564  6391  6406 E ApplicationDelegate: 	at com.miui.optimizecenter.util.ReflectUtil.callStaticObjectMethod(ReflectUtil.java:81)
03-24 00:37:34.564  6391  6406 E ApplicationDelegate: 	at com.miui.optimizecenter.ApplicationDelegate$1.run(ApplicationDelegate.java:87)
03-24 00:37:34.596  6391  6391 W ContextImpl: Calling a method in the system process without a qualified user: android.app.ContextImpl.startService:1221 android.content.ContextWrapper.startService:581 miui.core.SdkManager$1.run:189 android.os.Handler.handleCallback:739 android.os.Handler.dispatchMessage:95 
03-24 00:37:34.712  6410  6410 W System  : ClassLoader referenced unknown path: /system/priv-app/Mipub/lib/arm64
03-24 00:37:34.852  6410  6424 W MipubLog_MipubMsgProvider: [2018-03-24 00:37:34.851] MipubMsgProvider Start querying with :content://com.miui.mipub.MipubMsgProvider/
03-24 00:37:34.860  6410  6425 W MipubLog_MipubMsgProvider: [2018-03-24 00:37:34.860] MipubMsgProvider Start querying with :content://com.miui.mipub.MipubMsgProvider/conversations
03-24 00:37:34.882  6410  6426 W MipubLog_MipubMsgProvider: [2018-03-24 00:37:34.876] MipubMsgProvider Start querying with :content://com.miui.mipub.MipubMsgProvider/conversations
03-24 00:37:34.933  6410  6410 W MipubLog_MipubFollowProvider: [2018-03-24 00:37:34.933] MipubFollowProvider Start querying with :content://com.miui.mipub.MipubFollowProvider/follow
03-24 00:37:34.952  6410  6432 W MipubLog_MipubMsgProvider: [2018-03-24 00:37:34.951] MipubMsgProvider Start querying with :content://com.miui.mipub.MipubMsgProvider/stat
03-24 00:37:35.093  6410  6431 E MipubLog_CacheUriBase: [2018-03-24 00:37:35.092] Failed to execute the http request.android.accounts.AuthenticatorException: can not get account
03-24 00:37:35.093  6410  6431 E MipubLog_CacheUriBase: 	at com.miui.mipub.request.a.b(Unknown Source)
03-24 00:37:35.093  6410  6431 E MipubLog_CacheUriBase: 	at com.miui.mipub.request.a.d(Unknown Source)
03-24 00:37:35.093  6410  6431 E MipubLog_CacheUriBase: 	at com.miui.mipub.providers.base.a.a(Unknown Source)
03-24 00:37:35.093  6410  6431 E MipubLog_CacheUriBase: 	at com.miui.mipub.providers.base.a.b(Unknown Source)
03-24 00:37:35.093  6410  6431 E MipubLog_CacheUriBase: 	at com.miui.mipub.providers.mipub.h.c(Unknown Source)
03-24 00:37:35.093  6410  6431 E MipubLog_CacheUriBase: 	at com.miui.mipub.providers.base.b.a(Unknown Source)
03-24 00:37:35.093  6410  6431 E MipubLog_CacheUriBase: 	at com.miui.mipub.providers.base.b.doInBackground(Unknown Source)
03-24 00:37:35.093  6410  6431 E MipubLog_CacheUriBase: 	at android.os.AsyncTask$2.call(AsyncTask.java:295)
03-24 00:37:35.093  6410  6431 E MipubLog_CacheUriBase: 	at java.util.concurrent.FutureTask.run(FutureTask.java:237)
03-24 00:37:35.093  6410  6431 E MipubLog_CacheUriBase: 	at android.os.AsyncTask$SerialExecutor$1.run(AsyncTask.java:234)
03-24 00:37:35.093  6410  6431 E MipubLog_CacheUriBase: 	at java.util.concurrent.ThreadPoolExecutor.runWorker(ThreadPoolExecutor.java:1113)
03-24 00:37:35.093  6410  6431 E MipubLog_CacheUriBase: 	at java.util.concurrent.ThreadPoolExecutor$Worker.run(ThreadPoolExecutor.java:588)
03-24 00:37:35.093  6410  6431 E MipubLog_CacheUriBase: 	at java.lang.Thread.run(Thread.java:818)
03-24 00:37:35.095  6410  6431 W MipubLog_MipubMsgProvider: [2018-03-24 00:37:35.095] MipubMsgProvider Start querying with :content://com.miui.mipub.MipubMsgProvider/stat
03-24 00:37:35.097  4241  4241 W ContextImpl: Calling a method in the system process without a qualified user: android.app.ContextImpl.startService:1221 android.content.ContextWrapper.startService:581 android.content.ContextWrapper.startService:581 com.miui.mdb.DataUpdateReceiver.aA:-1 com.miui.mdb.DataUpdateReceiver.onReceive:-1 
03-24 00:37:35.108  6410  6431 W MipubLog_MipubMsgProvider: [2018-03-24 00:37:35.108] MipubMsgProvider Start inserting  with : content://com.miui.mipub.MipubMsgProvider/stat
03-24 00:37:35.117  4241  4241 W ContextImpl: Calling a method in the system process without a qualified user: android.app.ContextImpl.startService:1221 android.content.ContextWrapper.startService:581 android.content.ContextWrapper.startService:581 com.miui.safepay.util.w.cF:-1 com.miui.mdb.DataUpdateReceiver.onReceive:-1 
03-24 00:37:35.161  4241  4241 W ContextImpl: Calling a method in the system process without a qualified user: android.app.ContextImpl.bindService:1285 android.content.ContextWrapper.bindService:604 com.miui.guardprovider.a.fn:-1 com.miui.guardprovider.a.a:-1 com.miui.guardprovider.a.b:-1 
03-24 00:37:35.187  4538  4538 W ContextImpl: Calling a method in the system process without a qualified user: android.app.ContextImpl.startService:1221 android.content.ContextWrapper.startService:581 android.content.ContextWrapper.startService:581 com.miui.antispam.receiver.NetReceiver.doTimingUpdate:23 com.miui.antispam.receiver.NetReceiver.onReceive:16 
03-24 00:37:35.291  6443  6443 W System  : ClassLoader referenced unknown path: /system/app/BugReport/lib/arm64
03-24 00:37:35.429  6443  6443 W ResourceHelper: Fail to load meta data
03-24 00:37:35.466  6443  6443 W Settings: Setting airplane_mode_on has moved from android.provider.Settings.System to android.provider.Settings.Global, returning read-only value.
03-24 00:37:35.475  6443  6443 W ActivityThread: ClassLoader.loadClass: The class loader returned by Thread.getContextClassLoader() may fail for processes that host multiple applications. You should explicitly specify a context class loader. For example: Thread.setContextClassLoader(getClass().getClassLoader());
03-24 00:37:35.536  6443  6443 W ContextImpl: Calling a method in the system process without a qualified user: android.app.ContextImpl.startService:1221 android.content.ContextWrapper.startService:581 miui.core.SdkManager$1.run:189 android.os.Handler.handleCallback:739 android.os.Handler.dispatchMessage:95 
03-24 00:37:35.755  6490  6490 W System  : ClassLoader referenced unknown path: /system/app/GameCenter/lib/arm64
03-24 00:37:35.772  4433  4515 W PackageParser: Unknown element under <service>: permission at /data/user/0/com.miui.analytics/files/shared/modules/Analytics.apk.tmp Binary XML file line #124
03-24 00:37:35.819  4433  4515 E Analytics-Core-UpdateManager: verify signature failed
03-24 00:37:35.934  5800  5800 W ProgressBarDelegate: Unknown Drawable subclass, src=android.graphics.drawable.AnimatedRotateDrawable@19beb28
03-24 00:37:35.972  6490  6490 E MnsTracer(MiLinkSDK)(games): main=>File Trace Level Changed = 63
03-24 00:37:35.973  6490  6490 E MnsTracer(MiLinkSDK)(games): main=>Logcat Trace Level Changed = 63
03-24 00:37:35.973  6490  6490 E MiLinkServiceBinder(MiLinkSDK)(games): main=>Client Protection Saved : 20001;85010102;8.5.01.102;DEBUG;games;com.xiaomi.gamecenter;zh_CN;;
03-24 00:37:36.018  5800  5800 W ProgressBarDelegate: Unknown Drawable subclass, src=android.graphics.drawable.AnimatedRotateDrawable@19beb28
03-24 00:37:36.034  3736  4291 W InputMethodManagerService: Window already focused, ignoring focus gain of: com.android.internal.view.IInputMethodClient$Stub$Proxy@6e51300 attribute=null, token = android.os.BinderProxy@39911a0
03-24 00:37:36.038  5800  5800 W ProgressBarDelegate: Unknown Drawable subclass, src=android.graphics.drawable.AnimatedRotateDrawable@299f6e2
03-24 00:37:36.072  6490  6506 W         : 
03-24 00:37:36.072  6490  6506 W         : com.xiaomi.gamecenter.util.CTANetworkException: Cannot use network if user never use gamecenter
03-24 00:37:36.072  6490  6506 W         : 	at com.xiaomi.gamecenter.protocol.Protocol_Base.request(Protocol_Base.java:141)
03-24 00:37:36.072  6490  6506 W         : 	at com.xiaomi.gamecenter.protocol.Protocol_Base.execute(Protocol_Base.java:78)
03-24 00:37:36.072  6490  6506 W         : 	at com.xiaomi.gamecenter.protocol.Protocol_Base.execute(Protocol_Base.java:72)
03-24 00:37:36.072  6490  6506 W         : 	at com.xiaomi.gamecenter.protocol.ProtocolFactory.protocol_regist(ProtocolFactory.java:58)
03-24 00:37:36.072  6490  6506 W         : 	at com.xiaomi.gamecenter.account.GameCenterAccount$1.run(GameCenterAccount.java:110)
03-24 00:37:36.072  6490  6506 W         : 	at android.os.Handler.handleCallback(Handler.java:739)
03-24 00:37:36.072  6490  6506 W         : 	at android.os.Handler.dispatchMessage(Handler.java:95)
03-24 00:37:36.072  6490  6506 W         : 	at android.os.Looper.loop(Looper.java:148)
03-24 00:37:36.072  6490  6506 W         : 	at android.os.HandlerThread.run(HandlerThread.java:61)
03-24 00:37:36.091  5800  5800 W ProgressBarDelegate: Unknown Drawable subclass, src=android.graphics.drawable.AnimatedRotateDrawable@299f6e2
03-24 00:37:36.119  5800  6511 E FeatureParser: both assets/device_features/ and /system/etc/device_features don't exist hi6210sft.xml
03-24 00:37:36.198  6512  6512 W System  : ClassLoader referenced unknown path: /system/app/MiDrive/lib/arm64
03-24 00:37:36.203  6490  6525 W         : 
03-24 00:37:36.203  6490  6525 W         : com.xiaomi.gamecenter.util.CTANetworkException: Cannot use network if user never use gamecenter
03-24 00:37:36.203  6490  6525 W         : 	at com.xiaomi.gamecenter.protocol.Protocol_Base.request(Protocol_Base.java:141)
03-24 00:37:36.203  6490  6525 W         : 	at com.xiaomi.gamecenter.protocol.Protocol_Base.execute(Protocol_Base.java:78)
03-24 00:37:36.203  6490  6525 W         : 	at com.xiaomi.gamecenter.protocol.Protocol_Base.execute(Protocol_Base.java:72)
03-24 00:37:36.203  6490  6525 W         : 	at com.xiaomi.gamecenter.protocol.ProtocolFactory.protocol_Upgrade(ProtocolFactory.java:45)
03-24 00:37:36.203  6490  6525 W         : 	at com.xiaomi.gamecenter.service.ConnectChangeCheckUpgrade.run(ConnectChangeCheckUpgrade.java:59)
03-24 00:37:36.203  6490  6525 W         : 	at com.xiaomi.gamecenter.service.GlobalService.action_filter(GlobalService.java:214)
03-24 00:37:36.203  6490  6525 W         : 	at com.xiaomi.gamecenter.service.GlobalService.onHandleIntent(GlobalService.java:138)
03-24 00:37:36.203  6490  6525 W         : 	at com.xiaomi.gamecenter.service.GameCenterIntentService$ServiceHandler.handleMessage(GameCenterIntentService.java:31)
03-24 00:37:36.203  6490  6525 W         : 	at android.os.Handler.dispatchMessage(Handler.java:102)
03-24 00:37:36.203  6490  6525 W         : 	at android.os.Looper.loop(Looper.java:148)
03-24 00:37:36.203  6490  6525 W         : 	at android.os.HandlerThread.run(HandlerThread.java:61)
03-24 00:37:36.663  4791  4791 W CloudUpdateReceiver: isCtaAllowed: false
03-24 00:37:36.689  6252  6252 W ContextImpl: Calling a method in the system process without a qualified user: android.app.ContextImpl.startService:1221 android.content.ContextWrapper.startService:581 android.content.ContextWrapper.startService:581 com.securespaces.android.sscm.service.SscmServiceReceiver.onConnectivityChange:79 com.securespaces.android.sscm.service.SscmServiceReceiver.onReceive:44 
03-24 00:37:37.044  6562  6562 W System  : ClassLoader referenced unknown path: /system/app/Updater/lib/arm64
03-24 00:37:37.078  3736  4418 W InputMethodManagerService: Window already focused, ignoring focus gain of: com.android.internal.view.IInputMethodClient$Stub$Proxy@c5316ad attribute=null, token = android.os.BinderProxy@39911a0
03-24 00:37:37.219  6562  6562 W ContextImpl: Calling a method in the system process without a qualified user: android.app.ContextImpl.startService:1221 android.content.ContextWrapper.startService:581 android.content.ContextWrapper.startService:581 com.android.updater.DailyCheckReceiver.onReceive:-1 android.app.ActivityThread.handleReceiver:2725 
03-24 00:37:37.224  6562  6562 W ContextImpl: Calling a method in the system process without a qualified user: android.app.ContextImpl.startService:1221 android.content.ContextWrapper.startService:581 android.content.ContextWrapper.startService:581 com.android.updater.DailyCheckReceiver.onReceive:-1 android.app.ActivityThread.handleReceiver:2725 
03-24 00:37:37.263  6562  6562 W ContextImpl: Calling a method in the system process without a qualified user: android.app.ContextImpl.startService:1221 android.content.ContextWrapper.startService:581 android.content.ContextWrapper.startService:581 com.android.updater.DailyCheckReceiver.d:-1 com.android.updater.DailyCheckReceiver.onReceive:-1 
03-24 00:37:37.265  6562  6562 W ContextImpl: Calling a method in the system process without a qualified user: android.app.ContextImpl.startService:1221 android.content.ContextWrapper.startService:581 miui.core.SdkManager$1.run:189 android.os.Handler.handleCallback:739 android.os.Handler.dispatchMessage:95 
03-24 00:37:37.288  6562  6562 E FeatureParser: both assets/device_features/ and /system/etc/device_features don't exist hi6210sft.xml
03-24 00:37:37.383  4170  6606 W PushService: 2018-03-24 00:37:37,382 - [WARN::PushService] - [Thread:71] JOB: prepare the mi push account.
03-24 00:37:37.385  4170  6606 W PushService: 2018-03-24 00:37:37,384 - [WARN::PushService] - [Thread:71] should not reconnect as no client or network.
03-24 00:37:37.393  4170  4170 W PushService: 2018-03-24 00:37:37,392 - [WARN::PushService] - [Thread:1] XMPushService created pid = 4170
03-24 00:37:37.422  4170  4170 W PushService: 2018-03-24 00:37:37,414 - [WARN::PushService] - [Thread:1] onStart() with intent.Action = com.xiaomi.push.network_status_changed, chid = null
