03-24 00:36:56.192  3736  3833 E WindowManager: Unknown window type: 2736
03-24 00:36:56.192  3736  3833 E WindowManager: Unknown window type: 2737
03-24 00:36:56.192  3736  3833 E WindowManager: Unknown window type: 2738
03-24 00:36:56.192  3736  3833 E WindowManager: Unknown window type: 2739
03-24 00:36:56.192  3736  3833 E WindowManager: Unknown window type: 2740
03-24 00:36:56.192  3736  3833 E WindowManager: Unknown window type: 2741
03-24 00:36:56.192  3736  3833 E WindowManager: Unknown window type: 2742
03-24 00:36:56.192  3736  3833 E WindowManager: Unknown window type: 2743
03-24 00:36:56.192  3736  3833 E WindowManager: Unknown window type: 2744
03-24 00:36:56.192  3736  3833 E WindowManager: Unknown window type: 2745
03-24 00:36:56.192  3736  3833 E WindowManager: Unknown window type: 2746
03-24 00:36:56.192  3736  3833 E WindowManager: Unknown window type: 2747
03-24 00:36:56.192  3736  3833 E WindowManager: Unknown window type: 2748
03-24 00:36:56.192  3736  3833 E WindowManager: Unknown window type: 2749
03-24 00:36:56.192  3736  3833 E WindowManager: Unknown window type: 2750
03-24 00:36:56.192  3736  3833 E WindowManager: Unknown window type: 2751
03-24 00:36:56.192  3736  3833 E WindowManager: Unknown window type: 2752
03-24 00:36:56.192  3736  3833 E WindowManager: Unknown window type: 2753
03-24 00:36:56.192  3736  3833 E WindowManager: Unknown window type: 2754
03-24 00:36:56.192  3736  3833 E WindowManager: Unknown window type: 2755
03-24 00:36:56.192  3736  3833 E WindowManager: Unknown window type: 2756
03-24 00:36:56.192  3736  3833 E WindowManager: Unknown window type: 2757
03-24 00:36:56.192  3736  3833 E WindowManager: Unknown window type: 2758
03-24 00:36:56.192  3736  3833 E WindowManager: Unknown window type: 2759
03-24 00:36:56.192  3736  3833 E WindowManager: Unknown window type: 2760
03-24 00:36:56.192  3736  3833 E WindowManager: Unknown window type: 2761
03-24 00:36:56.192  3736  3833 E WindowManager: Unknown window type: 2762
03-24 00:36:56.192  3736  3833 E WindowManager: Unknown window type: 2763
03-24 00:36:56.192  3736  3833 E WindowManager: Unknown window type: 2764
03-24 00:36:56.192  3736  3833 E WindowManager: Unknown window type: 2765
03-24 00:36:56.192  3736  3833 E WindowManager: Unknown window type: 2766
03-24 00:36:56.192  3736  3833 E WindowManager: Unknown window type: 2767
03-24 00:36:56.193  3736  3833 E WindowManager: Unknown window type: 2768
03-24 00:36:56.193  3736  3833 E WindowManager: Unknown window type: 2769
03-24 00:36:56.193  3736  3833 E WindowManager: Unknown window type: 2770
03-24 00:36:56.193  3736  3833 E WindowManager: Unknown window type: 2771
03-24 00:36:56.193  3736  3833 E WindowManager: Unknown window type: 2772
03-24 00:36:56.193  3736  3833 E WindowManager: Unknown window type: 2773
03-24 00:36:56.193  3736  3833 E WindowManager: Unknown window type: 2774
03-24 00:36:56.193  3736  3833 E WindowManager: Unknown window type: 2775
03-24 00:36:56.193  3736  3833 E WindowManager: Unknown window type: 2776
03-24 00:36:56.193  3736  3833 E WindowManager: Unknown window type: 2777
03-24 00:36:56.193  3736  3833 E WindowManager: Unknown window type: 2778
03-24 00:36:56.193  3736  3833 E WindowManager: Unknown window type: 2779
03-24 00:36:56.193  3736  3833 E WindowManager: Unknown window type: 2780
03-24 00:36:56.193  3736  3833 E WindowManager: Unknown window type: 2781
03-24 00:36:56.193  3736  3833 E WindowManager: Unknown window type: 2782
03-24 00:36:56.193  3736  3833 E WindowManager: Unknown window type: 2783
03-24 00:36:56.193  3736  3833 E WindowManager: Unknown window type: 2784
03-24 00:36:56.193  3736  3833 E WindowManager: Unknown window type: 2785
03-24 00:36:56.193  3736  3833 E WindowManager: Unknown window type: 2786
03-24 00:36:56.193  3736  3833 E WindowManager: Unknown window type: 2787
03-24 00:36:56.193  3736  3833 E WindowManager: Unknown window type: 2788
03-24 00:36:56.193  3736  3833 E WindowManager: Unknown window type: 2789
03-24 00:36:56.193  3736  3833 E WindowManager: Unknown window type: 2790
03-24 00:36:56.193  3736  3833 E WindowManager: Unknown window type: 2791
03-24 00:36:56.193  3736  3833 E WindowManager: Unknown window type: 2792
03-24 00:36:56.193  3736  3833 E WindowManager: Unknown window type: 2793
03-24 00:36:56.193  3736  3833 E WindowManager: Unknown window type: 2794
03-24 00:36:56.193  3736  3833 E WindowManager: Unknown window type: 2795
03-24 00:36:56.193  3736  3833 E WindowManager: Unknown window type: 2796
03-24 00:36:56.193  3736  3833 E WindowManager: Unknown window type: 2797
03-24 00:36:56.193  3736  3833 E WindowManager: Unknown window type: 2798
03-24 00:36:56.193  3736  3833 E WindowManager: Unknown window type: 2799
03-24 00:36:56.193  3736  3833 E WindowManager: Unknown window type: 2800
03-24 00:36:56.193  3736  3833 E WindowManager: Unknown window type: 2801
03-24 00:36:56.193  3736  3833 E WindowManager: Unknown window type: 2802
03-24 00:36:56.193  3736  3833 E WindowManager: Unknown window type: 2803
03-24 00:36:56.193  3736  3833 E WindowManager: Unknown window type: 2804
03-24 00:36:56.193  3736  3833 E WindowManager: Unknown window type: 2805
03-24 00:36:56.193  3736  3833 E WindowManager: Unknown window type: 2806
03-24 00:36:56.193  3736  3833 E WindowManager: Unknown window type: 2807
03-24 00:36:56.193  3736  3833 E WindowManager: Unknown window type: 2808
03-24 00:36:56.193  3736  3833 E WindowManager: Unknown window type: 2809
03-24 00:36:56.193  3736  3833 E WindowManager: Unknown window type: 2810
03-24 00:36:56.193  3736  3833 E WindowManager: Unknown window type: 2811
03-24 00:36:56.193  3736  3833 E WindowManager: Unknown window type: 2812
03-24 00:36:56.193  3736  3833 E WindowManager: Unknown window type: 2813
03-24 00:36:56.193  3736  3833 E WindowManager: Unknown window type: 2814
03-24 00:36:56.193  3736  3833 E WindowManager: Unknown window type: 2815
03-24 00:36:56.193  3736  3833 E WindowManager: Unknown window type: 2816
03-24 00:36:56.194  3736  3833 E WindowManager: Unknown window type: 2817
03-24 00:36:56.194  3736  3833 E WindowManager: Unknown window type: 2818
03-24 00:36:56.194  3736  3833 E WindowManager: Unknown window type: 2819
03-24 00:36:56.194  3736  3833 E WindowManager: Unknown window type: 2820
03-24 00:36:56.194  3736  3833 E WindowManager: Unknown window type: 2821
03-24 00:36:56.194  3736  3833 E WindowManager: Unknown window type: 2822
03-24 00:36:56.194  3736  3833 E WindowManager: Unknown window type: 2823
03-24 00:36:56.194  3736  3833 E WindowManager: Unknown window type: 2824
03-24 00:36:56.194  3736  3833 E WindowManager: Unknown window type: 2825
03-24 00:36:56.194  3736  3833 E WindowManager: Unknown window type: 2826
03-24 00:36:56.194  3736  3833 E WindowManager: Unknown window type: 2827
03-24 00:36:56.194  3736  3833 E WindowManager: Unknown window type: 2828
03-24 00:36:56.194  3736  3833 E WindowManager: Unknown window type: 2829
03-24 00:36:56.194  3736  3833 E WindowManager: Unknown window type: 2830
03-24 00:36:56.194  3736  3833 E WindowManager: Unknown window type: 2831
03-24 00:36:56.194  3736  3833 E WindowManager: Unknown window type: 2832
03-24 00:36:56.194  3736  3833 E WindowManager: Unknown window type: 2833
03-24 00:36:56.194  3736  3833 E WindowManager: Unknown window type: 2834
03-24 00:36:56.194  3736  3833 E WindowManager: Unknown window type: 2835
03-24 00:36:56.194  3736  3833 E WindowManager: Unknown window type: 2836
03-24 00:36:56.194  3736  3833 E WindowManager: Unknown window type: 2837
03-24 00:36:56.194  3736  3833 E WindowManager: Unknown window type: 2838
03-24 00:36:56.194  3736  3833 E WindowManager: Unknown window type: 2839
03-24 00:36:56.194  3736  3833 E WindowManager: Unknown window type: 2840
03-24 00:36:56.194  3736  3833 E WindowManager: Unknown window type: 2841
03-24 00:36:56.194  3736  3833 E WindowManager: Unknown window type: 2842
03-24 00:36:56.194  3736  3833 E WindowManager: Unknown window type: 2843
03-24 00:36:56.194  3736  3833 E WindowManager: Unknown window type: 2844
03-24 00:36:56.194  3736  3833 E WindowManager: Unknown window type: 2845
03-24 00:36:56.194  3736  3833 E WindowManager: Unknown window type: 2846
03-24 00:36:56.194  3736  3833 E WindowManager: Unknown window type: 2847
03-24 00:36:56.194  3736  3833 E WindowManager: Unknown window type: 2848
03-24 00:36:56.194  3736  3833 E WindowManager: Unknown window type: 2849
03-24 00:36:56.194  3736  3833 E WindowManager: Unknown window type: 2850
03-24 00:36:56.194  3736  3833 E WindowManager: Unknown window type: 2851
03-24 00:36:56.194  3736  3833 E WindowManager: Unknown window type: 2852
03-24 00:36:56.194  3736  3833 E WindowManager: Unknown window type: 2853
03-24 00:36:56.194  3736  3833 E WindowManager: Unknown window type: 2854
03-24 00:36:56.194  3736  3833 E WindowManager: Unknown window type: 2855
03-24 00:36:56.194  3736  3833 E WindowManager: Unknown window type: 2856
03-24 00:36:56.194  3736  3833 E WindowManager: Unknown window type: 2857
03-24 00:36:56.194  3736  3833 E WindowManager: Unknown window type: 2858
03-24 00:36:56.194  3736  3833 E WindowManager: Unknown window type: 2859
03-24 00:36:56.194  3736  3833 E WindowManager: Unknown window type: 2860
03-24 00:36:56.194  3736  3833 E WindowManager: Unknown window type: 2861
03-24 00:36:56.194  3736  3833 E WindowManager: Unknown window type: 2862
03-24 00:36:56.194  3736  3833 E WindowManager: Unknown window type: 2863
03-24 00:36:56.194  3736  3833 E WindowManager: Unknown window type: 2864
03-24 00:36:56.194  3736  3833 E WindowManager: Unknown window type: 2865
03-24 00:36:56.194  3736  3833 E WindowManager: Unknown window type: 2866
03-24 00:36:56.195  3736  3833 E WindowManager: Unknown window type: 2867
03-24 00:36:56.195  3736  3833 E WindowManager: Unknown window type: 2868
03-24 00:36:56.195  3736  3833 E WindowManager: Unknown window type: 2869
03-24 00:36:56.195  3736  3833 E WindowManager: Unknown window type: 2870
03-24 00:36:56.195  3736  3833 E WindowManager: Unknown window type: 2871
03-24 00:36:56.195  3736  3833 E WindowManager: Unknown window type: 2872
03-24 00:36:56.195  3736  3833 E WindowManager: Unknown window type: 2873
03-24 00:36:56.195  3736  3833 E WindowManager: Unknown window type: 2874
03-24 00:36:56.195  3736  3833 E WindowManager: Unknown window type: 2875
03-24 00:36:56.195  3736  3833 E WindowManager: Unknown window type: 2876
03-24 00:36:56.195  3736  3833 E WindowManager: Unknown window type: 2877
03-24 00:36:56.195  3736  3833 E WindowManager: Unknown window type: 2878
03-24 00:36:56.195  3736  3833 E WindowManager: Unknown window type: 2879
03-24 00:36:56.195  3736  3833 E WindowManager: Unknown window type: 2880
03-24 00:36:56.195  3736  3833 E WindowManager: Unknown window type: 2881
03-24 00:36:56.195  3736  3833 E WindowManager: Unknown window type: 2882
03-24 00:36:56.195  3736  3833 E WindowManager: Unknown window type: 2883
03-24 00:36:56.195  3736  3833 E WindowManager: Unknown window type: 2884
03-24 00:36:56.195  3736  3833 E WindowManager: Unknown window type: 2885
03-24 00:36:56.195  3736  3833 E WindowManager: Unknown window type: 2886
03-24 00:36:56.195  3736  3833 E WindowManager: Unknown window type: 2887
03-24 00:36:56.195  3736  3833 E WindowManager: Unknown window type: 2888
03-24 00:36:56.195  3736  3833 E WindowManager: Unknown window type: 2889
03-24 00:36:56.195  3736  3833 E WindowManager: Unknown window type: 2890
03-24 00:36:56.195  3736  3833 E WindowManager: Unknown window type: 2891
03-24 00:36:56.195  3736  3833 E WindowManager: Unknown window type: 2892
03-24 00:36:56.195  3736  3833 E WindowManager: Unknown window type: 2893
03-24 00:36:56.195  3736  3833 E WindowManager: Unknown window type: 2894
03-24 00:36:56.195  3736  3833 E WindowManager: Unknown window type: 2895
03-24 00:36:56.195  3736  3833 E WindowManager: Unknown window type: 2896
03-24 00:36:56.195  3736  3833 E WindowManager: Unknown window type: 2897
03-24 00:36:56.195  3736  3833 E WindowManager: Unknown window type: 2898
03-24 00:36:56.195  3736  3833 E WindowManager: Unknown window type: 2899
03-24 00:36:56.195  3736  3833 E WindowManager: Unknown window type: 2900
03-24 00:36:56.195  3736  3833 E WindowManager: Unknown window type: 2901
03-24 00:36:56.195  3736  3833 E WindowManager: Unknown window type: 2902
03-24 00:36:56.195  3736  3833 E WindowManager: Unknown window type: 2903
03-24 00:36:56.195  3736  3833 E WindowManager: Unknown window type: 2904
03-24 00:36:56.195  3736  3833 E WindowManager: Unknown window type: 2905
03-24 00:36:56.195  3736  3833 E WindowManager: Unknown window type: 2906
03-24 00:36:56.195  3736  3833 E WindowManager: Unknown window type: 2907
03-24 00:36:56.195  3736  3833 E WindowManager: Unknown window type: 2908
03-24 00:36:56.195  3736  3833 E WindowManager: Unknown window type: 2909
03-24 00:36:56.195  3736  3833 E WindowManager: Unknown window type: 2910
03-24 00:36:56.195  3736  3833 E WindowManager: Unknown window type: 2911
03-24 00:36:56.195  3736  3833 E WindowManager: Unknown window type: 2912
03-24 00:36:56.195  3736  3833 E WindowManager: Unknown window type: 2913
03-24 00:36:56.196  3736  3833 E WindowManager: Unknown window type: 2914
03-24 00:36:56.196  3736  3833 E WindowManager: Unknown window type: 2915
03-24 00:36:56.196  3736  3833 E WindowManager: Unknown window type: 2916
03-24 00:36:56.196  3736  3833 E WindowManager: Unknown window type: 2917
03-24 00:36:56.196  3736  3833 E WindowManager: Unknown window type: 2918
03-24 00:36:56.196  3736  3833 E WindowManager: Unknown window type: 2919
03-24 00:36:56.196  3736  3833 E WindowManager: Unknown window type: 2920
03-24 00:36:56.196  3736  3833 E WindowManager: Unknown window type: 2921
03-24 00:36:56.196  3736  3833 E WindowManager: Unknown window type: 2922
03-24 00:36:56.196  3736  3833 E WindowManager: Unknown window type: 2923
03-24 00:36:56.196  3736  3833 E WindowManager: Unknown window type: 2924
03-24 00:36:56.196  3736  3833 E WindowManager: Unknown window type: 2925
03-24 00:36:56.196  3736  3833 E WindowManager: Unknown window type: 2926
03-24 00:36:56.196  3736  3833 E WindowManager: Unknown window type: 2927
03-24 00:36:56.196  3736  3833 E WindowManager: Unknown window type: 2928
03-24 00:36:56.196  3736  3833 E WindowManager: Unknown window type: 2929
03-24 00:36:56.196  3736  3833 E WindowManager: Unknown window type: 2930
03-24 00:36:56.196  3736  3833 E WindowManager: Unknown window type: 2931
03-24 00:36:56.196  3736  3833 E WindowManager: Unknown window type: 2932
03-24 00:36:56.196  3736  3833 E WindowManager: Unknown window type: 2933
03-24 00:36:56.196  3736  3833 E WindowManager: Unknown window type: 2934
03-24 00:36:56.196  3736  3833 E WindowManager: Unknown window type: 2935
03-24 00:36:56.196  3736  3833 E WindowManager: Unknown window type: 2936
03-24 00:36:56.196  3736  3833 E WindowManager: Unknown window type: 2937
03-24 00:36:56.196  3736  3833 E WindowManager: Unknown window type: 2938
03-24 00:36:56.196  3736  3833 E WindowManager: Unknown window type: 2939
03-24 00:36:56.196  3736  3833 E WindowManager: Unknown window type: 2940
03-24 00:36:56.196  3736  3833 E WindowManager: Unknown window type: 2941
03-24 00:36:56.196  3736  3833 E WindowManager: Unknown window type: 2942
03-24 00:36:56.196  3736  3833 E WindowManager: Unknown window type: 2943
03-24 00:36:56.196  3736  3833 E WindowManager: Unknown window type: 2944
03-24 00:36:56.196  3736  3833 E WindowManager: Unknown window type: 2945
03-24 00:36:56.196  3736  3833 E WindowManager: Unknown window type: 2946
03-24 00:36:56.196  3736  3833 E WindowManager: Unknown window type: 2947
03-24 00:36:56.196  3736  3833 E WindowManager: Unknown window type: 2948
03-24 00:36:56.196  3736  3833 E WindowManager: Unknown window type: 2949
03-24 00:36:56.196  3736  3833 E WindowManager: Unknown window type: 2950
03-24 00:36:56.196  3736  3833 E WindowManager: Unknown window type: 2951
03-24 00:36:56.196  3736  3833 E WindowManager: Unknown window type: 2952
03-24 00:36:56.196  3736  3833 E WindowManager: Unknown window type: 2953
03-24 00:36:56.196  3736  3833 E WindowManager: Unknown window type: 2954
03-24 00:36:56.196  3736  3833 E WindowManager: Unknown window type: 2955
03-24 00:36:56.196  3736  3833 E WindowManager: Unknown window type: 2956
03-24 00:36:56.196  3736  3833 E WindowManager: Unknown window type: 2957
03-24 00:36:56.196  3736  3833 E WindowManager: Unknown window type: 2958
03-24 00:36:56.196  3736  3833 E WindowManager: Unknown window type: 2959
03-24 00:36:56.196  3736  3833 E WindowManager: Unknown window type: 2960
03-24 00:36:56.197  3736  3833 E WindowManager: Unknown window type: 2961
03-24 00:36:56.197  3736  3833 E WindowManager: Unknown window type: 2962
03-24 00:36:56.197  3736  3833 E WindowManager: Unknown window type: 2963
03-24 00:36:56.197  3736  3833 E WindowManager: Unknown window type: 2964
03-24 00:36:56.197  3736  3833 E WindowManager: Unknown window type: 2965
03-24 00:36:56.197  3736  3833 E WindowManager: Unknown window type: 2966
03-24 00:36:56.197  3736  3833 E WindowManager: Unknown window type: 2967
03-24 00:36:56.197  3736  3833 E WindowManager: Unknown window type: 2968
03-24 00:36:56.197  3736  3833 E WindowManager: Unknown window type: 2969
03-24 00:36:56.197  3736  3833 E WindowManager: Unknown window type: 2970
03-24 00:36:56.197  3736  3833 E WindowManager: Unknown window type: 2971
03-24 00:36:56.197  3736  3833 E WindowManager: Unknown window type: 2972
03-24 00:36:56.197  3736  3833 E WindowManager: Unknown window type: 2973
03-24 00:36:56.197  3736  3833 E WindowManager: Unknown window type: 2974
03-24 00:36:56.197  3736  3833 E WindowManager: Unknown window type: 2975
03-24 00:36:56.197  3736  3833 E WindowManager: Unknown window type: 2976
03-24 00:36:56.197  3736  3833 E WindowManager: Unknown window type: 2977
03-24 00:36:56.197  3736  3833 E WindowManager: Unknown window type: 2978
03-24 00:36:56.197  3736  3833 E WindowManager: Unknown window type: 2979
03-24 00:36:56.197  3736  3833 E WindowManager: Unknown window type: 2980
03-24 00:36:56.197  3736  3833 E WindowManager: Unknown window type: 2981
03-24 00:36:56.197  3736  3833 E WindowManager: Unknown window type: 2982
03-24 00:36:56.197  3736  3833 E WindowManager: Unknown window type: 2983
03-24 00:36:56.197  3736  3833 E WindowManager: Unknown window type: 2984
03-24 00:36:56.197  3736  3833 E WindowManager: Unknown window type: 2985
03-24 00:36:56.197  3736  3833 E WindowManager: Unknown window type: 2986
03-24 00:36:56.197  3736  3833 E WindowManager: Unknown window type: 2987
03-24 00:36:56.197  3736  3833 E WindowManager: Unknown window type: 2988
03-24 00:36:56.197  3736  3833 E WindowManager: Unknown window type: 2989
03-24 00:36:56.197  3736  3833 E WindowManager: Unknown window type: 2990
03-24 00:36:56.197  3736  3833 E WindowManager: Unknown window type: 2991
03-24 00:36:56.197  3736  3833 E WindowManager: Unknown window type: 2992
03-24 00:36:56.197  3736  3833 E WindowManager: Unknown window type: 2993
03-24 00:36:56.197  3736  3833 E WindowManager: Unknown window type: 2994
03-24 00:36:56.197  3736  3833 E WindowManager: Unknown window type: 2995
03-24 00:36:56.197  3736  3833 E WindowManager: Unknown window type: 2996
03-24 00:36:56.197  3736  3833 E WindowManager: Unknown window type: 2997
03-24 00:36:56.197  3736  3833 E WindowManager: Unknown window type: 2998
03-24 00:36:56.197  3736  3833 E WindowManager: Unknown window type: 2999
03-24 00:36:56.213  3736  3860 W EventHub: Unable to disable kernel key repeat for /dev/input/event1: Function not implemented
03-24 00:36:56.273  3736  3861 W MountService: No primary storage mounted!
03-24 00:36:56.276  3736  3861 W PackageManager: Unknown permission com.miui.yellowpage.permission.ACCESS_YELLOWPAGE in package com.android.providers.telephony
03-24 00:36:56.280  3736  3861 W PackageManager: Unknown permission android.permission.ACCESS_MTK_MMHW in package com.miui.fm
03-24 00:36:56.281  3736  3861 W PackageManager: Unknown permission com.google.android.googleapps.permission.GOOGLE_AUTH in package com.android.providers.calendar
03-24 00:36:56.281  3736  3861 W PackageManager: Unknown permission com.google.android.googleapps.permission.GOOGLE_AUTH.cl in package com.android.providers.calendar
03-24 00:36:56.283  3736  3861 W PackageManager: Not granting permission com.xiaomi.gallery.permission.CLOUD to package com.milink.service (protectionLevel=18 flags=0x3808be45)
03-24 00:36:56.286  3736  3861 W PackageManager: Unknown permission android.permission.SEND_SMS_NO_CONFIRMATION in package com.xiaomi.account
03-24 00:36:56.291  3736  3861 W PackageManager: Unknown permission android.permission.WRITE_INTERNAL_STORAGE in package com.android.updater
03-24 00:36:56.294  3736  3861 W PackageManager: Unknown permission miui.permission.SHELL in package com.android.updater
03-24 00:36:56.296  3736  3861 W PackageManager: Unknown permission com.xiaomi.channel.GAME_SERVICE_PERMISSION in package com.xiaomi.gamecenter.sdk.service
03-24 00:36:56.296  3736  3861 W PackageManager: Unknown permission com.xiaomi.gamecenter.webkit in package com.xiaomi.gamecenter.sdk.service
03-24 00:36:56.297  3736  3861 W PackageManager: Unknown permission com.xiaomi.passport.permission.PASSPORT_UI_CONTROLLER_SERVICE in package com.xiaomi.gamecenter.sdk.service
03-24 00:36:56.298  3736  3861 W PackageManager: Unknown permission android.permission.READ_SECURE_SETTINGS in package com.miui.securityadd
03-24 00:36:56.298  3736  3861 W PackageManager: Unknown permission android.permission.READ_SETTINGS in package com.miui.securityadd
03-24 00:36:56.302  3736  3861 W PackageManager: Unknown permission android.permission.ACCESS_ALL_EXTERNAL_STORAGE in package com.miui.gallery
03-24 00:36:56.310  3736  3861 W PackageManager: Unknown permission com.xiaomi.passport.permission.PASSPORT_UI_CONTROLLER_SERVICE in package com.xiaomi.payment
03-24 00:36:56.315  3736  3861 W PackageManager: Unknown permission miui.permission.SHELL in package com.miui.securitycenter
03-24 00:36:56.318  3736  3861 W PackageManager: Unknown permission android.permission.READ_SECURE_SETTINGS in package com.miui.securitycenter
03-24 00:36:56.318  3736  3861 W PackageManager: Unknown permission android.permission.READ_SETTINGS in package com.miui.securitycenter
03-24 00:36:56.318  3736  3861 W PackageManager: Unknown permission com.miui.yellowpage.permission.ACCESS_YELLOWPAGE in package com.miui.securitycenter
03-24 00:36:56.320  3736  3861 W PackageManager: Unknown permission com.google.android.gms.permission.ACTIVITY_RECOGNITION in package com.miui.securitycenter
03-24 00:36:56.320  3736  3861 W PackageManager: Unknown permission android.Manifest.permission.RECEIVE_BOOT_COMPLETED in package com.android.browser
03-24 00:36:56.327  3736  3861 W PackageManager: Unknown permission android.permission.ACTION_HEADSET_PLUG in package com.android.soundrecorder
03-24 00:36:56.329  3736  3861 W PackageManager: Unknown permission adnroid.permission.CHANGE_WIFI_STATE in package com.miui.guardprovider
03-24 00:36:56.338  3736  3861 W PackageManager: Unknown permission com.miui.yellowpage.permission.ACCESS_YELLOWPAGE in package com.miui.backup
03-24 00:36:56.339  3736  3861 W PackageManager: Unknown permission com.xiaomi.market.sdk.UPDATE in package com.miui.backup
03-24 00:36:56.339  3736  3861 W PackageManager: Unknown permission android.permission.READ_SETTINGS in package com.xiaomi.ab
03-24 00:36:56.340  3736  3861 W PackageManager: Unknown permission android.permission.RUN_INSTRUMENTATION in package com.xiaomi.ab
03-24 00:36:56.340  3736  3861 W PackageManager: Unknown permission com.xiaomi.channel.GAME_SERVICE_PERMISSION in package com.xiaomi.ab
03-24 00:36:56.340  3736  3861 W PackageManager: Unknown permission com.xiaomi.passport.permission.PASSPORT_UI_CONTROLLER_SERVICE in package com.xiaomi.ab
03-24 00:36:56.343  3736  3861 W PackageManager: Unknown permission com.google.android.googleapps.permission.GOOGLE_AUTH.mail in package com.android.contacts
03-24 00:36:56.344  3736  3861 W PackageManager: Unknown permission com.miui.yellowpage.permission.ACCESS_YELLOWPAGE in package com.android.contacts
03-24 00:36:56.344  3736  3861 W PackageManager: Unknown permission com.miui.mipub.permission.READ_HMS_COMMON in package com.android.contacts
03-24 00:36:56.346  3736  3861 W PackageManager: Unknown permission com.xiaomi.rcs.permission.SERVICE in package com.android.contacts
03-24 00:36:56.346  3736  3861 W PackageManager: Unknown permission com.miui.voip.permission.RECEIVE_CLEAR_MISSED_CALL_NOTIFICATION in package com.android.contacts
03-24 00:36:56.347  3736  3861 W PackageManager: Unknown permission android.permission.ACCESS_NOTIFICATION in package com.miui.securitycore
03-24 00:36:56.347  3736  3861 W PackageManager: Unknown permission android.permission.INSTALL_DRM in package com.android.mms
03-24 00:36:56.348  3736  3861 W PackageManager: Unknown permission android.permission.SEND_SMS_NO_CONFIRMATION in package com.android.mms
03-24 00:36:56.349  3736  3861 W PackageManager: Unknown permission miui.permission.SHELL in package com.android.mms
03-24 00:36:56.349  3736  3861 W PackageManager: Unknown permission com.miui.yellowpage.permission.ACCESS_YELLOWPAGE in package com.android.mms
03-24 00:36:56.353  3736  3861 W PackageManager: Unknown permission android.permission.NFC_UNLOCK in package com.android.nfc
03-24 00:36:56.362  3736  3861 W PackageManager: Unknown permission android.permission.WRITE_INTERNAL_STORAGE in package com.miui.player
03-24 00:36:56.366  3736  3860 E EventHub: could not get driver version for /dev/input/mice, Not a typewriter
03-24 00:36:56.367  3736  3861 W PackageManager: Unknown permission com.google.android.googleapps.permission.GOOGLE_AUTH.mail in package com.android.calendar
03-24 00:36:56.368  3736  3861 W PackageManager: Not granting permission android.permission.ACCESS_MOCK_LOCATION to package com.android.calendar (protectionLevel=2 flags=0x3849be45)
03-24 00:36:56.370  3736  3861 W PackageManager: Unknown permission miui.permission.SHELL in package com.miui.compass
03-24 00:36:56.371  3736  3861 W PackageManager: Unknown permission android.permission.ACCESS_FM_RECEIVER in package com.miui.cit
03-24 00:36:56.374  3736  3861 W PackageManager: Unknown permission android.permission.ACCESS_ALL_EXTERNAL_STORAGE in package com.android.midrive
03-24 00:36:56.379  3736  3861 W PackageManager: Unknown permission com.miui.yellowpage.permission.ACCESS_YELLOWPAGE in package com.miui.personalassistant
03-24 00:36:56.381  3736  3861 W PackageManager: Unknown permission com.miui.yellowpage.permission.ACCESS_YELLOWPAGE in package com.android.incallui
03-24 00:36:56.383  3736  3861 W PackageManager: Unknown permission miui.permission.SHELL in package com.miui.bugreport
03-24 00:36:56.385  3736  3861 W PackageManager: Unknown permission android.permission.ACCESS_ALL_EXTERNAL_STORAGE in package com.android.fileexplorer
03-24 00:36:56.389  3736  3861 W PackageManager: Unknown permission com.miui.klo.bugreport.permission.KLO_STARTUP_RECEIVER in package com.xiaomi.metok
03-24 00:36:56.396  3736  3861 W PackageManager: Unknown permission com.xiaomi.passport.permission.PASSPORT_UI_CONTROLLER_SERVICE in package com.mipay.wallet
03-24 00:36:56.396  3736  3861 W PackageManager: Unknown permission com.fingerprints.service.ACCESS_FINGERPRINT_MANAGER in package com.mipay.wallet
03-24 00:36:56.399  3736  3861 W PackageManager: Unknown permission com.miui.yellowpage.permission.ACCESS_YELLOWPAGE in package com.android.server.telecom
03-24 00:36:56.399  3736  3861 W PackageManager: Unknown permission com.miui.yellowpage.permission.BROADCAST_EVENT in package com.android.server.telecom
03-24 00:36:56.403  3736  3861 W PackageManager: Unknown permission com.fingerprints.service.ACCESS_FINGERPRINT_MANAGER in package com.android.keyguard
03-24 00:36:56.403  3736  3861 W PackageManager: Unknown permission com.fingerprints.service.ACCESS_FINGERPRINT_MANAGER in package com.android.camera
03-24 00:36:56.404  3736  3861 W PackageManager: Unknown permission com.xiaomi.market.sdk.UPDATE in package com.xiaomi.pass
03-24 00:36:56.416  3736  3861 W PackageManager: Unknown permission android.permission.INSTALL_DRM in package com.miui.mipub
03-24 00:36:56.417  3736  3861 W PackageManager: Unknown permission miui.permission.SHELL in package com.miui.mipub
03-24 00:36:56.417  3736  3861 W PackageManager: Unknown permission com.miui.yellowpage.permission.ACCESS_YELLOWPAGE in package com.miui.mipub
03-24 00:36:56.419  3736  3861 W PackageManager: Unknown permission android.permission.READ_SECURE_SETTINGS in package com.miui.notes
03-24 00:36:56.420  3736  3860 W EventHub: Unable to disable kernel key repeat for /dev/input/event7: Function not implemented
03-24 00:36:56.422  3736  3861 W PackageManager: Unknown permission com.xiaomi.router.provider.READ_OFFLINE_VIDEO in package com.miui.video
03-24 00:36:56.422  3736  3861 W PackageManager: Unknown permission com.xiaomi.router.provider.WRITE_OFFLINE_VIDEO in package com.miui.video
03-24 00:36:56.424  3736  3861 W PackageManager: Unknown permission com.xiaomi.passport.permission.PASSPORT_UI_CONTROLLER_SERVICE in package com.miui.video
03-24 00:36:56.433  3736  3861 W PackageManager: Unknown permission android.permission.ACCESS_COARSE_UPDATES in package com.miui.cloudservice
03-24 00:36:56.435  3736  3861 W PackageManager: Unknown permission miui.permission.SHELL in package com.miui.cloudservice
03-24 00:36:56.436  3736  3861 W PackageManager: Unknown permission com.miui.yellowpage.permission.ACCESS_YELLOWPAGE in package com.miui.cloudservice
03-24 00:36:56.444  3736  3861 W PackageManager: Unknown permission com.android.vending.BILLING in package com.footej.camera
03-24 00:36:56.445  3736  3861 W PackageManager: Unknown permission com.google.android.c2dm.permission.RECEIVE in package com.footej.camera
03-24 00:36:56.445  3736  3861 W PackageManager: Not granting permission android.permission.ACCESS_MOCK_LOCATION to package com.sohu.inputmethod.sogou.xiaomi (protectionLevel=2 flags=0x38883e45)
03-24 00:36:56.446  3736  3861 W PackageManager: Not granting permission android.permission.READ_LOGS to package com.sohu.inputmethod.sogou.xiaomi (protectionLevel=50 flags=0x38883e45)
03-24 00:36:56.446  3736  3861 W PackageManager: Not granting permission android.permission.CLEAR_APP_CACHE to package com.sohu.inputmethod.sogou.xiaomi (protectionLevel=18 flags=0x38883e45)
03-24 00:36:56.446  3736  3861 W PackageManager: Unknown permission sogou.mobile.explorer.permission.ACTIVATION in package com.sohu.inputmethod.sogou.xiaomi
03-24 00:36:56.446  3736  3861 W PackageManager: Not granting permission miui.permission.USE_INTERNAL_GENERAL_API to package com.sohu.inputmethod.sogou.xiaomi (protectionLevel=18 flags=0x38883e45)
03-24 00:36:56.446  3736  3861 W PackageManager: Unknown permission com.miui.uimonitor.permission.READ_UI in package com.sohu.inputmethod.sogou.xiaomi
03-24 00:36:56.454  3736  3861 W PackageManager: Unknown permission android.permission.SYSTEM_OVERLAY_WINDOW in package com.securespaces.android.ssm.service
03-24 00:36:56.454  3736  3861 W PackageManager: Unknown permission com.securespaces.android.sscm.permission.SEND_SSCM_PAYLOAD in package com.securespaces.android.ssm.service
03-24 00:36:56.455  3736  3861 W PackageManager: Unknown permission com.xiaomi.market.sdk.UPDATE in package com.miui.calculator
03-24 00:36:56.455  3736  3861 W PackageManager: Not granting permission android.permission.CLEAR_APP_CACHE to package com.cleanmaster.sdk (protectionLevel=18 flags=0x3808be45)
03-24 00:36:56.455  3736  3861 W PackageManager: Not granting permission android.permission.READ_LOGS to package com.cleanmaster.sdk (protectionLevel=50 flags=0x3808be45)
03-24 00:36:56.462  3736  3861 W PackageManager: Unknown permission com.xiaomi.gallery.permission.DELETE_SIMILAR_IMAGE in package com.miui.cleanmaster
03-24 00:36:56.462  3736  3861 W PackageManager: Unknown permission com.google.android.gms.permission.ACTIVITY_RECOGNITION in package com.miui.cleanmaster
03-24 00:36:56.467  3736  3861 W PackageManager: Unknown permission com.google.android.googleapps.permission.GOOGLE_AUTH in package com.android.settings
03-24 00:36:56.474  3736  3861 W PackageManager: Unknown permission com.xiaomi.permission.RECEIVE_BROADCAST_REPORT in package com.android.settings
03-24 00:36:56.474  3736  3861 W PackageManager: Unknown permission com.xiaomi.permission.WIFI_SHARE in package com.android.settings
03-24 00:36:56.476  3736  3861 W PackageManager: Unknown permission com.fingerprints.service.ACCESS_FINGERPRINT_MANAGER in package com.android.settings
03-24 00:36:56.484  3736  3861 W PackageManager: Unknown permission miui.permission.SHELL in package com.android.email
03-24 00:36:56.486  3736  3861 W PackageManager: Not granting permission android.permission.REBOOT to package eu.chainfire.supersu (protectionLevel=18 flags=0x38083e04)
03-24 00:36:56.487  3736  3861 W PackageManager: Unknown permission android.permission.SEND_SMS_NO_CONFIRMATION in package com.miui.voiceassist
03-24 00:36:56.497  3736  3861 W PackageManager: Unknown permission com.android.smspush.WAPPUSH_MANAGER_BIND in package com.android.phone
03-24 00:36:56.517  3736  3861 W PackageManager: Unknown permission com.google.android.c2dm.permission.RECEIVE in package com.securespaces.android.agent
03-24 00:36:56.521  3736  3861 W PackageManager: Unknown permission android.permission.ACCESS_ALL_EXTERNAL_STORAGE in package com.android.systemui
03-24 00:36:56.527  3736  3861 W PackageManager: Not granting permission android.permission.INSTALL_LOCATION_PROVIDER to package com.amap.android.location (protectionLevel=18 flags=0x3808be0d)
03-24 00:36:56.528  3736  3861 W PackageManager: Not granting permission android.permission.WRITE_SECURE_SETTINGS to package com.amap.android.location (protectionLevel=50 flags=0x3808be0d)
03-24 00:36:56.531  3736  3861 W PackageManager: Unknown permission com.xiaomi.channel.GAME_SERVICE_PERMISSION in package com.android.thememanager
03-24 00:36:56.540  3736  3861 W PackageManager: Unknown permission com.google.android.gallery3d.permission.GALLERY_PROVIDER in package com.android.bluetooth
03-24 00:36:56.540  3736  3861 W PackageManager: Unknown permission com.android.gallery3d.permission.GALLERY_PROVIDER in package com.android.bluetooth
03-24 00:36:56.543  3736  3861 W PackageManager: Unknown permission com.miui.yellowpage.permission.ACCESS_YELLOWPAGE in package com.android.providers.contacts
03-24 00:36:56.543  3736  3861 W PackageManager: Not granting permission android.permission.READ_PRIVILEGED_PHONE_STATE to package com.miui.core (protectionLevel=18 flags=0x38083e0d)
03-24 00:36:56.548  3736  3861 W PackageManager: Unknown permission miui.permission.SHELL in package com.miui.home
03-24 00:36:56.551  3736  3861 W PackageManager: Unknown permission com.miui.yellowpage.permission.ACCESS_YELLOWPAGE in package com.miui.voip
03-24 00:36:56.552  3736  3861 W PackageManager: Unknown permission android.permission.SYSTEM_OVERLAY_WINDOW in package com.miui.voip
03-24 00:36:56.553  3736  3861 W PackageManager: Unknown permission android.permission.READ_SETTINGS in package com.miui.voip
03-24 00:36:56.600  3736  3860 W EventHub: Unable to disable kernel key repeat for /dev/input/event0: Function not implemented
03-24 00:36:56.604  3736  3860 W EventHub: Unable to disable kernel key repeat for /dev/input/event8: Function not implemented
03-24 00:36:56.925  3736  3736 W art     : Long monitor contention event with owner method=java.lang.Class[] miui.util.ReflectionUtils.getParameterTypes(java.lang.Object[]) from ReflectionUtils.java:402 waiters=0 for 648ms
03-24 00:36:56.925  3736  3861 W MountService: No primary storage defined yet; hacking together a stub
03-24 00:36:56.927  3736  3861 W MountService: No primary storage defined yet; hacking together a stub
03-24 00:36:56.928  3736  3861 W MountService: No primary storage mounted!
03-24 00:36:56.969  3736  3736 W TextServicesManagerService: no available spell checker services found
03-24 00:36:57.222  3736  3736 E IpConfigStore: Error parsing configuration: java.io.FileNotFoundException: /data/misc/ethernet/ipconfig.txt: open failed: ENOENT (No such file or directory)
03-24 00:36:57.222  3736  3736 W EthernetConfigStore: No Ethernet configuration found. Using default.
03-24 00:36:57.238  3736  3736 E ConnectivityService: Ignoring protectedNetwork 14
03-24 00:36:57.238  3736  3736 E ConnectivityService: Ignoring protectedNetwork 15
03-24 00:36:57.303  3267  3267 E SELinux : avc:  denied  { find } for service=permission scontext=u:r:kernel:s0 tcontext=u:object_r:permission_service:s0 tclass=service_manager
03-24 00:36:57.304  3736  3736 W TelecomManager: Telecom Service not found.
03-24 00:36:57.305  3277  3774 E AudioFlinger: no wake lock to update!
03-24 00:36:57.323  3736  3736 W DockObserver: This kernel does not have dock station support
03-24 00:36:57.325  3736  3736 W WiredAccessoryManager: This kernel does not have usb audio support
03-24 00:36:57.326  3736  3736 W WiredAccessoryManager: This kernel does not have HDMI audio support
03-24 00:36:57.378  3736  3736 W System.err: java.lang.UnsatisfiedLinkError: dalvik.system.PathClassLoader[DexPathList[[zip file "/system/framework/services.jar", zip file "/system/framework/ethernet-service.jar", zip file "/system/framework/wifi-service.jar", zip file "/system/framework/patchrom-server.jar", zip file "/system/framework/patchrom-server.jar"],nativeLibraryDirectories=[/vendor/lib64, /system/lib64]]] couldn't find "libtida.so"
03-24 00:36:57.378  3736  3736 W System.err: 	at java.lang.Runtime.loadLibrary(Runtime.java:367)
03-24 00:36:57.378  3736  3736 W System.err: 	at java.lang.System.loadLibrary(System.java:1076)
03-24 00:36:57.378  3736  3736 W System.err: 	at com.miui.server.TidaService.<clinit>(TidaService.java:33)
03-24 00:36:57.378  3736  3736 W System.err: 	at java.lang.Class.classForName(Native Method)
03-24 00:36:57.378  3736  3736 W System.err: 	at java.lang.Class.forName(Class.java:324)
03-24 00:36:57.378  3736  3736 W System.err: 	at java.lang.Class.forName(Class.java:285)
03-24 00:36:57.378  3736  3736 W System.err: 	at com.android.server.SystemServerInjector.addExtraServices(SystemServerInjector.java:53)
03-24 00:36:57.378  3736  3736 W System.err: 	at com.android.server.SystemServiceManagerHook.handleStartService(SystemServiceManagerHook.java:31)
03-24 00:36:57.378  3736  3736 W System.err: 	at com.android.server.SystemServer.startOtherServices(SystemServer.java:862)
03-24 00:36:57.378  3736  3736 W System.err: 	at com.android.server.SystemServer.run(SystemServer.java:270)
03-24 00:36:57.378  3736  3736 W System.err: 	at com.android.server.SystemServer.main(SystemServer.java)
03-24 00:36:57.378  3736  3736 W System.err: 	at java.lang.reflect.Method.invoke(Native Method)
03-24 00:36:57.378  3736  3736 W System.err: 	at com.android.internal.os.ZygoteInit$MethodAndArgsCaller.run(ZygoteInit.java:726)
03-24 00:36:57.378  3736  3736 W System.err: 	at com.android.internal.os.ZygoteInit.main(ZygoteInit.java:616)
03-24 00:36:57.409  3736  3736 W SoundTriggerHelper: listModules status=0, # of modules=0
03-24 00:36:57.431  3736  3882 W PackageParser: Ignoring duplicate uses-permissions/uses-permissions-sdk-m: android.permission.WRITE_SECURE_SETTINGS in package: com.miui.securitycenter at: Binary XML file line #129
03-24 00:36:57.438  3736  3882 W PackageParser: No actions in intent filter at /system/priv-app/SecurityCenter/SecurityCenter.apk Binary XML file line #406
03-24 00:36:57.468  3736  3736 W FingerprintService: fingerprint service not available
03-24 00:36:57.551  3736  3736 E LockSettingsStorage: Cannot read file java.io.FileNotFoundException: /data/system/gatekeeper.password.key: open failed: ENOENT (No such file or directory)
03-24 00:36:57.552  3736  3736 E LockSettingsStorage: Cannot read file java.io.FileNotFoundException: /data/system/password.key: open failed: ENOENT (No such file or directory)
03-24 00:36:57.552  3736  3736 E LockSettingsStorage: Cannot read file java.io.FileNotFoundException: /data/system/gatekeeper.pattern.key: open failed: ENOENT (No such file or directory)
03-24 00:36:57.552  3736  3736 E LockSettingsStorage: Cannot read file java.io.FileNotFoundException: /data/system/gatekeeper.gesture.key: open failed: ENOENT (No such file or directory)
03-24 00:36:57.552  3736  3736 E LockSettingsStorage: Cannot read file java.io.FileNotFoundException: /data/system/gesture.key: open failed: ENOENT (No such file or directory)
03-24 00:36:57.565  3736  3736 E WifiService: Invoking mWifiStateMachine.setWifiEnabled
03-24 00:36:57.763  3736  3736 W BackupManagerService: Proposed transport ComponentInfo{android/com.android.internal.backup.LocalTransportService} not whitelisted; ignoring
03-24 00:36:57.784  3736  3736 W ContextImpl: Unable to create files subdir files
03-24 00:36:57.785  3736  3736 W ContextImpl: Unable to create files subdir files
03-24 00:36:57.786  3736  3736 W ContextImpl: Unable to create files subdir files
03-24 00:36:57.792  3736  3882 W PackageParser: Service exported request ignored due to singleUser: com.xiaomi.finddevice.v2.FindDeviceStatusManagerService at /system/priv-app/FindDevice/FindDevice.apk Binary XML file line #137
03-24 00:36:57.792  3736  3882 W PackageParser: Service exported request ignored due to singleUser: com.xiaomi.finddevice.v2.FindDeviceAsyncControlService at /system/priv-app/FindDevice/FindDevice.apk Binary XML file line #141
03-24 00:36:57.792  3736  3882 W PackageParser: Provider exported request ignored due to singleUser: com.xiaomi.finddevice.v2.FindDeviceStatusManagerProvider at /system/priv-app/FindDevice/FindDevice.apk Binary XML file line #146
03-24 00:36:57.793  3736  3882 W PackageParser: Service exported request ignored due to singleUser: com.xiaomi.finddevice.v2.ui.FindDeviceKeyguardControlReceiver at /system/priv-app/FindDevice/FindDevice.apk Binary XML file line #161
03-24 00:36:57.794  3736  3882 W PackageParser: Service exported request ignored due to singleUser: com.xiaomi.finddevice.v2.ui.FindDeviceNotificationReceiver at /system/priv-app/FindDevice/FindDevice.apk Binary XML file line #177
03-24 00:36:57.896  3736  3839 W KeyguardServiceDelegate: onScreenTurningOn(): no keyguard service!
03-24 00:36:57.913  3267  3267 E SELinux : avc:  denied  { find } for service=security scontext=u:r:system_server:s0 tcontext=u:object_r:default_android_service:s0 tclass=service_manager
03-24 00:36:57.925  3056  3140 W vold    : Failed to read manufacturer from /sys//devices/hi_mci.1/mmc_host/mmc1/mmc1:0001/block/mmcblk1/device/manfid: No such file or directory
03-24 00:36:57.949  3736  3736 W MountService: No primary storage defined yet; hacking together a stub
03-24 00:36:58.079  3736  3868 E WifiStateMachine: Failed to reload STA firmware java.lang.IllegalArgumentException: command '2 softap fwreload wlan0 STA' failed with '501 2 SoftAP command has failed'
03-24 00:36:58.091  3736  3868 E WifiMonitor: killSupplicant p2pfalse init.svc.wpa_supplicant=unknown init.svc.p2p_supplicant=unknown
03-24 00:36:58.178  3947  3947 W System  : ClassLoader referenced unknown path: /system/priv-app/MediaProvider/lib/arm64
03-24 00:36:58.185  3921  3921 W System  : ClassLoader referenced unknown path: /system/priv-app/ExternalStorageProvider/lib/arm64
03-24 00:36:58.193  3736  3868 E WifiNative-HAL: Could not start hal
03-24 00:36:58.194  3736  3868 E WifiStateMachine: Failed to start HAL
03-24 00:36:58.204  3954  3954 W System  : ClassLoader referenced unknown path: /system/priv-app/MiuiSystemUI/lib/arm64
03-24 00:36:58.275  3981  3981 E wpa_supplicant: interface  wlan0
03-24 00:36:58.275  3981  3981 E wpa_supplicant:  WIFI_lib_init WIFI_lib_init WIFI_lib_init WIFI_lib_init 
03-24 00:36:58.404  3991  3991 W System  : ClassLoader referenced unknown path: /system/priv-app/Settings/lib/arm64
03-24 00:36:58.431  3947  3947 W System  : ClassLoader referenced unknown path: /system/priv-app/DownloadProvider/lib/arm64
03-24 00:36:58.514  3954  3954 E FeatureParser: both assets/device_features/ and /system/etc/device_features don't exist hi6210sft.xml
03-24 00:36:58.527  3954  3954 W Settings: Setting airplane_mode_on has moved from android.provider.Settings.System to android.provider.Settings.Global, returning read-only value.
03-24 00:36:58.532  3947  3947 E SELinux : SELinux:  Could not open /data/system/packages.list:  Permission denied.
03-24 00:36:58.532  3947  3947 W SELinux : SELinux:  Could not look up information for package com.android.providers.downloads, cannot restorecon cache.
03-24 00:36:58.532  3947  3947 E SELinux : SELinux: Could not set context for /data/data/com.android.providers.downloads/cache:  Permission denied
03-24 00:36:58.550  3272  3713 E Netd    : exec() res=0, status=256 for /system/bin/iptables -w -F st_penalty_log 
03-24 00:36:58.562  3272  3713 E Netd    : exec() res=0, status=256 for /system/bin/ip6tables -w -F st_penalty_log 
03-24 00:36:58.573  3272  3713 E Netd    : exec() res=0, status=256 for /system/bin/iptables -w -F st_penalty_reject 
03-24 00:36:58.584  3272  3713 E Netd    : exec() res=0, status=256 for /system/bin/ip6tables -w -F st_penalty_reject 
03-24 00:36:58.602  3272  3713 E Netd    : exec() res=0, status=256 for /system/bin/iptables -w -F st_clear_caught 
03-24 00:36:58.622  3954  3954 W Settings: Setting airplane_mode_on has moved from android.provider.Settings.System to android.provider.Settings.Global, returning read-only value.
03-24 00:36:58.622  3272  3713 E Netd    : exec() res=0, status=256 for /system/bin/ip6tables -w -F st_clear_caught 
03-24 00:36:58.634  3272  3713 E Netd    : exec() res=0, status=256 for /system/bin/iptables -w -F st_clear_detect 
03-24 00:36:58.644  3272  3713 E Netd    : exec() res=0, status=256 for /system/bin/ip6tables -w -F st_clear_detect 
03-24 00:36:58.656  3272  3713 E Netd    : exec() res=0, status=256 for /system/bin/iptables -w -X st_penalty_log 
03-24 00:36:58.659  3947  3947 W linker  : /system/lib64/libxl_stat.so: unused DT entry: type 0xf arg 0x91c7
03-24 00:36:58.668  3272  3713 E Netd    : exec() res=0, status=256 for /system/bin/ip6tables -w -X st_penalty_log 
03-24 00:36:58.675  3947  3947 W linker  : /system/lib64/libxl_thunder_sdk.so: unused DT entry: type 0xf arg 0x54006
03-24 00:36:58.682  3272  3713 E Netd    : exec() res=0, status=256 for /system/bin/iptables -w -X st_penalty_reject 
03-24 00:36:58.693  3272  3713 E Netd    : exec() res=0, status=256 for /system/bin/ip6tables -w -X st_penalty_reject 
03-24 00:36:58.704  3272  3713 E Netd    : exec() res=0, status=256 for /system/bin/iptables -w -X st_clear_caught 
03-24 00:36:58.708  3991  3991 E FeatureParser: both assets/device_features/ and /system/etc/device_features don't exist hi6210sft.xml
03-24 00:36:58.718  3272  3713 E Netd    : exec() res=0, status=256 for /system/bin/ip6tables -w -X st_clear_caught 
03-24 00:36:58.732  3272  3713 E Netd    : exec() res=0, status=256 for /system/bin/iptables -w -X st_clear_detect 
03-24 00:36:58.743  3272  3713 E Netd    : exec() res=0, status=256 for /system/bin/ip6tables -w -X st_clear_detect 
03-24 00:36:58.752  3991  3991 W ContextImpl: Calling a method in the system process without a qualified user: android.app.ContextImpl.startService:1221 android.content.ContextWrapper.startService:581 android.content.ContextWrapper.startService:581 com.android.settings.MiuiSettingsReceiver.onReceive:185 android.app.ActivityThread.handleReceiver:2725 
03-24 00:36:58.757  3991  3991 W ContextImpl: Calling a method in the system process without a qualified user: android.app.ContextImpl.startService:1221 android.content.ContextWrapper.startService:581 miui.core.SdkManager$1.run:189 android.os.Handler.handleCallback:739 android.os.Handler.dispatchMessage:95 
03-24 00:36:58.775  3991  3991 W ContextImpl: Calling a method in the system process without a qualified user: android.app.ContextImpl.startService:1221 android.content.ContextWrapper.startService:581 android.content.ContextWrapper.startService:581 com.android.settings.AnalyticsReceiver.onReceive:24 android.app.ActivityThread.handleReceiver:2725 
03-24 00:36:58.803  3991  3991 W ContextImpl: Calling a method in the system process without a qualified user: android.app.ContextImpl.startService:1221 android.content.ContextWrapper.startService:581 android.content.ContextWrapper.startService:581 com.android.settings.AnalyticsReceiver.onReceive:24 android.app.ActivityThread.handleReceiver:2725 
03-24 00:36:58.834  3947  3947 W linker  : /system/lib64/libvip_channel.so: unused DT entry: type 0xf arg 0x15b16
03-24 00:36:58.836  3991  4077 W ContextImpl: Calling a method in the system process without a qualified user: android.app.ContextImpl.bindService:1285 android.content.ContextWrapper.bindService:604 miui.analytics.Analytics.endSession:120 com.android.settings.analytics.AnalyticService.onHandleIntent:106 android.app.IntentService$ServiceHandler.handleMessage:66 
