03-24 15:02:47.887  6814  7780 W MediaProvider: Missing volume for /system/media/lockscreen/lockscreen_102.jpg; assuming invalid
03-24 15:02:47.891  6814  7780 W MediaProvider: Missing volume for /system/media/lockscreen/lockscreen_103.jpg; assuming invalid
03-24 15:02:47.895  6814  7780 W MediaProvider: Missing volume for /system/media/lockscreen/lockscreen_106.jpg; assuming invalid
03-24 15:02:47.898  6814  7780 W MediaProvider: Missing volume for /system/media/lockscreen/lockscreen_107.jpg; assuming invalid
03-24 15:02:47.902  6814  7780 W MediaProvider: Missing volume for /system/media/lockscreen/lockscreen_110.jpg; assuming invalid
03-24 15:02:47.906  6814  7780 W MediaProvider: Missing volume for /system/media/lockscreen/lockscreen_111.jpg; assuming invalid
03-24 15:02:47.909  6814  7780 W MediaProvider: Missing volume for /system/media/lockscreen/lockscreen_112.jpg; assuming invalid
03-24 15:02:47.912  6814  7780 W MediaProvider: Missing volume for /system/media/lockscreen/lockscreen_113.jpg; assuming invalid
03-24 15:02:47.915  6814  7780 W MediaProvider: Missing volume for /system/media/lockscreen/lockscreen_114.jpg; assuming invalid
03-24 15:02:47.919  6814  7780 W MediaProvider: Missing volume for /system/media/lockscreen/lockscreen_115.jpg; assuming invalid
03-24 15:02:47.923  6814  7780 W MediaProvider: Missing volume for /system/media/lockscreen/luxurious_lockscreen.jpg; assuming invalid
03-24 15:02:47.926  6814  7780 W MediaProvider: Missing volume for /system/media/wallpaper/common_wallpaper.jpg; assuming invalid
03-24 15:02:47.929  6814  7780 W MediaProvider: Missing volume for /system/media/wallpaper/wallpaper_005.jpg; assuming invalid
03-24 15:02:47.932  6814  7780 W MediaProvider: Missing volume for /system/media/wallpaper/wallpaper_006.jpg; assuming invalid
03-24 15:02:47.936  6814  7780 W MediaProvider: Missing volume for /system/media/wallpaper/wallpaper_007.jpg; assuming invalid
03-24 15:02:47.940  6814  7780 W MediaProvider: Missing volume for /system/media/wallpaper/wallpaper_115.jpg; assuming invalid
03-24 15:02:47.948  6814  7780 W MediaProvider: Missing volume for /system/media/bootanimation.zip; assuming invalid
03-24 15:02:47.952  6814  7780 W MediaProvider: Missing volume for /system/media/theme/.data/content/clock_1x2/clock.mrc; assuming invalid
03-24 15:02:47.956  6814  7780 W MediaProvider: Missing volume for /system/media/theme/.data/content/clock_2x2/clock.mrc; assuming invalid
03-24 15:02:47.959  6814  7780 W MediaProvider: Missing volume for /system/media/theme/.data/content/clock_2x2/simple_clock.mrc; assuming invalid
03-24 15:02:47.963  6814  7780 W MediaProvider: Missing volume for /system/media/theme/.data/content/clock_2x4/classical_clock.mrc; assuming invalid
03-24 15:02:47.968  6814  7780 W MediaProvider: Missing volume for /system/media/theme/.data/content/clock_2x4/clock.mrc; assuming invalid
03-24 15:02:47.982  6814  7780 W MediaProvider: Missing volume for /system/media/theme/.data/content/clock_2x4/clock_2x4.mrc; assuming invalid
03-24 15:02:47.990  6814  7780 W MediaProvider: Missing volume for /system/media/theme/.data/content/clock_2x4/simple_clock.mrc; assuming invalid
03-24 15:02:47.994  6814  7780 W MediaProvider: Missing volume for /system/media/theme/.data/content/photoframe_2x2/photoframe.mrc; assuming invalid
03-24 15:02:47.998  6814  7780 W MediaProvider: Missing volume for /system/media/theme/.data/content/photoframe_2x4/photoframe.mrc; assuming invalid
03-24 15:02:48.002  6814  7780 W MediaProvider: Missing volume for /system/media/theme/.data/content/photoframe_4x4/photoframe.mrc; assuming invalid
03-24 15:02:48.007  6814  7780 W MediaProvider: Missing volume for /system/media/theme/.data/meta/alarm/default.mrm; assuming invalid
03-24 15:02:48.011  6814  7780 W MediaProvider: Missing volume for /system/media/theme/.data/meta/alarmscreen/default.mrm; assuming invalid
03-24 15:02:48.014  6814  7780 W MediaProvider: Missing volume for /system/media/theme/.data/meta/bootanimation/default.mrm; assuming invalid
03-24 15:02:48.019  6814  7780 W MediaProvider: Missing volume for /system/media/theme/.data/meta/bootaudio/default.mrm; assuming invalid
03-24 15:02:48.025  6814  7780 W MediaProvider: Missing volume for /system/media/theme/.data/meta/clock_1x2/clock.mrm; assuming invalid
03-24 15:02:48.030  6814  7780 W MediaProvider: Missing volume for /system/media/theme/.data/meta/clock_2x2/clock.mrm; assuming invalid
03-24 15:02:48.035  6814  7780 W MediaProvider: Missing volume for /system/media/theme/.data/meta/clock_2x2/simple_clock.mrm; assuming invalid
03-24 15:02:48.041  6814  7780 W MediaProvider: Missing volume for /system/media/theme/.data/meta/clock_2x4/classical_clock.mrm; assuming invalid
03-24 15:02:48.048  6814  7780 W MediaProvider: Missing volume for /system/media/theme/.data/meta/clock_2x4/clock.mrm; assuming invalid
03-24 15:02:48.053  6814  7780 W MediaProvider: Missing volume for /system/media/theme/.data/meta/clock_2x4/clock_2x4.mrm; assuming invalid
03-24 15:02:48.055  8288  8288 W System  : ClassLoader referenced unknown path: /system/app/Email/lib/arm64
03-24 15:02:48.057  6814  7780 W MediaProvider: Missing volume for /system/media/theme/.data/meta/clock_2x4/simple_clock.mrm; assuming invalid
03-24 15:02:48.063  6814  7780 W MediaProvider: Missing volume for /system/media/theme/.data/meta/contact/default.mrm; assuming invalid
03-24 15:02:48.066  6814  7780 W MediaProvider: Missing volume for /system/media/theme/.data/meta/fonts/default.mrm; assuming invalid
03-24 15:02:48.074  6814  7780 W MediaProvider: Missing volume for /system/media/theme/.data/meta/fonts_fallback/default.mrm; assuming invalid
03-24 15:02:48.078  6814  7780 W MediaProvider: Missing volume for /system/media/theme/.data/meta/icons/default.mrm; assuming invalid
03-24 15:02:48.081  6814  7780 W MediaProvider: Missing volume for /system/media/theme/.data/meta/launcher/default.mrm; assuming invalid
03-24 15:02:48.084  6814  7780 W MediaProvider: Missing volume for /system/media/theme/.data/meta/lockscreen/default.mrm; assuming invalid
03-24 15:02:48.090  6814  7780 W MediaProvider: Missing volume for /system/media/theme/.data/meta/lockstyle/default.mrm; assuming invalid
03-24 15:02:48.093  6814  7780 W MediaProvider: Missing volume for /system/media/theme/.data/meta/mms/default.mrm; assuming invalid
03-24 15:02:48.096  6814  7780 W MediaProvider: Missing volume for /system/media/theme/.data/meta/notification/default.mrm; assuming invalid
03-24 15:02:48.100  6814  7780 W MediaProvider: Missing volume for /system/media/theme/.data/meta/photoframe_2x2/photoframe.mrm; assuming invalid
03-24 15:02:48.105  6814  7780 W MediaProvider: Missing volume for /system/media/theme/.data/meta/photoframe_2x4/photoframe.mrm; assuming invalid
03-24 15:02:48.109  6814  7780 W MediaProvider: Missing volume for /system/media/theme/.data/meta/photoframe_4x4/photoframe.mrm; assuming invalid
03-24 15:02:48.112  6814  7780 W MediaProvider: Missing volume for /system/media/theme/.data/meta/ringtone/default.mrm; assuming invalid
03-24 15:02:48.115  6814  7780 W MediaProvider: Missing volume for /system/media/theme/.data/meta/statusbar/default.mrm; assuming invalid
03-24 15:02:48.120  6814  7780 W MediaProvider: Missing volume for /system/media/theme/.data/meta/theme/default.mrm; assuming invalid
03-24 15:02:48.125  6814  7780 W MediaProvider: Missing volume for /system/media/theme/.data/meta/wallpaper/default.mrm; assuming invalid
03-24 15:02:48.128  6814  7780 W MediaProvider: Missing volume for /system/media/theme/.data/preview/clock_1x2/clock/preview_clock_0.png; assuming invalid
03-24 15:02:48.131  6814  7780 W MediaProvider: Missing volume for /system/media/theme/.data/preview/clock_2x2/clock/preview_clock_0.png; assuming invalid
03-24 15:02:48.134  6814  7780 W MediaProvider: Missing volume for /system/media/theme/.data/preview/clock_2x2/simple_clock/preview_clock_0.png; assuming invalid
03-24 15:02:48.139  6814  7780 W MediaProvider: Missing volume for /system/media/theme/.data/preview/clock_2x4/classical_clock/en_US_preview_clock_0.png; assuming invalid
03-24 15:02:48.143  6814  7780 W MediaProvider: Missing volume for /system/media/theme/.data/preview/clock_2x4/classical_clock/preview_clock_0.png; assuming invalid
03-24 15:02:48.147  6814  7780 W MediaProvider: Missing volume for /system/media/theme/.data/preview/clock_2x4/clock/en_US_preview_clock_0.png; assuming invalid
03-24 15:02:48.150  6814  7780 W MediaProvider: Missing volume for /system/media/theme/.data/preview/clock_2x4/clock/preview_clock_0.png; assuming invalid
03-24 15:02:48.157  6814  7780 W MediaProvider: Missing volume for /system/media/theme/.data/preview/clock_2x4/clock_2x4/preview_clock_0.png; assuming invalid
03-24 15:02:48.160  6814  7780 W MediaProvider: Missing volume for /system/media/theme/.data/preview/clock_2x4/simple_clock/en_US_preview_clock_0.png; assuming invalid
03-24 15:02:48.164  6814  7780 W MediaProvider: Missing volume for /system/media/theme/.data/preview/clock_2x4/simple_clock/preview_clock_0.png; assuming invalid
03-24 15:02:48.169  6814  7780 W MediaProvider: Missing volume for /system/media/theme/.data/preview/default/en_US_contact_0.jpg; assuming invalid
03-24 15:02:48.172  3395  3488 E libgps  : LIBGPS: Cannot communicate (write) with a GPSD
03-24 15:02:48.172  3395  3488 E libgps  : IPC Communication Error 1, ../../../../tmp/14477502_250069/proprietary/deliverables/android/gps_interface/gpsi_client/GpsiClient.cpp:2213 configuration_update
03-24 15:02:48.175  6814  7780 W MediaProvider: Missing volume for /system/media/theme/.data/preview/default/en_US_fonts_0.jpg; assuming invalid
03-24 15:02:48.181  6814  7780 W MediaProvider: Missing volume for /system/media/theme/.data/preview/default/en_US_fonts_1.jpg; assuming invalid
03-24 15:02:48.185  6814  7780 W MediaProvider: Missing volume for /system/media/theme/.data/preview/default/en_US_fonts_2.jpg; assuming invalid
03-24 15:02:48.196  6814  7780 W MediaProvider: Missing volume for /system/media/theme/.data/preview/default/en_US_fonts_3.jpg; assuming invalid
03-24 15:02:48.199  6814  7780 W MediaProvider: Missing volume for /system/media/theme/.data/preview/default/en_US_fonts_small_0.png; assuming invalid
03-24 15:02:48.203  6814  7780 W MediaProvider: Missing volume for /system/media/theme/.data/preview/default/en_US_launcher_0.jpg; assuming invalid
03-24 15:02:48.208  6814  7780 W MediaProvider: Missing volume for /system/media/theme/.data/preview/default/en_US_launcher_1.jpg; assuming invalid
03-24 15:02:48.212  6814  7780 W MediaProvider: Missing volume for /system/media/theme/.data/preview/default/en_US_lockscreen_0.jpg; assuming invalid
03-24 15:02:48.215  6814  7780 W MediaProvider: Missing volume for /system/media/theme/.data/preview/default/en_US_mms_0.jpg; assuming invalid
03-24 15:02:48.219  6814  7780 W MediaProvider: Missing volume for /system/media/theme/.data/preview/default/en_US_mms_1.jpg; assuming invalid
03-24 15:02:48.223  6814  7780 W MediaProvider: Missing volume for /system/media/theme/.data/preview/default/en_US_statusbar_0.jpg; assuming invalid
03-24 15:02:48.227  6814  7780 W MediaProvider: Missing volume for /system/media/theme/.data/preview/default/en_US_statusbar_1.jpg; assuming invalid
03-24 15:02:48.231  6814  7780 W MediaProvider: Missing volume for /system/media/theme/.data/preview/default/preview_animation_0.png; assuming invalid
03-24 15:02:48.234  6814  7780 W MediaProvider: Missing volume for /system/media/theme/.data/preview/default/preview_contact_0.jpg; assuming invalid
03-24 15:02:48.238  6814  7780 W MediaProvider: Missing volume for /system/media/theme/.data/preview/default/preview_fonts_0.jpg; assuming invalid
03-24 15:02:48.243  6814  7780 W MediaProvider: Missing volume for /system/media/theme/.data/preview/default/preview_fonts_1.jpg; assuming invalid
03-24 15:02:48.247  6814  7780 W MediaProvider: Missing volume for /system/media/theme/.data/preview/default/preview_fonts_2.jpg; assuming invalid
03-24 15:02:48.251  6814  7780 W MediaProvider: Missing volume for /system/media/theme/.data/preview/default/preview_fonts_3.jpg; assuming invalid
03-24 15:02:48.255  6814  7780 W MediaProvider: Missing volume for /system/media/theme/.data/preview/default/preview_fonts_small_0.png; assuming invalid
03-24 15:02:48.276  6814  7780 W MediaProvider: Missing volume for /system/media/theme/.data/preview/default/preview_icons_0.jpg; assuming invalid
03-24 15:02:48.280  6814  7780 W MediaProvider: Missing volume for /system/media/theme/.data/preview/default/preview_icons_1.jpg; assuming invalid
03-24 15:02:48.283  6814  7780 W MediaProvider: Missing volume for /system/media/theme/.data/preview/default/preview_icons_small_0.jpg; assuming invalid
03-24 15:02:48.288  6814  7780 W MediaProvider: Missing volume for /system/media/theme/.data/preview/default/preview_launcher_0.jpg; assuming invalid
03-24 15:02:48.295  6814  7780 W MediaProvider: Missing volume for /system/media/theme/.data/preview/default/preview_launcher_1.jpg; assuming invalid
03-24 15:02:48.298  6814  7780 W MediaProvider: Missing volume for /system/media/theme/.data/preview/default/preview_lockscreen_0.jpg; assuming invalid
03-24 15:02:48.306  6814  7780 W MediaProvider: Missing volume for /system/media/theme/.data/preview/default/preview_mms_0.jpg; assuming invalid
03-24 15:02:48.311  6814  7780 W MediaProvider: Missing volume for /system/media/theme/.data/preview/default/preview_mms_1.jpg; assuming invalid
03-24 15:02:48.317  6814  7780 W MediaProvider: Missing volume for /system/media/theme/.data/preview/default/preview_statusbar_0.jpg; assuming invalid
03-24 15:02:48.323  6814  7780 W MediaProvider: Missing volume for /system/media/theme/.data/preview/default/preview_statusbar_1.jpg; assuming invalid
03-24 15:02:48.323  3395  6576 W ActivityManager: Unable to start service Intent { pkg=com.android.email cmp=com.android.email/com.kingsoft.email.service.AttachmentDownloadService } U=0: not found
03-24 15:02:48.325  3395  6618 W ActivityManager: Unable to start service Intent { pkg=com.android.email cmp=com.android.email/com.kingsoft.email.service.Pop3Service } U=0: not found
03-24 15:02:48.326  3395  3487 W ActivityManager: Unable to start service Intent { pkg=com.android.email cmp=com.android.email/com.kingsoft.email.service.ImapService } U=0: not found
03-24 15:02:48.327  3395  6645 W ActivityManager: Unable to start service Intent { pkg=com.android.email cmp=com.android.email/com.kingsoft.email.service.ImapPushService } U=0: not found
03-24 15:02:48.327  3395  6175 W ActivityManager: Unable to start service Intent { pkg=com.android.email cmp=com.android.email/com.kingsoft.exchange.service.EmailSyncAdapterService } U=0: not found
03-24 15:02:48.328  6814  7780 W MediaProvider: Missing volume for /system/media/theme/.data/preview/miwallpaper/preview_miwallpaper_0.jpg; assuming invalid
03-24 15:02:48.334  6814  7780 W MediaProvider: Missing volume for /system/media/theme/.data/preview/photoframe_2x2/photoframe/preview_photoframe_0.png; assuming invalid
03-24 15:02:48.341  6814  7780 W MediaProvider: Missing volume for /system/media/theme/.data/preview/photoframe_2x4/photoframe/preview_photoframe_0.png; assuming invalid
03-24 15:02:48.348  6814  7780 W MediaProvider: Missing volume for /system/media/theme/.data/preview/photoframe_4x4/photoframe/preview_photoframe_0.png; assuming invalid
03-24 15:02:48.353  6814  7780 W MediaProvider: Missing volume for /system/media/theme/.data/rights/default.mra; assuming invalid
03-24 15:02:48.358  6814  7780 W MediaProvider: Missing volume for /system/media/theme/default.mtz; assuming invalid
03-24 15:02:48.361  6814  7780 W MediaProvider: Missing volume for /system/media/theme/default/gadgets/calculator.mtz; assuming invalid
03-24 15:02:48.365  6814  7780 W MediaProvider: Missing volume for /system/media/theme/default/gadgets/clock.mtz; assuming invalid
03-24 15:02:48.368  6814  7780 W MediaProvider: Missing volume for /system/media/theme/default/gadgets/notes.mtz; assuming invalid
03-24 15:02:48.372  6814  7780 W MediaProvider: Missing volume for /system/media/theme/default/gadgets/weather_4x1.mtz; assuming invalid
03-24 15:02:48.378  6814  7780 W MediaProvider: Missing volume for /system/media/theme/default/gadgets/weather_4x4.mtz; assuming invalid
03-24 15:02:48.381  6814  7780 W MediaProvider: Missing volume for /system/media/theme/default/gadgets/weather_clock.mtz; assuming invalid
03-24 15:02:48.384  6814  7780 W MediaProvider: Missing volume for /system/media/theme/default/icons; assuming invalid
03-24 15:02:48.388  6814  7780 W MediaProvider: Missing volume for /system/media/theme/default/keyguardmusicview; assuming invalid
03-24 15:02:48.393  6814  7780 W MediaProvider: Missing volume for /system/media/theme/default/lock_wallpaper; assuming invalid
03-24 15:02:48.396  6814  7780 W MediaProvider: Missing volume for /system/media/theme/default/powermenu; assuming invalid
03-24 15:02:48.399  6814  7780 W MediaProvider: Missing volume for /system/media/theme/default/recentspanelmusiccontrol; assuming invalid
03-24 15:02:48.403  6814  7780 W MediaProvider: Missing volume for /system/media/theme/miui_mod_icons/.nomedia; assuming invalid
03-24 15:02:48.405  3395  6112 W BroadcastQueue: Permission Denial: receiving Intent { act=android.intent.action.BOOT_COMPLETED flg=0x8000010 (has extras) } to com.android.fileexplorer/.monitor.service.BootReceiver requires android.permission.RECEIVE_BOOT_COMPLETED due to sender null (uid 1000)
03-24 15:02:48.429  6814  7780 W MediaProvider: Missing volume for /system/media/theme/miui_mod_icons/android.png; assuming invalid
03-24 15:02:48.432  6814  7780 W MediaProvider: Missing volume for /system/media/theme/miui_mod_icons/com.android.bluetooth.png; assuming invalid
03-24 15:02:48.436  6814  7780 W MediaProvider: Missing volume for /system/media/theme/miui_mod_icons/com.android.browser.png; assuming invalid
03-24 15:02:48.449  6814  7780 W MediaProvider: Missing volume for /system/media/theme/miui_mod_icons/com.android.calculator2.png; assuming invalid
03-24 15:02:48.455  6814  7780 W MediaProvider: Missing volume for /system/media/theme/miui_mod_icons/com.android.calendar.png; assuming invalid
03-24 15:02:48.460  6814  7780 W MediaProvider: Missing volume for /system/media/theme/miui_mod_icons/com.android.camera.png; assuming invalid
03-24 15:02:48.465  6814  7780 W MediaProvider: Missing volume for /system/media/theme/miui_mod_icons/com.android.contacts.activities.TwelveKeyDialer.png; assuming invalid
03-24 15:02:48.468  6814  7780 W MediaProvider: Missing volume for /system/media/theme/miui_mod_icons/com.android.contacts.png; assuming invalid
03-24 15:02:48.470  6549  6741 W WtProcessController: do not trim { PackageName :com.android.settings Pid: 6908 Uid: 1000 Start by: content provider Score:90 Old score:90 state:0 mBackgroundTimeInMillis:1521874940896 WakelockCount:0 wakelogsize:0  ActivityDestroied:false Activity size: 0 PackageInfo:{WhetstonePackageInfo#PacakgeName:com.android.settings uid:1000 uiMemoryThresold:0 nonUiMemoryThresold:0 Flag:-2147480764,0x80000b44 [,DestoryActivity,TRIMHEAPS,TRIM_OPENGL,APP_SYSTEM,TRIMPROCESS_BY_ACTIVITY] Type:0[] } tasknum:-1}
03-24 15:02:48.474  6814  7780 W MediaProvider: Missing volume for /system/media/theme/miui_mod_icons/com.android.deskclock.png; assuming invalid
03-24 15:02:48.479  6814  7780 W MediaProvider: Missing volume for /system/media/theme/miui_mod_icons/com.android.documentsui.png; assuming invalid
03-24 15:02:48.482  6814  7780 W MediaProvider: Missing volume for /system/media/theme/miui_mod_icons/com.android.email.png; assuming invalid
03-24 15:02:48.488  6814  7780 W MediaProvider: Missing volume for /system/media/theme/miui_mod_icons/com.android.fileexplorer.png; assuming invalid
03-24 15:02:48.494  6814  7780 W MediaProvider: Missing volume for /system/media/theme/miui_mod_icons/com.android.mms.png; assuming invalid
03-24 15:02:48.499  6814  7780 W MediaProvider: Missing volume for /system/media/theme/miui_mod_icons/com.android.music.png; assuming invalid
03-24 15:02:48.502  6814  7780 W MediaProvider: Missing volume for /system/media/theme/miui_mod_icons/com.android.phone.png; assuming invalid
03-24 15:02:48.507  6814  7780 W MediaProvider: Missing volume for /system/media/theme/miui_mod_icons/com.android.providers.calendar.png; assuming invalid
03-24 15:02:48.510  6814  7780 W MediaProvider: Missing volume for /system/media/theme/miui_mod_icons/com.android.providers.contacts.CallLogProvider.png; assuming invalid
03-24 15:02:48.513  6814  7780 W MediaProvider: Missing volume for /system/media/theme/miui_mod_icons/com.android.providers.contacts.png; assuming invalid
03-24 15:02:48.517  6814  7780 W MediaProvider: Missing volume for /system/media/theme/miui_mod_icons/com.android.providers.downloads.png; assuming invalid
03-24 15:02:48.520  6814  7780 W MediaProvider: Missing volume for /system/media/theme/miui_mod_icons/com.android.providers.downloads.ui.png; assuming invalid
03-24 15:02:48.524  6814  7780 W MediaProvider: Missing volume for /system/media/theme/miui_mod_icons/com.android.providers.telephony.png; assuming invalid
03-24 15:02:48.529  6814  7780 W MediaProvider: Missing volume for /system/media/theme/miui_mod_icons/com.android.quicksearchbox.png; assuming invalid
03-24 15:02:48.532  6814  7780 W MediaProvider: Missing volume for /system/media/theme/miui_mod_icons/com.android.settings.png; assuming invalid
03-24 15:02:48.535  6814  7780 W MediaProvider: Missing volume for /system/media/theme/miui_mod_icons/com.android.settings.wifi.WifiProvider.png; assuming invalid
03-24 15:02:48.539  6814  7780 W MediaProvider: Missing volume for /system/media/theme/miui_mod_icons/com.android.soundrecorder.png; assuming invalid
03-24 15:02:48.541  6549  6741 W WtProcessController: do not trim { PackageName :com.miui.personalassistant Pid: 6440 Uid: 1000 Start by: unknown Score:90 Old score:90 state:0 mBackgroundTimeInMillis:1521874940354 WakelockCount:0 wakelogsize:0  ActivityDestroied:false Activity size: 0 PackageInfo:{WhetstonePackageInfo#PacakgeName:com.miui.personalassistant uid:1000 uiMemoryThresold:0 nonUiMemoryThresold:0 Flag:-2147482624,0x80000400 [,SOFT_RESET,APP_SYSTEM] Type:0[] } tasknum:-1}
03-24 15:02:48.544  6814  7780 W MediaProvider: Missing volume for /system/media/theme/miui_mod_icons/com.android.stk.StkLauncherActivity2.png; assuming invalid
03-24 15:02:48.548  6814  7780 W MediaProvider: Missing volume for /system/media/theme/miui_mod_icons/com.android.stk.cu.2.png; assuming invalid
03-24 15:02:48.549  8318  8318 W System  : ClassLoader referenced unknown path: /system/app/GameCenter/lib/arm64
03-24 15:02:48.551  6814  7780 W MediaProvider: Missing volume for /system/media/theme/miui_mod_icons/com.android.stk.cu.png; assuming invalid
03-24 15:02:48.554  6814  7780 W MediaProvider: Missing volume for /system/media/theme/miui_mod_icons/com.android.stk.png; assuming invalid
03-24 15:02:48.558  6814  7780 W MediaProvider: Missing volume for /system/media/theme/miui_mod_icons/com.android.system.notification_phone.png; assuming invalid
03-24 15:02:48.563  6814  7780 W MediaProvider: Missing volume for /system/media/theme/miui_mod_icons/com.android.system.usb_notifications_button.png; assuming invalid
03-24 15:02:48.566  6814  7780 W MediaProvider: Missing volume for /system/media/theme/miui_mod_icons/com.android.systemui.png; assuming invalid
03-24 15:02:48.571  6814  7780 W MediaProvider: Missing volume for /system/media/theme/miui_mod_icons/com.android.thememanager.png; assuming invalid
03-24 15:02:48.575  6814  7780 W MediaProvider: Missing volume for /system/media/theme/miui_mod_icons/com.android.updater.png; assuming invalid
03-24 15:02:48.579  6814  7780 W MediaProvider: Missing volume for /system/media/theme/miui_mod_icons/com.asiainfo.android.png; assuming invalid
03-24 15:02:48.583  6814  7780 W MediaProvider: Missing volume for /system/media/theme/miui_mod_icons/com.baidu.BaiduMap.png; assuming invalid
03-24 15:02:48.586  6814  7780 W MediaProvider: Missing volume for /system/media/theme/miui_mod_icons/com.duokan.phone.remotecontroller.png; assuming invalid
03-24 15:02:48.591  6814  7780 W MediaProvider: Missing volume for /system/media/theme/miui_mod_icons/com.eg.android.AlipayGphone.png; assuming invalid
03-24 15:02:48.595  6814  7780 W MediaProvider: Missing volume for /system/media/theme/miui_mod_icons/com.infinit.wostore.ui.png; assuming invalid
03-24 15:02:48.598  6814  7780 W MediaProvider: Missing volume for /system/media/theme/miui_mod_icons/com.mi.global.shop.png; assuming invalid
03-24 15:02:48.601  6814  7780 W MediaProvider: Missing volume for /system/media/theme/miui_mod_icons/com.mi.misupport.png; assuming invalid
03-24 15:02:48.604  6814  7780 W MediaProvider: Missing volume for /system/media/theme/miui_mod_icons/com.mipay.wallet.png; assuming invalid
03-24 15:02:48.609  6814  7780 W MediaProvider: Missing volume for /system/media/theme/miui_mod_icons/com.miui.antispam.png; assuming invalid
03-24 15:02:48.613  6814  7780 W MediaProvider: Missing volume for /system/media/theme/miui_mod_icons/com.miui.backup.png; assuming invalid
03-24 15:02:48.616  6814  7780 W MediaProvider: Missing volume for /system/media/theme/miui_mod_icons/com.miui.barcodescanner.png; assuming invalid
03-24 15:02:48.620  6814  7780 W MediaProvider: Missing volume for /system/media/theme/miui_mod_icons/com.miui.bugreport.png; assuming invalid
03-24 15:02:48.624  6814  7780 W MediaProvider: Missing volume for /system/media/theme/miui_mod_icons/com.miui.calculator.png; assuming invalid
03-24 15:02:48.630  6814  7780 W MediaProvider: Missing volume for /system/media/theme/miui_mod_icons/com.miui.cloudappbackup.png; assuming invalid
03-24 15:02:48.633  6814  7780 W MediaProvider: Missing volume for /system/media/theme/miui_mod_icons/com.miui.cloudbackup.png; assuming invalid
03-24 15:02:48.636  6814  7780 W MediaProvider: Missing volume for /system/media/theme/miui_mod_icons/com.miui.cloudservice.png; assuming invalid
03-24 15:02:48.640  6814  7780 W MediaProvider: Missing volume for /system/media/theme/miui_mod_icons/com.miui.cloudservice.storage.png; assuming invalid
03-24 15:02:48.643  6814  7780 W MediaProvider: Missing volume for /system/media/theme/miui_mod_icons/com.miui.compass.png; assuming invalid
03-24 15:02:48.647  6814  7780 W MediaProvider: Missing volume for /system/media/theme/miui_mod_icons/com.miui.fm.png; assuming invalid
03-24 15:02:48.650  6814  7780 W MediaProvider: Missing volume for /system/media/theme/miui_mod_icons/com.miui.fmradio.png; assuming invalid
03-24 15:02:48.654  6814  7780 W MediaProvider: Missing volume for /system/media/theme/miui_mod_icons/com.miui.gallery.png; assuming invalid
03-24 15:02:48.658  6814  7780 W MediaProvider: Missing volume for /system/media/theme/miui_mod_icons/com.miui.home.toggle_bg.png; assuming invalid
03-24 15:02:48.662  6814  7780 W MediaProvider: Missing volume for /system/media/theme/miui_mod_icons/com.miui.notes.png; assuming invalid
03-24 15:02:48.665  6814  7780 W MediaProvider: Missing volume for /system/media/theme/miui_mod_icons/com.miui.player.png; assuming invalid
03-24 15:02:48.665  8051  8051 W ResourceType: Failure getting entry for 0x7f0a12f8 (t=9 e=4856) (error -75)
03-24 15:02:48.668  6814  7780 W MediaProvider: Missing volume for /system/media/theme/miui_mod_icons/com.miui.securitycenter.png; assuming invalid
03-24 15:02:48.671  6814  7780 W MediaProvider: Missing volume for /system/media/theme/miui_mod_icons/com.miui.supermarket.png; assuming invalid
03-24 15:02:48.676  8051  8051 W ResourceType: Failure getting entry for 0x7f0a12fa (t=9 e=4858) (error -75)
03-24 15:02:48.676  6814  7780 W MediaProvider: Missing volume for /system/media/theme/miui_mod_icons/com.miui.userbook.png; assuming invalid
03-24 15:02:48.682  6814  7780 W MediaProvider: Missing volume for /system/media/theme/miui_mod_icons/com.miui.video.png; assuming invalid
03-24 15:02:48.685  6814  7780 W MediaProvider: Missing volume for /system/media/theme/miui_mod_icons/com.miui.voiceassist.png; assuming invalid
03-24 15:02:48.689  6814  7780 W MediaProvider: Missing volume for /system/media/theme/miui_mod_icons/com.miui.weather2.png; assuming invalid
03-24 15:02:48.692  6814  7780 W MediaProvider: Missing volume for /system/media/theme/miui_mod_icons/com.neusoft.td.android.wo116114.png; assuming invalid
03-24 15:02:48.696  6814  7780 W MediaProvider: Missing volume for /system/media/theme/miui_mod_icons/com.sina.weibo.png; assuming invalid
03-24 15:02:48.700  6814  7780 W MediaProvider: Missing volume for /system/media/theme/miui_mod_icons/com.sinovatech.unicom.ui.png; assuming invalid
03-24 15:02:48.703  6814  7780 W MediaProvider: Missing volume for /system/media/theme/miui_mod_icons/com.taobao.taobao.png; assuming invalid
03-24 15:02:48.707  6814  7780 W MediaProvider: Missing volume for /system/media/theme/miui_mod_icons/com.tencent.mm.png; assuming invalid
03-24 15:02:48.711  6814  7780 W MediaProvider: Missing volume for /system/media/theme/miui_mod_icons/com.tencent.mobileqq.png; assuming invalid
03-24 15:02:48.715  6814  7780 W MediaProvider: Missing volume for /system/media/theme/miui_mod_icons/com.tencent.qqlive.png; assuming invalid
03-24 15:02:48.718  6814  7780 W MediaProvider: Missing volume for /system/media/theme/miui_mod_icons/com.tmall.wireless.png; assuming invalid
03-24 15:02:48.721  6814  7780 W MediaProvider: Missing volume for /system/media/theme/miui_mod_icons/com.xiaomi.account.png; assuming invalid
03-24 15:02:48.725  6814  7780 W MediaProvider: Missing volume for /system/media/theme/miui_mod_icons/com.xiaomi.antifake.png; assuming invalid
03-24 15:02:48.729  6814  7780 W MediaProvider: Missing volume for /system/media/theme/miui_mod_icons/com.xiaomi.channel.png; assuming invalid
03-24 15:02:48.732  6814  7780 W MediaProvider: Missing volume for /system/media/theme/miui_mod_icons/com.xiaomi.gamecenter.pad.png; assuming invalid
03-24 15:02:48.736  6814  7780 W MediaProvider: Missing volume for /system/media/theme/miui_mod_icons/com.xiaomi.gamecenter.png; assuming invalid
03-24 15:02:48.739  6814  7780 W MediaProvider: Missing volume for /system/media/theme/miui_mod_icons/com.xiaomi.jr.png; assuming invalid
03-24 15:02:48.742  6549  6741 W WtProcessController: do not trim { PackageName :com.android.thememanager Pid: 6686 Uid: 1000 Start by: unknown Score:90 Old score:90 state:0 mBackgroundTimeInMillis:1521874940346 WakelockCount:0 wakelogsize:0  ActivityDestroied:false Activity size: 0 PackageInfo:{WhetstonePackageInfo#PacakgeName:com.android.thememanager uid:1000 uiMemoryThresold:0 nonUiMemoryThresold:0 Flag:-2147477948,0x80001644 [,DestoryActivity,TRIMHEAPS,TRIM_OPENGL,SOFT_RESET,APP_SYSTEM,FLAG_DEAL_SCHEDULE] Type:0[] } tasknum:-1}
03-24 15:02:48.744  6814  7780 W MediaProvider: Missing volume for /system/media/theme/miui_mod_icons/com.xiaomi.o2o.png; assuming invalid
03-24 15:02:48.744  3395  6603 W ActivityManager: Unable to start service Intent { act=com.android.mail.action.BACKUP_DATA_CHANGED pkg=com.android.email } U=0: not found
03-24 15:02:48.748  6814  7780 W MediaProvider: Missing volume for /system/media/theme/miui_mod_icons/com.xiaomi.payment.MiliCenterEntryActivity.png; assuming invalid
03-24 15:02:48.752  6814  7780 W MediaProvider: Missing volume for /system/media/theme/miui_mod_icons/com.xiaomi.payment.png; assuming invalid
03-24 15:02:48.755  6814  7780 W MediaProvider: Missing volume for /system/media/theme/miui_mod_icons/com.xiaomi.shop.png; assuming invalid
03-24 15:02:48.759  6814  7780 W MediaProvider: Missing volume for /system/media/theme/miui_mod_icons/com.xiaomi.smarthome.png; assuming invalid
03-24 15:02:48.762  6814  7780 W MediaProvider: Missing volume for /system/media/theme/miui_mod_icons/com.xiaomi.tag.png; assuming invalid
03-24 15:02:48.765  6814  7780 W MediaProvider: Missing volume for /system/media/theme/miui_mod_icons/com.xiaomi.xmsf.CloudMessaging.png; assuming invalid
03-24 15:02:48.768  6814  7780 W MediaProvider: Missing volume for /system/media/theme/miui_mod_icons/com.xiaomi.xmsf.FindDevice.png; assuming invalid
03-24 15:02:48.772  6814  7780 W MediaProvider: Missing volume for /system/media/theme/miui_mod_icons/com.xiaomi.xmsf.account.ui.MiCloudSettingsActivity.png; assuming invalid
03-24 15:02:48.777  6814  7780 W MediaProvider: Missing volume for /system/media/theme/miui_mod_icons/com.xiaomi.xmsf.payment.MiliCenterEntryActivity.png; assuming invalid
03-24 15:02:48.781  6814  7780 W MediaProvider: Missing volume for /system/media/theme/miui_mod_icons/com.yidian.xiaomi.png; assuming invalid
03-24 15:02:48.786  6814  7780 W MediaProvider: Missing volume for /system/media/theme/miui_mod_icons/com.youku.phone.png; assuming invalid
03-24 15:02:48.790  6814  7780 W MediaProvider: Missing volume for /system/media/theme/miui_mod_icons/preset_shortcut_10086.png; assuming invalid
03-24 15:02:48.793  3395  6176 W ActivityManager: Unable to start service Intent { act=com.kingsoft.email.ACTION_IMAPPUSH_START flg=0x20 pkg=com.android.email cmp=com.android.email/com.kingsoft.email.service.ImapPushService (has extras) } U=0: not found
03-24 15:02:48.794  6814  7780 W MediaProvider: Missing volume for /system/media/theme/miui_mod_icons/sym_def_app_icon.png; assuming invalid
03-24 15:02:48.794  3395  6618 W ActivityManager: Unable to start service Intent { act=com.android.email.EXCHANGE_INTENT cmp=com.android.email/com.kingsoft.exchange.service.EmailSyncAdapterService (has extras) } U=0: not found
03-24 15:02:48.799  6814  7780 W MediaProvider: Missing volume for /system/media/theme/theme_compatibility.xml; assuming invalid
03-24 15:02:48.811  3395  6175 W AlarmManager: set/setRepeating ignored because there is no intent
03-24 15:02:48.907  8051  8051 W ResourceType: Failure getting entry for 0x7f08052f (t=7 e=1327) (error -75)
03-24 15:02:48.911  6549  6741 W WtProcessController: do not trim { PackageName :com.miui.powerkeeper Pid: 6924 Uid: 1000 Start by: service Score:90 Old score:90 state:0 mBackgroundTimeInMillis:1521874941180 WakelockCount:0 wakelogsize:0  ActivityDestroied:false Activity size: 0 PackageInfo:{WhetstonePackageInfo#PacakgeName:com.miui.powerkeeper uid:1000 uiMemoryThresold:0 nonUiMemoryThresold:0 Flag:-2147483648,0x80000000 [,APP_SYSTEM] Type:0[] } tasknum:-1}
03-24 15:02:48.913  6814  7780 W MediaProvider: Missing volume for /system/media/audio/ringtones/Road_Trip.ogg; assuming invalid
03-24 15:02:48.917  6814  7780 W MediaProvider: Missing volume for /system/media/audio/ringtones/RomancingTheTone.ogg; assuming invalid
03-24 15:02:48.921  6814  7780 W MediaProvider: Missing volume for /system/media/audio/ringtones/Safari.ogg; assuming invalid
03-24 15:02:48.924  6814  7780 W MediaProvider: Missing volume for /system/media/audio/ringtones/Savannah.ogg; assuming invalid
03-24 15:02:48.929  6814  7780 W MediaProvider: Missing volume for /system/media/audio/ringtones/Scarabaeus.ogg; assuming invalid
03-24 15:02:48.932  6814  7780 W MediaProvider: Missing volume for /system/media/audio/ringtones/Sceptrum.ogg; assuming invalid
03-24 15:02:48.936  6814  7780 W MediaProvider: Missing volume for /system/media/audio/ringtones/Seville.ogg; assuming invalid
03-24 15:02:48.940  6814  7780 W MediaProvider: Missing volume for /system/media/audio/ringtones/Shes_All_That.ogg; assuming invalid
03-24 15:02:48.944  6814  7780 W MediaProvider: Missing volume for /system/media/audio/ringtones/SilkyWay.ogg; assuming invalid
03-24 15:02:48.948  6814  7780 W MediaProvider: Missing volume for /system/media/audio/ringtones/SitarVsSitar.ogg; assuming invalid
03-24 15:02:48.952  6814  7780 W MediaProvider: Missing volume for /system/media/audio/ringtones/Solarium.ogg; assuming invalid
03-24 15:02:48.969  6814  7780 W MediaProvider: Missing volume for /system/media/audio/ringtones/SpringyJalopy.ogg; assuming invalid
03-24 15:02:48.975  6814  7780 W MediaProvider: Missing volume for /system/media/audio/ringtones/Steppin_Out.ogg; assuming invalid
03-24 15:02:48.979  6814  7780 W MediaProvider: Missing volume for /system/media/audio/ringtones/Terminated.ogg; assuming invalid
03-24 15:02:48.984  6814  7780 W MediaProvider: Missing volume for /system/media/audio/ringtones/Testudo.ogg; assuming invalid
03-24 15:02:48.989  6814  7780 W MediaProvider: Missing volume for /system/media/audio/ringtones/Themos.ogg; assuming invalid
03-24 15:02:48.993  6814  7780 W MediaProvider: Missing volume for /system/media/audio/ringtones/Thinker.ogg; assuming invalid
03-24 15:02:48.996  6814  7780 W MediaProvider: Missing volume for /system/media/audio/ringtones/Third_Eye.ogg; assuming invalid
03-24 15:02:49.000  6814  7780 W MediaProvider: Missing volume for /system/media/audio/ringtones/Thunderfoot.ogg; assuming invalid
03-24 15:02:49.004  6814  7780 W MediaProvider: Missing volume for /system/media/audio/ringtones/ToyRobot.ogg; assuming invalid
03-24 15:02:49.008  6814  7780 W MediaProvider: Missing volume for /system/media/audio/ringtones/TwirlAway.ogg; assuming invalid
03-24 15:02:49.012  6814  7780 W MediaProvider: Missing volume for /system/media/audio/ringtones/URSAMINOR.ogg; assuming invalid
03-24 15:02:49.016  6814  7780 W MediaProvider: Missing volume for /system/media/audio/ringtones/UrsaMinor.ogg; assuming invalid
03-24 15:02:49.020  6814  7780 W MediaProvider: Missing volume for /system/media/audio/ringtones/VeryAlarmed.ogg; assuming invalid
03-24 15:02:49.023  6814  7780 W MediaProvider: Missing volume for /system/media/audio/ringtones/Vespa.ogg; assuming invalid
03-24 15:02:49.027  6814  7780 W MediaProvider: Missing volume for /system/media/audio/ringtones/World.ogg; assuming invalid
03-24 15:02:49.032  6814  7780 W MediaProvider: Missing volume for /system/media/audio/ringtones/Zeta.ogg; assuming invalid
03-24 15:02:49.036  6814  7780 W MediaProvider: Missing volume for /system/media/audio/ringtones/hydra.ogg; assuming invalid
03-24 15:02:49.042  6814  7780 W MediaProvider: Missing volume for /system/media/audio/ui/Dock.ogg; assuming invalid
03-24 15:02:49.047  6814  7780 W MediaProvider: Missing volume for /system/media/audio/ui/Effect_Tick.ogg; assuming invalid
03-24 15:02:49.053  6814  7780 W MediaProvider: Missing volume for /system/media/audio/ui/HeiHei.mp3; assuming invalid
03-24 15:02:49.058  6814  7780 W MediaProvider: Missing volume for /system/media/audio/ui/KeypressDelete.ogg; assuming invalid
03-24 15:02:49.062  2501  7875 E MetadataRetrieverClient: failed to extract an album art
03-24 15:02:49.064  6814  7780 W MediaProvider: Missing volume for /system/media/audio/ui/KeypressInvalid.ogg; assuming invalid
03-24 15:02:49.070  6814  7780 W MediaProvider: Missing volume for /system/media/audio/ui/KeypressReturn.ogg; assuming invalid
03-24 15:02:49.075  6814  7780 W MediaProvider: Missing volume for /system/media/audio/ui/KeypressSpacebar.ogg; assuming invalid
03-24 15:02:49.082  6814  7780 W MediaProvider: Missing volume for /system/media/audio/ui/KeypressStandard.ogg; assuming invalid
03-24 15:02:49.087  6814  7780 W MediaProvider: Missing volume for /system/media/audio/ui/Lock.ogg; assuming invalid
03-24 15:02:49.091  6814  7780 W MediaProvider: Missing volume for /system/media/audio/ui/LowBattery.ogg; assuming invalid
03-24 15:02:49.096  6814  7780 W MediaProvider: Missing volume for /system/media/audio/ui/MessageComplete.ogg; assuming invalid
03-24 15:02:49.100  6814  7780 W MediaProvider: Missing volume for /system/media/audio/ui/MessageIncoming.ogg; assuming invalid
03-24 15:02:49.104  6814  7780 W MediaProvider: Missing volume for /system/media/audio/ui/MessageSendOut.ogg; assuming invalid
03-24 15:02:49.108  6814  7780 W MediaProvider: Missing volume for /system/media/audio/ui/MessageSending.ogg; assuming invalid
03-24 15:02:49.113  6814  7780 W MediaProvider: Missing volume for /system/media/audio/ui/MusicShake.ogg; assuming invalid
03-24 15:02:49.117  6814  7780 W MediaProvider: Missing volume for /system/media/audio/ui/NumberPickerValueChange.ogg; assuming invalid
03-24 15:02:49.122  6814  7780 W MediaProvider: Missing volume for /system/media/audio/ui/SystemDelete.ogg; assuming invalid
03-24 15:02:49.127  6814  7780 W MediaProvider: Missing volume for /system/media/audio/ui/SystemError.ogg; assuming invalid
03-24 15:02:49.132  6814  7780 W MediaProvider: Missing volume for /system/media/audio/ui/SystemTurnOff.ogg; assuming invalid
03-24 15:02:49.138  6814  7780 W MediaProvider: Missing volume for /system/media/audio/ui/Trusted.ogg; assuming invalid
03-24 15:02:49.143  6814  7780 W MediaProvider: Missing volume for /system/media/audio/ui/Undock.ogg; assuming invalid
03-24 15:02:49.153  6814  7780 W MediaProvider: Missing volume for /system/media/audio/ui/Unlock.ogg; assuming invalid
03-24 15:02:49.158  6814  7780 W MediaProvider: Missing volume for /system/media/audio/ui/VideoRecord.ogg; assuming invalid
03-24 15:02:49.164  6814  7780 W MediaProvider: Missing volume for /system/media/audio/ui/WirelessChargingStarted.ogg; assuming invalid
03-24 15:02:49.172  6814  7780 W MediaProvider: Missing volume for /system/media/audio/ui/camera_click.ogg; assuming invalid
03-24 15:02:49.176  6814  7780 W MediaProvider: Missing volume for /system/media/audio/ui/camera_focus.ogg; assuming invalid
03-24 15:02:49.211  6549  6741 W WtProcessController: do not trim { PackageName :com.miui.antispam Pid: 6248 Uid: 1000 Start by: unknown Score:90 Old score:90 state:0 mBackgroundTimeInMillis:1521874940355 WakelockCount:0 wakelogsize:0  ActivityDestroied:false Activity size: 0 PackageInfo:{WhetstonePackageInfo#PacakgeName:com.miui.antispam uid:1000 uiMemoryThresold:0 nonUiMemoryThresold:0 Flag:-2147482624,0x80000400 [,SOFT_RESET,APP_SYSTEM] Type:0[] } tasknum:-1}
03-24 15:02:49.279  6549  6741 W WtProcessController: do not trim { PackageName :com.miui.securitycenter Pid: 7191 Uid: 1000 Start by: content provider Score:90 Old score:90 state:0 mBackgroundTimeInMillis:1521874942994 WakelockCount:0 wakelogsize:0  ActivityDestroied:false Activity size: 0 PackageInfo:{WhetstonePackageInfo#PacakgeName:com.miui.securitycenter uid:1000 uiMemoryThresold:0 nonUiMemoryThresold:0 Flag:-2147479740,0x80000f44 [,DestoryActivity,TRIMHEAPS,TRIM_OPENGL,SOFT_RESET,APP_SYSTEM,TRIMPROCESS_BY_ACTIVITY] Type:0[] } tasknum:-1}
03-24 15:02:49.341  8318  8318 E MnsTracer(MiLinkSDK)(games): main=>File Trace Level Changed = 63
03-24 15:02:49.341  8318  8318 E MnsTracer(MiLinkSDK)(games): main=>Logcat Trace Level Changed = 63
03-24 15:02:49.342  8318  8318 E MiLinkServiceBinder(MiLinkSDK)(games): main=>Client Protection Saved : 20001;85010102;8.5.01.102;DEBUG;games;com.xiaomi.gamecenter;zh_CN;;
03-24 15:02:49.351  6549  6741 W WtProcessController: do not trim { PackageName :com.miui.securitycenter Pid: 7298 Uid: 1000 Start by: content provider Score:90 Old score:90 state:0 mBackgroundTimeInMillis:1521874944341 WakelockCount:0 wakelogsize:0  ActivityDestroied:false Activity size: 0 PackageInfo:{WhetstonePackageInfo#PacakgeName:com.miui.securitycenter uid:1000 uiMemoryThresold:0 nonUiMemoryThresold:0 Flag:-2147479740,0x80000f44 [,DestoryActivity,TRIMHEAPS,TRIM_OPENGL,SOFT_RESET,APP_SYSTEM,TRIMPROCESS_BY_ACTIVITY] Type:0[] } tasknum:-1}
03-24 15:02:49.458  3395  6878 W BroadcastQueue: Permission Denial: receiving Intent { act=android.intent.action.BOOT_COMPLETED flg=0x8000010 (has extras) } to com.mipay.wallet/com.mipay.bill.alarm.RepayAlarmReceiver requires android.permission.RECEIVE_BOOT_COMPLETED due to sender null (uid 1000)
03-24 15:02:49.459  3395  3489 W BroadcastQueue: Permission Denial: receiving Intent { act=android.intent.action.BOOT_COMPLETED flg=0x8000010 (has extras) } to com.mipay.wallet/com.mipay.bill.BillReceiver requires android.permission.RECEIVE_BOOT_COMPLETED due to sender null (uid 1000)
03-24 15:02:49.565  8318  8338 E SQLiteLog: (1) no such column: notify
03-24 15:02:49.600  3395  3490 W art     : Long monitor contention event with owner method=void com.android.server.am.BroadcastQueue.processNextBroadcast(boolean) from BroadcastQueue.java:645 waiters=0 for 122ms
03-24 15:02:49.660  8349  8349 W System  : ClassLoader referenced unknown path: /system/app/MiuiSuperMarket/lib/arm64
03-24 15:02:49.929  8349  8369 E libEGL  : eglSetBlobCacheFuncsANDROID resulted in an error: 0x300c
03-24 15:02:50.052  3395  3490 W art     : Long monitor contention event with owner method=void com.android.server.am.BroadcastQueue.processNextBroadcast(boolean) from BroadcastQueue.java:645 waiters=1 for 102ms
03-24 15:02:50.086  8374  8374 W System  : ClassLoader referenced unknown path: /system/app/Notes/lib/arm64
03-24 15:02:50.436  3395  3488 E libgps  : LIBGPS: Cannot communicate (write) with a GPSD
03-24 15:02:50.436  3395  3488 E libgps  : IPC Communication Error, ../../../../tmp/14477502_250069/proprietary/deliverables/android/gps_interface/gpsi_client/GpsiClient.cpp:1584 agps_set_server
03-24 15:02:50.913  8392  8392 W System  : ClassLoader referenced unknown path: /system/app/SecurityAdd/lib/arm64
03-24 15:02:50.945  6814  7780 W ExifInterface: Skip the tag entry since tag number is not defined: 40091
03-24 15:02:50.945  6814  7780 W ExifInterface: Skip the tag entry since tag number is not defined: 59932
03-24 15:02:50.945  6814  7780 W ExifInterface: Skip the tag entry since tag number is not defined: 59932
03-24 15:02:50.962  6814  7780 W ExifInterface: Skip the tag entry since tag number is not defined: 40091
03-24 15:02:50.962  6814  7780 W ExifInterface: Skip the tag entry since tag number is not defined: 59932
03-24 15:02:50.962  6814  7780 W ExifInterface: Skip the tag entry since tag number is not defined: 59932
03-24 15:02:50.973  6924  7093 E CursorWindow: Failed to read row 0, column -1 from a CursorWindow which has 83 rows, 6 columns.
03-24 15:02:50.974  6924  7093 E CursorWindow: Failed to read row 1, column -1 from a CursorWindow which has 83 rows, 6 columns.
03-24 15:02:50.975  6924  7093 E CursorWindow: Failed to read row 2, column -1 from a CursorWindow which has 83 rows, 6 columns.
03-24 15:02:50.976  6924  7093 E CursorWindow: Failed to read row 3, column -1 from a CursorWindow which has 83 rows, 6 columns.
03-24 15:02:50.977  6924  7093 E CursorWindow: Failed to read row 4, column -1 from a CursorWindow which has 83 rows, 6 columns.
03-24 15:02:50.978  6924  7093 E CursorWindow: Failed to read row 5, column -1 from a CursorWindow which has 83 rows, 6 columns.
03-24 15:02:50.979  6924  7093 E CursorWindow: Failed to read row 6, column -1 from a CursorWindow which has 83 rows, 6 columns.
03-24 15:02:50.980  6924  7093 E CursorWindow: Failed to read row 7, column -1 from a CursorWindow which has 83 rows, 6 columns.
03-24 15:02:50.980  6924  7093 E CursorWindow: Failed to read row 8, column -1 from a CursorWindow which has 83 rows, 6 columns.
03-24 15:02:50.981  6924  7093 E CursorWindow: Failed to read row 9, column -1 from a CursorWindow which has 83 rows, 6 columns.
03-24 15:02:50.982  6814  7780 W ExifInterface: Skip the tag entry since tag number is not defined: 40091
03-24 15:02:50.982  6814  7780 W ExifInterface: Skip the tag entry since tag number is not defined: 59932
03-24 15:02:50.982  6814  7780 W ExifInterface: Skip the tag entry since tag number is not defined: 59932
03-24 15:02:50.982  6924  7093 E CursorWindow: Failed to read row 10, column -1 from a CursorWindow which has 83 rows, 6 columns.
03-24 15:02:50.983  6924  7093 E CursorWindow: Failed to read row 11, column -1 from a CursorWindow which has 83 rows, 6 columns.
03-24 15:02:50.984  6924  7093 E CursorWindow: Failed to read row 12, column -1 from a CursorWindow which has 83 rows, 6 columns.
03-24 15:02:50.985  6924  7093 E CursorWindow: Failed to read row 13, column -1 from a CursorWindow which has 83 rows, 6 columns.
03-24 15:02:50.986  6924  7093 E CursorWindow: Failed to read row 14, column -1 from a CursorWindow which has 83 rows, 6 columns.
03-24 15:02:50.987  6924  7093 E CursorWindow: Failed to read row 15, column -1 from a CursorWindow which has 83 rows, 6 columns.
03-24 15:02:50.988  6924  7093 E CursorWindow: Failed to read row 16, column -1 from a CursorWindow which has 83 rows, 6 columns.
03-24 15:02:50.988  6924  7093 E CursorWindow: Failed to read row 17, column -1 from a CursorWindow which has 83 rows, 6 columns.
03-24 15:02:50.989  6924  7093 E CursorWindow: Failed to read row 18, column -1 from a CursorWindow which has 83 rows, 6 columns.
03-24 15:02:50.990  6924  7093 E CursorWindow: Failed to read row 19, column -1 from a CursorWindow which has 83 rows, 6 columns.
03-24 15:02:50.991  6924  7093 E CursorWindow: Failed to read row 20, column -1 from a CursorWindow which has 83 rows, 6 columns.
03-24 15:02:50.991  6924  7093 E CursorWindow: Failed to read row 21, column -1 from a CursorWindow which has 83 rows, 6 columns.
03-24 15:02:50.992  6924  7093 E CursorWindow: Failed to read row 22, column -1 from a CursorWindow which has 83 rows, 6 columns.
03-24 15:02:50.993  6924  7093 E CursorWindow: Failed to read row 23, column -1 from a CursorWindow which has 83 rows, 6 columns.
03-24 15:02:50.994  6924  7093 E CursorWindow: Failed to read row 24, column -1 from a CursorWindow which has 83 rows, 6 columns.
03-24 15:02:50.995  6924  7093 E CursorWindow: Failed to read row 25, column -1 from a CursorWindow which has 83 rows, 6 columns.
03-24 15:02:50.996  6924  7093 E CursorWindow: Failed to read row 26, column -1 from a CursorWindow which has 83 rows, 6 columns.
