03-24 07:01:26.849  5659  5667 W dex2oat : No verified method for method calling String.<init>: java.lang.String java.io.ByteArrayOutputStream.toString()
03-24 07:01:33.986  5703  5703 W dex2oat : Before Android 4.1, method int android.support.v7.widget.ListViewCompat.lookForSelectablePosition(int, boolean) would have incorrectly overridden the package-private method in android.widget.ListView
03-24 07:01:34.020  5703  5710 W dex2oat : Before Android 4.1, method android.graphics.PorterDuffColorFilter android.support.graphics.drawable.VectorDrawableCompat.updateTintFilter(android.graphics.PorterDuffColorFilter, android.content.res.ColorStateList, android.graphics.PorterDuff$Mode) would have incorrectly overridden the package-private method in android.graphics.drawable.Drawable
03-24 07:01:37.357  5718  5724 W dex2oat : No verified method for method calling String.<init>: java.lang.String java.io.ByteArrayOutputStream.toString()
03-24 07:01:37.624  5718  5724 W dex2oat : No verified method for method calling String.<init>: java.lang.String android.text.SpannableStringBuilder.toString()
03-24 07:01:37.625  5718  5724 W dex2oat : No verified method for method calling String.<init>: java.lang.String android.text.SpannableStringBuilder.toString()
03-24 07:01:37.627  5718  5724 W dex2oat : No verified method for method calling String.<init>: java.lang.String android.text.SpannableStringBuilder.toString()
03-24 07:01:42.457  5732  5741 W dex2oat : No verified method for method calling String.<init>: java.lang.String android.text.TextUtils.substring(java.lang.CharSequence, int, int)
03-24 07:01:42.458  5732  5741 W dex2oat : No verified method for method calling String.<init>: java.lang.String android.text.TextUtils.substring(java.lang.CharSequence, int, int)
03-24 07:01:42.459  5732  5741 W dex2oat : No verified method for method calling String.<init>: java.lang.String android.text.TextUtils.substring(java.lang.CharSequence, int, int)
03-24 07:01:42.817  5732  5741 W dex2oat : No verified method for method calling String.<init>: java.lang.String java.io.ByteArrayOutputStream.toString()
03-24 07:01:45.529  5753  5753 W dex2oat : No verified method for method calling String.<init>: void com.google.android.mms.pdu.PduBody.putPartToMaps(com.google.android.mms.pdu.PduPart)
03-24 07:01:45.529  5753  5753 W dex2oat : No verified method for method calling String.<init>: void com.google.android.mms.pdu.PduBody.putPartToMaps(com.google.android.mms.pdu.PduPart)
03-24 07:01:47.678  5768  5775 W dex2oat : Before Android 4.1, method android.graphics.PorterDuffColorFilter android.support.graphics.drawable.VectorDrawableCompat.updateTintFilter(android.graphics.PorterDuffColorFilter, android.content.res.ColorStateList, android.graphics.PorterDuff$Mode) would have incorrectly overridden the package-private method in android.graphics.drawable.Drawable
03-24 07:01:47.738  5768  5776 W dex2oat : Before Android 4.1, method int android.support.v7.widget.ListViewCompat.lookForSelectablePosition(int, boolean) would have incorrectly overridden the package-private method in android.widget.ListView
03-24 07:01:50.932  5768  5777 W dex2oat : No verified method for method calling String.<init>: java.lang.String java.io.ByteArrayOutputStream.toString()
03-24 07:01:55.639  5802  5806 W dex2oat : No verified method for method calling String.<init>: java.lang.String android.text.SpannableStringBuilder.toString()
03-24 07:01:55.661  5802  5806 W dex2oat : No verified method for method calling String.<init>: java.lang.String android.text.SpannableStringBuilder.toString()
03-24 07:01:57.583  5813  5822 W dex2oat : No verified method for method calling String.<init>: java.lang.String android.text.SpannableStringBuilder.toString()
03-24 07:02:05.259  5886  5892 W dex2oat : No verified method for method calling String.<init>: java.lang.String java.io.ByteArrayOutputStream.toString()
03-24 07:02:05.263  5886  5891 W dex2oat : No verified method for method calling String.<init>: java.lang.String org.apache.http.util.CharArrayBuffer.toString()
03-24 07:02:07.285  5917  5924 W dex2oat : Verification failed on class o. in SpacesManagerService.apk because: Verifier rejected class o. due to bad method o. o..(boolean[], o.[], byte[][])
03-24 07:02:12.418  5975  5982 W dex2oat : No verified method for method calling String.<init>: java.lang.String android.text.TextUtils.substring(java.lang.CharSequence, int, int)
03-24 07:02:12.419  5975  5982 W dex2oat : No verified method for method calling String.<init>: java.lang.String android.text.TextUtils.substring(java.lang.CharSequence, int, int)
03-24 07:02:12.419  5975  5982 W dex2oat : No verified method for method calling String.<init>: java.lang.String android.text.TextUtils.substring(java.lang.CharSequence, int, int)
03-24 07:02:13.401  5990  5993 W dex2oat : No verified method for method calling String.<init>: java.lang.String android.text.TextUtils.substring(java.lang.CharSequence, int, int)
03-24 07:02:13.402  5990  5993 W dex2oat : No verified method for method calling String.<init>: java.lang.String android.text.TextUtils.substring(java.lang.CharSequence, int, int)
03-24 07:02:13.402  5990  5993 W dex2oat : No verified method for method calling String.<init>: java.lang.String android.text.TextUtils.substring(java.lang.CharSequence, int, int)
03-24 07:02:13.867  6010  6010 W dex2oat : Before Android 4.1, method android.graphics.PorterDuffColorFilter android.support.graphics.drawable.VectorDrawableCompat.updateTintFilter(android.graphics.PorterDuffColorFilter, android.content.res.ColorStateList, android.graphics.PorterDuff$Mode) would have incorrectly overridden the package-private method in android.graphics.drawable.Drawable
03-24 07:02:14.377  3395  3395 W TextServicesManagerService: no available spell checker services found
03-24 07:02:14.616  3395  3395 E ConnectivityService: Ignoring protectedNetwork 14
03-24 07:02:14.616  3395  3395 E ConnectivityService: Ignoring protectedNetwork 15
03-24 07:02:14.678  3395  3395 W WallpaperManagerService: no current wallpaper -- first boot?
03-24 07:02:14.687  2501  2925 E AudioFlinger: no wake lock to update!
03-24 07:02:14.704  3395  3395 W DockObserver: This kernel does not have dock station support
03-24 07:02:14.707  3395  3395 W WiredAccessoryManager: This kernel does not have usb audio support
03-24 07:02:14.708  3395  3395 W WiredAccessoryManager: This kernel does not have HDMI audio support
03-24 07:02:14.795  3395  3395 W SoundTriggerHelper: listModules status=0, # of modules=0
03-24 07:02:14.814  3395  6057 W PackageParser: Ignoring duplicate uses-permissions/uses-permissions-sdk-m: android.permission.WRITE_SECURE_SETTINGS in package: com.miui.securitycenter at: Binary XML file line #129
03-24 07:02:14.822  3395  6057 W PackageParser: No actions in intent filter at /system/priv-app/SecurityCenter/SecurityCenter.apk Binary XML file line #406
03-24 07:02:14.865  3395  3395 W FingerprintService: fingerprint service not available
03-24 07:02:14.982  3395  3395 E LockSettingsStorage: Cannot read file java.io.FileNotFoundException: /data/system/gatekeeper.password.key: open failed: ENOENT (No such file or directory)
03-24 07:02:14.982  3395  3395 E LockSettingsStorage: Cannot read file java.io.FileNotFoundException: /data/system/password.key: open failed: ENOENT (No such file or directory)
03-24 07:02:14.983  3395  3395 E LockSettingsStorage: Cannot read file java.io.FileNotFoundException: /data/system/gatekeeper.pattern.key: open failed: ENOENT (No such file or directory)
03-24 07:02:14.983  3395  3395 E LockSettingsStorage: Cannot read file java.io.FileNotFoundException: /data/system/gatekeeper.gesture.key: open failed: ENOENT (No such file or directory)
03-24 07:02:14.983  3395  3395 E LockSettingsStorage: Cannot read file java.io.FileNotFoundException: /data/system/gesture.key: open failed: ENOENT (No such file or directory)
03-24 07:02:14.995  3395  3395 E WifiService: Invoking mWifiStateMachine.setWifiEnabled
03-24 07:02:15.166  3395  3395 W BackupManagerService: Proposed transport ComponentInfo{android/com.android.internal.backup.LocalTransportService} not whitelisted; ignoring
03-24 07:02:15.199  3395  6057 W PackageParser: Service exported request ignored due to singleUser: com.xiaomi.finddevice.v2.FindDeviceStatusManagerService at /system/priv-app/FindDevice/FindDevice.apk Binary XML file line #137
03-24 07:02:15.199  3395  6057 W PackageParser: Service exported request ignored due to singleUser: com.xiaomi.finddevice.v2.FindDeviceAsyncControlService at /system/priv-app/FindDevice/FindDevice.apk Binary XML file line #141
03-24 07:02:15.199  3395  6057 W PackageParser: Provider exported request ignored due to singleUser: com.xiaomi.finddevice.v2.FindDeviceStatusManagerProvider at /system/priv-app/FindDevice/FindDevice.apk Binary XML file line #146
03-24 07:02:15.200  3395  6057 W PackageParser: Service exported request ignored due to singleUser: com.xiaomi.finddevice.v2.ui.FindDeviceKeyguardControlReceiver at /system/priv-app/FindDevice/FindDevice.apk Binary XML file line #161
03-24 07:02:15.201  3395  6057 W PackageParser: Service exported request ignored due to singleUser: com.xiaomi.finddevice.v2.ui.FindDeviceNotificationReceiver at /system/priv-app/FindDevice/FindDevice.apk Binary XML file line #177
03-24 07:02:15.242  3395  3496 W KeyguardServiceDelegate: onScreenTurningOn(): no keyguard service!
03-24 07:02:15.554  2393  2461 W vold    : Skipping due to root namespace
03-24 07:02:15.562  2393  2461 W vold    : Skipping due to root namespace
03-24 07:02:15.674  6084  6084 E wpa_supplicant: interface  wlan0
03-24 07:02:15.674  6084  6084 E wpa_supplicant:  WIFI_lib_init WIFI_lib_init WIFI_lib_init WIFI_lib_init 
03-24 07:02:15.853  2393  2461 W vold    : Skipping due to root namespace
03-24 07:02:15.861  2393  2461 W vold    : Skipping due to root namespace
03-24 07:02:15.994  3395  3395 W ContextImpl: Calling a method in the system process without a qualified user: android.app.ContextImpl.startService:1221 android.content.ContextWrapper.startService:581 miui.core.SdkManager$1.run:189 android.os.Handler.handleCallback:739 android.os.Handler.dispatchMessage:95 
03-24 07:02:16.063  6086  6086 W System  : ClassLoader referenced unknown path: /system/priv-app/CalendarProvider/lib/arm64
03-24 07:02:16.124  6117  6117 E dex2oat : Failed to create oat file: /data/dalvik-cache/arm64/system@app@miui@miui.apk@classes.dex: Permission denied
03-24 07:02:16.125  6098  6098 W art     : Failed execv(/system/bin/dex2oat --runtime-arg -classpath --runtime-arg  --instruction-set=arm64 --instruction-set-features=smp,a53 --runtime-arg -Xrelocate --boot-image=/system/framework/boot.art --runtime-arg -Xms64m --runtime-arg -Xmx512m --instruction-set-variant=generic --instruction-set-features=default --dex-file=/system/app/miui/miui.apk --oat-file=/data/dalvik-cache/arm64/system@app@miui@miui.apk@classes.dex) because non-0 exit status
03-24 07:02:16.174  6119  6119 W System  : ClassLoader referenced unknown path: /system/priv-app/ContactsProvider/lib/arm64
03-24 07:02:16.242  3395  3490 W WindowManager: Keyguard drawn timeout. Setting mKeyguardDrawComplete
03-24 07:02:16.598  6084  6084 E wpa_supplicant: Own WAPI MAC address: fc:3f:7c:51:6b:8a
03-24 07:02:16.614  6135  6135 W System  : ClassLoader referenced unknown path: /system/priv-app/ManagedProvisioning/lib/arm64
03-24 07:02:16.685  6147  6147 W System  : ClassLoader referenced unknown path: /system/priv-app/MediaProvider/lib/arm64
03-24 07:02:17.254  3395  3487 W ActivityManager: Spurious death for ProcessRecord{e934398 0:com.android.providers.calendar/u0a4}, curProc for 6086: null
03-24 07:02:17.254  3395  3486 W ActivityManager: Spurious death for ProcessRecord{b1c3fd6 0:android.process.acore/u0a5}, curProc for 6119: null
03-24 07:02:17.254  3395  6112 W ActivityManager: Spurious death for ProcessRecord{83b0429 0:com.android.managedprovisioning/u0a12}, curProc for 6135: null
03-24 07:02:17.254  3395  6175 W ActivityManager: Spurious death for ProcessRecord{d1b73ae 0:android.process.media/u0a9}, curProc for 6147: null
03-24 07:02:17.254  3395  6176 W ActivityManager: Spurious death for ProcessRecord{7d134dc 0:com.android.settings/1000}, curProc for 6162: null
03-24 07:02:17.261  2393  2461 W vold    : Failed to read manufacturer from /sys//devices/hi_mci.1/mmc_host/mmc1/mmc1:0001/block/mmcblk1/device/manfid: No such file or directory
03-24 07:02:17.510  3395  3395 W ContextImpl: Calling a method in the system process without a qualified user: android.app.ContextImpl.startService:1221 android.content.ContextWrapper.startService:581 com.android.server.telecom.components.TelecomService.initializeTelecomSystem:110 com.android.server.telecom.components.TelecomService.onBind:47 android.app.ActivityThread.handleBindService:2904 
03-24 07:02:17.513  3395  3395 W ContextImpl: Calling a method in the system process without a qualified user: android.app.ContextImpl.startService:1221 android.content.ContextWrapper.startService:581 miui.core.SdkManager$1.run:189 android.os.Handler.handleCallback:739 android.os.Handler.dispatchMessage:95 
03-24 07:02:17.547  6235  6235 W System  : ClassLoader referenced unknown path: /system/priv-app/ContactsProvider/lib/arm64
03-24 07:02:17.807  6217  6217 W ContextImpl: Calling a method in the system process without a qualified user: android.app.ContextImpl.startService:1221 android.content.ContextWrapper.startService:581 com.android.systemui.statusbar.phone.PhoneStatusBar.start:731 com.android.systemui.SystemUIService.onCreate:91 android.app.ActivityThread.handleCreateService:2877 
03-24 07:02:17.852  6248  6248 W ContextImpl: Calling a method in the system process without a qualified user: android.app.ContextImpl.bindService:1285 android.content.ContextWrapper.bindService:604 com.miui.antispam.policy.PolicyUtils.URLFilterManager.bindGuardProvderService:65 com.miui.antispam.policy.PolicyUtils.URLFilterManager.<init>:59 com.miui.antispam.policy.URLFilterPolicy.<init>:36 
03-24 07:02:17.863  2496  2905 E Netd    : exec() res=0, status=256 for /system/bin/iptables -w -F st_penalty_log 
03-24 07:02:17.874  2496  2905 E Netd    : exec() res=0, status=256 for /system/bin/ip6tables -w -F st_penalty_log 
03-24 07:02:17.880  6235  6235 W System  : ClassLoader referenced unknown path: /system/app/ApplicationsProvider/lib/arm64
03-24 07:02:17.887  6248  6248 W ContextImpl: Calling a method in the system process without a qualified user: android.app.ContextImpl.startService:1221 android.content.ContextWrapper.startService:581 android.content.ContextWrapper.startService:581 com.miui.antispam.ApplicationDelegate.onCreate:46 miui.external.Application.onCreate:181 
03-24 07:02:17.889  2496  2905 E Netd    : exec() res=0, status=256 for /system/bin/iptables -w -F st_penalty_reject 
03-24 07:02:17.905  2496  2905 E Netd    : exec() res=0, status=256 for /system/bin/ip6tables -w -F st_penalty_reject 
03-24 07:02:17.916  2496  2905 E Netd    : exec() res=0, status=256 for /system/bin/iptables -w -F st_clear_caught 
03-24 07:02:17.925  6248  6248 W ContextImpl: Calling a method in the system process without a qualified user: android.app.ContextImpl.startService:1221 android.content.ContextWrapper.startService:581 miui.core.SdkManager$1.run:189 android.os.Handler.handleCallback:739 android.os.Handler.dispatchMessage:95 
03-24 07:02:17.940  2496  2905 E Netd    : exec() res=0, status=256 for /system/bin/ip6tables -w -F st_clear_caught 
03-24 07:02:17.953  2496  2905 E Netd    : exec() res=0, status=256 for /system/bin/iptables -w -F st_clear_detect 
03-24 07:02:17.970  2496  2905 E Netd    : exec() res=0, status=256 for /system/bin/ip6tables -w -F st_clear_detect 
03-24 07:02:17.981  2496  2905 E Netd    : exec() res=0, status=256 for /system/bin/iptables -w -X st_penalty_log 
03-24 07:02:17.992  6235  6235 W System  : ClassLoader referenced unknown path: /system/app/UserDictionaryProvider/lib/arm64
03-24 07:02:17.994  2496  2905 E Netd    : exec() res=0, status=256 for /system/bin/ip6tables -w -X st_penalty_log 
03-24 07:02:18.006  2496  2905 E Netd    : exec() res=0, status=256 for /system/bin/iptables -w -X st_penalty_reject 
03-24 07:02:18.019  2496  2905 E Netd    : exec() res=0, status=256 for /system/bin/ip6tables -w -X st_penalty_reject 
03-24 07:02:18.032  6317  6317 W System  : ClassLoader referenced unknown path: /system/app/GuardProvider/lib/arm64
03-24 07:02:18.034  6349  6349 W System  : ClassLoader referenced unknown path: /system/priv-app/TelephonyProvider/lib/arm64
03-24 07:02:18.058  2496  2905 E Netd    : exec() res=0, status=256 for /system/bin/iptables -w -X st_clear_caught 
03-24 07:02:18.073  2496  2905 E Netd    : exec() res=0, status=256 for /system/bin/ip6tables -w -X st_clear_caught 
03-24 07:02:18.092  2496  2905 E Netd    : exec() res=0, status=256 for /system/bin/iptables -w -X st_clear_detect 
03-24 07:02:18.104  2496  2905 E Netd    : exec() res=0, status=256 for /system/bin/ip6tables -w -X st_clear_detect 
03-24 07:02:18.402  6349  6349 W System  : ClassLoader referenced unknown path: /system/priv-app/TeleService/lib/arm64
03-24 07:02:18.537  3395  3489 E NetdConnector: NDC Command {9 strict enable} took too long (718ms)
03-24 07:02:18.541  2504  2504 E SELinux : avc:  denied  { exist } for  scontext=u:r:system_server:s0 tcontext=u:r:kernel:s0 tclass=keystore_key
03-24 07:02:18.547  6235  6246 W art     : Long monitor contention event with owner method=int android.database.sqlite.SQLiteConnection.nativeExecuteForChangedRowCount(long, long) from SQLiteConnection.java:4294967294 waiters=0 for 542ms
03-24 07:02:18.559  6349  6362 E FirewallProvider: Unknown query URI: content://firewall/sim
03-24 07:02:18.779  3395  3489 E InputMethodManagerService: Ignoring updateSystemUiLocked due to an invalid token. uid:1000 token:null
03-24 07:02:18.790  3395  3489 W InputMethodManagerService: Reset the default IME as "Resource" is ready here.
03-24 07:02:18.813  3395  3395 W InputMethodManagerService: Illegal subtype state: old subtype = null, new subtype = android.view.inputmethod.InputMethodSubtype@6b6dbdec
03-24 07:02:18.936  2501  2928 W OMXNodeInstance: [f:google.mpeg4.decoder] component does not support metadata mode; using fallback
03-24 07:02:18.940  2501  2928 W OMXNodeInstance: [10:google.h263.decoder] component does not support metadata mode; using fallback
03-24 07:02:18.942  3395  4481 E VoldConnector: NDC Command {92 volume mount public:179,129 2 0} took too long (1580ms)
03-24 07:02:18.951  2501  2928 W OMXNodeInstance: [11:google.h264.decoder] component does not support metadata mode; using fallback
03-24 07:02:18.995  3395  3489 E LocationManagerService: FLP HAL not supported
03-24 07:02:19.001  2501  2928 W OMXNodeInstance: [12:google.hevc.decoder] component does not support metadata mode; using fallback
03-24 07:02:19.003  3395  3489 E LocationManagerService: Unable to bind FLP Geofence proxy.
03-24 07:02:19.004  3395  3489 E LocationManagerService: Hardware Activity-Recognition not supported.
03-24 07:02:19.011  3395  3489 E LocationManagerService: Unable to bind ActivityRecognitionProxy.
03-24 07:02:19.015  2501  2928 W OMXNodeInstance: [13:google.vp8.decoder] component does not support metadata mode; using fallback
03-24 07:02:19.030  2501  2928 W OMXNodeInstance: [14:google.vp9.decoder] component does not support metadata mode; using fallback
03-24 07:02:19.074  2501  2928 W ACodec  : do not know color format 0x7f000789 = 2130708361
03-24 07:02:19.095  2501  2928 W ACodec  : do not know color format 0x7f000789 = 2130708361
03-24 07:02:19.102  2501  2928 W ACodec  : do not know color format 0x7f000789 = 2130708361
03-24 07:02:19.113  2501  2928 W ACodec  : do not know color format 0x7f000789 = 2130708361
03-24 07:02:19.120  2501  2928 E OMX     : FAILED to allocate omx component 'OMX.ffmpeg.aac.decoder' err=InvalidComponentName(0x80001002)
03-24 07:02:19.121  2501  2928 E OMX     : FAILED to allocate omx component 'OMX.ffmpeg.ac3.decoder' err=InvalidComponentName(0x80001002)
03-24 07:02:19.121  2501  2928 E OMX     : FAILED to allocate omx component 'OMX.ffmpeg.ape.decoder' err=InvalidComponentName(0x80001002)
03-24 07:02:19.121  2501  2928 E OMX     : FAILED to allocate omx component 'OMX.ffmpeg.atrial.decoder' err=InvalidComponentName(0x80001002)
03-24 07:02:19.121  2501  2928 E OMX     : FAILED to allocate omx component 'OMX.ffmpeg.dts.decoder' err=InvalidComponentName(0x80001002)
03-24 07:02:19.121  2501  2928 E OMX     : FAILED to allocate omx component 'OMX.ffmpeg.flac.decoder' err=InvalidComponentName(0x80001002)
03-24 07:02:19.121  2501  2928 E OMX     : FAILED to allocate omx component 'OMX.ffmpeg.mp2.decoder' err=InvalidComponentName(0x80001002)
03-24 07:02:19.121  2501  2928 E OMX     : FAILED to allocate omx component 'OMX.ffmpeg.mp3.decoder' err=InvalidComponentName(0x80001002)
03-24 07:02:19.122  2501  2928 E OMX     : FAILED to allocate omx component 'OMX.ffmpeg.ra.decoder' err=InvalidComponentName(0x80001002)
03-24 07:02:19.122  2501  2928 E OMX     : FAILED to allocate omx component 'OMX.ffmpeg.vorbis.decoder' err=InvalidComponentName(0x80001002)
03-24 07:02:19.122  2501  2928 E OMX     : FAILED to allocate omx component 'OMX.ffmpeg.wma.decoder' err=InvalidComponentName(0x80001002)
03-24 07:02:19.122  2501  2928 E OMX     : FAILED to allocate omx component 'OMX.ffmpeg.divx.decoder' err=InvalidComponentName(0x80001002)
03-24 07:02:19.122  2501  2928 E OMX     : FAILED to allocate omx component 'OMX.ffmpeg.flv1.decoder' err=InvalidComponentName(0x80001002)
03-24 07:02:19.122  2501  2928 E OMX     : FAILED to allocate omx component 'OMX.ffmpeg.mpeg2.decoder' err=InvalidComponentName(0x80001002)
03-24 07:02:19.123  2501  2928 E OMX     : FAILED to allocate omx component 'OMX.ffmpeg.mpeg4.decoder' err=InvalidComponentName(0x80001002)
03-24 07:02:19.123  2501  2928 E OMX     : FAILED to allocate omx component 'OMX.ffmpeg.h263.decoder' err=InvalidComponentName(0x80001002)
03-24 07:02:19.123  2501  2928 E OMX     : FAILED to allocate omx component 'OMX.ffmpeg.h264.decoder' err=InvalidComponentName(0x80001002)
03-24 07:02:19.123  2501  2928 E OMX     : FAILED to allocate omx component 'OMX.ffmpeg.hevc.decoder' err=InvalidComponentName(0x80001002)
03-24 07:02:19.123  2501  2928 E OMX     : FAILED to allocate omx component 'OMX.ffmpeg.rv.decoder' err=InvalidComponentName(0x80001002)
03-24 07:02:19.123  2501  2928 E OMX     : FAILED to allocate omx component 'OMX.ffmpeg.vc1.decoder' err=InvalidComponentName(0x80001002)
03-24 07:02:19.123  2501  2928 E OMX     : FAILED to allocate omx component 'OMX.ffmpeg.vp8.decoder' err=InvalidComponentName(0x80001002)
03-24 07:02:19.124  2501  2928 E OMX     : FAILED to allocate omx component 'OMX.ffmpeg.vp9.decoder' err=InvalidComponentName(0x80001002)
03-24 07:02:19.124  2501  2928 E OMX     : FAILED to allocate omx component 'OMX.ffmpeg.vtrial.decoder' err=InvalidComponentName(0x80001002)
03-24 07:02:19.124  2501  2928 E OMX     : FAILED to allocate omx component 'OMX.ffmpeg.wmv.decoder' err=InvalidComponentName(0x80001002)
03-24 07:02:19.139  2501  2928 W MediaCodecList: unable to open media codecs configuration xml file: /data/misc/media/media_codecs_profiling_results.xml
03-24 07:02:19.306  3395  6175 W ActivityManager: No pending application record for pid 6506 (IApplicationThread android.app.ApplicationThreadProxy@7591c19); dropping process
03-24 07:02:19.406  6549  6549 W ContextImpl: Calling a method in the system process without a qualified user: android.app.ContextImpl.bindService:1285 android.content.ContextWrapper.bindService:604 com.miui.stepsprovider.StepsProvider.g:-1 com.miui.stepsprovider.StepsProvider.onCreate:-1 android.content.ContentProvider.attachInfo:1748 
03-24 07:02:19.444  6567  6567 W System  : ClassLoader referenced unknown path: /system/app/XiaomiServiceFramework/lib/arm64
03-24 07:02:19.499  6549  6549 W ContextImpl: Calling a method in the system process without a qualified user: android.app.ContextImpl.startService:1221 com.miui.whetstone.provider.WhetstoneProvider.onCreate:-1 android.content.ContentProvider.attachInfo:1748 android.content.ContentProvider.attachInfo:1723 android.app.ActivityThread.installProvider:5153 
03-24 07:02:19.499  3395  3395 W AppWidgetServiceImpl: Failed to read state: java.io.FileNotFoundException: /data/system/users/0/appwidgets.xml: open failed: ENOENT (No such file or directory)
03-24 07:02:19.550  6549  6549 W ContextImpl: Calling a method in the system process without a qualified user: android.app.ContextImpl.startService:1221 android.content.ContextWrapper.startService:581 com.miui.stepsprovider.StepApplication.onCreate:-1 android.app.Instrumentation.callApplicationOnCreate:1013 android.app.ActivityThread.handleBindApplication:4707 
03-24 07:02:19.592  6658  6658 W System  : ClassLoader referenced unknown path: /system/app/Email/lib/arm64
03-24 07:02:19.607  6526  6526 W Settings: Setting device_provisioned has moved from android.provider.Settings.Secure to android.provider.Settings.Global.
03-24 07:02:19.631  6549  6549 W ContextImpl: Calling a method in the system process without a qualified user: android.app.ContextImpl.bindService:1285 android.content.ContextWrapper.bindService:604 com.xiaomi.analytics.a.b.c.i:-1 com.xiaomi.analytics.a.b.c.<init>:-1 com.xiaomi.analytics.a.d.<init>:-1 
03-24 07:02:19.755  6440  6440 W ContextImpl: Calling a method in the system process without a qualified user: android.app.ContextImpl.startService:1221 android.content.ContextWrapper.startService:581 miui.core.SdkManager$1.run:189 android.os.Handler.handleCallback:739 android.os.Handler.dispatchMessage:95 
03-24 07:02:19.850  6714  6714 W System  : ClassLoader referenced unknown path: /system/app/AnalyticsCore/lib/arm64
03-24 07:02:19.860  6526  6526 W Settings: Setting airplane_mode_radios has moved from android.provider.Settings.System to android.provider.Settings.Global, returning read-only value.
03-24 07:02:19.861  6526  6526 W Settings: Setting airplane_mode_toggleable_radios has moved from android.provider.Settings.System to android.provider.Settings.Global, returning read-only value.
03-24 07:02:19.883  6567  6750 E SharedPreferencesImpl: Couldn't create directory for SharedPreferences file /data/user/0/com.xiaomi.xmsf/shared_prefs/mistat.xml
03-24 07:02:19.904  6567  6755 W PushService: 2018-03-24 07:02:19,904 - [WARN::PushService] - [Thread:95] TinyDataManager is checking and uploading tiny data, reason is Init, the size of pending list is 0
03-24 07:02:19.905  6567  6755 W PushService: 2018-03-24 07:02:19,905 - [WARN::PushService] - [Thread:95] TinyDataManager is checking and uploading tiny data, reason is Add uploader, provider is UPLOADER_FROM_MIPUSHCLIENT, the size of pending list is 0
03-24 07:02:19.905  6567  6755 W PushService: 2018-03-24 07:02:19,905 - [WARN::PushService] - [Thread:95] TinyDataManager is checking and uploading tiny data, reason is Add uploader, provider is SHORT_UPLOADER_FROM_SELF, the size of pending list is 0
03-24 07:02:19.974  6579  6579 W ContextImpl: Calling a method in the system process without a qualified user: android.app.ContextImpl.startService:1221 android.content.ContextWrapper.startService:581 miui.core.SdkManager$1.run:189 android.os.Handler.handleCallback:739 android.os.Handler.dispatchMessage:95 
03-24 07:02:20.014  6440  6440 W ContextImpl: Calling a method in the system process without a qualified user: android.app.ContextImpl.sendBroadcast:763 android.content.ContextWrapper.sendBroadcast:396 com.baidu.platform.comapi.a.a:-1 com.baidu.platform.comapi.b.handleMessage:-1 android.os.Handler.dispatchMessage:102 
03-24 07:02:20.027  3395  6178 W ActivityManager: Unable to start service Intent { pkg=com.android.email cmp=com.android.email/com.kingsoft.email.service.AttachmentDownloadService } U=0: not found
03-24 07:02:20.028  3395  6177 W ActivityManager: Unable to start service Intent { pkg=com.android.email cmp=com.android.email/com.kingsoft.email.service.Pop3Service } U=0: not found
03-24 07:02:20.030  3395  3486 W ActivityManager: Unable to start service Intent { pkg=com.android.email cmp=com.android.email/com.kingsoft.email.service.ImapService } U=0: not found
03-24 07:02:20.031  3395  6645 W ActivityManager: Unable to start service Intent { pkg=com.android.email cmp=com.android.email/com.kingsoft.email.service.ImapPushService } U=0: not found
03-24 07:02:20.033  3395  6178 W ActivityManager: Unable to start service Intent { pkg=com.android.email cmp=com.android.email/com.kingsoft.exchange.service.EmailSyncAdapterService } U=0: not found
03-24 07:02:20.053  6628  6628 W ContextImpl: Calling a method in the system process without a qualified user: android.app.ContextImpl.sendBroadcast:763 android.content.ContextWrapper.sendBroadcast:396 com.android.provision.activities.DefaultActivity.onCreate:118 android.app.Activity.performCreate:6251 android.app.Instrumentation.callActivityOnCreate:1107 
03-24 07:02:20.072  6673  6673 W ContextImpl: Calling a method in the system process without a qualified user: android.app.ContextImpl.sendBroadcast:763 android.content.ContextWrapper.sendBroadcast:396 com.android.settings.ShortcutHelper.a:277 com.android.settings.hz.T:105 com.android.settings.hz.onCreate:61 
03-24 07:02:20.080  6673  6673 W ContextImpl: Calling a method in the system process without a qualified user: android.app.ContextImpl.sendBroadcast:763 android.content.ContextWrapper.sendBroadcast:396 com.android.settings.ShortcutHelper.a:277 com.android.settings.hz.T:106 com.android.settings.hz.onCreate:61 
03-24 07:02:20.086  6673  6673 W ContextImpl: Calling a method in the system process without a qualified user: android.app.ContextImpl.sendBroadcast:763 android.content.ContextWrapper.sendBroadcast:396 com.android.settings.ShortcutHelper.a:277 com.android.settings.hz.T:107 com.android.settings.hz.onCreate:61 
03-24 07:02:20.090  6567  6746 W PushService: 2018-03-24 07:02:20,090 - [WARN::PushService] - isMIUI's value is: 1
03-24 07:02:20.105  6673  6673 W ContextImpl: Calling a method in the system process without a qualified user: android.app.ContextImpl.sendBroadcast:763 android.content.ContextWrapper.sendBroadcast:396 com.android.settings.ShortcutHelper.a:277 com.android.settings.hz.T:108 com.android.settings.hz.onCreate:61 
03-24 07:02:20.108  6673  6673 W ContextImpl: Calling a method in the system process without a qualified user: android.app.ContextImpl.sendBroadcast:763 android.content.ContextWrapper.sendBroadcast:396 com.android.settings.ShortcutHelper.a:277 com.android.settings.hz.T:109 com.android.settings.hz.onCreate:61 
03-24 07:02:20.110  6673  6673 W ContextImpl: Calling a method in the system process without a qualified user: android.app.ContextImpl.sendBroadcast:763 android.content.ContextWrapper.sendBroadcast:396 com.android.settings.ShortcutHelper.a:277 com.android.settings.hz.T:110 com.android.settings.hz.onCreate:61 
03-24 07:02:20.115  6526  6770 W Settings: Setting airplane_mode_on has moved from android.provider.Settings.System to android.provider.Settings.Global, returning read-only value.
03-24 07:02:20.120  6646  6646 W System  : ClassLoader referenced unknown path: /system/priv-app/ExternalStorageProvider/lib/arm64
03-24 07:02:20.121  6526  6770 E NfcAdaptation: NfcAdaptation::Initialize: ver=NFCDROID-AOSP_M_00.01 nfa=NFA_PI_1.03.66+
03-24 07:02:20.140  6714  6764 W Analytics-Core-ConfigServer: HttpResponse is empty
03-24 07:02:20.175  6526  6786 E NxpTml  : _i2c_open() Failed: retval ffffffff
03-24 07:02:20.175  6526  6786 E NxpHal  : phTmlNfc_Init Failed
03-24 07:02:20.199  6526  6770 E BrcmNfcJni: nfcManager_doInitialize: fail nfa enable; error=0x0
03-24 07:02:20.232  2501  6800 E WVMExtractor: Failed to open libwvm.so: dlopen failed: library "libwvm.so" not found
03-24 07:02:20.253  6686  6686 W ContextImpl: Calling a method in the system process without a qualified user: android.app.ContextImpl.startService:1221 android.content.ContextWrapper.startService:581 miui.core.SdkManager$1.run:189 android.os.Handler.handleCallback:739 android.os.Handler.dispatchMessage:95 
03-24 07:02:20.300  6673  6673 W ContextImpl: Calling a method in the system process without a qualified user: android.app.ContextImpl.startService:1221 android.content.ContextWrapper.startService:581 android.content.ContextWrapper.startService:581 com.android.settings.MiuiSettingsReceiver.onReceive:185 android.app.ActivityThread.handleReceiver:2725 
03-24 07:02:20.304  6673  6673 W ContextImpl: Calling a method in the system process without a qualified user: android.app.ContextImpl.startService:1221 android.content.ContextWrapper.startService:581 miui.core.SdkManager$1.run:189 android.os.Handler.handleCallback:739 android.os.Handler.dispatchMessage:95 
03-24 07:02:20.359  6686  6773 W ContextImpl: Calling a method in the system process without a qualified user: android.app.ContextImpl.bindService:1285 android.content.ContextWrapper.bindService:604 android.content.ContextWrapper.bindService:604 com.miui.systemAdSolution.landingPage.LandingPageService.<init>:51 com.miui.systemAdSolution.landingPage.LandingPageService.init:42 
03-24 07:02:20.389  6673  6673 W ContextImpl: Calling a method in the system process without a qualified user: android.app.ContextImpl.startService:1221 android.content.ContextWrapper.startService:581 android.content.ContextWrapper.startService:581 com.android.settings.AnalyticsReceiver.onReceive:24 android.app.ActivityThread.handleReceiver:2725 
03-24 07:02:20.390  6673  6828 W ContextImpl: Calling a method in the system process without a qualified user: android.app.ContextImpl.bindService:1285 android.content.ContextWrapper.bindService:604 miui.analytics.Analytics.endSession:120 com.android.settings.analytics.AnalyticService.onHandleIntent:106 android.app.IntentService$ServiceHandler.handleMessage:66 
03-24 07:02:20.396  6781  6781 W System  : ClassLoader referenced unknown path: /system/app/XiaomiSimActivateService/lib/arm64
03-24 07:02:20.410  6673  6828 W ContextImpl: Calling a method in the system process without a qualified user: android.app.ContextImpl.bindService:1285 android.content.ContextWrapper.bindService:604 miui.analytics.Analytics.endSession:120 com.android.settings.analytics.AnalyticService.onHandleIntent:106 android.app.IntentService$ServiceHandler.handleMessage:66 
03-24 07:02:20.453  6714  6766 E FeatureParser: both assets/device_features/ and /system/etc/device_features don't exist hi6210sft.xml
03-24 07:02:20.494  6673  6673 W ContextImpl: Calling a method in the system process without a qualified user: android.app.ContextImpl.startService:1221 android.content.ContextWrapper.startService:581 android.content.ContextWrapper.startService:581 com.android.settings.AnalyticsReceiver.onReceive:24 android.app.ActivityThread.handleReceiver:2725 
03-24 07:02:20.502  6549  6549 W ContextImpl: Calling a method in the system process without a qualified user: android.app.ContextImpl.startService:1221 android.content.ContextWrapper.startService:581 com.miui.whetstone.wtstrategy.PersistManager.startService:-1 com.miui.whetstone.wtstrategy.PersistManager.startAll:-1 com.miui.whetstone.wtstrategy.PersistManager.<init>:-1 
03-24 07:02:20.552  6814  6814 W System  : ClassLoader referenced unknown path: /system/priv-app/DownloadProvider/lib/arm64
03-24 07:02:20.565  6549  6549 W ContextImpl: Calling a method in the system process without a qualified user: android.app.ContextImpl.bindService:1285 android.content.ContextWrapper.bindService:604 com.miui.whetstone.wtstrategy.PersistManager.startService:-1 com.miui.whetstone.wtstrategy.PersistManager.startAll:-1 com.miui.whetstone.wtstrategy.PersistManager.<init>:-1 
03-24 07:02:20.567  6673  6828 W ContextImpl: Calling a method in the system process without a qualified user: android.app.ContextImpl.bindService:1285 android.content.ContextWrapper.bindService:604 miui.analytics.Analytics.endSession:120 com.android.settings.analytics.AnalyticService.onHandleIntent:106 android.app.IntentService$ServiceHandler.handleMessage:66 
03-24 07:02:20.573  6628  6628 W ContextImpl: Calling a method in the system process without a qualified user: android.app.ContextImpl.startService:1221 android.content.ContextWrapper.startService:581 miui.core.SdkManager$1.run:189 android.os.Handler.handleCallback:739 android.os.Handler.dispatchMessage:95 
03-24 07:02:20.573  6549  6549 W ContextImpl: Calling a method in the system process without a qualified user: android.app.ContextImpl.startService:1221 android.content.ContextWrapper.startService:581 com.miui.whetstone.wtstrategy.PersistManager.startService:-1 com.miui.whetstone.wtstrategy.PersistManager.startAll:-1 com.miui.whetstone.wtstrategy.PersistManager.<init>:-1 
03-24 07:02:20.584  6549  6549 W ContextImpl: Calling a method in the system process without a qualified user: android.app.ContextImpl.bindService:1285 android.content.ContextWrapper.bindService:604 com.miui.whetstone.wtstrategy.PersistManager.startService:-1 com.miui.whetstone.wtstrategy.PersistManager.startAll:-1 com.miui.whetstone.wtstrategy.PersistManager.<init>:-1 
03-24 07:02:20.630  6838  6838 W System  : ClassLoader referenced unknown path: /system/app/SystemAdSolution/lib/arm64
03-24 07:02:20.688  6549  6549 W ContextImpl: Calling a method in the system process without a qualified user: android.app.ContextImpl.startService:1221 android.content.ContextWrapper.startService:581 com.miui.whetstone.wtstrategy.PersistManager.startService:-1 com.miui.whetstone.wtstrategy.PersistManager.startAll:-1 com.miui.whetstone.wtstrategy.PersistManager.<init>:-1 
03-24 07:02:20.717  6549  6549 W ContextImpl: Calling a method in the system process without a qualified user: android.app.ContextImpl.bindService:1285 android.content.ContextWrapper.bindService:604 com.miui.whetstone.wtstrategy.PersistManager.startService:-1 com.miui.whetstone.wtstrategy.PersistManager.startAll:-1 com.miui.whetstone.wtstrategy.PersistManager.<init>:-1 
03-24 07:02:20.725  6814  6814 W System  : ClassLoader referenced unknown path: /system/priv-app/MediaProvider/lib/arm64
03-24 07:02:20.731  6549  6549 W ContextImpl: Calling a method in the system process without a qualified user: android.app.ContextImpl.startService:1221 android.content.ContextWrapper.startService:581 com.miui.whetstone.wtstrategy.PersistManager.startService:-1 com.miui.whetstone.wtstrategy.PersistManager.startAll:-1 com.miui.whetstone.wtstrategy.PersistManager.<init>:-1 
03-24 07:02:20.770  3395  3487 W ActivityManager: Unable to start service Intent { act=android.intent.action.MAIN cmp=com.miui.klo.bugreport/.service.FeedbackBackgroundService } U=0: not found
03-24 07:02:20.775  6549  6549 W ContextImpl: Calling a method in the system process without a qualified user: android.app.ContextImpl.bindService:1285 android.content.ContextWrapper.bindService:604 com.miui.whetstone.wtstrategy.PersistManager.startService:-1 com.miui.whetstone.wtstrategy.PersistManager.startAll:-1 com.miui.whetstone.wtstrategy.PersistManager.<init>:-1 
03-24 07:02:20.776  3395  6604 W ActivityManager: Unable to start service Intent { act=android.intent.action.MAIN cmp=com.miui.klo.bugreport/.service.FeedbackBackgroundService } U=0: not found
03-24 07:02:20.778  6549  6549 W ContextImpl: Calling a method in the system process without a qualified user: android.app.ContextImpl.startService:1221 android.content.ContextWrapper.startService:581 com.miui.whetstone.wtstrategy.PersistManager.startService:-1 com.miui.whetstone.wtstrategy.PersistManager.startAll:-1 com.miui.whetstone.wtstrategy.PersistManager.<init>:-1 
03-24 07:02:20.778  3395  6175 W ActivityManager: Unable to start service Intent { act=android.intent.action.MAIN cmp=com.miui.klorobotrelease/.service.FeedbackBackgroundService } U=0: not found
03-24 07:02:20.779  6549  6549 W ContextImpl: Calling a method in the system process without a qualified user: android.app.ContextImpl.bindService:1285 android.content.ContextWrapper.bindService:604 com.miui.whetstone.wtstrategy.PersistManager.startService:-1 com.miui.whetstone.wtstrategy.PersistManager.startAll:-1 com.miui.whetstone.wtstrategy.PersistManager.<init>:-1 
03-24 07:02:20.780  3395  6645 W ActivityManager: Unable to start service Intent { act=android.intent.action.MAIN cmp=com.miui.klorobotrelease/.service.FeedbackBackgroundService } U=0: not found
03-24 07:02:20.799  6549  6549 W ContextImpl: Calling a method in the system process without a qualified user: android.app.ContextImpl.startService:1221 android.content.ContextWrapper.startService:581 com.miui.whetstone.wtstrategy.PersistManager.startService:-1 com.miui.whetstone.wtstrategy.PersistManager.startAll:-1 com.miui.whetstone.wtstrategy.PersistManager.<init>:-1 
03-24 07:02:20.809  6549  6549 W ContextImpl: Calling a method in the system process without a qualified user: android.app.ContextImpl.bindService:1285 android.content.ContextWrapper.bindService:604 com.miui.whetstone.wtstrategy.PersistManager.startService:-1 com.miui.whetstone.wtstrategy.PersistManager.startAll:-1 com.miui.whetstone.wtstrategy.PersistManager.<init>:-1 
03-24 07:02:20.812  6549  6549 W ContextImpl: Calling a method in the system process without a qualified user: android.app.ContextImpl.startService:1221 android.content.ContextWrapper.startService:581 com.miui.whetstone.wtstrategy.PersistManager.startService:-1 com.miui.whetstone.wtstrategy.PersistManager.startAll:-1 com.miui.whetstone.wtstrategy.PersistManager.<init>:-1 
03-24 07:02:20.851  6549  6549 W ContextImpl: Calling a method in the system process without a qualified user: android.app.ContextImpl.bindService:1285 android.content.ContextWrapper.bindService:604 com.miui.whetstone.wtstrategy.PersistManager.startService:-1 com.miui.whetstone.wtstrategy.PersistManager.startAll:-1 com.miui.whetstone.wtstrategy.PersistManager.<init>:-1 
03-24 07:02:20.871  6879  6879 W System  : ClassLoader referenced unknown path: /system/app/SystemAdSolution/lib/arm64
03-24 07:02:20.882  6549  6549 W ContextImpl: Calling a method in the system process without a qualified user: android.app.ContextImpl.bindService:1285 android.content.ContextWrapper.bindService:604 com.miui.whetstone.server.WhetstoneService.binderMemoryCheckService:-1 com.miui.whetstone.server.WhetstoneService.<init>:-1 com.miui.whetstone.server.WhetstoneService.getInstance:-1 
03-24 07:02:20.888  6898  6898 W System  : ClassLoader referenced unknown path: /system/app/Metok/lib/arm64
03-24 07:02:20.908  3395  3489 W ContextImpl: Calling a method in the system process without a qualified user: android.app.ContextImpl.sendBroadcast:763 com.android.server.am.ActivityManagerServiceInjector.sendFinishBootingBroadcast:147 com.android.server.am.ActivityManagerServiceInjector.finishBooting:141 com.android.server.am.ActivityManagerServiceHook.handleFinishBooting:37 com.android.server.am.ActivityManagerService$MainHandler.handleMessage:1903 
03-24 07:02:20.915  6879  6879 W AD-PLUGIN-AdLauncher: registerPackageReceiver success!
03-24 07:02:20.932  3395  3489 W KeyguardServiceDelegate: onScreenTurningOn(): no keyguard service!
03-24 07:02:21.189  6217  6217 W ContextImpl: Calling a method in the system process without a qualified user: android.app.ContextImpl.startService:1221 android.content.ContextWrapper.startService:581 miui.core.SdkManager$1.run:189 android.os.Handler.handleCallback:739 android.os.Handler.dispatchMessage:95 
03-24 07:02:21.206  6526  6770 W NfcService: Error enabling NFC
03-24 07:02:21.246  6814  6814 E SQLiteLog: (1) no such table: album_info
03-24 07:02:21.311  6801  6801 E MiuiGallery2_ApplicationHelper: java.lang.ClassNotFoundException: com.miui.gallery.util.deviceprovider.PhoneApplicationHelper
03-24 07:02:21.421  6714  7006 W Analytics-Core-ConfigServer: HttpResponse is empty
03-24 07:02:21.448  6908  6908 W ContextImpl: Calling a method in the system process without a qualified user: android.app.ContextImpl.startService:1221 android.content.ContextWrapper.startService:581 miui.core.SdkManager$1.run:189 android.os.Handler.handleCallback:739 android.os.Handler.dispatchMessage:95 
03-24 07:02:21.461  6908  6908 W ContextImpl: Calling a method in the system process without a qualified user: android.app.ContextImpl.sendBroadcast:763 android.content.ContextWrapper.sendBroadcast:396 com.android.settings.cloud.CloudJobService2.onStartJob:52 android.app.job.JobService$JobHandler.handleMessage:126 android.os.Handler.dispatchMessage:102 
03-24 07:02:21.520  6549  7013 W ActivityThread: ClassLoader.loadClass: The class loader returned by Thread.getContextClassLoader() may fail for processes that host multiple applications. You should explicitly specify a context class loader. For example: Thread.setContextClassLoader(getClass().getClassLoader());
03-24 07:02:21.581  6801  6801 E com_miui_internal_os_Native-JNI: chmod /storage/415B-1BEA/MIUI failed: Operation not permitted
03-24 07:02:21.597  6673  6673 W ContextImpl: Calling a method in the system process without a qualified user: android.app.ContextImpl.startService:1221 android.content.ContextWrapper.startService:581 android.content.ContextWrapper.startService:581 com.android.settings.MiuiSettingsReceiver.onReceive:114 android.app.ActivityThread.handleReceiver:2725 
03-24 07:02:21.624  6658  6860 E SQLiteLog: (14) cannot open file at line 31278 of [2ef4f3a5b1]
03-24 07:02:21.624  6658  6860 E SQLiteLog: (14) os_unix.c:31278: (2) open(/data/user/0/com.android.email/databases/Extral_Provider.db) - 
03-24 07:02:21.626  6658  6860 E SQLiteDatabase: Failed to open database '/data/user/0/com.android.email/databases/Extral_Provider.db'.
03-24 07:02:21.626  6658  6860 E SQLiteDatabase: android.database.sqlite.SQLiteCantOpenDatabaseException: unknown error (code 14): Could not open database
03-24 07:02:21.626  6658  6860 E SQLiteDatabase: 	at android.database.sqlite.SQLiteConnection.nativeOpen(Native Method)
03-24 07:02:21.626  6658  6860 E SQLiteDatabase: 	at android.database.sqlite.SQLiteConnection.open(SQLiteConnection.java:207)
03-24 07:02:21.626  6658  6860 E SQLiteDatabase: 	at android.database.sqlite.SQLiteConnection.open(SQLiteConnection.java:191)
03-24 07:02:21.626  6658  6860 E SQLiteDatabase: 	at android.database.sqlite.SQLiteConnectionPool.openConnectionLocked(SQLiteConnectionPool.java:463)
03-24 07:02:21.626  6658  6860 E SQLiteDatabase: 	at android.database.sqlite.SQLiteConnectionPool.open(SQLiteConnectionPool.java:185)
03-24 07:02:21.626  6658  6860 E SQLiteDatabase: 	at android.database.sqlite.SQLiteConnectionPool.open(SQLiteConnectionPool.java:177)
03-24 07:02:21.626  6658  6860 E SQLiteDatabase: 	at android.database.sqlite.SQLiteDatabase.openInner(SQLiteDatabase.java:806)
03-24 07:02:21.626  6658  6860 E SQLiteDatabase: 	at android.database.sqlite.SQLiteDatabase.open(SQLiteDatabase.java:791)
03-24 07:02:21.626  6658  6860 E SQLiteDatabase: 	at android.database.sqlite.SQLiteDatabase.openDatabase(SQLiteDatabase.java:694)
03-24 07:02:21.626  6658  6860 E SQLiteDatabase: 	at android.database.sqlite.SQLiteDatabase.openDatabase(SQLiteDatabase.java:669)
03-24 07:02:21.626  6658  6860 E SQLiteDatabase: 	at com.kingsoft.email.provider.DataBaseHelper.checkDataBase(DataBaseHelper.java)
03-24 07:02:21.626  6658  6860 E SQLiteDatabase: 	at com.kingsoft.email.provider.DataBaseHelper.createDataBase(DataBaseHelper.java)
03-24 07:02:21.626  6658  6860 E SQLiteDatabase: 	at com.kingsoft.email.EmailApplication$2.run(EmailApplication.java)
03-24 07:02:21.626  6658  6860 E SQLiteDatabase: 	at java.util.Timer$TimerImpl.run(Timer.java:284)
03-24 07:02:21.628  6658  6860 E Email   : checkDataBase exception
03-24 07:02:21.628  6658  6860 E Email   : android.database.sqlite.SQLiteCantOpenDatabaseException: unknown error (code 14): Could not open database
03-24 07:02:21.628  6658  6860 E Email   : 	at android.database.sqlite.SQLiteConnection.nativeOpen(Native Method)
03-24 07:02:21.628  6658  6860 E Email   : 	at android.database.sqlite.SQLiteConnection.open(SQLiteConnection.java:207)
03-24 07:02:21.628  6658  6860 E Email   : 	at android.database.sqlite.SQLiteConnection.open(SQLiteConnection.java:191)
03-24 07:02:21.628  6658  6860 E Email   : 	at android.database.sqlite.SQLiteConnectionPool.openConnectionLocked(SQLiteConnectionPool.java:463)
03-24 07:02:21.628  6658  6860 E Email   : 	at android.database.sqlite.SQLiteConnectionPool.open(SQLiteConnectionPool.java:185)
03-24 07:02:21.628  6658  6860 E Email   : 	at android.database.sqlite.SQLiteConnectionPool.open(SQLiteConnectionPool.java:177)
03-24 07:02:21.628  6658  6860 E Email   : 	at android.database.sqlite.SQLiteDatabase.openInner(SQLiteDatabase.java:806)
03-24 07:02:21.628  6658  6860 E Email   : 	at android.database.sqlite.SQLiteDatabase.open(SQLiteDatabase.java:791)
03-24 07:02:21.628  6658  6860 E Email   : 	at android.database.sqlite.SQLiteDatabase.openDatabase(SQLiteDatabase.java:694)
03-24 07:02:21.628  6658  6860 E Email   : 	at android.database.sqlite.SQLiteDatabase.openDatabase(SQLiteDatabase.java:669)
03-24 07:02:21.628  6658  6860 E Email   : 	at com.kingsoft.email.provider.DataBaseHelper.checkDataBase(DataBaseHelper.java)
03-24 07:02:21.628  6658  6860 E Email   : 	at com.kingsoft.email.provider.DataBaseHelper.createDataBase(DataBaseHelper.java)
03-24 07:02:21.628  6658  6860 E Email   : 	at com.kingsoft.email.EmailApplication$2.run(EmailApplication.java)
03-24 07:02:21.628  6658  6860 E Email   : 	at java.util.Timer$TimerImpl.run(Timer.java:284)
