--------- beginning of system
03-24 00:36:31.044  3056  3064 W vold    : Failed to read manufacturer from /sys//devices/hi_mci.1/mmc_host/mmc1/mmc1:0001/block/mmcblk1/device/manfid: No such file or directory
--------- beginning of main
03-24 00:36:34.299  3277  3277 E CameraUtils: open file error /sys/kernel/debug/boardid/common/camera/faceIgnoreCount
03-24 00:36:34.306  3277  3277 E CameraCapSnapshot: mPictureFmt = 825382478
03-24 00:36:34.306  3277  3277 E CameraCapSnapshot: mPictureFmt = 842094158
03-24 00:36:34.308  3277  3277 W CameraCapZslMode: [CAMERA_PARAM] the hardware do not support ZSL
03-24 00:36:34.336  3277  3277 W CameraCapZslMode: [CAMERA_PARAM] the hardware do not support ZSL
03-24 00:36:34.497  3277  3277 E CameraUtils: open file error /sys/kernel/debug/boardid/common/camera/faceIgnoreCount
03-24 00:36:34.499  3277  3277 E CameraCapSnapshot: mPictureFmt = 825382478
03-24 00:36:34.499  3277  3277 E CameraCapSnapshot: mPictureFmt = 842094158
03-24 00:36:34.500  3277  3277 W CameraCapZslMode: [CAMERA_PARAM] the hardware do not support ZSL
03-24 00:36:34.500  3277  3277 W CameraCapFlashMode: [CAMERA_PARAM] the hardware do not support flash
03-24 00:36:34.526  3277  3277 W CameraCapZslMode: [CAMERA_PARAM] the hardware do not support ZSL
03-24 00:36:34.526  3277  3277 W CameraCapFlashMode: [CAMERA_PARAM] the hardware do not support flash
03-24 00:36:35.319  3291  3291 E ClassHook: Build proxy failed.
03-24 00:36:35.319  3291  3291 E ClassHook: java.lang.RuntimeException: Couldn't get method Landroid/media/MediaScannerMyMediaScannerClientHook;.originalSetMimeType(JLjava/lang/Object;Ljava/lang/String;)V
03-24 00:36:35.319  3291  3291 E ClassHook: 	at com.miui.internal.util.ClassProxy.attachMethodNative(Native Method)
03-24 00:36:35.319  3291  3291 E ClassHook: 	at com.miui.internal.util.ClassProxy.attachMethod(SourceFile:184)
03-24 00:36:35.319  3291  3291 E ClassHook: 	at miui.patchrom.ClassHook.buildProxy(ClassHook.java:61)
03-24 00:36:35.319  3291  3291 E ClassHook: 	at java.lang.reflect.Method.invoke(Native Method)
03-24 00:36:35.319  3291  3291 E ClassHook: 	at miui.patchrom.ClassHook.initHook(ClassHook.java:116)
03-24 00:36:35.319  3291  3291 E ClassHook: 	at miui.patchrom.ClassHook.initCoreHook(ClassHook.java:93)
03-24 00:36:35.319  3291  3291 E ClassHook: 	at com.android.internal.os.ZygoteInit.main(ZygoteInit.java)
03-24 00:36:35.425  3290  3290 E ClassHook: Build proxy failed.
03-24 00:36:35.425  3290  3290 E ClassHook: java.lang.RuntimeException: Couldn't get method Landroid/media/MediaScannerMyMediaScannerClientHook;.originalSetMimeType(JLjava/lang/Object;Ljava/lang/String;)V
03-24 00:36:35.425  3290  3290 E ClassHook: 	at com.miui.internal.util.ClassProxy.attachMethodNative(Native Method)
03-24 00:36:35.425  3290  3290 E ClassHook: 	at com.miui.internal.util.ClassProxy.attachMethod(SourceFile:184)
03-24 00:36:35.425  3290  3290 E ClassHook: 	at miui.patchrom.ClassHook.buildProxy(ClassHook.java:61)
03-24 00:36:35.425  3290  3290 E ClassHook: 	at java.lang.reflect.Method.invoke(Native Method)
03-24 00:36:35.425  3290  3290 E ClassHook: 	at miui.patchrom.ClassHook.initHook(ClassHook.java:116)
03-24 00:36:35.425  3290  3290 E ClassHook: 	at miui.patchrom.ClassHook.initCoreHook(ClassHook.java:93)
03-24 00:36:35.425  3290  3290 E ClassHook: 	at com.android.internal.os.ZygoteInit.main(ZygoteInit.java)
03-24 00:36:35.867  3272  3272 E Netd    : cannot find interface dummy0
03-24 00:36:35.897  3291  3291 E Minikin : addFont failed to create font /system/fonts/NanumGothic.ttf
03-24 00:36:35.897  3290  3290 E Minikin : addFont failed to create font /system/fonts/NanumGothic.ttf
03-24 00:36:35.897  3291  3291 E Minikin : addFont failed to create font /system/fonts/DroidSansFallback.ttf
03-24 00:36:35.897  3291  3291 E Minikin : addFont failed to create font /system/fonts/MTLmr3m.ttf
03-24 00:36:35.898  3290  3290 E Minikin : addFont failed to create font /system/fonts/DroidSansFallback.ttf
03-24 00:36:35.898  3290  3290 E Minikin : addFont failed to create font /system/fonts/MTLmr3m.ttf
03-24 00:36:36.229  3291  3291 E EmojiFactory_jni: Failed to load libemoji.so: dlopen failed: library "libemoji.so" not found
03-24 00:36:36.232  3290  3290 E EmojiFactory_jni: Failed to load libemoji.so: dlopen failed: library "libemoji.so" not found
03-24 00:36:36.257  3291  3291 W Zygote  : Class not found for preloading: android.widget.Editor$CursorAnchorInfoNotifier
03-24 00:36:36.259  3290  3290 W Zygote  : Class not found for preloading: android.widget.Editor$CursorAnchorInfoNotifier
03-24 00:36:36.912  3291  3596 E System  : Uncaught exception thrown by finalizer
03-24 00:36:36.912  3291  3596 E System  : java.lang.NullPointerException: Attempt to invoke virtual method 'void dalvik.system.CloseGuard.close()' on a null object reference
03-24 00:36:36.912  3291  3596 E System  : 	at java.io.FileInputStream.close(FileInputStream.java:113)
03-24 00:36:36.912  3291  3596 E System  : 	at java.io.FileInputStream.finalize(FileInputStream.java:140)
03-24 00:36:36.912  3291  3596 E System  : 	at java.lang.Daemons$FinalizerDaemon.doFinalize(Daemons.java:202)
03-24 00:36:36.912  3291  3596 E System  : 	at java.lang.Daemons$FinalizerDaemon.run(Daemons.java:185)
03-24 00:36:36.912  3291  3596 E System  : 	at java.lang.Thread.run(Thread.java:818)
03-24 00:36:36.913  3290  3612 E System  : Uncaught exception thrown by finalizer
03-24 00:36:36.914  3290  3612 E System  : java.lang.NullPointerException: Attempt to invoke virtual method 'void dalvik.system.CloseGuard.close()' on a null object reference
03-24 00:36:36.914  3290  3612 E System  : 	at java.io.FileInputStream.close(FileInputStream.java:113)
03-24 00:36:36.914  3290  3612 E System  : 	at java.io.FileInputStream.finalize(FileInputStream.java:140)
03-24 00:36:36.914  3290  3612 E System  : 	at java.lang.Daemons$FinalizerDaemon.doFinalize(Daemons.java:202)
03-24 00:36:36.914  3290  3612 E System  : 	at java.lang.Daemons$FinalizerDaemon.run(Daemons.java:185)
03-24 00:36:36.914  3290  3612 E System  : 	at java.lang.Thread.run(Thread.java:818)
03-24 00:36:36.973  3290  3290 W Resources: Preloaded drawable resource #0x1080096 (android:drawable/toast_frame) that varies with configuration!!
03-24 00:36:36.974  3291  3291 W Resources: Preloaded drawable resource #0x1080096 (android:drawable/toast_frame) that varies with configuration!!
03-24 00:36:37.195  3278  3278 E installd: eof
03-24 00:36:37.195  3278  3278 E installd: failed to read size
03-24 00:36:39.566  3277  3277 E audio_config: open dts file failed!
03-24 00:36:39.566  3277  3277 E audio_config: get_audio_configs: get spk_pa_num_pro fail, set spk_pa_num_pro = none as default
03-24 00:36:39.566  3277  3277 E audio_config: open dts file failed!
03-24 00:36:39.566  3277  3277 E audio_config: get_audio_configs: get auxiliary_spk_pa_name fail, set auxiliary_spk_pa_name = none as default
03-24 00:36:39.566  3277  3277 E audio_config: open dts file failed!
03-24 00:36:39.566  3277  3277 E audio_config: get_audio_configs: get auxiliary_spk_pa_num_pro fail, set auxiliary_spk_pa_num_pro = none as default
03-24 00:36:39.566  3277  3277 E audio_config: open dts file failed!
03-24 00:36:39.566  3277  3277 E audio_config: get_audio_configs: get hs_pa_name fail, set hs_pa_name = none as default
03-24 00:36:39.566  3277  3277 E audio_config: open dts file failed!
03-24 00:36:39.567  3277  3277 E audio_config: get_audio_configs: get mic_name fail, set mic_name = none as default
03-24 00:36:39.567  3277  3277 E audio_config: open dts file failed!
03-24 00:36:39.567  3277  3277 W audio_config: get_audio_configs: get bwe function enable fail, set bwe function enable = 0 as default
03-24 00:36:39.567  3277  3277 E audio_config: open dts file failed!
03-24 00:36:39.567  3277  3277 W audio_config: get_audio_configs: get multi_mic function enable fail, set multi_mic  enable = 0 as default
03-24 00:36:39.567  3277  3277 E audio_config: open dts file failed!
03-24 00:36:39.567  3277  3277 E audio_config: get_audio_configs: get speaker_id_high name fail, set speaker_id_high name = none as default
03-24 00:36:39.567  3277  3277 E audio_config: open dts file failed!
03-24 00:36:39.567  3277  3277 E audio_config: get_audio_configs: get speaker_id_low name fail, set speaker_id_low name = none as default
03-24 00:36:39.567  3277  3277 E         : rmt_oeminfo_read, connection fail
03-24 00:36:39.567  3277  3277 E audio_config: get_extra_para: oeminfo is none
03-24 00:36:39.589  3277  3277 E audio_route: Control 'RCV VIR_SWITCH RCV_EN' already exists in path 'dup-media-fm-earpiece'
03-24 00:36:39.589  3277  3277 E audio_route: Control 'SMT_SIF_EN MIXER SIF_CLASSD_EN' already exists in path 'dup-media-fm-speaker'
03-24 00:36:39.589  3277  3277 E audio_route: Control 'HISSC_SMT_HSL_MUTE' already exists in path 'dup-media-fm-headset'
03-24 00:36:39.589  3277  3277 E audio_route: Control 'HISSC_SMT_HSL_MUTE' already exists in path 'dup-media-fm-headphone'
03-24 00:36:39.590  3277  3277 E audio_route: Control 'SMT_SIF_EN MIXER SIF_CLASSD_EN' already exists in path 'dup-media-fm-speaker-earpiece'
03-24 00:36:39.590  3277  3277 E audio_route: Control 'SMT_SIF_EN MIXER SIF_CLASSD_EN' already exists in path 'dup-media-fm-speaker-headset'
03-24 00:36:39.590  3277  3277 E audio_route: Control 'SMT_SIF_EN MIXER SIF_CLASSD_EN' already exists in path 'dup-media-fm-speaker-headphone'
03-24 00:36:39.644  3277  3277 E         : rmt_oeminfo_read, connection fail
03-24 00:36:39.644  3277  3277 E audio_config: get_extra_para: oeminfo is none
03-24 00:36:39.672  3277  3277 E spk_dev_interface: get smartpa lib name error, use default
03-24 00:36:39.673  3277  3277 W spk_dev_interface: Unknown device name, use default
03-24 00:36:39.674  3277  3277 E spk_dev_interface: get auxiliary_spk lib name error
03-24 00:36:39.674  3277  3277 E spk_dev_interface: load_hs_pa:get hs_pa lib name error, use default
03-24 00:36:39.674  3277  3277 W spk_dev_interface: load_hs_pa:Unknown device name, use default
03-24 00:36:39.679  3277  3277 W EffectsFactory: loadLibrary() failed to open /vendor/lib/soundfx/libqcbassboost.so
03-24 00:36:39.679  3277  3277 W EffectsFactory: loadLibrary() failed to open /vendor/lib/soundfx/libqcvirt.so
03-24 00:36:39.679  3277  3277 W EffectsFactory: loadLibrary() failed to open /vendor/lib/soundfx/libqcreverb.so
03-24 00:36:39.680  3277  3277 W EffectsFactory: loadLibrary() failed to open /system/lib/soundfx/libqcomvisualizer.so
03-24 00:36:39.682  3277  3277 W EffectsFactory: loadLibrary() failed to open /system/lib/soundfx/libqcompostprocbundle.so
03-24 00:36:39.682  3277  3277 W EffectsFactory: loadLibrary() failed to open /system/lib/soundfx/libqcomvoiceprocessing.so
03-24 00:36:39.711  3277  3277 W EffectsFactory: addSubEffect() could not get library qcbassboost
03-24 00:36:39.711  3277  3277 W EffectsFactory: loadEffect() could not add subEffect 
03-24 00:36:39.711  3277  3277 W EffectsFactory: addSubEffect() could not get library qcvirt
03-24 00:36:39.711  3277  3277 W EffectsFactory: loadEffect() could not add subEffect 
03-24 00:36:39.711  3277  3277 W EffectsFactory: addSubEffect() could not get library offload_bundle
03-24 00:36:39.711  3277  3277 W EffectsFactory: loadEffect() could not add subEffect 
03-24 00:36:39.711  3277  3277 W EffectsFactory: addSubEffect() could not get library qcreverb
03-24 00:36:39.711  3277  3277 W EffectsFactory: loadEffect() could not add subEffect 
03-24 00:36:39.711  3277  3277 W EffectsFactory: addSubEffect() could not get library qcreverb
03-24 00:36:39.712  3277  3277 W EffectsFactory: loadEffect() could not add subEffect 
03-24 00:36:39.712  3277  3277 W EffectsFactory: addSubEffect() could not get library qcreverb
03-24 00:36:39.712  3277  3277 W EffectsFactory: loadEffect() could not add subEffect 
03-24 00:36:39.712  3277  3277 W EffectsFactory: addSubEffect() could not get library qcreverb
03-24 00:36:39.712  3277  3277 W EffectsFactory: loadEffect() could not add subEffect 
03-24 00:36:39.712  3277  3277 W EffectsFactory: addSubEffect() could not get library visualizer_hw
03-24 00:36:39.712  3277  3277 W EffectsFactory: loadEffect() could not add subEffect 
03-24 00:36:39.712  3277  3277 W EffectsFactory: loadEffect() could not get library audio_pre_processing
03-24 00:36:39.712  3277  3277 W EffectsFactory: loadEffect() could not get library audio_pre_processing
03-24 00:36:39.713  3277  3774 E AudioFlinger: no wake lock to update!
03-24 00:36:39.721  3277  3277 E MonoPipe: Failed to fetch local time frequency when constructing a MonoPipe (res = -32).  getNextWriteTimestamp calls will be non-functional
03-24 00:36:39.723  3277  3277 E SoundTriggerHwService: couldn't load sound trigger module sound_trigger.primary (No such file or directory)
03-24 00:36:39.723  3277  3277 E RadioService: couldn't load radio module radio.primary (No such file or directory)
03-24 00:36:41.360  3794  3794 E INI_SO  : [ini_config_init:857]system() run err
03-24 00:36:41.362  3794  3794 E INI_SO  : [ini_config_init:853]/data/hwlogdir/log_ctl/log_cfg is not exist, init log control system
03-24 00:36:41.365  3796  3796 E INI_SO  : [ini_find_var:745]not find ExternLna!!!, check if var in correct mode
03-24 00:36:41.372  3794  3794 E INI_SO  : [ini_config_init:857]system() run err
03-24 00:36:41.374  3794  3794 E INI_SO  : [ini_config_init:853]/data/hwlogdir/log_ctl/log_cfg is not exist, init log control system
03-24 00:36:41.375  3796  3796 E INI_SO  : [ini_find_var:745]not find EPHALMNUMAREA!!!, check if var in correct mode
03-24 00:36:41.377  3796  3796 E INI_SO  : [ini_config_init:853]/data/hwlogdir/log_ctl/log_cfg is not exist, init log control system
03-24 00:36:41.382  3794  3794 E INI_SO  : [ini_config_init:857]system() run err
03-24 00:36:41.384  3794  3794 E INI_SO  : [ini_config_init:853]/data/hwlogdir/log_ctl/log_cfg is not exist, init log control system
03-24 00:36:41.385  3796  3796 E INI_SO  : [ini_config_init:857]system() run err
03-24 00:36:41.387  3796  3796 E INI_SO  : [ini_config_init:853]/data/hwlogdir/log_ctl/log_cfg is not exist, init log control system
03-24 00:36:41.392  3794  3794 E INI_SO  : [ini_config_init:857]system() run err
03-24 00:36:41.395  3796  3796 E INI_SO  : [ini_config_init:857]system() run err
03-24 00:36:41.396  3796  3796 E INI_SO  : [ini_config_init:853]/data/hwlogdir/log_ctl/log_cfg is not exist, init log control system
03-24 00:36:41.405  3796  3796 E INI_SO  : [ini_config_init:857]system() run err
03-24 00:36:41.406  3796  3796 E INI_SO  : [ini_config_init:853]/data/hwlogdir/log_ctl/log_cfg is not exist, init log control system
03-24 00:36:41.415  3796  3796 E INI_SO  : [ini_config_init:857]system() run err
03-24 00:36:41.416  3796  3796 E INI_SO  : [ini_config_init:853]/data/hwlogdir/log_ctl/log_cfg is not exist, init log control system
03-24 00:36:41.425  3796  3796 E INI_SO  : [ini_config_init:857]system() run err
03-24 00:36:41.447  3796  3829 W GNSS_ENGINE: Failed to change file permission on path DEVICE_1.t,error:No such file or directory
03-24 00:36:41.447  3796  3829 E GNSS_ENGINE: file pointer is NULL
03-24 00:36:41.606  3736  3736 E FeatureParser: both assets/device_features/ and /system/etc/device_features don't exist hi6210sft.xml
03-24 00:36:41.617  3736  3736 W libsuspend: Error writing 'on' to /sys/power/state: Invalid argument
03-24 00:36:49.217  3267  3267 E SELinux : avc:  denied  { find } for service=power scontext=u:r:kernel:s0 tcontext=u:object_r:power_service:s0 tclass=service_manager
03-24 00:36:49.262  3396  3426 E BootAnimation: couldn't find audio_conf.txt
03-24 00:36:50.040  3736  3736 W art     : Long monitor contention event with owner method=void com.android.server.display.DisplayManagerService.handleDisplayDeviceAdded(com.android.server.display.DisplayDevice) from DisplayManagerService.java:677 waiters=1 for 8.401s
03-24 00:36:50.068  3267  3267 E SELinux : avc:  denied  { add } for service=securespaces scontext=u:r:system_server:s0 tcontext=u:object_r:default_android_service:s0 tclass=service_manager
03-24 00:36:50.080  3736  3736 W SystemConfig: No directory /system/etc/sysconfig, skipping
03-24 00:36:50.633  3736  3736 E art     : DexFile_getDexOptNeeded file '/system/framework/yellowpage-common.jar' does not exist
03-24 00:36:50.634  3736  3736 W PackageManager: Library not found: /system/framework/yellowpage-common.jar
03-24 00:36:50.660  3736  3736 E art     : DexFile_getDexOptNeeded file '/system/framework/org.apache.http.legacy.jar' does not exist
03-24 00:36:50.661  3736  3736 W PackageManager: Library not found: /system/framework/org.apache.http.legacy.jar
03-24 00:36:50.727  3736  3736 E art     : DexFile_getDexOptNeeded file '/system/framework/yellowpage-common.jar' does not exist
03-24 00:36:50.728  3736  3736 W PackageManager: Library not found: /system/framework/yellowpage-common.jar
03-24 00:36:50.751  3736  3736 E art     : DexFile_getDexOptNeeded file '/system/framework/org.apache.http.legacy.jar' does not exist
03-24 00:36:50.751  3736  3736 W PackageManager: Library not found: /system/framework/org.apache.http.legacy.jar
03-24 00:36:50.876  3736  3736 W PackageManager: Permission android.permission.LOCATION_POLICY_INTERNAL from package com.miui.rom in an unknown group android.permission-group.LOCATION
03-24 00:36:51.166  3736  3736 W PackageManager: Permission com.miui.calendar.permission.READ_CALENDAR from package com.android.calendar in an unknown group android.permission-group.PERSONAL_INFO
03-24 00:36:51.166  3736  3736 W PackageManager: Permission com.miui.calendar.permission.WRITE_CALENDAR from package com.android.calendar in an unknown group android.permission-group.PERSONAL_INFO
03-24 00:36:51.409  3736  3736 W PackageManager: Permission com.android.voicemail.permission.READ_WRITE_ALL_VOICEMAIL from package com.android.providers.contacts in an unknown group android.permission-group.PERSONAL_INFO
03-24 00:36:51.457  3736  3736 W PackageManager: Permission android.permission.DOWNLOAD_WITHOUT_NOTIFICATION from package com.android.providers.downloads in an unknown group android.permission-group.NETWORK
03-24 00:36:51.657  3736  3736 W PackageParser: No actions in intent filter at /system/priv-app/MediaProvider/MediaProvider.apk Binary XML file line #93
03-24 00:36:51.770  3736  3736 W PackageParser: Ignoring duplicate uses-permissions/uses-permissions-sdk-m: android.permission.WRITE_SETTINGS in package: com.miui.mipub at: Binary XML file line #26
03-24 00:36:51.771  3736  3736 W PackageParser: Ignoring duplicate uses-permissions/uses-permissions-sdk-m: android.permission.GET_ACCOUNTS in package: com.miui.mipub at: Binary XML file line #31
03-24 00:36:51.772  3736  3736 W PackageParser: Ignoring duplicate uses-permissions/uses-permissions-sdk-m: android.permission.USE_CREDENTIALS in package: com.miui.mipub at: Binary XML file line #39
03-24 00:36:51.860  3736  3736 W PackageParser: Ignoring duplicate uses-permissions/uses-permissions-sdk-m: com.xiaomi.permission.SYNC_TAG_DATA in package: com.miui.gallery at: Binary XML file line #42
03-24 00:36:51.931  3736  3736 W PackageParser: Ignoring duplicate uses-permissions/uses-permissions-sdk-m: miui.permission.SHELL in package: com.miui.home at: Binary XML file line #116
03-24 00:36:51.931  3736  3736 W PackageParser: Ignoring duplicate uses-permissions/uses-permissions-sdk-m: com.xiaomi.gallery.permission.CLOUD in package: com.miui.home at: Binary XML file line #121
03-24 00:36:51.949  3736  3736 W PackageManager: Permission com.android.launcher.permission.INSTALL_SHORTCUT from package com.miui.home in an unknown group android.permission-group.SYSTEM_TOOLS
03-24 00:36:51.949  3736  3736 W PackageManager: Permission com.miui.home.launcher.permission.UNINSTALL_SHORTCUT from package com.miui.home in an unknown group android.permission-group.SYSTEM_TOOLS
03-24 00:36:51.949  3736  3736 W PackageManager: Permission com.miui.home.launcher.permission.INSTALL_WIDGET from package com.miui.home in an unknown group android.permission-group.SYSTEM_TOOLS
03-24 00:36:51.949  3736  3736 W PackageManager: Permission com.android.launcher.permission.READ_SETTINGS from package com.miui.home in an unknown group android.permission-group.SYSTEM_TOOLS
03-24 00:36:51.949  3736  3736 W PackageManager: Permission com.android.launcher.permission.WRITE_SETTINGS from package com.miui.home in an unknown group android.permission-group.SYSTEM_TOOLS
03-24 00:36:51.961  3736  3736 W PackageParser: Unknown element under <manifest>: uses-library at /system/priv-app/MiuiKeyguard/MiuiKeyguard.apk Binary XML file line #47
03-24 00:36:51.997  3736  3736 W PackageParser: Ignoring duplicate uses-permissions/uses-permissions-sdk-m: miui.permission.USE_INTERNAL_GENERAL_API in package: com.android.systemui at: Binary XML file line #71
03-24 00:36:52.090  3736  3736 W PackageParser: Ignoring duplicate uses-permissions/uses-permissions-sdk-m: android.permission.GET_ACCOUNTS in package: com.android.mms at: Binary XML file line #59
03-24 00:36:52.091  3736  3736 W PackageParser: Ignoring duplicate uses-permissions/uses-permissions-sdk-m: android.permission.WAKE_LOCK in package: com.android.mms at: Binary XML file line #73
03-24 00:36:52.358  3736  3736 W PackageParser: Ignoring duplicate uses-permissions/uses-permissions-sdk-m: android.permission.WRITE_SECURE_SETTINGS in package: com.miui.securitycenter at: Binary XML file line #129
03-24 00:36:52.372  3736  3736 W PackageParser: No actions in intent filter at /system/priv-app/SecurityCenter/SecurityCenter.apk Binary XML file line #406
03-24 00:36:52.518  3736  3736 W PackageParser: Ignoring duplicate uses-permissions/uses-permissions-sdk-m: android.permission.USE_CREDENTIALS in package: com.android.settings at: Binary XML file line #77
03-24 00:36:52.519  3736  3736 W PackageParser: Ignoring duplicate uses-permissions/uses-permissions-sdk-m: android.permission.READ_SYNC_SETTINGS in package: com.android.settings at: Binary XML file line #82
03-24 00:36:52.519  3736  3736 W PackageParser: Ignoring duplicate uses-permissions/uses-permissions-sdk-m: android.permission.WRITE_SYNC_SETTINGS in package: com.android.settings at: Binary XML file line #83
03-24 00:36:52.521  3736  3736 W PackageParser: Ignoring duplicate uses-permissions/uses-permissions-sdk-m: android.permission.RECEIVE_BOOT_COMPLETED in package: com.android.settings at: Binary XML file line #117
03-24 00:36:52.521  3736  3736 W PackageParser: Ignoring duplicate uses-permissions/uses-permissions-sdk-m: android.permission.MODIFY_AUDIO_SETTINGS in package: com.android.settings at: Binary XML file line #122
03-24 00:36:52.697  3736  3736 W PackageParser: Ignoring duplicate uses-permissions/uses-permissions-sdk-m: android.permission.INSTALL_GRANT_RUNTIME_PERMISSIONS in package: com.android.shell at: Binary XML file line #101
03-24 00:36:52.720  3736  3736 W PackageParser: Ignoring duplicate uses-permissions/uses-permissions-sdk-m: android.permission.ACCESS_NETWORK_STATE in package: com.securespaces.android.ssm.service at: Binary XML file line #40
03-24 00:36:52.720  3736  3736 W PackageParser: Ignoring duplicate uses-permissions/uses-permissions-sdk-m: android.permission.CONNECTIVITY_INTERNAL in package: com.securespaces.android.ssm.service at: Binary XML file line #42
03-24 00:36:52.721  3736  3736 W PackageParser: Ignoring duplicate uses-permissions/uses-permissions-sdk-m: android.permission.WRITE_EXTERNAL_STORAGE in package: com.securespaces.android.ssm.service at: Binary XML file line #52
03-24 00:36:52.881  3736  3736 W PackageManager: Provider ComponentInfo{com.android.providers.telephony/com.android.providers.telephony.FirewallProvider} already defined; ignoring
03-24 00:36:52.881  3736  3736 W PackageManager: Skipping provider name firewall (in package com.android.providers.telephony): name already used by com.android.providers.telephony
03-24 00:36:52.961  3736  3736 W PackageManager: Failed to parse /system/priv-app/YellowPage: Missing base APK in /system/priv-app/YellowPage
03-24 00:36:53.114  3736  3736 W PackageParser: Ignoring duplicate uses-permissions/uses-permissions-sdk-m: android.permission.READ_CONTACTS in package: com.android.bluetooth at: Binary XML file line #58
03-24 00:36:53.118  3736  3736 W PackageParser: No actions in intent filter at /system/app/Bluetooth/Bluetooth.apk Binary XML file line #215
03-24 00:36:53.161  3736  3736 W PackageParser: Ignoring duplicate uses-permissions/uses-permissions-sdk-m: android.permission.INTERNET in package: com.miui.bugreport at: Binary XML file line #31
03-24 00:36:53.161  3736  3736 W PackageParser: Ignoring duplicate uses-permissions/uses-permissions-sdk-m: android.permission.ACCESS_NETWORK_STATE in package: com.miui.bugreport at: Binary XML file line #32
03-24 00:36:53.162  3736  3736 W PackageParser: Ignoring duplicate uses-permissions/uses-permissions-sdk-m: android.permission.WRITE_EXTERNAL_STORAGE in package: com.miui.bugreport at: Binary XML file line #34
03-24 00:36:53.162  3736  3736 W PackageParser: Ignoring duplicate uses-permissions/uses-permissions-sdk-m: android.permission.ACCESS_WIFI_STATE in package: com.miui.bugreport at: Binary XML file line #36
03-24 00:36:53.320  3736  3736 W PackageParser: No actions in intent filter at /system/app/CloudService/CloudService.apk Binary XML file line #156
03-24 00:36:53.333  3736  3736 W PackageParser: Ignoring duplicate uses-permissions/uses-permissions-sdk-m: android.permission.INTERACT_ACROSS_USERS in package: com.miui.cloudservice at: Binary XML file line #724
03-24 00:36:53.486  3736  3736 W PackageManager: Permission com.android.email.permission.READ_ATTACHMENT from package com.android.email in an unknown group android.permission-group.MESSAGES
03-24 00:36:53.549  3736  3736 W PackageParser: Problem in package /system/app/FileExplorer/FileExplorer.apk:
03-24 00:36:53.549  3736  3736 W PackageParser: Unknown element under <activity>: intentfilter at /system/app/FileExplorer/FileExplorer.apk Binary XML file line #302
03-24 00:36:53.760  3736  3736 W PackageParser: Ignoring duplicate uses-permissions/uses-permissions-sdk-m: android.permission.READ_CONTACTS in package: com.cleanmaster.sdk at: Binary XML file line #25
03-24 00:36:53.820  3736  3736 W PackageParser: Ignoring duplicate uses-permissions/uses-permissions-sdk-m: android.permission.ACCOUNT_MANAGER in package: com.android.midrive at: Binary XML file line #21
03-24 00:36:53.895  3736  3736 W PackageParser: Ignoring duplicate uses-permissions/uses-permissions-sdk-m: android.permission.CONTROL_WIFI_DISPLAY in package: com.xiaomi.miplay at: Binary XML file line #24
03-24 00:36:54.195  3736  3736 W PackageParser: Ignoring duplicate uses-permissions/uses-permissions-sdk-m: android.permission.CHANGE_WIFI_STATE in package: com.android.nfc at: Binary XML file line #47
03-24 00:36:54.195  3736  3736 W PackageParser: Ignoring duplicate uses-permissions/uses-permissions-sdk-m: android.permission.ACCESS_WIFI_STATE in package: com.android.nfc at: Binary XML file line #48
03-24 00:36:54.224  3736  3736 W PackageParser: Ignoring duplicate uses-permissions/uses-permissions-sdk-m: android.permission.READ_SYNC_SETTINGS in package: com.miui.notes at: Binary XML file line #31
03-24 00:36:54.354  3736  3736 W PackageParser: Service exported request ignored due to singleUser: com.miui.powerkeeper.feedbackcontrol.FeedbackControlService at /system/app/PowerKeeper/PowerKeeper.apk Binary XML file line #71
03-24 00:36:54.354  3736  3736 W PackageParser: Service exported request ignored due to singleUser: com.miui.powerkeeper.powerchecker.PowerCheckerService at /system/app/PowerKeeper/PowerKeeper.apk Binary XML file line #79
03-24 00:36:54.454  3736  3736 W PackageParser: Ignoring duplicate uses-permissions/uses-permissions-sdk-m: android.permission.MANAGE_ACCOUNTS in package: com.miui.securityadd at: Binary XML file line #29
03-24 00:36:54.486  3736  3736 W PackageParser: Ignoring duplicate uses-permissions/uses-permissions-sdk-m: android.permission.MANAGE_ACCOUNTS in package: com.miui.securitycore at: Binary XML file line #22
03-24 00:36:54.556  3736  3736 W PackageParser: No actions in intent filter at /system/app/SogouInput/SogouInput.apk Binary XML file line #334
03-24 00:36:54.559  3736  3736 W PackageParser: No actions in intent filter at /system/app/SogouInput/SogouInput.apk Binary XML file line #639
03-24 00:36:54.559  3736  3736 W PackageParser: No actions in intent filter at /system/app/SogouInput/SogouInput.apk Binary XML file line #717
03-24 00:36:54.654  3736  3736 W PackageManager: Permission com.securespaces.android.permission.MANAGE_SPACES from package com.securespaces.android.settings in an unknown group android.permission-group.SYSTEM_TOOLS
03-24 00:36:54.654  3736  3736 W PackageManager: Permission com.securespaces.android.permission.MANAGE_SPACES_FULL from package com.securespaces.android.settings in an unknown group android.permission-group.SYSTEM_TOOLS
03-24 00:36:54.654  3736  3736 W PackageManager: Permission com.securespaces.android.permission.MANAGE_SPACES_PROTECTED from package com.securespaces.android.settings in an unknown group android.permission-group.SYSTEM_TOOLS
03-24 00:36:54.654  3736  3736 W PackageManager: Permission com.securespaces.android.permission.CREATE_APP_CONTROLLED_SPACES from package com.securespaces.android.settings in an unknown group android.permission-group.SYSTEM_TOOLS
03-24 00:36:54.918  3736  3736 W PackageParser: Ignoring duplicate uses-permissions/uses-permissions-sdk-m: android.permission.MODIFY_AUDIO_SETTINGS in package: com.miui.voiceassist at: Binary XML file line #23
03-24 00:36:55.232  3736  3736 W PackageManager: Failed to parse /system/app/OpenWnn: Missing base APK in /system/app/OpenWnn
03-24 00:36:55.232  3736  3736 W PackageManager: Failed to parse /system/app/Gallery2: Missing base APK in /system/app/Gallery2
03-24 00:36:55.233  3736  3736 W PackageManager: Failed to parse /system/app/LatinIME: Missing base APK in /system/app/LatinIME
03-24 00:36:55.233  3736  3736 W PackageManager: Failed to parse /system/app/PicoTts: Missing base APK in /system/app/PicoTts
03-24 00:36:55.520  3736  3736 W PackageManager: Package com.miui.fm desires unavailable shared library com.broadcom.bt; ignoring!
03-24 00:36:55.520  3736  3736 W PackageManager: Package com.android.browser desires unavailable shared library com.android.qualcomm.modemwarmup; ignoring!
03-24 00:36:55.522  3278  3278 E installd: invalid apk path '/system/framework/framework-ext-res' (bad prefix)
03-24 00:36:55.530  3736  3736 W PackageManager: Unknown permission com.miui.yellowpage.permission.ACCESS_YELLOWPAGE in package com.android.providers.telephony
03-24 00:36:55.534  3736  3736 W PackageManager: Unknown permission android.permission.ACCESS_MTK_MMHW in package com.miui.fm
03-24 00:36:55.535  3736  3736 W PackageManager: Unknown permission com.google.android.googleapps.permission.GOOGLE_AUTH in package com.android.providers.calendar
03-24 00:36:55.535  3736  3736 W PackageManager: Unknown permission com.google.android.googleapps.permission.GOOGLE_AUTH.cl in package com.android.providers.calendar
03-24 00:36:55.537  3736  3736 W PackageManager: Not granting permission com.xiaomi.gallery.permission.CLOUD to package com.milink.service (protectionLevel=18 flags=0x3808be45)
03-24 00:36:55.540  3736  3736 W PackageManager: Unknown permission android.permission.SEND_SMS_NO_CONFIRMATION in package com.xiaomi.account
03-24 00:36:55.545  3736  3736 W PackageManager: Unknown permission android.permission.WRITE_INTERNAL_STORAGE in package com.android.updater
03-24 00:36:55.547  3736  3736 W PackageManager: Unknown permission miui.permission.SHELL in package com.android.updater
03-24 00:36:55.549  3736  3736 W PackageManager: Unknown permission com.xiaomi.channel.GAME_SERVICE_PERMISSION in package com.xiaomi.gamecenter.sdk.service
03-24 00:36:55.549  3736  3736 W PackageManager: Unknown permission com.xiaomi.gamecenter.webkit in package com.xiaomi.gamecenter.sdk.service
03-24 00:36:55.550  3736  3736 W PackageManager: Unknown permission com.xiaomi.passport.permission.PASSPORT_UI_CONTROLLER_SERVICE in package com.xiaomi.gamecenter.sdk.service
03-24 00:36:55.551  3736  3736 W PackageManager: Unknown permission android.permission.READ_SECURE_SETTINGS in package com.miui.securityadd
03-24 00:36:55.551  3736  3736 W PackageManager: Unknown permission android.permission.READ_SETTINGS in package com.miui.securityadd
03-24 00:36:55.554  3736  3736 W PackageManager: Unknown permission android.permission.ACCESS_ALL_EXTERNAL_STORAGE in package com.miui.gallery
03-24 00:36:55.562  3736  3736 W PackageManager: Unknown permission com.xiaomi.passport.permission.PASSPORT_UI_CONTROLLER_SERVICE in package com.xiaomi.payment
03-24 00:36:55.567  3736  3736 W PackageManager: Unknown permission miui.permission.SHELL in package com.miui.securitycenter
03-24 00:36:55.570  3736  3736 W PackageManager: Unknown permission android.permission.READ_SECURE_SETTINGS in package com.miui.securitycenter
03-24 00:36:55.570  3736  3736 W PackageManager: Unknown permission android.permission.READ_SETTINGS in package com.miui.securitycenter
03-24 00:36:55.570  3736  3736 W PackageManager: Unknown permission com.miui.yellowpage.permission.ACCESS_YELLOWPAGE in package com.miui.securitycenter
03-24 00:36:55.571  3736  3736 W PackageManager: Unknown permission com.google.android.gms.permission.ACTIVITY_RECOGNITION in package com.miui.securitycenter
03-24 00:36:55.572  3736  3736 W PackageManager: Unknown permission android.Manifest.permission.RECEIVE_BOOT_COMPLETED in package com.android.browser
03-24 00:36:55.578  3736  3736 W PackageManager: Unknown permission android.permission.ACTION_HEADSET_PLUG in package com.android.soundrecorder
03-24 00:36:55.581  3736  3736 W PackageManager: Unknown permission adnroid.permission.CHANGE_WIFI_STATE in package com.miui.guardprovider
03-24 00:36:55.589  3736  3736 W PackageManager: Unknown permission com.miui.yellowpage.permission.ACCESS_YELLOWPAGE in package com.miui.backup
03-24 00:36:55.590  3736  3736 W PackageManager: Unknown permission com.xiaomi.market.sdk.UPDATE in package com.miui.backup
03-24 00:36:55.591  3736  3736 W PackageManager: Unknown permission android.permission.READ_SETTINGS in package com.xiaomi.ab
03-24 00:36:55.591  3736  3736 W PackageManager: Unknown permission android.permission.RUN_INSTRUMENTATION in package com.xiaomi.ab
03-24 00:36:55.591  3736  3736 W PackageManager: Unknown permission com.xiaomi.channel.GAME_SERVICE_PERMISSION in package com.xiaomi.ab
03-24 00:36:55.592  3736  3736 W PackageManager: Unknown permission com.xiaomi.passport.permission.PASSPORT_UI_CONTROLLER_SERVICE in package com.xiaomi.ab
03-24 00:36:55.593  3736  3736 W PackageManager: Unknown permission com.google.android.googleapps.permission.GOOGLE_AUTH.mail in package com.android.contacts
03-24 00:36:55.594  3736  3736 W PackageManager: Unknown permission com.miui.yellowpage.permission.ACCESS_YELLOWPAGE in package com.android.contacts
03-24 00:36:55.594  3736  3736 W PackageManager: Unknown permission com.miui.mipub.permission.READ_HMS_COMMON in package com.android.contacts
03-24 00:36:55.596  3736  3736 W PackageManager: Unknown permission com.xiaomi.rcs.permission.SERVICE in package com.android.contacts
03-24 00:36:55.596  3736  3736 W PackageManager: Unknown permission com.miui.voip.permission.RECEIVE_CLEAR_MISSED_CALL_NOTIFICATION in package com.android.contacts
03-24 00:36:55.597  3736  3736 W PackageManager: Unknown permission android.permission.ACCESS_NOTIFICATION in package com.miui.securitycore
03-24 00:36:55.598  3736  3736 W PackageManager: Unknown permission android.permission.INSTALL_DRM in package com.android.mms
03-24 00:36:55.598  3736  3736 W PackageManager: Unknown permission android.permission.SEND_SMS_NO_CONFIRMATION in package com.android.mms
03-24 00:36:55.599  3736  3736 W PackageManager: Unknown permission miui.permission.SHELL in package com.android.mms
03-24 00:36:55.599  3736  3736 W PackageManager: Unknown permission com.miui.yellowpage.permission.ACCESS_YELLOWPAGE in package com.android.mms
03-24 00:36:55.603  3736  3736 W PackageManager: Unknown permission android.permission.NFC_UNLOCK in package com.android.nfc
03-24 00:36:55.610  3736  3736 W PackageManager: Unknown permission android.permission.WRITE_INTERNAL_STORAGE in package com.miui.player
03-24 00:36:55.614  3736  3736 W PackageManager: Unknown permission com.google.android.googleapps.permission.GOOGLE_AUTH.mail in package com.android.calendar
03-24 00:36:55.615  3736  3736 W PackageManager: Not granting permission android.permission.ACCESS_MOCK_LOCATION to package com.android.calendar (protectionLevel=2 flags=0x3849be45)
03-24 00:36:55.616  3736  3736 W PackageManager: Unknown permission miui.permission.SHELL in package com.miui.compass
03-24 00:36:55.617  3736  3736 W PackageManager: Unknown permission android.permission.ACCESS_FM_RECEIVER in package com.miui.cit
03-24 00:36:55.620  3736  3736 W PackageManager: Unknown permission android.permission.ACCESS_ALL_EXTERNAL_STORAGE in package com.android.midrive
03-24 00:36:55.624  3736  3736 W PackageManager: Unknown permission com.miui.yellowpage.permission.ACCESS_YELLOWPAGE in package com.miui.personalassistant
03-24 00:36:55.625  3736  3736 W PackageManager: Unknown permission com.miui.yellowpage.permission.ACCESS_YELLOWPAGE in package com.android.incallui
03-24 00:36:55.628  3736  3736 W PackageManager: Unknown permission miui.permission.SHELL in package com.miui.bugreport
03-24 00:36:55.629  3736  3736 W PackageManager: Unknown permission android.permission.ACCESS_ALL_EXTERNAL_STORAGE in package com.android.fileexplorer
03-24 00:36:55.633  3736  3736 W PackageManager: Unknown permission com.miui.klo.bugreport.permission.KLO_STARTUP_RECEIVER in package com.xiaomi.metok
03-24 00:36:55.639  3736  3736 W PackageManager: Unknown permission com.xiaomi.passport.permission.PASSPORT_UI_CONTROLLER_SERVICE in package com.mipay.wallet
03-24 00:36:55.640  3736  3736 W PackageManager: Unknown permission com.fingerprints.service.ACCESS_FINGERPRINT_MANAGER in package com.mipay.wallet
03-24 00:36:55.642  3736  3736 W PackageManager: Unknown permission com.miui.yellowpage.permission.ACCESS_YELLOWPAGE in package com.android.server.telecom
03-24 00:36:55.642  3736  3736 W PackageManager: Unknown permission com.miui.yellowpage.permission.BROADCAST_EVENT in package com.android.server.telecom
03-24 00:36:55.646  3736  3736 W PackageManager: Unknown permission com.fingerprints.service.ACCESS_FINGERPRINT_MANAGER in package com.android.keyguard
03-24 00:36:55.647  3736  3736 W PackageManager: Unknown permission com.fingerprints.service.ACCESS_FINGERPRINT_MANAGER in package com.android.camera
03-24 00:36:55.647  3736  3736 W PackageManager: Unknown permission com.xiaomi.market.sdk.UPDATE in package com.xiaomi.pass
03-24 00:36:55.660  3736  3736 W PackageManager: Unknown permission android.permission.INSTALL_DRM in package com.miui.mipub
03-24 00:36:55.661  3736  3736 W PackageManager: Unknown permission miui.permission.SHELL in package com.miui.mipub
03-24 00:36:55.661  3736  3736 W PackageManager: Unknown permission com.miui.yellowpage.permission.ACCESS_YELLOWPAGE in package com.miui.mipub
03-24 00:36:55.663  3736  3736 W PackageManager: Unknown permission android.permission.READ_SECURE_SETTINGS in package com.miui.notes
03-24 00:36:55.666  3736  3736 W PackageManager: Unknown permission com.xiaomi.router.provider.READ_OFFLINE_VIDEO in package com.miui.video
03-24 00:36:55.666  3736  3736 W PackageManager: Unknown permission com.xiaomi.router.provider.WRITE_OFFLINE_VIDEO in package com.miui.video
03-24 00:36:55.667  3736  3736 W PackageManager: Unknown permission com.xiaomi.passport.permission.PASSPORT_UI_CONTROLLER_SERVICE in package com.miui.video
03-24 00:36:55.679  3736  3736 W PackageManager: Unknown permission android.permission.ACCESS_COARSE_UPDATES in package com.miui.cloudservice
03-24 00:36:55.681  3736  3736 W PackageManager: Unknown permission miui.permission.SHELL in package com.miui.cloudservice
03-24 00:36:55.683  3736  3736 W PackageManager: Unknown permission com.miui.yellowpage.permission.ACCESS_YELLOWPAGE in package com.miui.cloudservice
03-24 00:36:55.693  3736  3736 W PackageManager: Unknown permission com.android.vending.BILLING in package com.footej.camera
03-24 00:36:55.693  3736  3736 W PackageManager: Unknown permission com.google.android.c2dm.permission.RECEIVE in package com.footej.camera
03-24 00:36:55.694  3736  3736 W PackageManager: Not granting permission android.permission.ACCESS_MOCK_LOCATION to package com.sohu.inputmethod.sogou.xiaomi (protectionLevel=2 flags=0x38083e45)
03-24 00:36:55.694  3736  3736 W PackageManager: Not granting permission android.permission.READ_LOGS to package com.sohu.inputmethod.sogou.xiaomi (protectionLevel=50 flags=0x38083e45)
03-24 00:36:55.694  3736  3736 W PackageManager: Not granting permission android.permission.CLEAR_APP_CACHE to package com.sohu.inputmethod.sogou.xiaomi (protectionLevel=18 flags=0x38083e45)
03-24 00:36:55.694  3736  3736 W PackageManager: Unknown permission sogou.mobile.explorer.permission.ACTIVATION in package com.sohu.inputmethod.sogou.xiaomi
03-24 00:36:55.695  3736  3736 W PackageManager: Not granting permission miui.permission.USE_INTERNAL_GENERAL_API to package com.sohu.inputmethod.sogou.xiaomi (protectionLevel=18 flags=0x38083e45)
03-24 00:36:55.695  3736  3736 W PackageManager: Unknown permission com.miui.uimonitor.permission.READ_UI in package com.sohu.inputmethod.sogou.xiaomi
03-24 00:36:55.702  3736  3736 W PackageManager: Unknown permission android.permission.SYSTEM_OVERLAY_WINDOW in package com.securespaces.android.ssm.service
03-24 00:36:55.703  3736  3736 W PackageManager: Unknown permission com.securespaces.android.sscm.permission.SEND_SSCM_PAYLOAD in package com.securespaces.android.ssm.service
03-24 00:36:55.703  3736  3736 W PackageManager: Unknown permission com.xiaomi.market.sdk.UPDATE in package com.miui.calculator
03-24 00:36:55.704  3736  3736 W PackageManager: Not granting permission android.permission.CLEAR_APP_CACHE to package com.cleanmaster.sdk (protectionLevel=18 flags=0x3808be45)
03-24 00:36:55.704  3736  3736 W PackageManager: Not granting permission android.permission.READ_LOGS to package com.cleanmaster.sdk (protectionLevel=50 flags=0x3808be45)
03-24 00:36:55.710  3736  3736 W PackageManager: Unknown permission com.xiaomi.gallery.permission.DELETE_SIMILAR_IMAGE in package com.miui.cleanmaster
03-24 00:36:55.711  3736  3736 W PackageManager: Unknown permission com.google.android.gms.permission.ACTIVITY_RECOGNITION in package com.miui.cleanmaster
03-24 00:36:55.715  3736  3736 W PackageManager: Unknown permission com.google.android.googleapps.permission.GOOGLE_AUTH in package com.android.settings
03-24 00:36:55.722  3736  3736 W PackageManager: Unknown permission com.xiaomi.permission.RECEIVE_BROADCAST_REPORT in package com.android.settings
03-24 00:36:55.722  3736  3736 W PackageManager: Unknown permission com.xiaomi.permission.WIFI_SHARE in package com.android.settings
03-24 00:36:55.724  3736  3736 W PackageManager: Unknown permission com.fingerprints.service.ACCESS_FINGERPRINT_MANAGER in package com.android.settings
03-24 00:36:55.730  3736  3736 W PackageManager: Unknown permission miui.permission.SHELL in package com.android.email
03-24 00:36:55.732  3736  3736 W PackageManager: Not granting permission android.permission.REBOOT to package eu.chainfire.supersu (protectionLevel=18 flags=0x38083e04)
03-24 00:36:55.733  3736  3736 W PackageManager: Unknown permission android.permission.SEND_SMS_NO_CONFIRMATION in package com.miui.voiceassist
03-24 00:36:55.739  3736  3736 W PackageManager: Unknown permission com.android.smspush.WAPPUSH_MANAGER_BIND in package com.android.phone
03-24 00:36:55.757  3736  3736 W PackageManager: Unknown permission com.google.android.c2dm.permission.RECEIVE in package com.securespaces.android.agent
03-24 00:36:55.761  3736  3736 W PackageManager: Unknown permission android.permission.ACCESS_ALL_EXTERNAL_STORAGE in package com.android.systemui
03-24 00:36:55.767  3736  3736 W PackageManager: Not granting permission android.permission.INSTALL_LOCATION_PROVIDER to package com.amap.android.location (protectionLevel=18 flags=0x3808be0d)
03-24 00:36:55.768  3736  3736 W PackageManager: Not granting permission android.permission.WRITE_SECURE_SETTINGS to package com.amap.android.location (protectionLevel=50 flags=0x3808be0d)
03-24 00:36:55.770  3736  3736 W PackageManager: Unknown permission com.xiaomi.channel.GAME_SERVICE_PERMISSION in package com.android.thememanager
03-24 00:36:55.779  3736  3736 W PackageManager: Unknown permission com.google.android.gallery3d.permission.GALLERY_PROVIDER in package com.android.bluetooth
03-24 00:36:55.779  3736  3736 W PackageManager: Unknown permission com.android.gallery3d.permission.GALLERY_PROVIDER in package com.android.bluetooth
03-24 00:36:55.781  3736  3736 W PackageManager: Unknown permission com.miui.yellowpage.permission.ACCESS_YELLOWPAGE in package com.android.providers.contacts
03-24 00:36:55.782  3736  3736 W PackageManager: Not granting permission android.permission.READ_PRIVILEGED_PHONE_STATE to package com.miui.core (protectionLevel=18 flags=0x38083e0d)
03-24 00:36:55.787  3736  3736 W PackageManager: Unknown permission miui.permission.SHELL in package com.miui.home
03-24 00:36:55.789  3736  3736 W PackageManager: Unknown permission com.miui.yellowpage.permission.ACCESS_YELLOWPAGE in package com.miui.voip
03-24 00:36:55.790  3736  3736 W PackageManager: Unknown permission android.permission.SYSTEM_OVERLAY_WINDOW in package com.miui.voip
03-24 00:36:55.791  3736  3736 W PackageManager: Unknown permission android.permission.READ_SETTINGS in package com.miui.voip
03-24 00:36:56.022  3736  3736 E Sensors : checking file /system/etc/permissions/android.hardware.sensor.gyroscope.xml
03-24 00:36:56.022  3736  3736 E Sensors : check ok
03-24 00:36:56.022  3736  3736 E         : ph_check no
03-24 00:36:56.024  3736  3736 E Sensors : MagSensor sensor open PDC path=/sys/class/sensors/mag_sensor/pdc,fail.
03-24 00:36:56.026  3736  3736 E AKMD2   : AKM Test pdc full path = /system/vendor/etc/pdc.txt
03-24 00:36:56.027  3736  3736 E Sensors : HallSensor::HallSensor(): HALL fd (/sys/class/sensors/hall_sensor/)
03-24 00:36:56.028  3736  3736 E Sensors : HallSensor,OPEN fd=59,path=/sys/class/sensors/hall_sensor/enable
03-24 00:36:56.093  3736  3736 W System  : ClassLoader referenced unknown path: /system/priv-app/SettingsProvider/lib/arm64
03-24 00:36:56.118  3736  3736 E ConsumerIrService: Can't open consumer IR HW Module, error: -2
03-24 00:36:56.177  3736  3833 E WindowManager: Unknown window type: 2025
03-24 00:36:56.177  3736  3833 E WindowManager: Unknown window type: 2028
03-24 00:36:56.177  3736  3833 E WindowManager: Unknown window type: 2034
03-24 00:36:56.177  3736  3833 E WindowManager: Unknown window type: 2035
03-24 00:36:56.177  3736  3833 E WindowManager: Unknown window type: 2036
03-24 00:36:56.177  3736  3833 E WindowManager: Unknown window type: 2037
03-24 00:36:56.177  3736  3833 E WindowManager: Unknown window type: 2038
03-24 00:36:56.177  3736  3833 E WindowManager: Unknown window type: 2039
03-24 00:36:56.177  3736  3833 E WindowManager: Unknown window type: 2040
03-24 00:36:56.177  3736  3833 E WindowManager: Unknown window type: 2041
03-24 00:36:56.177  3736  3833 E WindowManager: Unknown window type: 2042
03-24 00:36:56.177  3736  3833 E WindowManager: Unknown window type: 2043
03-24 00:36:56.177  3736  3833 E WindowManager: Unknown window type: 2044
03-24 00:36:56.177  3736  3833 E WindowManager: Unknown window type: 2045
03-24 00:36:56.177  3736  3833 E WindowManager: Unknown window type: 2046
03-24 00:36:56.177  3736  3833 E WindowManager: Unknown window type: 2047
03-24 00:36:56.177  3736  3833 E WindowManager: Unknown window type: 2048
03-24 00:36:56.178  3736  3833 E WindowManager: Unknown window type: 2049
03-24 00:36:56.178  3736  3833 E WindowManager: Unknown window type: 2050
03-24 00:36:56.178  3736  3833 E WindowManager: Unknown window type: 2051
03-24 00:36:56.178  3736  3833 E WindowManager: Unknown window type: 2052
03-24 00:36:56.178  3736  3833 E WindowManager: Unknown window type: 2053
03-24 00:36:56.178  3736  3833 E WindowManager: Unknown window type: 2054
03-24 00:36:56.178  3736  3833 E WindowManager: Unknown window type: 2055
03-24 00:36:56.178  3736  3833 E WindowManager: Unknown window type: 2056
03-24 00:36:56.178  3736  3833 E WindowManager: Unknown window type: 2057
03-24 00:36:56.178  3736  3833 E WindowManager: Unknown window type: 2058
03-24 00:36:56.178  3736  3833 E WindowManager: Unknown window type: 2059
03-24 00:36:56.178  3736  3833 E WindowManager: Unknown window type: 2060
03-24 00:36:56.178  3736  3833 E WindowManager: Unknown window type: 2061
03-24 00:36:56.178  3736  3833 E WindowManager: Unknown window type: 2062
03-24 00:36:56.178  3736  3833 E WindowManager: Unknown window type: 2063
03-24 00:36:56.178  3736  3833 E WindowManager: Unknown window type: 2064
03-24 00:36:56.178  3736  3833 E WindowManager: Unknown window type: 2065
03-24 00:36:56.178  3736  3833 E WindowManager: Unknown window type: 2066
03-24 00:36:56.178  3736  3833 E WindowManager: Unknown window type: 2067
03-24 00:36:56.178  3736  3833 E WindowManager: Unknown window type: 2068
03-24 00:36:56.178  3736  3833 E WindowManager: Unknown window type: 2069
