--------- beginning of main
03-24 15:10:50.376  2376  2376 W auditd  : type=2000 audit(0.0:1): initialized
--------- beginning of system
03-24 15:10:54.763  2391  2394 W vold    : Failed to read manufacturer from /sys//devices/hi_mci.1/mmc_host/mmc1/mmc1:0001/block/mmcblk1/device/manfid: No such file or directory
03-24 15:10:55.186  2500  2500 E miui-init: waitpid failed: No child processes
03-24 15:10:55.191  2500  2500 W miui-init: (Parsing /system/etc/init.miui.rc took 0.01s.)
03-24 15:10:55.191  2500  2500 W miui-init: Starting service 'shelld'...
03-24 15:10:55.192  2500  2500 W miui-init: Starting service 'fdpp'...
03-24 15:10:55.200  2485  2485 E SELinux : avc:  denied  { add } for service=miui.fdpp scontext=u:r:kernel:s0 tcontext=u:object_r:default_android_service:s0 tclass=service_manager
03-24 15:10:55.203  2511  2511 E perfprofd: unable to open configuration file /data/data/com.google.android.gms/files/perfprofd.conf
03-24 15:10:55.219  2485  2485 E ServiceManager: add_service('miui.fdpp',2) uid=0 - ALREADY REGISTERED, OVERRIDE
03-24 15:10:55.222  2485  2485 E SELinux : avc:  denied  { add } for service=android.security.keystore scontext=u:r:kernel:s0 tcontext=u:object_r:keystore_service:s0 tclass=service_manager
03-24 15:10:55.230  2510  2510 W gatekeeperd: falling back to software GateKeeper
03-24 15:10:55.238  2485  2485 E SELinux : avc:  denied  { add } for service=android.service.gatekeeper.IGateKeeperService scontext=u:r:kernel:s0 tcontext=u:object_r:gatekeeper_service:s0 tclass=service_manager
03-24 15:10:55.371  2486  2486 W Meticulus HWComposer: Using fake vsync on primary...
03-24 15:10:55.371  2486  2486 W Meticulus HWComposer: Could not open fb1 file!
03-24 15:10:55.371  2486  2486 W Meticulus HWComposer: External physicals display will be unavailable.
03-24 15:10:55.371  2486  2486 E Meticulus HWComposer: Could not open fb2 file!
03-24 15:10:55.371  2486  2486 W Meticulus HWComposer: Virtual displays will be unavailable.
03-24 15:10:55.380  2485  2485 E SELinux : avc:  denied  { add } for service=SurfaceFlinger scontext=u:r:kernel:s0 tcontext=u:object_r:surfaceflinger_service:s0 tclass=service_manager
03-24 15:10:55.561  2485  2485 E SELinux : avc:  denied  { find } for service=SurfaceFlinger scontext=u:r:kernel:s0 tcontext=u:object_r:surfaceflinger_service:s0 tclass=service_manager
03-24 15:10:55.659  2485  2485 E SELinux : avc:  denied  { add } for service=drm.drmManager scontext=u:r:kernel:s0 tcontext=u:object_r:drmserver_service:s0 tclass=service_manager
03-24 15:10:55.678  2342  2342 E OEMINFO_NVM_SERVER: pid 2488, opration nvm_read OK
03-24 15:10:55.718  2574  2608 E BootAnimation: couldn't find audio_conf.txt
03-24 15:10:55.777  2342  2342 E OEMINFO_NVM_SERVER: pid 2505, opration oeminfo_read OK
03-24 15:10:55.779  2342  2342 E OEMINFO_NVM_SERVER: pid 2488, opration nvm_read OK
03-24 15:10:55.843  2342  2342 E OEMINFO_NVM_SERVER: pid 2505, opration oeminfo_read OK
03-24 15:10:55.843  2505  2505 E HWNFF   : HWNFF Daemon fireup
03-24 15:10:55.968  2687  2687 F NDK_SUPLCLIENT_LAUNCHER: suplclientlauncher main() entered
03-24 15:10:55.969  2687  2687 F NDK_SUPLCLIENT_LAUNCHER: suplclientlauncher main() calling umask()
03-24 15:10:55.969  2687  2687 F NDK_SUPLCLIENT_LAUNCHER: suplclientlauncher main() calling dlerror()
03-24 15:10:55.969  2687  2687 F NDK_SUPLCLIENT_LAUNCHER: suplclientlauncher main() opening log file
03-24 15:10:55.969  2687  2687 F NDK_SUPLCLIENT_LAUNCHER: <<<<<<Start SUPL Client Launcher>>>>>>>
03-24 15:10:55.974  2682  2682 E INI_SO  : [ini_config_init:853]/data/hwlogdir/log_ctl/log_cfg is not exist, init log control system
03-24 15:10:55.995  2687  2687 F NDK_SUPLCLIENT_LAUNCHER: SPMSTATUS ConfigManager::FillSUPL2SuplProtocol(void*, SPM_SUPL_PROTOENGINE_2&) -- 3953: Inside the GSM tag of forcetest values
03-24 15:10:55.999  2687  2687 F NDK_SUPLCLIENT_LAUNCHER: SPMSTATUS ConfigManager::FillSUPL2SuplProtocol(void*, SPM_SUPL_PROTOENGINE_2&) -- 4022: Inside the LTE tag of forcetest values
03-24 15:10:55.999  2687  2687 F NDK_SUPLCLIENT_LAUNCHER: SPMSTATUS ConfigManager::FillSUPL2SuplProtocol(void*, SPM_SUPL_PROTOENGINE_2&) -- 4055: cellid of globalid is 23
03-24 15:10:56.008  2687  2687 F NDK_SUPLCLIENT_LAUNCHER: SPMSTATUS ConfigManager::FillSUPL2SuplProtocol(void*, SPM_SUPL_PROTOENGINE_2&) -- 4198: Updated msisdn in the config params with value 918951322358
03-24 15:10:56.009  2687  2687 E NDK_SUPLCLIENT_LAUNCHER: SPMSTATUS ConfigManager::FillHSLPParam(void*, SPM_HSLP_PARAM&) -- 3098: SSL Version set in config is 3
03-24 15:10:56.011  2687  2687 F NDK_SUPLCLIENT_LAUNCHER: SPMSTATUS ConfigManager::FillGANSSParam(void*, SPM_GANSS_PARAM&) -- 1719: Inside the MSA of ganss
03-24 15:10:56.011  2687  2687 F NDK_SUPLCLIENT_LAUNCHER: SPMSTATUS ConfigManager::FillGANSSParam(void*, SPM_GANSS_PARAM&) -- 1821: Inside the MSB of ganss
03-24 15:10:56.013  2682  2682 E INI_SO  : [ini_config_init:857]system() run err
03-24 15:10:56.013  2687  2687 F NDK_SUPLCLIENT_LAUNCHER: SPMSTATUS ConfigManager::Init(char*, char*) -- 931: After reading xml file
03-24 15:10:56.013  2687  2687 F NDK_SUPLCLIENT_LAUNCHER: bDirectToFile = 0, bDirectToLogcat = 0
03-24 15:10:56.015  2682  2682 E INI_SO  : [ini_config_init:853]/data/hwlogdir/log_ctl/log_cfg is not exist, init log control system
03-24 15:10:56.020  2485  2485 E SELinux : avc:  denied  { add } for service=media.audio_flinger scontext=u:r:kernel:s0 tcontext=u:object_r:mediaserver_service:s0 tclass=service_manager
03-24 15:10:56.021  2498  2498 E         : batterystats service unavailable!
03-24 15:10:56.021  2498  2498 E         : batterystats service unavailable!
03-24 15:10:56.021  2498  2498 E         : batterystats service unavailable!
03-24 15:10:56.022  2498  2498 E         : batterystats service unavailable!
03-24 15:10:56.027  2682  2682 E INI_SO  : [ini_config_init:857]system() run err
03-24 15:10:56.029  2682  2682 E INI_SO  : [ini_config_init:853]/data/hwlogdir/log_ctl/log_cfg is not exist, init log control system
03-24 15:10:56.039  2682  2682 E INI_SO  : [ini_config_init:857]system() run err
03-24 15:10:56.040  2682  2682 E INI_SO  : [ini_config_init:853]/data/hwlogdir/log_ctl/log_cfg is not exist, init log control system
03-24 15:10:56.049  2682  2682 E INI_SO  : [ini_config_init:857]system() run err
03-24 15:10:56.050  2684  2684 E INI_SO  : [ini_find_var:745]not find Time!!!, check if var in correct mode
03-24 15:10:56.050  2684  2684 E INI_SO  : [ini_find_var:745]not find Location!!!, check if var in correct mode
03-24 15:10:56.051  2682  2682 E INI_SO  : [ini_config_init:853]/data/hwlogdir/log_ctl/log_cfg is not exist, init log control system
03-24 15:10:56.051  2684  2684 E INI_SO  : [ini_find_var:745]not find StubPosition!!!, check if var in correct mode
03-24 15:10:56.051  2684  2684 E INI_SO  : [ini_find_var:745]not find LeapSecond!!!, check if var in correct mode
03-24 15:10:56.055  2684  2684 E INI_SO  : [ini_find_var:745]not find StubDeleteSv!!!, check if var in correct mode
03-24 15:10:56.057  2684  2684 E INI_SO  : [ini_find_var:745]not find StubRawpowerWeight!!!, check if var in correct mode
03-24 15:10:56.061  2682  2682 E INI_SO  : [ini_config_init:857]system() run err
03-24 15:10:56.063  2682  2682 E INI_SO  : [ini_config_init:853]/data/hwlogdir/log_ctl/log_cfg is not exist, init log control system
03-24 15:10:56.065  2684  2684 E INI_SO  : [ini_find_var:745]not find ExternLna!!!, check if var in correct mode
03-24 15:10:56.074  2682  2682 E INI_SO  : [ini_config_init:857]system() run err
03-24 15:10:56.075  2682  2682 E INI_SO  : [ini_config_init:853]/data/hwlogdir/log_ctl/log_cfg is not exist, init log control system
03-24 15:10:56.075  2684  2684 E INI_SO  : [ini_find_var:745]not find EPHALMNUMAREA!!!, check if var in correct mode
03-24 15:10:56.077  2684  2684 E INI_SO  : [ini_config_init:853]/data/hwlogdir/log_ctl/log_cfg is not exist, init log control system
03-24 15:10:56.109  2684  2684 E INI_SO  : [ini_config_init:857]system() run err
03-24 15:10:56.111  2684  2684 E INI_SO  : [ini_config_init:853]/data/hwlogdir/log_ctl/log_cfg is not exist, init log control system
03-24 15:10:56.111  2682  2682 E INI_SO  : [ini_config_init:857]system() run err
03-24 15:10:56.113  2682  2682 E INI_SO  : [ini_config_init:853]/data/hwlogdir/log_ctl/log_cfg is not exist, init log control system
03-24 15:10:56.126  2682  2682 E INI_SO  : [ini_config_init:857]system() run err
03-24 15:10:56.128  2682  2682 E INI_SO  : [ini_config_init:853]/data/hwlogdir/log_ctl/log_cfg is not exist, init log control system
03-24 15:10:56.135  2684  2684 E INI_SO  : [ini_config_init:857]system() run err
03-24 15:10:56.136  2684  2684 E INI_SO  : [ini_config_init:853]/data/hwlogdir/log_ctl/log_cfg is not exist, init log control system
03-24 15:10:56.139  2682  2682 E INI_SO  : [ini_config_init:857]system() run err
03-24 15:10:56.146  2684  2684 E INI_SO  : [ini_config_init:857]system() run err
03-24 15:10:56.147  2684  2684 E INI_SO  : [ini_config_init:853]/data/hwlogdir/log_ctl/log_cfg is not exist, init log control system
03-24 15:10:56.156  2684  2684 E INI_SO  : [ini_config_init:857]system() run err
03-24 15:10:56.157  2684  2684 E INI_SO  : [ini_config_init:853]/data/hwlogdir/log_ctl/log_cfg is not exist, init log control system
03-24 15:10:56.167  2684  2684 E INI_SO  : [ini_config_init:857]system() run err
03-24 15:10:56.193  2684  2730 W GNSS_ENGINE: Failed to change file permission on path DEVICE_1.t,error:No such file or directory
03-24 15:10:56.193  2684  2730 E GNSS_ENGINE: file pointer is NULL
03-24 15:10:56.398  2485  2485 E ServiceManager: add_service('miui.shell',c) uid=1000 - ALREADY REGISTERED, OVERRIDE
03-24 15:10:56.425  2498  2498 E CameraUtils: open file error /sys/kernel/debug/boardid/common/camera/faceIgnoreCount
03-24 15:10:56.428  2498  2498 E CameraCapSnapshot: mPictureFmt = 825382478
03-24 15:10:56.428  2498  2498 E CameraCapSnapshot: mPictureFmt = 842094158
03-24 15:10:56.430  2498  2498 W CameraCapZslMode: [CAMERA_PARAM] the hardware do not support ZSL
03-24 15:10:56.458  2498  2498 W CameraCapZslMode: [CAMERA_PARAM] the hardware do not support ZSL
03-24 15:10:56.616  2498  2498 E CameraUtils: open file error /sys/kernel/debug/boardid/common/camera/faceIgnoreCount
03-24 15:10:56.618  2498  2498 E CameraCapSnapshot: mPictureFmt = 825382478
03-24 15:10:56.618  2498  2498 E CameraCapSnapshot: mPictureFmt = 842094158
03-24 15:10:56.620  2498  2498 W CameraCapZslMode: [CAMERA_PARAM] the hardware do not support ZSL
03-24 15:10:56.620  2498  2498 W CameraCapFlashMode: [CAMERA_PARAM] the hardware do not support flash
03-24 15:10:56.646  2498  2498 W CameraCapZslMode: [CAMERA_PARAM] the hardware do not support ZSL
03-24 15:10:56.646  2498  2498 W CameraCapFlashMode: [CAMERA_PARAM] the hardware do not support flash
03-24 15:10:58.221  2493  2493 E Netd    : cannot find interface dummy0
03-24 15:10:59.423  3059  3059 E art     : Could not create image space with image file '/system/framework/boot.art'. Attempting to fall back to imageless running. Error was: Only the zygote can create the global boot image.
03-24 15:11:01.674  2485  2485 E SELinux : avc:  denied  { find } for service=media.audio_flinger scontext=u:r:kernel:s0 tcontext=u:object_r:mediaserver_service:s0 tclass=service_manager
03-24 15:11:01.685  2498  2498 E audio_config: open dts file failed!
03-24 15:11:01.685  2498  2498 E audio_config: get_audio_configs: get spk_pa_num_pro fail, set spk_pa_num_pro = none as default
03-24 15:11:01.685  2498  2498 E audio_config: open dts file failed!
03-24 15:11:01.685  2498  2498 E audio_config: get_audio_configs: get auxiliary_spk_pa_name fail, set auxiliary_spk_pa_name = none as default
03-24 15:11:01.685  2498  2498 E audio_config: open dts file failed!
03-24 15:11:01.685  2498  2498 E audio_config: get_audio_configs: get auxiliary_spk_pa_num_pro fail, set auxiliary_spk_pa_num_pro = none as default
03-24 15:11:01.685  2498  2498 E audio_config: open dts file failed!
03-24 15:11:01.685  2498  2498 E audio_config: get_audio_configs: get hs_pa_name fail, set hs_pa_name = none as default
03-24 15:11:01.685  2498  2498 E audio_config: open dts file failed!
03-24 15:11:01.685  2498  2498 E audio_config: get_audio_configs: get mic_name fail, set mic_name = none as default
03-24 15:11:01.685  2498  2498 E audio_config: open dts file failed!
03-24 15:11:01.685  2498  2498 W audio_config: get_audio_configs: get bwe function enable fail, set bwe function enable = 0 as default
03-24 15:11:01.685  2498  2498 E audio_config: open dts file failed!
03-24 15:11:01.685  2498  2498 W audio_config: get_audio_configs: get multi_mic function enable fail, set multi_mic  enable = 0 as default
03-24 15:11:01.685  2498  2498 E audio_config: open dts file failed!
03-24 15:11:01.685  2498  2498 E audio_config: get_audio_configs: get speaker_id_high name fail, set speaker_id_high name = none as default
03-24 15:11:01.686  2498  2498 E audio_config: open dts file failed!
03-24 15:11:01.686  2498  2498 E audio_config: get_audio_configs: get speaker_id_low name fail, set speaker_id_low name = none as default
03-24 15:11:01.686  2498  2498 E         : rmt_oeminfo_read, connection fail
03-24 15:11:01.686  2498  2498 E audio_config: get_extra_para: oeminfo is none
03-24 15:11:01.708  2498  2498 E audio_route: Control 'RCV VIR_SWITCH RCV_EN' already exists in path 'dup-media-fm-earpiece'
03-24 15:11:01.708  2498  2498 E audio_route: Control 'SMT_SIF_EN MIXER SIF_CLASSD_EN' already exists in path 'dup-media-fm-speaker'
03-24 15:11:01.708  2498  2498 E audio_route: Control 'HISSC_SMT_HSL_MUTE' already exists in path 'dup-media-fm-headset'
03-24 15:11:01.708  2498  2498 E audio_route: Control 'HISSC_SMT_HSL_MUTE' already exists in path 'dup-media-fm-headphone'
03-24 15:11:01.709  2498  2498 E audio_route: Control 'SMT_SIF_EN MIXER SIF_CLASSD_EN' already exists in path 'dup-media-fm-speaker-earpiece'
03-24 15:11:01.709  2498  2498 E audio_route: Control 'SMT_SIF_EN MIXER SIF_CLASSD_EN' already exists in path 'dup-media-fm-speaker-headset'
03-24 15:11:01.709  2498  2498 E audio_route: Control 'SMT_SIF_EN MIXER SIF_CLASSD_EN' already exists in path 'dup-media-fm-speaker-headphone'
03-24 15:11:01.764  2498  2498 E         : rmt_oeminfo_read, connection fail
03-24 15:11:01.764  2498  2498 E audio_config: get_extra_para: oeminfo is none
03-24 15:11:01.794  2498  2498 E spk_dev_interface: get smartpa lib name error, use default
03-24 15:11:01.794  2498  2498 W spk_dev_interface: Unknown device name, use default
03-24 15:11:01.795  2498  2498 E spk_dev_interface: get auxiliary_spk lib name error
03-24 15:11:01.795  2498  2498 E spk_dev_interface: load_hs_pa:get hs_pa lib name error, use default
03-24 15:11:01.795  2498  2498 W spk_dev_interface: load_hs_pa:Unknown device name, use default
03-24 15:11:01.801  2498  2498 W EffectsFactory: loadLibrary() failed to open /vendor/lib/soundfx/libqcbassboost.so
03-24 15:11:01.802  2498  2498 W EffectsFactory: loadLibrary() failed to open /vendor/lib/soundfx/libqcvirt.so
03-24 15:11:01.802  2498  2498 W EffectsFactory: loadLibrary() failed to open /vendor/lib/soundfx/libqcreverb.so
03-24 15:11:01.803  2498  2498 W EffectsFactory: loadLibrary() failed to open /system/lib/soundfx/libqcomvisualizer.so
03-24 15:11:01.805  2498  2498 W EffectsFactory: loadLibrary() failed to open /system/lib/soundfx/libqcompostprocbundle.so
03-24 15:11:01.806  2498  2498 W EffectsFactory: loadLibrary() failed to open /system/lib/soundfx/libqcomvoiceprocessing.so
03-24 15:11:01.835  2498  2498 W EffectsFactory: addSubEffect() could not get library qcbassboost
03-24 15:11:01.835  2498  2498 W EffectsFactory: loadEffect() could not add subEffect 
03-24 15:11:01.835  2498  2498 W EffectsFactory: addSubEffect() could not get library qcvirt
03-24 15:11:01.835  2498  2498 W EffectsFactory: loadEffect() could not add subEffect 
03-24 15:11:01.835  2498  2498 W EffectsFactory: addSubEffect() could not get library offload_bundle
03-24 15:11:01.835  2498  2498 W EffectsFactory: loadEffect() could not add subEffect 
03-24 15:11:01.835  2498  2498 W EffectsFactory: addSubEffect() could not get library qcreverb
03-24 15:11:01.835  2498  2498 W EffectsFactory: loadEffect() could not add subEffect 
03-24 15:11:01.835  2498  2498 W EffectsFactory: addSubEffect() could not get library qcreverb
03-24 15:11:01.835  2498  2498 W EffectsFactory: loadEffect() could not add subEffect 
03-24 15:11:01.835  2498  2498 W EffectsFactory: addSubEffect() could not get library qcreverb
03-24 15:11:01.835  2498  2498 W EffectsFactory: loadEffect() could not add subEffect 
03-24 15:11:01.835  2498  2498 W EffectsFactory: addSubEffect() could not get library qcreverb
03-24 15:11:01.835  2498  2498 W EffectsFactory: loadEffect() could not add subEffect 
03-24 15:11:01.836  2498  2498 W EffectsFactory: addSubEffect() could not get library visualizer_hw
03-24 15:11:01.836  2498  2498 W EffectsFactory: loadEffect() could not add subEffect 
03-24 15:11:01.836  2498  2498 W EffectsFactory: loadEffect() could not get library audio_pre_processing
03-24 15:11:01.836  2498  2498 W EffectsFactory: loadEffect() could not get library audio_pre_processing
03-24 15:11:01.837  2498  3188 E AudioFlinger: no wake lock to update!
03-24 15:11:01.845  2498  2498 E MonoPipe: Failed to fetch local time frequency when constructing a MonoPipe (res = -32).  getNextWriteTimestamp calls will be non-functional
03-24 15:11:01.847  2498  2498 E SoundTriggerHwService: couldn't load sound trigger module sound_trigger.primary (No such file or directory)
03-24 15:11:01.848  2498  2498 E RadioService: couldn't load radio module radio.primary (No such file or directory)
03-24 15:11:02.155  3059  3059 W art     : No image location found for Dex2Oat.
03-24 15:11:05.261  3217  3217 E art     : Could not create image space with image file '/system/framework/boot.art'. Attempting to fall back to imageless running. Error was: Only the zygote can create the global boot image.
03-24 15:11:07.381  3096  3096 W dex2oat : Method processed more than once: void android.icu.text.NumberFormat.<clinit>()
03-24 15:11:07.642  3096  3096 W dex2oat : Method processed more than once: java.lang.String java.lang.AbstractStringBuilder.substring(int)
03-24 15:11:07.722  3096  3096 W dex2oat : Method processed more than once: void java.util.Properties.load(java.io.Reader)
03-24 15:11:07.793  3096  3096 W dex2oat : Method processed more than once: java.lang.String java.lang.IntegralToString.stringOf(char[])
03-24 15:11:07.907  3217  3217 W art     : No image location found for Dex2Oat.
03-24 15:11:07.932  3096  3096 W dex2oat : Method processed more than once: java.lang.String com.android.org.bouncycastle.util.Strings.toLowerCase(java.lang.String)
03-24 15:11:08.914  3096  3199 W dex2oat : Method processed more than once: void android.text.TextUtils.<clinit>()
03-24 15:11:08.952  3096  3199 W dex2oat : Method processed more than once: java.lang.String com.android.dex.Mutf8.decode(com.android.dex.util.ByteInput, char[])
03-24 15:11:09.149  3240  3240 E art     : Could not create image space with image file '/system/framework/boot.art'. Attempting to fall back to imageless running. Error was: Only the zygote can create the global boot image.
03-24 15:11:09.171  3096  3204 W dex2oat : Method processed more than once: void android.net.Uri.<clinit>()
03-24 15:11:11.908  3240  3240 W art     : No image location found for Dex2Oat.
03-24 15:11:13.524  3261  3261 E art     : Could not create image space with image file '/system/framework/boot.art'. Attempting to fall back to imageless running. Error was: Only the zygote can create the global boot image.
03-24 15:11:15.724  3096  3203 W dex2oat : Compilation of boolean android.app.ActivityManagerNative.onTransact(int, android.os.Parcel, android.os.Parcel, int) took 205.640ms
03-24 15:11:16.268  3261  3261 W art     : No image location found for Dex2Oat.
03-24 15:11:16.378  3096  3204 W dex2oat : Compilation of boolean android.app.admin.IDevicePolicyManager$Stub.onTransact(int, android.os.Parcel, android.os.Parcel, int) took 122.198ms
03-24 15:11:16.754  3246  3265 W dex2oat : Verification of boolean android.app.ActivityManagerNative.onTransact(int, android.os.Parcel, android.os.Parcel, int) took 143.175ms
03-24 15:11:17.117  3261  3283 E art     : Thread attaching to non-existent runtime: Binder_1
03-24 15:11:17.286  3246  3267 W dex2oat : Verification of void android.widget.TextView.<init>(android.content.Context, android.util.AttributeSet, int, int) took 100.910ms
03-24 15:11:17.600  3246  3262 W dex2oat : Verification of void android.os.BatteryStats.dumpLocked(android.content.Context, java.io.PrintWriter, java.lang.String, int, int, boolean) took 118.322ms
03-24 15:11:17.931  3286  3286 E art     : Could not create image space with image file '/system/framework/boot.art'. Attempting to fall back to imageless running. Error was: Only the zygote can create the global boot image.
03-24 15:11:18.007  3096  3203 W dex2oat : Compilation of void android.os.BatteryStats.dumpLocked(android.content.Context, java.io.PrintWriter, java.lang.String, int, int, boolean) took 102.762ms
03-24 15:11:19.258  3096  3204 W dex2oat : Compilation of boolean android.content.IContentService$Stub.onTransact(int, android.os.Parcel, android.os.Parcel, int) took 102.050ms
03-24 15:11:20.747  3286  3286 W art     : No image location found for Dex2Oat.
03-24 15:11:21.491  3286  3301 E art     : Thread attaching while runtime is shutting down: Binder_1
03-24 15:11:21.492  3246  3268 W dex2oat : Method processed more than once: void android.icu.text.NumberFormat.<clinit>()
03-24 15:11:21.878  3246  3268 W dex2oat : Method processed more than once: java.lang.String java.lang.AbstractStringBuilder.substring(int)
03-24 15:11:21.962  3246  3268 W dex2oat : Method processed more than once: void java.util.Properties.load(java.io.Reader)
03-24 15:11:22.036  3246  3268 W dex2oat : Method processed more than once: java.lang.String java.lang.IntegralToString.stringOf(char[])
03-24 15:11:22.183  3246  3268 W dex2oat : Method processed more than once: java.lang.String com.android.org.bouncycastle.util.Strings.toLowerCase(java.lang.String)
03-24 15:11:22.353  3311  3311 E art     : Could not create image space with image file '/system/framework/boot.art'. Attempting to fall back to imageless running. Error was: Only the zygote can create the global boot image.
03-24 15:11:23.257  3246  3246 W dex2oat : Method processed more than once: void android.text.TextUtils.<clinit>()
03-24 15:11:23.301  3246  3246 W dex2oat : Method processed more than once: java.lang.String com.android.dex.Mutf8.decode(com.android.dex.util.ByteInput, char[])
03-24 15:11:23.557  3246  3262 W dex2oat : Method processed more than once: void android.net.Uri.<clinit>()
03-24 15:11:25.152  3311  3311 W art     : No image location found for Dex2Oat.
03-24 15:11:25.843  3246  3264 W dex2oat : Compilation of void android.icu.text.DecimalFormat.applyPatternWithoutExpandAffix(java.lang.String, boolean) took 188.007ms
03-24 15:11:26.531  3096  3201 W dex2oat : Compilation of void com.android.internal.telephony.uicc.SIMRecords.handleMessage(android.os.Message) took 201.360ms
03-24 15:11:27.477  3350  3350 E art     : Could not create image space with image file '/system/framework/boot.art'. Attempting to fall back to imageless running. Error was: Only the zygote can create the global boot image.
03-24 15:11:30.290  3350  3350 W art     : No image location found for Dex2Oat.
03-24 15:11:31.090  3246  3266 W dex2oat : Compilation of boolean android.app.ActivityManagerNative.onTransact(int, android.os.Parcel, android.os.Parcel, int) took 171.349ms
03-24 15:11:31.679  3246  3262 W dex2oat : Compilation of boolean android.app.admin.IDevicePolicyManager$Stub.onTransact(int, android.os.Parcel, android.os.Parcel, int) took 167.902ms
03-24 15:11:31.860  3370  3370 E art     : Could not create image space with image file '/system/framework/boot.art'. Attempting to fall back to imageless running. Error was: Only the zygote can create the global boot image.
03-24 15:11:32.680  3246  3262 W dex2oat : Compilation of void android.os.BatteryStats.dumpLocked(android.content.Context, java.io.PrintWriter, java.lang.String, int, int, boolean) took 104.099ms
03-24 15:11:34.769  3370  3370 W art     : No image location found for Dex2Oat.
03-24 15:11:36.251  3390  3390 W art     : 7049f000-712ef000 rw-p 00000000 103:08 537511                            /data/dalvik-cache/arm64/system@framework@boot.art
03-24 15:11:36.252  3390  3390 W art     : 5567f79000-5567f88000 r-xp 00000000 103:06 33067                         /system/bin/app_process64_xposed
03-24 15:11:36.252  3390  3390 W art     : 5567f98000-5567f9b000 r--p 0000f000 103:06 33067                         /system/bin/app_process64_xposed
03-24 15:11:36.252  3390  3390 W art     : 5567f9b000-5567f9c000 rw-p 00012000 103:06 33067                         /system/bin/app_process64_xposed
03-24 15:11:36.252  3390  3390 W art     : 7faf54a000-7fb1a10000 r--p 00000000 103:08 537508                        /data/dalvik-cache/arm64/system@framework@boot.oat
03-24 15:11:36.252  3390  3390 W art     : 7fb1a10000-7fb4194000 r-xp 024c6000 103:08 537508                        /data/dalvik-cache/arm64/system@framework@boot.oat
03-24 15:11:36.252  3390  3390 W art     : 7fb4194000-7fb4195000 rw-p 04c4a000 103:08 537508                        /data/dalvik-cache/arm64/system@framework@boot.oat
03-24 15:11:36.252  3390  3390 W art     : 7fb4195000-7fb41c0000 r--p 00e50000 103:08 537511                        /data/dalvik-cache/arm64/system@framework@boot.art
03-24 15:11:36.252  3390  3390 W art     : 7fb41c0000-7fb4200000 rw-p 00000000 00:00 0                              [anon:libc_malloc]
03-24 15:11:36.252  3390  3390 W art     : 7fb4221000-7fb4222000 r-xp 00000000 103:06 41375                         /system/lib64/libsigchain.so
03-24 15:11:36.252  3390  3390 W art     : 7fb4222000-7fb4231000 ---p 00000000 00:00 0 
03-24 15:11:36.252  3390  3390 W art     : 7fb4231000-7fb4232000 r--p 00000000 103:06 41375                         /system/lib64/libsigchain.so
03-24 15:11:36.252  3390  3390 W art     : 7fb4232000-7fb4233000 rw-p 00001000 103:06 41375                         /system/lib64/libsigchain.so
03-24 15:11:36.252  3390  3390 W art     : 7fb4233000-7fb4819000 r-xp 00000000 103:06 41372                         /system/lib64/libart.so
03-24 15:11:36.252  3390  3390 W art     : 7fb4819000-7fb4828000 ---p 00000000 00:00 0 
03-24 15:11:36.252  3390  3390 W art     : 7fb4828000-7fb483b000 r--p 005f0000 103:06 41372                         /system/lib64/libart.so
03-24 15:11:36.252  3390  3390 W art     : 7fb483b000-7fb483d000 rw-p 00603000 103:06 41372                         /system/lib64/libart.so
03-24 15:11:36.252  3390  3390 W art     : 7fb483d000-7fb4840000 rw-p 00000000 00:00 0 
03-24 15:11:36.252  3390  3390 W art     : 7fb4840000-7fb4b00000 rw-p 00000000 00:00 0                              [anon:libc_malloc]
03-24 15:11:36.252  3390  3390 W art     : 7fb4b03000-7fb4b06000 r--p 00000000 00:00 0 
03-24 15:11:36.252  3390  3390 W art     : 7fb4b06000-7fb4b26000 r--s 00000000 00:0e 8045                           /dev/__properties__
03-24 15:11:36.252  3390  3390 W art     : 7fb4b26000-7fb4b27000 rw-p 00000000 00:00 0                              [anon:linker_alloc_vector]
03-24 15:11:36.252  3390  3390 W art     : 7fb4b27000-7fb4b28000 r--p 00000000 00:00 0 
03-24 15:11:36.252  3390  3390 W art     : 7fb4b28000-7fb4b29000 rw-p 00000000 00:00 0                              [anon:linker_alloc_vector]
03-24 15:11:36.252  3390  3390 W art     : 7fb4b29000-7fb5a40000 r-xp 00000000 103:06 41009                         /system/lib64/libLLVM.so
03-24 15:11:36.252  3390  3390 W art     : 7fb5a40000-7fb5a50000 ---p 00000000 00:00 0 
03-24 15:11:36.252  3390  3390 W art     : 7fb5a50000-7fb5aeb000 r--p 00f24000 103:06 41009                         /system/lib64/libLLVM.so
03-24 15:11:36.252  3390  3390 W art     : 7fb5aeb000-7fb5aef000 rw-p 00fbf000 103:06 41009                         /system/lib64/libLLVM.so
03-24 15:11:36.252  3390  3390 W art     : 7fb5aef000-7fb5afd000 rw-p 00000000 00:00 0 
03-24 15:11:36.252  3390  3390 W art     : 7fb5afd000-7fb5b47000 r-xp 00000000 103:06 41070                         /system/lib64/libbcinfo.so
03-24 15:11:36.252  3390  3390 W art     : 7fb5b47000-7fb5b57000 ---p 00000000 00:00 0 
03-24 15:11:36.252  3390  3390 W art     : 7fb5b57000-7fb5b58000 r--p 0004a000 103:06 41070                         /system/lib64/libbcinfo.so
03-24 15:11:36.252  3390  3390 W art     : 7fb5b58000-7fb5b59000 rw-p 0004b000 103:06 41070                         /system/lib64/libbcinfo.so
03-24 15:11:36.252  3390  3390 W art     : 7fb5b59000-7fb5b5a000 r--p 00000000 00:00 0                              [anon:linker_alloc]
03-24 15:11:36.252  3390  3390 W art     : 7fb5b5a000-7fb5bbb000 r-xp 00000000 103:06 41069                         /system/lib64/libbcc.so
03-24 15:11:36.252  3390  3390 W art     : 7fb5bbb000-7fb5bca000 ---p 00000000 00:00 0 
03-24 15:11:36.252  3390  3390 W art     : 7fb5bca000-7fb5bcc000 r--p 00061000 103:06 41069                         /system/lib64/libbcc.so
03-24 15:11:36.252  3390  3390 W art     : 7fb5bcc000-7fb5bcd000 rw-p 00063000 103:06 41069                         /system/lib64/libbcc.so
03-24 15:11:36.252  3390  3390 W art     : 7fb5bcd000-7fb5bce000 r--p 00000000 00:00 0 
03-24 15:11:36.252  3390  3390 W art     : 7fb5bce000-7fb5bda000 r-xp 00000000 103:06 41090                         /system/lib64/libcommon_time_client.so
03-24 15:11:36.252  3390  3390 W art     : 7fb5bda000-7fb5be9000 ---p 00000000 00:00 0 
03-24 15:11:36.252  3390  3390 W art     : 7fb5be9000-7fb5bee000 r--p 0000f000 103:06 41090                         /system/lib64/libcommon_time_client.so
03-24 15:11:36.252  3390  3390 W art     : 7fb5bee000-7fb5bef000 rw-p 00014000 103:06 41090                         /system/lib64/libcommon_time_client.so
03-24 15:11:36.252  3390  3390 W art     : 7fb5bef000-7fb5c12000 r-xp 00000000 103:06 41248                         /system/lib64/libprotobuf-cpp-lite.so
03-24 15:11:36.252  3390  3390 W art     : 7fb5c12000-7fb5c22000 ---p 00000000 00:00 0 
03-24 15:11:36.252  3390  3390 W art     : 7fb5c22000-7fb5c23000 r--p 00023000 103:06 41248                         /system/lib64/libprotobuf-cpp-lite.so
03-24 15:11:36.252  3390  3390 W art     : 7fb5c23000-7fb5c24000 rw-p 00024000 103:06 41248                         /system/lib64/libprotobuf-cpp-lite.so
03-24 15:11:36.252  3390  3390 W art     : 7fb5c24000-7fb5c2e000 r-xp 00000000 103:06 41288                         /system/lib64/libstagefright_avc_common.so
03-24 15:11:36.252  3390  3390 W art     : 7fb5c2e000-7fb5c3d000 ---p 00000000 00:00 0 
03-24 15:11:36.252  3390  3390 W art     : 7fb5c3d000-7fb5c3e000 r--p 00009000 103:06 41288                         /system/lib64/libstagefright_avc_common.so
03-24 15:11:36.252  3390  3390 W art     : 7fb5c3e000-7fb5c3f000 rw-p 0000a000 103:06 41288                         /system/lib64/libstagefright_avc_common.so
03-24 15:11:36.252  3390  3390 W art     : 7fb5c3f000-7fb5c40000 r-xp 00000000 103:06 41289                         /system/lib64/libstagefright_enc_common.so
03-24 15:11:36.252  3390  3390 W art     : 7fb5c40000-7fb5c4f000 ---p 00000000 00:00 0 
03-24 15:11:36.253  3390  3390 W art     : 7fb5c4f000-7fb5c50000 r--p 00000000 103:06 41289                         /system/lib64/libstagefright_enc_common.so
03-24 15:11:36.253  3390  3390 W art     : 7fb5c50000-7fb5c51000 rw-p 00001000 103:06 41289                         /system/lib64/libstagefright_enc_common.so
03-24 15:11:36.253  3390  3390 W art     : 7fb5c51000-7fb5c54000 r-xp 00000000 103:06 41245                         /system/lib64/libpowermanager.so
03-24 15:11:36.253  3390  3390 W art     : 7fb5c54000-7fb5c64000 ---p 00000000 00:00 0 
03-24 15:11:36.253  3390  3390 W art     : 7fb5c64000-7fb5c65000 r--p 00003000 103:06 41245                         /system/lib64/libpowermanager.so
03-24 15:11:36.253  3390  3390 W art     : 7fb5c65000-7fb5c66000 rw-p 00004000 103:06 41245                         /system/lib64/libpowermanager.so
03-24 15:11:36.253  3390  3390 W art     : 7fb5c66000-7fb5c83000 r-xp 00000000 103:06 41339                         /system/lib64/libvorbisidec.so
03-24 15:11:36.253  3390  3390 W art     : 7fb5c83000-7fb5c92000 ---p 00000000 00:00 0 
03-24 15:11:36.253  3390  3390 W art     : 7fb5c92000-7fb5c93000 r--p 0001c000 103:06 41339                         /system/lib64/libvorbisidec.so
03-24 15:11:36.253  3390  3390 W art     : 7fb5c93000-7fb5c94000 rw-p 0001d000 103:06 41339                         /system/lib64/libvorbisidec.so
03-24 15:11:36.253  3390  3390 W art     : 7fb5c94000-7fb5c95000 r--p 00000000 00:00 0                              [anon:linker_alloc]
03-24 15:11:36.253  3390  3390 W art     : 7fb5c95000-7fb5c98000 r-xp 00000000 103:06 41313                         /system/lib64/libstagefright_yuv.so
03-24 15:11:36.253  3390  3390 W art     : 7fb5c98000-7fb5ca7000 ---p 00000000 00:00 0 
03-24 15:11:36.253  3390  3390 W art     : 7fb5ca7000-7fb5ca8000 r--p 00002000 103:06 41313                         /system/lib64/libstagefright_
03-24 15:11:36.253  3390  3390 W art     : yuv.so
03-24 15:11:36.253  3390  3390 W art     : 7fb5ca8000-7fb5ca9000 rw-p 00003000 103:06 41313                         /system/lib64/libstagefright_yuv.so
03-24 15:11:36.253  3390  3390 W art     : 7fb5ca9000-7fb5cdf000 r-xp 00000000 103:06 41292                         /system/lib64/libstagefright_omx.so
03-24 15:11:36.253  3390  3390 W art     : 7fb5cdf000-7fb5cee000 ---p 00000000 00
03-24 15:11:36.253  3390  3390 W art     : :00 0 
03-24 15:11:36.253  3390  3390 W art     : 7fb5cee000-7fb5cf4000 r--p 0003b000 103:06 41292                         /system/lib64/libstagefright_omx.so
03-24 15:11:36.253  3390  3390 W art     : 7fb5cf4000-7fb5cf5000 rw-p 00041000 103:06 41292                         /system/lib64/libstagefright_omx.so
03-24 15:11:36.253  3390  3390 W art     : 7fb5cf5000-7fb5d40000 r-xp 00000000 10
03-24 15:11:36.253  3390  3390 W art     : 3:06 41233                         /system/lib64/libopus.so
03-24 15:11:36.253  3390  3390 W art     : 7fb5d40000-7fb5d50000 ---p 00000000 00:00 0 
03-24 15:11:36.253  3390  3390 W art     : 7fb5d50000-7fb5d51000 r--p 0004b000 103:06 41233                         /system/lib64/libopus.so
03-24 15:11:36.253  3390  3390 W art     : 7fb5d51000-7fb5d52000 rw-p 0004c000 103:06 41233                         /system/lib64/libopus.so
03-24 15:11:36.253  3390  3390 W art     : 7fb5d52000-7fb5d59000 r-xp 00000000 103:06 41187                         /system/lib64/libmediautils.so
03-24 15:11:36.253  3390  3390 W art     : 7fb5d59000-7fb5d68000 ---p 00000000 00:00 0 
03-24 15:11:36.253  3390  3390 W art     : 7fb5d68000-7fb5d6a000 r--p 00007000 103:06 41187                         /system/lib64/libmediautils.so
03-24 15:11:36.253  3390  3390 W art     : 7fb5d6a000-7fb5d6b000 rw-p 00009000 103:06 41187                         /system/lib64/libmediautils.so
03-24 15:11:36.253  3390  3390 W art     : 7fb5d6b000-7fb5d6c000 r--p 00000000 00:00 0                              [anon:linker_alloc]
03-24 15:11:36.253  3390  3390 W art     : 7fb5d6c000-7fb5d89000 r-xp 00000000 103:06 41104                         /system/lib64/libdrmframework.so
03-24 15:11:36.253  3390  3390 W art     : 7fb5d89000-7fb5d98000 ---p 00000000 00:00 0 
03-24 15:11:36.253  3390  3390 W art     : 7fb5d98000-7fb5d9d000 r--p 00021000 103:06 41104                         /system/lib64/libdrmframework.so
03-24 15:11:36.253  3390  3390 W art     : 7fb5d9d000-7fb5d9e000 rw-p 00026000 103:06 41104                         /system/lib64/libdrmframework.so
03-24 15:11:36.253  3390  3390 W art     : 7fb5d9e000-7fb5dc7000 r-xp 00000000 103:06 41020                         /system/lib64/libRScpp.so
03-24 15:11:36.253  3390  3390 W art     : 7fb5dc7000-7fb5dd7000 ---p 00000000 00:00 0 
03-24 15:11:36.253  3390  3390 W art     : 7fb5dd
03-24 15:11:36.253  3390  3390 W art     : 7000-7fb5dd8000 r--p 00029000 103:06 41020                         /system/lib64/libRScpp.so
03-24 15:11:36.253  3390  3390 W art     : 7fb5dd8000-7fb5dd9000 rw-p 0002a000 103:06 41020                         /system/lib64/libRScpp.so
03-24 15:11:36.253  3390  3390 W art     : 7fb5dd9000-7fb5dda000 rw-p 00000000 00:00 0                              [anon:linker_alloc_vector]
03-24 15:11:36.253  3390  3390 W art     : 7fb5dda000-7fb5e2d000 r-xp 00000000 103:06 41016                         /system/lib64/libRS.so
03-24 15:11:36.253  3390  3390 W art     : 7fb5e2d000-7fb5e3c000 ---p 00000000 00:00 0 
03-24 15:11:36.253  3390  3390 W art     : 7fb5e3c000-7fb5e3f000 r--p 00055000 103:06 41016                         /system/lib64/libRS.so
03-24 15:11:36.253  3390  3390 W art     : 7fb5e3f000-7fb5e40000 rw-p 00058000 103:06 41016                         /system/lib64/libRS.so
03-24 15:11:36.253  3390  3390 W art     : 7fb5e40000-7fb5e43000 r-xp 00000000 103:06 41281                         /system/lib64/libspeexresampler.so
03-24 15:11:36.253  3390  3390 W art     : 7fb5e43000-7fb5e52000 ---p 00000000 00:00 0 
03-24 15:11:36.253  3390  3390 W art     : 7fb5e52000-7fb5e53000 r--p 00002000 103:06 41281                         /system/lib64/libspeexresampler.so
03-24 15:11:36.253  3390  3390 W art     : 7fb5e53000-7fb5e54000 rw-p 00003000 103:06 41281                         /system/lib64/libspeexresampler.so
03-24 15:11:36.253  3390  3390 W art     : 7fb5e54000-7fb5e5f000 r-xp 00000000 103:06 41209                         /system/lib64/libnbaio.so
03-24 15:11:36.253  3390  3390 W art     : 7fb5e5f000-7fb5e6f000 ---p 00000000 00:00 0 
03-24 15:11:36.253  3390  3390 W art     : 7fb5e6f000-7fb5e70000 r--p 0000b000 103:06 41209                         /system/lib64/libnbaio.so
03-24 15:11:36.253  3390  3390 W art     : 7fb5e70000-7fb5e71000 rw-p 0000c000 103:06 41209                         /system/lib64/libnbaio.so
03-24 15:11:36.254  3390  3390 W art     : 7fb5e71000-7fb5e72000 r--p 00000000 00:00 0                              [anon:linker_alloc]
03-24 15:11:36.254  3390  3390 W art     : 7fb5e72000-7fb5e76000 r-xp 00000000 103:06 41353                         /system/lib64/libwpa_client.so
03-24 15:11:36.254  3390  3390 W art     : 7fb5e76000-7fb5e86000 ---p 00000000 00:00 0 
03-24 15:11:36.254  3390  3390 W art     : 7fb5e86000-7fb5e87000 r--p 00004000 103:06 41353                         /system/lib64/libwpa_client.so
03-24 15:11:36.254  3390  3390 W art     : 7fb5e87000-7fb5e88000 rw-p 00005000 103:06 41353                         /system/lib64/libwpa_client.so
03-24 15:11:36.254  3390  3390 W art     : 7fb5e88000-7fb5e89000 rw-p 00000000 00:00 0                              [anon:linker_alloc_64]
03-24 15:11:36.254  3390  3390 W art     : 7fb5e89000-7fb5f56000 r-xp 00000000 103:06 41004                         /system/lib64/libGLES_trace.so
03-24 15:11:36.254  3390  3390 W art     : 7fb5f56000-7fb5f57000 r--p 000d0000 103:06 41004                         /system/lib64/libGLES_trace.so
03-24 15:11:36.254  3390  3390 W art     : 7fb5f57000-7fb5f59000 rw-p 000d1000 103:06 41004                         /system/lib64/libGLES_trace.so
03-24 15:11:36.254  3390  3390 W art     : 7fb5f59000-7fb5fc7000 r-xp 00000000 103:06 41129                         /system/lib64/libft2.so
03-24 15:11:36.254  3390  3390 W art     : 7fb5fc7000-7fb5fd6000 ---p 00000000 00:00 0 
03-24 15:11:36.254  3390  3390 W art     : 7fb5fd6000-7fb5fd9000 r--p 0006f000 103:06 41129                         /system/lib64/libft2.so
03-24 15:11:36.254  3390  3390 W art     : 7fb5fd9000-7fb5fda000 rw-p 00072000 103:06 41129                         /system/lib64/libft2.so
03-24 15:11:36.254  3390  3390 W art     : 7fb5fda000-7fb600c000 r-xp 00000000 103:06 41242                         /system/lib64/libpng.so
03-24 15:11:36.254  3390  3390 W art     : 7fb600c000-7fb601b000 ---p 00000000 00:00 0 
03-24 15:11:36.254  3390  3390 W art     : 7fb601b000-7fb601c000 r--p 00031000 103:06 41242                         /system/lib64/libpng.so
03-24 15:11:36.254  3390  3390 W art     : 7fb601c000-7fb601d000 rw-p 00032000 103:06 41242                         /system/lib64/libpng.so
03-24 15:11:36.254  3390  3390 W art     : 7fb601d000-7fb601e000 r-xp 00000000 103:06 41319                         /system/lib64/libsync.so
03-24 15:11:36.254  3390  3390 W art     : 7fb601e000-7fb602d000 ---p 00000000 00:00 0 
03-24 15:11:36.254  3390  3390 W art     : 7fb602d000-7fb602e000 r--p 00000000 103:06 41319                         /system/lib64/libsync.so
03-24 15:11:36.254  3390  3390 W art     : 7fb602e000-7fb602f000 rw-p 00001000 103:06 41319                         /system/lib64/libsync.so
03-24 15:11:36.254  3390  3390 W art     : 7fb602f000-7fb6032000 r-xp 00000000 103:06 41314                         /system/lib64/libstdc++.so
03-24 15:11:36.254  3390  3390 W art     : 7fb6032000-7fb6041000 ---p 00000000 00:00 0 
03-24 15:11:36.254  3390  3390 W art     : 7fb6041000-7fb6042000 r--p 00002000 103:06 41314                         /system/lib64/libstdc++.so
03-24 15:11:36.254  3390  3390 W art     : 7fb6042000-7fb6043000 rw-p 00003000 103:06 41314                         /system/lib64/libstdc++.so
03-24 15:11:36.254  3390  3390 W art     : 7fb6043000-7fb6044000 r--p 00000000 00:00 0                              [anon:linker_alloc]
03-24 15:11:36.254  3390  3390 W art     : 7fb6044000-7fb605f000 r-xp 00000000 103:06 41332                         /system/lib64/libunwind.so
03-24 15:11:36.254  3390  3390 W art     : 7fb605f000-7fb606e000 ---p 00000000 00:00 0 
03-24 15:11:36.254  3390  3390 W art     : 7fb606e000-7fb606f000 r--p 0001a000 103:06 41332                         /system/lib64/libunwind.so
03-24 15:11:36.254  3390  3390 W art     : 7fb606f000-7fb6070000 rw-p 0001b000 103:06 41332                         /system/lib64/libunwind.so
03-24 15:11:36.254  3390  3390 W art     : 7fb6070000-7fb60d9000 rw-p 00000000 00:00 0 
03-24 15:11:36.254  3390  3390 W art     : 7fb60d9000-7fb60e2000 r-xp 00000000 103:06 41068                         /system/lib64/libbase.so
03-24 15:11:36.254  3390  3390 W art     : 7fb60e2000-7fb60f1000 ---p 00000000 00:00 0 
03-24 15:11:36.254  3390  3390 W art     : 7fb60f1000-7fb60f2000 r--p 00008000 103:06 41068                         /system/lib64/libbase.so
03-24 15:11:36.254  3390  3390 W art     : 7fb60f2000-7fb60f3000 rw-p 00009000 103:06 41068                         /system/lib64/libbase.so
03-24 15:11:36.254  3390  3390 W art     : 7fb60f3000-7fb60f4000 r--p 00000000 00:00 0                              [anon:linker_alloc]
03-24 15:11:36.254  3390  3390 W art     : 7fb60f4000-7fb60f8000 r-xp 00000000 103:06 41109                         /system/lib64/libeffects.so
03-24 15:11:36.254  3390  3390 W art     : 7fb60f8000-7fb6107000 ---p 00000000 00:00 0 
03-24 15:11:36.254  3390  3390 W art     : 7fb6107000-7fb6108000 r--p 00003000 103:06 41109                         /system/lib64/libeffects.so
03-24 15:11:36.254  3390  3390 W art     : 7fb6108000-7fb6109000 rw-p 00004000 103:06 41109                         /system/lib64/libeffects.so
03-24 15:11:36.254  3390  3390 W art     : 7fb6109000-7fb610b000 r-xp 00000000 103:06 41291                         /system/lib64/libstagefright_http_support.so
03-24 15:11:36.254  3390  3390 W art     : 7fb610b000-7fb611a000 ---p 00000000 00:00 0 
03-24 15:11:36.254  3390  3390 W art     : 7fb611a000-7fb611b000 r--p 00001000 103:06 41291                         /system/lib64/libstagefright_http_support.so
03-24 15:11:36.254  3390  3390 W art     : 7fb611b000-7fb611c000 rw-p 00002000 103:06 41291                         /system/lib64/libstagefright_http_support.so
03-24 15:11:36.254  3390  3390 W art     : 7fb611c000-7fb613a000 r-xp 00000000 103:06 41290                         /system/lib64/libstagefright_foundation.so
03-24 15:11:36.254  3390  3390 W art     : 7fb613a000-7fb614a000 ---p 00000000 00:00 0 
03-24 15:11:36.254  3390  3390 W art     : 7fb614a000-7fb614d000 r--p 0001f000 103:06 41290                         /system/lib64/libstagefright_foundation.so
03-24 15:11:36.254  3390  3390 W art     : 7fb614d000-7fb614e000 rw-p 00022000 103:06 41290                         /system/lib64/libstagefright_foundation.so
03-24 15:11:36.254  3390  3390 W art     : 7fb614e000-7fb62fa000 r-xp 00000000 103:06 41286                         /system/lib64/libstagefright.so
03-24 15:11:36.254  3390  3390 W art     : 7fb62fa000-7fb630a000 ---p 00000000 00:00 0 
03-24 15:11:36.254  3390  3390 W art     : 7fb630a000-7fb631f000 r--p 001b7000 103:06 41286                         /system/lib64/libstagefright.so
03-24 15:11:36.254  3390  3390 W art     : 7fb631f000-7fb6320000 rw-p 001cc000 103:06 41286                         /system/lib64/libstagefright.so
03-24 15:11:36.254  3390  3390 W art     : 7fb6320000-7fb633a000 r-xp 00000000 103:06 412
03-24 15:11:36.254  3390  3390 W art     : 38                         /system/lib64/libpcre.so
03-24 15:11:36.255  3390  3390 W art     : 7fb633a000-7fb6349000 ---p 00000000 00:00 0 
03-24 15:11:36.255  3390  3390 W art     : 7fb6349000-7fb634a000 r--p 00019000 103:06 41238                         /system/lib64/libpcre.so
03-24 15:11:36.255  3390  3390 W art     : 7fb634a000-7fb634b000 rw-p 0001a000 103:06 41238                         /system/lib64/libpcre.so
03-24 15:11:36.255  3390  3390 W art     : 7fb634b000-7fb63df000 r-xp 00000000 103:06 41151                         /system/lib64/libhwui.so
03-24 15:11:36.255  3390  3390 W art     : 7fb63df000-7fb63ef000 ---p 00000000 00:00 0 
03-24 15:11:36.255  3390  3390 W art     : 7fb63ef000-7fb63f5000 r--p 0009b000 103:06 41151                         /system/lib64/libhwui.so
03-24 15:11:36.255  3390  3390 W art     : 7fb63f5000-7fb63f6000 rw-p 000a1000 103:06 41151                         /system/lib64/libhwui.so
03-24 15:11:36.255  3390  3390 W art     : 7fb63f6000-7fb63f7000 r--p 00000000 00:00 0                              [anon:linker_alloc]
03-24 15:11:36.255  3390  3390 W art     : 7fb63f7000-7fb63f9000 r-xp 00000000 103:06 41250                         /system/lib64/libradio_metadata.so
03-24 15:11:36.255  3390  3390 W art     : 7fb63f9000-7fb6408000 ---p 00000000 00:00 0 
03-24 15:11:36.255  3390  3390 W art     : 7fb6408000-7fb6409000 r--p 00001000 103:06 41250                         /system/lib64/libradio_metadat
03-24 15:11:36.255  3390  3390 W art     : a.so
03-24 15:11:36.255  3390  3390 W art     : 7fb6409000-7fb640a000 rw-p 00002000 103:06 41250                         /system/lib64/libradio_metadata.so
03-24 15:11:36.255  3390  3390 W art     : 7fb640a000-7fb640d000 r-xp 00000000 103:06 41207                         /system/lib64/libnativebridge.so
03-24 15:11:36.255  3390  3390 W art     : 7fb640d000-7fb641c000 ---p 00000000 00:00 
03-24 15:11:36.255  3390  3390 W art     : 0 
03-24 15:11:36.255  3390  3390 W art     : 7fb641c000-7fb641d000 r--p 00002000 103:06 41207                         /system/lib64/libnativebridge.so
03-24 15:11:36.255  3390  3390 W art     : 7fb641d000-7fb641e000 rw-p 00003000 103:06 41207                         /system/lib64/libnativebridge.so
03-24 15:11:36.255  3390  3390 W art     : 7fb641e000-7fb6420000 r-xp 00000000 103:06 4
03-24 15:11:36.255  3390  3390 W art     : 1247                         /system/lib64/libprocessgroup.so
03-24 15:11:36.255  3390  3390 W art     : 7fb6420000-7fb642f000 ---p 00000000 00:00 0 
03-24 15:11:36.255  3390  3390 W art     : 7fb642f000-7fb6430000 r--p 00001000 103:06 41247                         /system/lib64/libprocessgroup.so
03-24 15:11:36.255  3390  3390 W art     : 7fb6430000-7fb6431000 rw-p 00002000 103:06 41247                         /system/lib64/libprocessgroup.so
03-24 15:11:36.255  3390  3390 W art     : 7fb6431000-7fb6446000 r-xp 00000000 103:06 41191                         /system/lib64/libminikin.so
03-24 15:11:36.255  3390  3390 W art     : 7fb6446000-7fb6456000 ---p 00000000 00:00 0 
03-24 15:11:36.255  3390  3390 W art     : 7fb6456000-7fb6458000 r--p 00015000 103:06 41191                         /system/lib64/libminikin.so
03-24 15:11:36.255  3390  3390 W art     : 7fb645800
03-24 15:11:36.255  3390  3390 W art     : 0-7fb6459000 rw-p 00017000 103:06 41191                         /system/lib64/libminikin.so
03-24 15:11:36.255  3390  3390 W art     : 7fb6459000-7fb6463000 r-xp 00000000 103:06 41278                         /system/lib64/libsoundtrigger.so
03-24 15:11:36.255  3390  3390 W art     : 7fb6463000-7fb6472000 ---p 00000000 00:00 0 
03-24 15:11:36.255  3390  3390 W art     : 7fb6472000-7fb6477000 r--p 0000d000 103:06 41278                         /system/lib64/libsoundtrigger.so
03-24 15:11:36.255  3390  3390 W art     : 7fb6477000-7fb6478000 rw-p 00012000 103:06 41278                         /system/lib64/libsoundtrigger.so
03-24 15:11:36.255  3390  3390 W art     : 7fb6478000-7fb6482000 r-xp 00000000 103:06 41249                         /system/lib64/libradio.so
03-24 15:11:36.255  3390  3390 W art     : 7fb6482000-7fb6491000 ---p 00000000 00:00 0 
03-24 15:11:36.255  3390  3390 W art     : 7fb649
03-24 15:11:36.255  3390  3390 W art     : 1000-7fb6495000 r--p 0000d000 103:06 41249                         /system/lib64/libradio.so
